{"msg": "start", "shards": 112, "jobs": {"vcc_orion_hek293t_p0of8_r3": {"units": ["orion_hek293t"], "chosen": 28, "bytes": 8012851674, "mount": "/kaggle/input/notebooks/davideferrante11/vcc-orion-hek293t-p0of8-r3/vcc_orion_hek293t_p0of8_r3/shards"}, "vcc_orion_hek293t_p1of8_r3": {"units": ["orion_hek293t"], "chosen": 28, "bytes": 7548291894, "mount": "/kaggle/input/notebooks/davideferrante11/vcc-orion-hek293t-p1of8-r3/vcc_orion_hek293t_p1of8_r3/shards"}, "vcc_orion_hek293t_p2of8_r3": {"units": ["orion_hek293t"], "chosen": 28, "bytes": 7902267263, "mount": "/kaggle/input/notebooks/davideferrante11/vcc-orion-hek293t-p2of8-r3/vcc_orion_hek293t_p2of8_r3/shards"}, "vcc_orion_hek293t_p3of8_r3": {"units": ["orion_hek293t"], "chosen": 28, "bytes": 7807488788, "mount": "/kaggle/input/notebooks/davideferrante11/vcc-orion-hek293t-p3of8-r3/vcc_orion_hek293t_p3of8_r3/shards"}}, "workers": 4}
{"msg": "shard", "name": "HEK293T_Batch1.h5ad", "verified": true, "seconds": {"raw_read_and_sha256": 5.795, "h5py_read_decompress": 10.974, "encode": 55.753, "decode_and_compare": 9.838}, "error": null}
{"msg": "shard", "name": "HEK293T_Batch106.h5ad", "verified": true, "seconds": {"raw_read_and_sha256": 5.501, "h5py_read_decompress": 10.52, "encode": 53.387, "decode_and_compare": 9.115}, "error": null}
{"msg": "shard", "name": "HEK293T_Batch113.h5ad", "verified": true, "seconds": {"raw_read_and_sha256": 5.207, "h5py_read_decompress": 9.885, "encode": 50.459, "decode_and_compare": 8.88}, "error": null}
{"msg": "shard", "name": "HEK293T_Batch120.h5ad", "verified": true, "seconds": {"raw_read_and_sha256": 6.168, "h5py_read_decompress": 11.935, "encode": 52.823, "decode_and_compare": 9.432}, "error": null}
{"msg": "shard", "name": "HEK293T_Batch128.h5ad", "verified": true, "seconds": {"raw_read_and_sha256": 3.379, "h5py_read_decompress": 9.504, "encode": 45.543, "decode_and_compare": 8.96}, "error": null}
{"msg": "shard", "name": "HEK293T_Batch135.h5ad", "verified": true, "seconds": {"raw_read_and_sha256": 4.54, "h5py_read_decompress": 12.448, "encode": 61.957, "decode_and_compare": 11.477}, "error": null}
{"msg": "shard", "name": "HEK293T_Batch142.h5ad", "verified": true, "seconds": {"raw_read_and_sha256": 2.58, "h5py_read_decompress": 7.601, "encode": 35.8, "decode_and_compare": 6.944}, "error": null}
{"msg": "shard", "name": "HEK293T_Batch15.h5ad", "verified": true, "seconds": {"raw_read_and_sha256": 3.494, "h5py_read_decompress": 10.327, "encode": 54.281, "decode_and_compare": 9.752}, "error": null}
{"msg": "shard", "name": "HEK293T_Batch157.h5ad", "verified": true, "seconds": {"raw_read_and_sha256": 3.488, "h5py_read_decompress": 9.199, "encode": 44.798, "decode_and_compare": 8.523}, "error": null}
{"msg": "shard", "name": "HEK293T_Batch164.h5ad", "verified": true, "seconds": {"raw_read_and_sha256": 3.218, "h5py_read_decompress": 9.145, "encode": 44.114, "decode_and_compare": 8.539}, "error": null}
{"msg": "shard", "name": "HEK293T_Batch171.h5ad", "verified": true, "seconds": {"raw_read_and_sha256": 4.199, "h5py_read_decompress": 10.571, "encode": 51.824, "decode_and_compare": 9.721}, "error": null}
{"msg": "shard", "name": "HEK293T_Batch179.h5ad", "verified": true, "seconds": {"raw_read_and_sha256": 3.812, "h5py_read_decompress": 11.165, "encode": 55.72, "decode_and_compare": 10.096}, "error": null}
{"msg": "shard", "name": "HEK293T_Batch186.h5ad", "verified": true, "seconds": {"raw_read_and_sha256": 3.951, "h5py_read_decompress": 11.48, "encode": 64.59, "decode_and_compare": 10.281}, "error": null}
{"msg": "shard", "name": "HEK293T_Batch193.h5ad", "verified": true, "seconds": {"raw_read_and_sha256": 3.239, "h5py_read_decompress": 9.291, "encode": 55.8, "decode_and_compare": 8.323}, "error": null}
{"msg": "shard", "name": "HEK293T_Batch20.h5ad", "verified": true, "seconds": {"raw_read_and_sha256": 4.222, "h5py_read_decompress": 11.938, "encode": 58.284, "decode_and_compare": 10.438}, "error": null}
{"msg": "shard", "name": "HEK293T_Batch207.h5ad", "verified": true, "seconds": {"raw_read_and_sha256": 2.719, "h5py_read_decompress": 7.556, "encode": 37.617, "decode_and_compare": 7.106}, "error": null}
{"msg": "shard", "name": "HEK293T_Batch214.h5ad", "verified": true, "seconds": {"raw_read_and_sha256": 3.517, "h5py_read_decompress": 9.662, "encode": 46.511, "decode_and_compare": 8.567}, "error": null}
{"msg": "shard", "name": "HEK293T_Batch221.h5ad", "verified": true, "seconds": {"raw_read_and_sha256": 2.165, "h5py_read_decompress": 5.957, "encode": 23.408, "decode_and_compare": 4.841}, "error": null}
{"msg": "shard", "name": "HEK293T_Batch28.h5ad", "verified": true, "seconds": {"raw_read_and_sha256": 4.827, "h5py_read_decompress": 12.345, "encode": 59.475, "decode_and_compare": 10.6}, "error": null}
{"msg": "shard", "name": "HEK293T_Batch35.h5ad", "verified": true, "seconds": {"raw_read_and_sha256": 4.254, "h5py_read_decompress": 11.158, "encode": 57.469, "decode_and_compare": 10.467}, "error": null}
{"msg": "shard", "name": "HEK293T_Batch42.h5ad", "verified": true, "seconds": {"raw_read_and_sha256": 3.072, "h5py_read_decompress": 9.98, "encode": 50.304, "decode_and_compare": 9.544}, "error": null}
{"msg": "shard", "name": "HEK293T_Batch5.h5ad", "verified": true, "seconds": {"raw_read_and_sha256": 4.631, "h5py_read_decompress": 14.793, "encode": 73.513, "decode_and_compare": 12.429}, "error": null}
{"msg": "shard", "name": "HEK293T_Batch57.h5ad", "verified": true, "seconds": {"raw_read_and_sha256": 2.899, "h5py_read_decompress": 9.248, "encode": 44.164, "decode_and_compare": 7.661}, "error": null}
{"msg": "shard", "name": "HEK293T_Batch64.h5ad", "verified": true, "seconds": {"raw_read_and_sha256": 3.0, "h5py_read_decompress": 9.258, "encode": 42.734, "decode_and_compare": 7.506}, "error": null}
{"msg": "shard", "name": "HEK293T_Batch71.h5ad", "verified": true, "seconds": {"raw_read_and_sha256": 2.049, "h5py_read_decompress": 6.454, "encode": 30.596, "decode_and_compare": 5.772}, "error": null}
{"msg": "shard", "name": "HEK293T_Batch79.h5ad", "verified": true, "seconds": {"raw_read_and_sha256": 2.165, "h5py_read_decompress": 7.023, "encode": 28.024, "decode_and_compare": 5.695}, "error": null}
{"msg": "shard", "name": "HEK293T_Batch86.h5ad", "verified": true, "seconds": {"raw_read_and_sha256": 3.813, "h5py_read_decompress": 12.303, "encode": 61.666, "decode_and_compare": 11.732}, "error": null}
{"msg": "shard", "name": "HEK293T_Batch93.h5ad", "verified": true, "seconds": {"raw_read_and_sha256": 4.681, "h5py_read_decompress": 14.292, "encode": 69.681, "decode_and_compare": 11.573}, "error": null}
{"msg": "shard", "name": "HEK293T_Batch10.h5ad", "verified": true, "seconds": {"raw_read_and_sha256": 4.888, "h5py_read_decompress": 15.41, "encode": 80.143, "decode_and_compare": 13.798}, "error": null}
{"msg": "shard", "name": "HEK293T_Batch107.h5ad", "verified": true, "seconds": {"raw_read_and_sha256": 2.926, "h5py_read_decompress": 9.716, "encode": 51.228, "decode_and_compare": 8.049}, "error": null}
{"msg": "shard", "name": "HEK293T_Batch114.h5ad", "verified": true, "seconds": {"raw_read_and_sha256": 3.127, "h5py_read_decompress": 8.846, "encode": 44.26, "decode_and_compare": 8.258}, "error": null}
{"msg": "shard", "name": "HEK293T_Batch121.h5ad", "verified": true, "seconds": {"raw_read_and_sha256": 4.692, "h5py_read_decompress": 12.601, "encode": 64.536, "decode_and_compare": 11.507}, "error": null}
{"msg": "shard", "name": "HEK293T_Batch129.h5ad", "verified": true, "seconds": {"raw_read_and_sha256": 3.526, "h5py_read_decompress": 10.004, "encode": 52.191, "decode_and_compare": 8.71}, "error": null}
{"msg": "shard", "name": "HEK293T_Batch136.h5ad", "verified": true, "seconds": {"raw_read_and_sha256": 1.505, "h5py_read_decompress": 4.715, "encode": 20.985, "decode_and_compare": 4.174}, "error": null}
{"msg": "shard", "name": "HEK293T_Batch143.h5ad", "verified": true, "seconds": {"raw_read_and_sha256": 2.424, "h5py_read_decompress": 7.33, "encode": 34.406, "decode_and_compare": 6.572}, "error": null}
{"msg": "shard", "name": "HEK293T_Batch150.h5ad", "verified": true, "seconds": {"raw_read_and_sha256": 2.419, "h5py_read_decompress": 6.917, "encode": 33.89, "decode_and_compare": 5.844}, "error": null}
{"msg": "shard", "name": "HEK293T_Batch158.h5ad", "verified": true, "seconds": {"raw_read_and_sha256": 3.313, "h5py_read_decompress": 9.365, "encode": 46.366, "decode_and_compare": 8.786}, "error": null}
{"msg": "shard", "name": "HEK293T_Batch165.h5ad", "verified": true, "seconds": {"raw_read_and_sha256": 3.948, "h5py_read_decompress": 9.101, "encode": 44.381, "decode_and_compare": 8.248}, "error": null}
{"msg": "shard", "name": "HEK293T_Batch172.h5ad", "verified": true, "seconds": {"raw_read_and_sha256": 3.753, "h5py_read_decompress": 10.945, "encode": 57.454, "decode_and_compare": 9.861}, "error": null}
{"msg": "shard", "name": "HEK293T_Batch18.h5ad", "verified": true, "seconds": {"raw_read_and_sha256": 3.471, "h5py_read_decompress": 10.863, "encode": 55.621, "decode_and_compare": 9.533}, "error": null}
{"msg": "shard", "name": "HEK293T_Batch187.h5ad", "verified": true, "seconds": {"raw_read_and_sha256": 3.958, "h5py_read_decompress": 10.624, "encode": 53.144, "decode_and_compare": 10.638}, "error": null}
{"msg": "shard", "name": "HEK293T_Batch194.h5ad", "verified": true, "seconds": {"raw_read_and_sha256": 3.916, "h5py_read_decompress": 9.496, "encode": 52.214, "decode_and_compare": 8.517}, "error": null}
{"msg": "shard", "name": "HEK293T_Batch200.h5ad", "verified": true, "seconds": {"raw_read_and_sha256": 3.782, "h5py_read_decompress": 9.911, "encode": 50.934, "decode_and_compare": 9.021}, "error": null}
{"msg": "shard", "name": "HEK293T_Batch208.h5ad", "verified": true, "seconds": {"raw_read_and_sha256": 2.151, "h5py_read_decompress": 6.998, "encode": 29.826, "decode_and_compare": 6.193}, "error": null}
{"msg": "shard", "name": "HEK293T_Batch215.h5ad", "verified": true, "seconds": {"raw_read_and_sha256": 3.934, "h5py_read_decompress": 9.877, "encode": 51.054, "decode_and_compare": 9.072}, "error": null}
{"msg": "shard", "name": "HEK293T_Batch222.h5ad", "verified": true, "seconds": {"raw_read_and_sha256": 1.346, "h5py_read_decompress": 3.582, "encode": 14.216, "decode_and_compare": 3.32}, "error": null}
{"msg": "shard", "name": "HEK293T_Batch29.h5ad", "verified": true, "seconds": {"raw_read_and_sha256": 4.004, "h5py_read_decompress": 11.179, "encode": 54.815, "decode_and_compare": 10.342}, "error": null}
{"msg": "shard", "name": "HEK293T_Batch36.h5ad", "verified": true, "seconds": {"raw_read_and_sha256": 3.966, "h5py_read_decompress": 10.867, "encode": 57.538, "decode_and_compare": 9.878}, "error": null}
{"msg": "shard", "name": "HEK293T_Batch43.h5ad", "verified": true, "seconds": {"raw_read_and_sha256": 4.15, "h5py_read_decompress": 12.453, "encode": 57.399, "decode_and_compare": 9.586}, "error": null}
{"msg": "shard", "name": "HEK293T_Batch50.h5ad", "verified": true, "seconds": {"raw_read_and_sha256": 4.621, "h5py_read_decompress": 10.682, "encode": 52.934, "decode_and_compare": 10.066}, "error": null}
{"msg": "shard", "name": "HEK293T_Batch58.h5ad", "verified": true, "seconds": {"raw_read_and_sha256": 3.056, "h5py_read_decompress": 8.542, "encode": 42.507, "decode_and_compare": 8.441}, "error": null}
{"msg": "shard", "name": "HEK293T_Batch65.h5ad", "verified": true, "seconds": {"raw_read_and_sha256": 3.12, "h5py_read_decompress": 8.069, "encode": 37.908, "decode_and_compare": 7.064}, "error": null}
{"msg": "shard", "name": "HEK293T_Batch72.h5ad", "verified": true, "seconds": {"raw_read_and_sha256": 0.138, "h5py_read_decompress": 0.243, "encode": 0.636, "decode_and_compare": 0.134}, "error": null}
{"msg": "shard", "name": "HEK293T_Batch8.h5ad", "verified": true, "seconds": {"raw_read_and_sha256": 4.021, "h5py_read_decompress": 11.791, "encode": 64.264, "decode_and_compare": 10.969}, "error": null}
{"msg": "shard", "name": "HEK293T_Batch87.h5ad", "verified": true, "seconds": {"raw_read_and_sha256": 5.439, "h5py_read_decompress": 13.496, "encode": 72.652, "decode_and_compare": 12.36}, "error": null}
{"msg": "shard", "name": "HEK293T_Batch94.h5ad", "verified": true, "seconds": {"raw_read_and_sha256": 4.512, "h5py_read_decompress": 13.073, "encode": 70.841, "decode_and_compare": 12.014}, "error": null}
{"msg": "shard", "name": "HEK293T_Batch100.h5ad", "verified": true, "seconds": {"raw_read_and_sha256": 2.66, "h5py_read_decompress": 8.121, "encode": 51.449, "decode_and_compare": 7.077}, "error": null}
{"msg": "shard", "name": "HEK293T_Batch108.h5ad", "verified": true, "seconds": {"raw_read_and_sha256": 2.707, "h5py_read_decompress": 8.109, "encode": 39.049, "decode_and_compare": 7.102}, "error": null}
{"msg": "shard", "name": "HEK293T_Batch115.h5ad", "verified": true, "seconds": {"raw_read_and_sha256": 3.235, "h5py_read_decompress": 10.861, "encode": 54.293, "decode_and_compare": 9.711}, "error": null}
{"msg": "shard", "name": "HEK293T_Batch122.h5ad", "verified": true, "seconds": {"raw_read_and_sha256": 4.048, "h5py_read_decompress": 11.974, "encode": 60.936, "decode_and_compare": 10.349}, "error": null}
{"msg": "shard", "name": "HEK293T_Batch13.h5ad", "verified": true, "seconds": {"raw_read_and_sha256": 5.337, "h5py_read_decompress": 14.911, "encode": 86.456, "decode_and_compare": 14.011}, "error": null}
{"msg": "shard", "name": "HEK293T_Batch137.h5ad", "verified": true, "seconds": {"raw_read_and_sha256": 3.36, "h5py_read_decompress": 9.702, "encode": 41.897, "decode_and_compare": 7.337}, "error": null}
{"msg": "shard", "name": "HEK293T_Batch144.h5ad", "verified": true, "seconds": {"raw_read_and_sha256": 2.248, "h5py_read_decompress": 7.393, "encode": 35.365, "decode_and_compare": 6.069}, "error": null}
{"msg": "shard", "name": "HEK293T_Batch151.h5ad", "verified": true, "seconds": {"raw_read_and_sha256": 2.618, "h5py_read_decompress": 7.966, "encode": 38.319, "decode_and_compare": 6.699}, "error": null}
{"msg": "shard", "name": "HEK293T_Batch159.h5ad", "verified": true, "seconds": {"raw_read_and_sha256": 2.64, "h5py_read_decompress": 7.727, "encode": 39.74, "decode_and_compare": 6.657}, "error": null}
{"msg": "shard", "name": "HEK293T_Batch166.h5ad", "verified": true, "seconds": {"raw_read_and_sha256": 3.021, "h5py_read_decompress": 8.661, "encode": 44.209, "decode_and_compare": 7.292}, "error": null}
{"msg": "shard", "name": "HEK293T_Batch173.h5ad", "verified": true, "seconds": {"raw_read_and_sha256": 4.373, "h5py_read_decompress": 14.011, "encode": 55.609, "decode_and_compare": 8.786}, "error": null}
{"msg": "shard", "name": "HEK293T_Batch180.h5ad", "verified": true, "seconds": {"raw_read_and_sha256": 3.369, "h5py_read_decompress": 11.738, "encode": 56.624, "decode_and_compare": 9.445}, "error": null}
{"msg": "shard", "name": "HEK293T_Batch188.h5ad", "verified": true, "seconds": {"raw_read_and_sha256": 3.209, "h5py_read_decompress": 10.016, "encode": 53.935, "decode_and_compare": 8.965}, "error": null}
{"msg": "shard", "name": "HEK293T_Batch195.h5ad", "verified": true, "seconds": {"raw_read_and_sha256": 3.557, "h5py_read_decompress": 9.873, "encode": 53.72, "decode_and_compare": 8.859}, "error": null}
{"msg": "shard", "name": "HEK293T_Batch201.h5ad", "verified": true, "seconds": {"raw_read_and_sha256": 2.566, "h5py_read_decompress": 8.055, "encode": 36.008, "decode_and_compare": 7.081}, "error": null}
{"msg": "shard", "name": "HEK293T_Batch209.h5ad", "verified": true, "seconds": {"raw_read_and_sha256": 3.399, "h5py_read_decompress": 10.377, "encode": 48.146, "decode_and_compare": 9.591}, "error": null}
{"msg": "shard", "name": "HEK293T_Batch216.h5ad", "verified": true, "seconds": {"raw_read_and_sha256": 3.377, "h5py_read_decompress": 9.749, "encode": 50.9, "decode_and_compare": 8.829}, "error": null}
{"msg": "shard", "name": "HEK293T_Batch223.h5ad", "verified": true, "seconds": {"raw_read_and_sha256": 2.194, "h5py_read_decompress": 7.009, "encode": 30.322, "decode_and_compare": 6.179}, "error": null}
{"msg": "shard", "name": "HEK293T_Batch3.h5ad", "verified": true, "seconds": {"raw_read_and_sha256": 4.949, "h5py_read_decompress": 16.95, "encode": 87.254, "decode_and_compare": 14.989}, "error": null}
{"msg": "shard", "name": "HEK293T_Batch37.h5ad", "verified": true, "seconds": {"raw_read_and_sha256": 3.508, "h5py_read_decompress": 10.986, "encode": 59.83, "decode_and_compare": 9.986}, "error": null}
{"msg": "shard", "name": "HEK293T_Batch44.h5ad", "verified": true, "seconds": {"raw_read_and_sha256": 3.416, "h5py_read_decompress": 10.41, "encode": 54.666, "decode_and_compare": 9.658}, "error": null}
{"msg": "shard", "name": "HEK293T_Batch51.h5ad", "verified": true, "seconds": {"raw_read_and_sha256": 3.359, "h5py_read_decompress": 11.476, "encode": 59.513, "decode_and_compare": 10.06}, "error": null}
{"msg": "shard", "name": "HEK293T_Batch59.h5ad", "verified": true, "seconds": {"raw_read_and_sha256": 2.553, "h5py_read_decompress": 9.709, "encode": 46.781, "decode_and_compare": 8.399}, "error": null}
{"msg": "shard", "name": "HEK293T_Batch66.h5ad", "verified": true, "seconds": {"raw_read_and_sha256": 2.476, "h5py_read_decompress": 8.39, "encode": 40.609, "decode_and_compare": 7.617}, "error": null}
{"msg": "shard", "name": "HEK293T_Batch73.h5ad", "verified": true, "seconds": {"raw_read_and_sha256": 1.878, "h5py_read_decompress": 6.522, "encode": 32.75, "decode_and_compare": 5.45}, "error": null}
{"msg": "shard", "name": "HEK293T_Batch80.h5ad", "verified": true, "seconds": {"raw_read_and_sha256": 3.824, "h5py_read_decompress": 12.499, "encode": 63.755, "decode_and_compare": 12.595}, "error": null}
{"msg": "shard", "name": "HEK293T_Batch88.h5ad", "verified": true, "seconds": {"raw_read_and_sha256": 3.795, "h5py_read_decompress": 12.578, "encode": 70.09, "decode_and_compare": 11.098}, "error": null}
{"msg": "shard", "name": "HEK293T_Batch95.h5ad", "verified": true, "seconds": {"raw_read_and_sha256": 3.894, "h5py_read_decompress": 12.251, "encode": 65.118, "decode_and_compare": 11.007}, "error": null}
{"msg": "shard", "name": "HEK293T_Batch101.h5ad", "verified": true, "seconds": {"raw_read_and_sha256": 3.714, "h5py_read_decompress": 10.646, "encode": 58.694, "decode_and_compare": 8.934}, "error": null}
{"msg": "shard", "name": "HEK293T_Batch109.h5ad", "verified": true, "seconds": {"raw_read_and_sha256": 3.314, "h5py_read_decompress": 10.15, "encode": 57.928, "decode_and_compare": 8.28}, "error": null}
{"msg": "shard", "name": "HEK293T_Batch116.h5ad", "verified": true, "seconds": {"raw_read_and_sha256": 3.264, "h5py_read_decompress": 11.226, "encode": 55.006, "decode_and_compare": 10.135}, "error": null}
{"msg": "shard", "name": "HEK293T_Batch123.h5ad", "verified": true, "seconds": {"raw_read_and_sha256": 3.412, "h5py_read_decompress": 11.405, "encode": 63.051, "decode_and_compare": 10.854}, "error": null}
{"msg": "shard", "name": "HEK293T_Batch130.h5ad", "verified": true, "seconds": {"raw_read_and_sha256": 3.412, "h5py_read_decompress": 11.015, "encode": 60.771, "decode_and_compare": 10.516}, "error": null}
{"msg": "shard", "name": "HEK293T_Batch138.h5ad", "verified": true, "seconds": {"raw_read_and_sha256": 2.556, "h5py_read_decompress": 7.93, "encode": 42.239, "decode_and_compare": 7.101}, "error": null}
{"msg": "shard", "name": "HEK293T_Batch145.h5ad", "verified": true, "seconds": {"raw_read_and_sha256": 2.504, "h5py_read_decompress": 8.584, "encode": 40.915, "decode_and_compare": 7.801}, "error": null}
{"msg": "shard", "name": "HEK293T_Batch152.h5ad", "verified": true, "seconds": {"raw_read_and_sha256": 2.089, "h5py_read_decompress": 7.532, "encode": 34.251, "decode_and_compare": 6.245}, "error": null}
{"msg": "shard", "name": "HEK293T_Batch16.h5ad", "verified": true, "seconds": {"raw_read_and_sha256": 3.339, "h5py_read_decompress": 11.13, "encode": 58.696, "decode_and_compare": 9.904}, "error": null}
{"msg": "shard", "name": "HEK293T_Batch167.h5ad", "verified": true, "seconds": {"raw_read_and_sha256": 3.492, "h5py_read_decompress": 10.107, "encode": 50.36, "decode_and_compare": 9.426}, "error": null}
{"msg": "shard", "name": "HEK293T_Batch174.h5ad", "verified": true, "seconds": {"raw_read_and_sha256": 3.5, "h5py_read_decompress": 11.126, "encode": 60.228, "decode_and_compare": 9.591}, "error": null}
{"msg": "shard", "name": "HEK293T_Batch181.h5ad", "verified": true, "seconds": {"raw_read_and_sha256": 3.432, "h5py_read_decompress": 10.52, "encode": 56.398, "decode_and_compare": 10.444}, "error": null}
{"msg": "shard", "name": "HEK293T_Batch189.h5ad", "verified": true, "seconds": {"raw_read_and_sha256": 3.199, "h5py_read_decompress": 9.756, "encode": 50.55, "decode_and_compare": 7.975}, "error": null}
{"msg": "shard", "name": "HEK293T_Batch196.h5ad", "verified": true, "seconds": {"raw_read_and_sha256": 3.191, "h5py_read_decompress": 10.094, "encode": 51.151, "decode_and_compare": 8.652}, "error": null}
{"msg": "shard", "name": "HEK293T_Batch202.h5ad", "verified": true, "seconds": {"raw_read_and_sha256": 2.749, "h5py_read_decompress": 7.944, "encode": 40.962, "decode_and_compare": 7.408}, "error": null}
{"msg": "shard", "name": "HEK293T_Batch21.h5ad", "verified": true, "seconds": {"raw_read_and_sha256": 3.34, "h5py_read_decompress": 10.997, "encode": 62.081, "decode_and_compare": 9.767}, "error": null}
{"msg": "shard", "name": "HEK293T_Batch217.h5ad", "verified": true, "seconds": {"raw_read_and_sha256": 1.586, "h5py_read_decompress": 4.417, "encode": 19.183, "decode_and_compare": 4.005}, "error": null}
{"msg": "shard", "name": "HEK293T_Batch23.h5ad", "verified": true, "seconds": {"raw_read_and_sha256": 3.688, "h5py_read_decompress": 11.404, "encode": 60.502, "decode_and_compare": 10.786}, "error": null}
{"msg": "shard", "name": "HEK293T_Batch30.h5ad", "verified": true, "seconds": {"raw_read_and_sha256": 1.395, "h5py_read_decompress": 4.422, "encode": 20.412, "decode_and_compare": 3.999}, "error": null}
{"msg": "shard", "name": "HEK293T_Batch38.h5ad", "verified": true, "seconds": {"raw_read_and_sha256": 3.631, "h5py_read_decompress": 11.749, "encode": 58.771, "decode_and_compare": 10.009}, "error": null}
{"msg": "shard", "name": "HEK293T_Batch45.h5ad", "verified": true, "seconds": {"raw_read_and_sha256": 3.178, "h5py_read_decompress": 10.002, "encode": 52.667, "decode_and_compare": 9.962}, "error": null}
{"msg": "shard", "name": "HEK293T_Batch52.h5ad", "verified": true, "seconds": {"raw_read_and_sha256": 3.186, "h5py_read_decompress": 10.154, "encode": 49.22, "decode_and_compare": 9.605}, "error": null}
Traceback (most recent call last):
  File "/kaggle/working/code/build_fast_units.py", line 105, in <module>
    main()
    ~~~~^^
  File "/kaggle/working/code/build_fast_units.py", line 76, in main
    for rec in ex.map(one, tasks, chunksize=1):
               ~~~~~~^^^^^^^^^^^^^^^^^^^^^^^^^
  File "/usr/lib/python3.13/concurrent/futures/process.py", line 620, in _chain_from_iterable_of_lists
    for element in iterable:
                   ^^^^^^^^
  File "/usr/lib/python3.13/concurrent/futures/_base.py", line 625, in result_iterator
    yield _result_or_cancel(fs.pop())
          ~~~~~~~~~~~~~~~~~^^^^^^^^^^
  File "/usr/lib/python3.13/concurrent/futures/_base.py", line 318, in _result_or_cancel
    return fut.result(timeout)
           ~~~~~~~~~~^^^^^^^^^
  File "/usr/lib/python3.13/concurrent/futures/_base.py", line 460, in result
    return self.__get_result()
           ~~~~~~~~~~~~~~~~~^^
  File "/usr/lib/python3.13/concurrent/futures/_base.py", line 402, in __get_result
    raise self._exception
concurrent.futures.process.BrokenProcessPool: A process in the process pool was terminated abruptly while the future was running or pending.
