trial          : trial-ext-profile (external_effects)
shape          : 300 perturbations x 400 cells x 3 contexts = 360,000 cells
pilot          : False
disk free      : 31.20 GiB (estimated need 4.19 GiB)
seed           : 20260912

  basal A: 18,400 cells, median UMI 20,109, median detected genes 6,147
  basal B: 18,400 cells, median UMI 19,946, median detected genes 5,756
  basal C: 18,400 cells, median UMI 20,034, median detected genes 6,006
  dispersion A: 13,454 genes overdispersed, median phi 0.165
  dispersion B: 12,962 genes overdispersed, median phi 0.135
  dispersion C: 12,187 genes overdispersed, median phi 0.083
effects A      : C:\Users\39346\vcc2026-data\processed\effects_t36_2026-10-06\effects_A.npz (13,425 genes observed)
effects B      : C:\Users\39346\vcc2026-data\processed\effects_t36_2026-10-06\effects_B.npz (13,425 genes observed)
effects C      : C:\Users\39346\vcc2026-data\processed\effects_t36_2026-10-06\effects_C.npz (13,425 genes observed)
    A 1/300 (1s)
    A 26/300 (20s)
    A 51/300 (38s)
    A 76/300 (58s)
    A 101/300 (77s)
    A 126/300 (96s)
    A 151/300 (115s)
    A 176/300 (133s)
    A 201/300 (152s)
    A 226/300 (171s)
    A 251/300 (190s)
    A 276/300 (208s)
    B 1/300 (227s)
    B 26/300 (245s)
    B 51/300 (263s)
    B 76/300 (281s)
    B 101/300 (299s)
    B 126/300 (316s)
    B 151/300 (334s)
    B 176/300 (354s)
    B 201/300 (374s)
    B 226/300 (392s)
    B 251/300 (410s)
    B 276/300 (428s)
    C 1/300 (446s)
    C 26/300 (464s)
    C 51/300 (482s)
    C 76/300 (501s)
    C 101/300 (519s)
    C 126/300 (537s)
    C 151/300 (555s)
    C 176/300 (573s)
    C 201/300 (591s)
    C 226/300 (608s)
    C 251/300 (626s)
    C 276/300 (644s)

wrote prediction.h5ad: 360,000 cells, 2,084,357,766 stored values, 4016.9 MB
  stored per cell     : 5,790 (budget 13,194)
  context provenance  : OK
  runtime             : basal 8s, generation 661s, total 714s
  peak RSS            : 0.52 GiB
-> C:\Users\39346\vcc2026-data\artifacts\t38gen\prediction.h5ad
-> C:\Users\39346\vcc2026-data\artifacts\t38gen\generation_diagnostics.json
