input      : C:\Users\39346\vcc2026-data\artifacts\t38gen\prediction.h5ad
hashing input (streamed) ...
  sha256   : f12b5028d8b4bd118c3ebee278bbfbdc3b290eca82e454d9ba98b8ff678d4a96  (3s)
layout     : 360,000 x 18,533, 2,084,357,766 stored entries
             data float32/gzip, indices int32, indptr int32
resources  : RAM 15.71 GiB total, 6.31 GiB available; disk 27.06 GiB free
             official vcc prep would peak at ~22.2 GiB; this stage streams instead
             estimated transient disk 9.02 GiB

validating and packaging (streamed) ...
  PASS  var_names_unique
  PASS  gene_order_matches_list
  PASS  gene_dim_matches_expected
  PASS  has_cells
  PASS  cell_dim_within_cap
  PASS  pert_column_present
  PASS  no_control_rows
  PASS  contexts_complete
  PASS  targets_match_official_list
  PASS  density_within_cap
  PASS  column_indices_in_range
  PASS  counts_finite
  PASS  counts_non_negative
  PASS  counts_are_whole_numbers
  PASS  max_counts_per_cell_within_cap
  PASS  no_all_zero_perturbation
  PASS  csr:indptr_length_is_n_obs_plus_1
  PASS  csr:indptr_starts_at_zero
  PASS  csr:indptr_non_negative
  PASS  csr:indptr_monotonic
  PASS  csr:indptr_end_matches_data_length
  PASS  csr:data_and_indices_same_length
  PASS  csr:nnz_representable_in_indptr_dtype
  PASS  csr:n_vars_representable_in_indices_dtype

wrote prediction.vcc: 3.87 GiB (501s total)
  meta       : {"schema": 1, "nnz": 2084357766, "n_obs": 360000, "n_vars": 18533, "cli_version": "0.2.0"}
  peak RSS   : 0.53 GiB
  peak disk  : 7.79 GiB

verifying the archive ...
  PASS  official container validator (vccfile.validate_vcc)
  meta read back: {"cli_version": "0.2.0", "n_obs": 360000, "n_vars": 18533, "nnz": 2084357766, "schema": 1}
  PASS  payload X arrays are bit-identical to the input; gene axis and labels match (110s)
        obs index rewritten by prep's rule: True
  archive sha256: 573201f82d9769d17e0793006f5d3f6c68b1ff8629b1e7fb2e28f730020a823d

total 618s, peak RSS 0.53 GiB
-> C:\Users\39346\vcc2026-data\artifacts\t38pack\packaging.json
