Collecting arc-stack @ git+https://github.com/ArcInstitute/stack.git@cacc2e4b09435c3e536d46237d10b50f222dd144 (from -r /tmp/lead_stack_scratch_r1/code/reports/analisi/lead_scientist_2026-09-29/neural/requirements_stack.txt (line 15))
  Cloning https://github.com/ArcInstitute/stack.git (to revision cacc2e4b09435c3e536d46237d10b50f222dd144) to /tmp/pip-install-539kldfa/arc-stack_204cbd75e76a4b8bbe59d867bd68383e
  Running command git clone --filter=blob:none --quiet https://github.com/ArcInstitute/stack.git /tmp/pip-install-539kldfa/arc-stack_204cbd75e76a4b8bbe59d867bd68383e
  Running command git rev-parse -q --verify 'cacc2e4b09435c3e536d46237d10b50f222dd144^{commit}'
  cacc2e4b09435c3e536d46237d10b50f222dd144
  Resolved https://github.com/ArcInstitute/stack.git to commit cacc2e4b09435c3e536d46237d10b50f222dd144
  Installing build dependencies: started
  Installing build dependencies: finished with status 'done'
  Getting requirements to build wheel: started
  Getting requirements to build wheel: finished with status 'done'
  Preparing metadata (pyproject.toml): started
  Preparing metadata (pyproject.toml): finished with status 'done'
Collecting torch==2.5.1 (from -r /tmp/lead_stack_scratch_r1/code/reports/analisi/lead_scientist_2026-09-29/neural/requirements_stack.txt (line 3))
  Downloading torch-2.5.1-cp311-cp311-manylinux1_x86_64.whl.metadata (28 kB)
Collecting numpy==1.26.4 (from -r /tmp/lead_stack_scratch_r1/code/reports/analisi/lead_scientist_2026-09-29/neural/requirements_stack.txt (line 4))
  Downloading numpy-1.26.4-cp311-cp311-manylinux_2_17_x86_64.manylinux2014_x86_64.whl.metadata (61 kB)
Collecting scipy==1.14.1 (from -r /tmp/lead_stack_scratch_r1/code/reports/analisi/lead_scientist_2026-09-29/neural/requirements_stack.txt (line 5))
  Downloading scipy-1.14.1-cp311-cp311-manylinux_2_17_x86_64.manylinux2014_x86_64.whl.metadata (60 kB)
Collecting pandas==2.2.3 (from -r /tmp/lead_stack_scratch_r1/code/reports/analisi/lead_scientist_2026-09-29/neural/requirements_stack.txt (line 6))
  Downloading pandas-2.2.3-cp311-cp311-manylinux_2_17_x86_64.manylinux2014_x86_64.whl.metadata (89 kB)
Collecting anndata==0.11.4 (from -r /tmp/lead_stack_scratch_r1/code/reports/analisi/lead_scientist_2026-09-29/neural/requirements_stack.txt (line 7))
  Downloading anndata-0.11.4-py3-none-any.whl.metadata (9.3 kB)
Collecting h5py==3.12.1 (from -r /tmp/lead_stack_scratch_r1/code/reports/analisi/lead_scientist_2026-09-29/neural/requirements_stack.txt (line 8))
  Downloading h5py-3.12.1-cp311-cp311-manylinux_2_17_x86_64.manylinux2014_x86_64.whl.metadata (2.5 kB)
Collecting pytorch-lightning==2.5.0 (from -r /tmp/lead_stack_scratch_r1/code/reports/analisi/lead_scientist_2026-09-29/neural/requirements_stack.txt (line 9))
  Downloading pytorch_lightning-2.5.0-py3-none-any.whl.metadata (21 kB)
Collecting scvi-tools==1.2.2 (from -r /tmp/lead_stack_scratch_r1/code/reports/analisi/lead_scientist_2026-09-29/neural/requirements_stack.txt (line 10))
  Downloading scvi_tools-1.2.2-py3-none-any.whl.metadata (17 kB)
Collecting geomloss==0.2.6 (from -r /tmp/lead_stack_scratch_r1/code/reports/analisi/lead_scientist_2026-09-29/neural/requirements_stack.txt (line 11))
  Downloading geomloss-0.2.6.tar.gz (26 kB)
  Installing build dependencies: started
  Installing build dependencies: finished with status 'done'
  Getting requirements to build wheel: started
  Getting requirements to build wheel: finished with status 'done'
  Preparing metadata (pyproject.toml): started
  Preparing metadata (pyproject.toml): finished with status 'done'
Collecting wandb==0.19.10 (from -r /tmp/lead_stack_scratch_r1/code/reports/analisi/lead_scientist_2026-09-29/neural/requirements_stack.txt (line 12))
  Downloading wandb-0.19.10-py3-none-manylinux_2_17_x86_64.manylinux2014_x86_64.whl.metadata (10 kB)
Collecting PyYAML==6.0.2 (from -r /tmp/lead_stack_scratch_r1/code/reports/analisi/lead_scientist_2026-09-29/neural/requirements_stack.txt (line 13))
  Downloading PyYAML-6.0.2-cp311-cp311-manylinux_2_17_x86_64.manylinux2014_x86_64.whl.metadata (2.1 kB)
Collecting psutil==6.1.1 (from -r /tmp/lead_stack_scratch_r1/code/reports/analisi/lead_scientist_2026-09-29/neural/requirements_stack.txt (line 14))
  Downloading psutil-6.1.1-cp36-abi3-manylinux_2_12_x86_64.manylinux2010_x86_64.manylinux_2_17_x86_64.manylinux2014_x86_64.whl.metadata (22 kB)
Collecting filelock (from torch==2.5.1->-r /tmp/lead_stack_scratch_r1/code/reports/analisi/lead_scientist_2026-09-29/neural/requirements_stack.txt (line 3))
  Downloading filelock-4.0.6-py3-none-any.whl.metadata (2.0 kB)
Collecting typing-extensions>=4.8.0 (from torch==2.5.1->-r /tmp/lead_stack_scratch_r1/code/reports/analisi/lead_scientist_2026-09-29/neural/requirements_stack.txt (line 3))
  Downloading typing_extensions-4.16.0-py3-none-any.whl.metadata (3.3 kB)
Collecting networkx (from torch==2.5.1->-r /tmp/lead_stack_scratch_r1/code/reports/analisi/lead_scientist_2026-09-29/neural/requirements_stack.txt (line 3))
  Downloading networkx-3.6.1-py3-none-any.whl.metadata (6.8 kB)
Collecting jinja2 (from torch==2.5.1->-r /tmp/lead_stack_scratch_r1/code/reports/analisi/lead_scientist_2026-09-29/neural/requirements_stack.txt (line 3))
  Downloading jinja2-3.1.6-py3-none-any.whl.metadata (2.9 kB)
Collecting fsspec (from torch==2.5.1->-r /tmp/lead_stack_scratch_r1/code/reports/analisi/lead_scientist_2026-09-29/neural/requirements_stack.txt (line 3))
  Downloading fsspec-2026.9.0-py3-none-any.whl.metadata (10 kB)
Collecting nvidia-cuda-nvrtc-cu12==12.4.127 (from torch==2.5.1->-r /tmp/lead_stack_scratch_r1/code/reports/analisi/lead_scientist_2026-09-29/neural/requirements_stack.txt (line 3))
  Downloading nvidia_cuda_nvrtc_cu12-12.4.127-py3-none-manylinux2014_x86_64.whl.metadata (1.5 kB)
Collecting nvidia-cuda-runtime-cu12==12.4.127 (from torch==2.5.1->-r /tmp/lead_stack_scratch_r1/code/reports/analisi/lead_scientist_2026-09-29/neural/requirements_stack.txt (line 3))
  Downloading nvidia_cuda_runtime_cu12-12.4.127-py3-none-manylinux2014_x86_64.whl.metadata (1.5 kB)
Collecting nvidia-cuda-cupti-cu12==12.4.127 (from torch==2.5.1->-r /tmp/lead_stack_scratch_r1/code/reports/analisi/lead_scientist_2026-09-29/neural/requirements_stack.txt (line 3))
  Downloading nvidia_cuda_cupti_cu12-12.4.127-py3-none-manylinux2014_x86_64.whl.metadata (1.6 kB)
Collecting nvidia-cudnn-cu12==9.1.0.70 (from torch==2.5.1->-r /tmp/lead_stack_scratch_r1/code/reports/analisi/lead_scientist_2026-09-29/neural/requirements_stack.txt (line 3))
  Downloading nvidia_cudnn_cu12-9.1.0.70-py3-none-manylinux2014_x86_64.whl.metadata (1.6 kB)
Collecting nvidia-cublas-cu12==12.4.5.8 (from torch==2.5.1->-r /tmp/lead_stack_scratch_r1/code/reports/analisi/lead_scientist_2026-09-29/neural/requirements_stack.txt (line 3))
  Downloading nvidia_cublas_cu12-12.4.5.8-py3-none-manylinux2014_x86_64.whl.metadata (1.5 kB)
Collecting nvidia-cufft-cu12==11.2.1.3 (from torch==2.5.1->-r /tmp/lead_stack_scratch_r1/code/reports/analisi/lead_scientist_2026-09-29/neural/requirements_stack.txt (line 3))
  Downloading nvidia_cufft_cu12-11.2.1.3-py3-none-manylinux2014_x86_64.whl.metadata (1.5 kB)
Collecting nvidia-curand-cu12==10.3.5.147 (from torch==2.5.1->-r /tmp/lead_stack_scratch_r1/code/reports/analisi/lead_scientist_2026-09-29/neural/requirements_stack.txt (line 3))
  Downloading nvidia_curand_cu12-10.3.5.147-py3-none-manylinux2014_x86_64.whl.metadata (1.5 kB)
Collecting nvidia-cusolver-cu12==11.6.1.9 (from torch==2.5.1->-r /tmp/lead_stack_scratch_r1/code/reports/analisi/lead_scientist_2026-09-29/neural/requirements_stack.txt (line 3))
  Downloading nvidia_cusolver_cu12-11.6.1.9-py3-none-manylinux2014_x86_64.whl.metadata (1.6 kB)
Collecting nvidia-cusparse-cu12==12.3.1.170 (from torch==2.5.1->-r /tmp/lead_stack_scratch_r1/code/reports/analisi/lead_scientist_2026-09-29/neural/requirements_stack.txt (line 3))
  Downloading nvidia_cusparse_cu12-12.3.1.170-py3-none-manylinux2014_x86_64.whl.metadata (1.6 kB)
Collecting nvidia-nccl-cu12==2.21.5 (from torch==2.5.1->-r /tmp/lead_stack_scratch_r1/code/reports/analisi/lead_scientist_2026-09-29/neural/requirements_stack.txt (line 3))
  Downloading nvidia_nccl_cu12-2.21.5-py3-none-manylinux2014_x86_64.whl.metadata (1.8 kB)
Collecting nvidia-nvtx-cu12==12.4.127 (from torch==2.5.1->-r /tmp/lead_stack_scratch_r1/code/reports/analisi/lead_scientist_2026-09-29/neural/requirements_stack.txt (line 3))
  Downloading nvidia_nvtx_cu12-12.4.127-py3-none-manylinux2014_x86_64.whl.metadata (1.7 kB)
Collecting nvidia-nvjitlink-cu12==12.4.127 (from torch==2.5.1->-r /tmp/lead_stack_scratch_r1/code/reports/analisi/lead_scientist_2026-09-29/neural/requirements_stack.txt (line 3))
  Downloading nvidia_nvjitlink_cu12-12.4.127-py3-none-manylinux2014_x86_64.whl.metadata (1.5 kB)
Collecting triton==3.1.0 (from torch==2.5.1->-r /tmp/lead_stack_scratch_r1/code/reports/analisi/lead_scientist_2026-09-29/neural/requirements_stack.txt (line 3))
  Downloading triton-3.1.0-cp311-cp311-manylinux_2_17_x86_64.manylinux2014_x86_64.whl.metadata (1.3 kB)
Collecting sympy==1.13.1 (from torch==2.5.1->-r /tmp/lead_stack_scratch_r1/code/reports/analisi/lead_scientist_2026-09-29/neural/requirements_stack.txt (line 3))
  Downloading sympy-1.13.1-py3-none-any.whl.metadata (12 kB)
Collecting python-dateutil>=2.8.2 (from pandas==2.2.3->-r /tmp/lead_stack_scratch_r1/code/reports/analisi/lead_scientist_2026-09-29/neural/requirements_stack.txt (line 6))
  Downloading python_dateutil-2.9.0.post0-py2.py3-none-any.whl.metadata (8.4 kB)
Collecting pytz>=2020.1 (from pandas==2.2.3->-r /tmp/lead_stack_scratch_r1/code/reports/analisi/lead_scientist_2026-09-29/neural/requirements_stack.txt (line 6))
  Downloading pytz-2026.4-py2.py3-none-any.whl.metadata (22 kB)
Collecting tzdata>=2022.7 (from pandas==2.2.3->-r /tmp/lead_stack_scratch_r1/code/reports/analisi/lead_scientist_2026-09-29/neural/requirements_stack.txt (line 6))
  Downloading tzdata-2026.4-py2.py3-none-any.whl.metadata (1.4 kB)
Collecting array-api-compat!=1.5,>1.4 (from anndata==0.11.4->-r /tmp/lead_stack_scratch_r1/code/reports/analisi/lead_scientist_2026-09-29/neural/requirements_stack.txt (line 7))
  Downloading array_api_compat-1.15.0-py3-none-any.whl.metadata (1.4 kB)
Collecting natsort (from anndata==0.11.4->-r /tmp/lead_stack_scratch_r1/code/reports/analisi/lead_scientist_2026-09-29/neural/requirements_stack.txt (line 7))
  Downloading natsort-8.4.0-py3-none-any.whl.metadata (21 kB)
Requirement already satisfied: packaging>=24.2 in /tmp/lead_stack_scratch_r1/venv/lib/python3.11/site-packages (from anndata==0.11.4->-r /tmp/lead_stack_scratch_r1/code/reports/analisi/lead_scientist_2026-09-29/neural/requirements_stack.txt (line 7)) (26.3)
Collecting tqdm>=4.57.0 (from pytorch-lightning==2.5.0->-r /tmp/lead_stack_scratch_r1/code/reports/analisi/lead_scientist_2026-09-29/neural/requirements_stack.txt (line 9))
  Downloading tqdm-4.70.1-py3-none-any.whl.metadata (57 kB)
Collecting torchmetrics>=0.7.0 (from pytorch-lightning==2.5.0->-r /tmp/lead_stack_scratch_r1/code/reports/analisi/lead_scientist_2026-09-29/neural/requirements_stack.txt (line 9))
  Downloading torchmetrics-1.9.0-py3-none-any.whl.metadata (23 kB)
Collecting lightning-utilities>=0.10.0 (from pytorch-lightning==2.5.0->-r /tmp/lead_stack_scratch_r1/code/reports/analisi/lead_scientist_2026-09-29/neural/requirements_stack.txt (line 9))
  Downloading lightning_utilities-0.15.3-py3-none-any.whl.metadata (5.5 kB)
Collecting docrep>=0.3.2 (from scvi-tools==1.2.2->-r /tmp/lead_stack_scratch_r1/code/reports/analisi/lead_scientist_2026-09-29/neural/requirements_stack.txt (line 10))
  Downloading docrep-0.3.2.tar.gz (33 kB)
  Installing build dependencies: started
  Installing build dependencies: finished with status 'done'
  Getting requirements to build wheel: started
  Getting requirements to build wheel: finished with status 'done'
  Preparing metadata (pyproject.toml): started
  Preparing metadata (pyproject.toml): finished with status 'done'
Collecting flax (from scvi-tools==1.2.2->-r /tmp/lead_stack_scratch_r1/code/reports/analisi/lead_scientist_2026-09-29/neural/requirements_stack.txt (line 10))
  Downloading flax-0.12.8-py3-none-any.whl.metadata (11 kB)
Collecting jax (from scvi-tools==1.2.2->-r /tmp/lead_stack_scratch_r1/code/reports/analisi/lead_scientist_2026-09-29/neural/requirements_stack.txt (line 10))
  Downloading jax-0.10.2-py3-none-any.whl.metadata (13 kB)
Collecting jaxlib (from scvi-tools==1.2.2->-r /tmp/lead_stack_scratch_r1/code/reports/analisi/lead_scientist_2026-09-29/neural/requirements_stack.txt (line 10))
  Downloading jaxlib-0.10.2-cp311-cp311-manylinux_2_27_x86_64.whl.metadata (1.3 kB)
Collecting lightning>=2.0 (from scvi-tools==1.2.2->-r /tmp/lead_stack_scratch_r1/code/reports/analisi/lead_scientist_2026-09-29/neural/requirements_stack.txt (line 10))
  Downloading lightning-2.6.6-py3-none-any.whl.metadata (45 kB)
Collecting ml-collections>=0.1.1 (from scvi-tools==1.2.2->-r /tmp/lead_stack_scratch_r1/code/reports/analisi/lead_scientist_2026-09-29/neural/requirements_stack.txt (line 10))
  Downloading ml_collections-1.1.0-py3-none-any.whl.metadata (22 kB)
Collecting mudata>=0.1.2 (from scvi-tools==1.2.2->-r /tmp/lead_stack_scratch_r1/code/reports/analisi/lead_scientist_2026-09-29/neural/requirements_stack.txt (line 10))
  Downloading mudata-0.3.10-py3-none-any.whl.metadata (10 kB)
Collecting numba>=0.60.0 (from scvi-tools==1.2.2->-r /tmp/lead_stack_scratch_r1/code/reports/analisi/lead_scientist_2026-09-29/neural/requirements_stack.txt (line 10))
  Downloading numba-0.67.0-cp311-cp311-manylinux2014_x86_64.manylinux_2_17_x86_64.whl.metadata (2.7 kB)
Collecting numpyro>=0.12.1 (from scvi-tools==1.2.2->-r /tmp/lead_stack_scratch_r1/code/reports/analisi/lead_scientist_2026-09-29/neural/requirements_stack.txt (line 10))
  Downloading numpyro-0.22.0-py3-none-any.whl.metadata (36 kB)
Collecting optax (from scvi-tools==1.2.2->-r /tmp/lead_stack_scratch_r1/code/reports/analisi/lead_scientist_2026-09-29/neural/requirements_stack.txt (line 10))
  Downloading optax-0.2.8-py3-none-any.whl.metadata (7.9 kB)
Collecting pyro-ppl>=1.6.0 (from scvi-tools==1.2.2->-r /tmp/lead_stack_scratch_r1/code/reports/analisi/lead_scientist_2026-09-29/neural/requirements_stack.txt (line 10))
  Downloading pyro_ppl-1.9.1-py3-none-any.whl.metadata (7.8 kB)
Collecting rich>=12.0.0 (from scvi-tools==1.2.2->-r /tmp/lead_stack_scratch_r1/code/reports/analisi/lead_scientist_2026-09-29/neural/requirements_stack.txt (line 10))
  Downloading rich-15.0.0-py3-none-any.whl.metadata (18 kB)
Collecting scikit-learn>=0.21.2 (from scvi-tools==1.2.2->-r /tmp/lead_stack_scratch_r1/code/reports/analisi/lead_scientist_2026-09-29/neural/requirements_stack.txt (line 10))
  Downloading scikit_learn-1.9.1-cp311-cp311-manylinux_2_27_x86_64.manylinux_2_28_x86_64.whl.metadata (9.3 kB)
Collecting sparse>=0.14.0 (from scvi-tools==1.2.2->-r /tmp/lead_stack_scratch_r1/code/reports/analisi/lead_scientist_2026-09-29/neural/requirements_stack.txt (line 10))
  Downloading sparse-0.19.2-py2.py3-none-any.whl.metadata (5.3 kB)
Collecting tensorboard>=2.0 (from scvi-tools==1.2.2->-r /tmp/lead_stack_scratch_r1/code/reports/analisi/lead_scientist_2026-09-29/neural/requirements_stack.txt (line 10))
  Downloading tensorboard-2.21.0-py3-none-any.whl.metadata (1.8 kB)
Collecting xarray>=2023.2.0 (from scvi-tools==1.2.2->-r /tmp/lead_stack_scratch_r1/code/reports/analisi/lead_scientist_2026-09-29/neural/requirements_stack.txt (line 10))
  Downloading xarray-2026.7.0-py3-none-any.whl.metadata (12 kB)
Collecting click!=8.0.0,>=7.1 (from wandb==0.19.10->-r /tmp/lead_stack_scratch_r1/code/reports/analisi/lead_scientist_2026-09-29/neural/requirements_stack.txt (line 12))
  Downloading click-8.5.0-py3-none-any.whl.metadata (2.6 kB)
Collecting docker-pycreds>=0.4.0 (from wandb==0.19.10->-r /tmp/lead_stack_scratch_r1/code/reports/analisi/lead_scientist_2026-09-29/neural/requirements_stack.txt (line 12))
  Downloading docker_pycreds-0.4.0-py2.py3-none-any.whl.metadata (1.8 kB)
Collecting gitpython!=3.1.29,>=1.0.0 (from wandb==0.19.10->-r /tmp/lead_stack_scratch_r1/code/reports/analisi/lead_scientist_2026-09-29/neural/requirements_stack.txt (line 12))
  Downloading gitpython-3.1.62-py3-none-any.whl.metadata (13 kB)
Collecting platformdirs (from wandb==0.19.10->-r /tmp/lead_stack_scratch_r1/code/reports/analisi/lead_scientist_2026-09-29/neural/requirements_stack.txt (line 12))
  Downloading platformdirs-4.12.2-py3-none-any.whl.metadata (5.5 kB)
Collecting protobuf!=4.21.0,!=5.28.0,<7,>=3.19.0 (from wandb==0.19.10->-r /tmp/lead_stack_scratch_r1/code/reports/analisi/lead_scientist_2026-09-29/neural/requirements_stack.txt (line 12))
  Downloading protobuf-6.33.6-cp39-abi3-manylinux2014_x86_64.whl.metadata (593 bytes)
Collecting pydantic<3 (from wandb==0.19.10->-r /tmp/lead_stack_scratch_r1/code/reports/analisi/lead_scientist_2026-09-29/neural/requirements_stack.txt (line 12))
  Downloading pydantic-2.13.5-py3-none-any.whl.metadata (110 kB)
Collecting requests<3,>=2.0.0 (from wandb==0.19.10->-r /tmp/lead_stack_scratch_r1/code/reports/analisi/lead_scientist_2026-09-29/neural/requirements_stack.txt (line 12))
  Downloading requests-2.34.2-py3-none-any.whl.metadata (4.8 kB)
Collecting sentry-sdk>=2.0.0 (from wandb==0.19.10->-r /tmp/lead_stack_scratch_r1/code/reports/analisi/lead_scientist_2026-09-29/neural/requirements_stack.txt (line 12))
  Downloading sentry_sdk-2.71.0-py3-none-any.whl.metadata (11 kB)
Collecting setproctitle (from wandb==0.19.10->-r /tmp/lead_stack_scratch_r1/code/reports/analisi/lead_scientist_2026-09-29/neural/requirements_stack.txt (line 12))
  Downloading setproctitle-1.3.7-cp311-cp311-manylinux1_x86_64.manylinux_2_28_x86_64.manylinux_2_5_x86_64.whl.metadata (10 kB)
Requirement already satisfied: setuptools in /tmp/lead_stack_scratch_r1/venv/lib/python3.11/site-packages (from wandb==0.19.10->-r /tmp/lead_stack_scratch_r1/code/reports/analisi/lead_scientist_2026-09-29/neural/requirements_stack.txt (line 12)) (84.0.0)
Collecting mpmath<1.4,>=1.1.0 (from sympy==1.13.1->torch==2.5.1->-r /tmp/lead_stack_scratch_r1/code/reports/analisi/lead_scientist_2026-09-29/neural/requirements_stack.txt (line 3))
  Downloading mpmath-1.3.0-py3-none-any.whl.metadata (8.6 kB)
Collecting annotated-types>=0.6.0 (from pydantic<3->wandb==0.19.10->-r /tmp/lead_stack_scratch_r1/code/reports/analisi/lead_scientist_2026-09-29/neural/requirements_stack.txt (line 12))
  Downloading annotated_types-0.8.0-py3-none-any.whl.metadata (15 kB)
Collecting pydantic-core==2.46.5 (from pydantic<3->wandb==0.19.10->-r /tmp/lead_stack_scratch_r1/code/reports/analisi/lead_scientist_2026-09-29/neural/requirements_stack.txt (line 12))
  Downloading pydantic_core-2.46.5-cp311-cp311-manylinux_2_17_x86_64.manylinux2014_x86_64.whl.metadata (6.6 kB)
Collecting typing-inspection>=0.4.2 (from pydantic<3->wandb==0.19.10->-r /tmp/lead_stack_scratch_r1/code/reports/analisi/lead_scientist_2026-09-29/neural/requirements_stack.txt (line 12))
  Downloading typing_inspection-0.4.4-py3-none-any.whl.metadata (2.6 kB)
Collecting charset_normalizer<4,>=2 (from requests<3,>=2.0.0->wandb==0.19.10->-r /tmp/lead_stack_scratch_r1/code/reports/analisi/lead_scientist_2026-09-29/neural/requirements_stack.txt (line 12))
  Downloading charset_normalizer-3.5.1-cp311-cp311-manylinux2014_x86_64.manylinux_2_17_x86_64.manylinux_2_28_x86_64.whl.metadata (45 kB)
Collecting idna<4,>=2.5 (from requests<3,>=2.0.0->wandb==0.19.10->-r /tmp/lead_stack_scratch_r1/code/reports/analisi/lead_scientist_2026-09-29/neural/requirements_stack.txt (line 12))
  Downloading idna-3.20-py3-none-any.whl.metadata (7.2 kB)
Collecting urllib3<3,>=1.26 (from requests<3,>=2.0.0->wandb==0.19.10->-r /tmp/lead_stack_scratch_r1/code/reports/analisi/lead_scientist_2026-09-29/neural/requirements_stack.txt (line 12))
  Downloading urllib3-2.8.0-py3-none-any.whl.metadata (7.4 kB)
Collecting certifi>=2023.5.7 (from requests<3,>=2.0.0->wandb==0.19.10->-r /tmp/lead_stack_scratch_r1/code/reports/analisi/lead_scientist_2026-09-29/neural/requirements_stack.txt (line 12))
  Downloading certifi-2026.7.22-py3-none-any.whl.metadata (2.5 kB)
Collecting six>=1.4.0 (from docker-pycreds>=0.4.0->wandb==0.19.10->-r /tmp/lead_stack_scratch_r1/code/reports/analisi/lead_scientist_2026-09-29/neural/requirements_stack.txt (line 12))
  Downloading six-1.17.0-py2.py3-none-any.whl.metadata (1.7 kB)
Collecting aiohttp!=4.0.0a0,!=4.0.0a1 (from fsspec[http]>=2022.5.0->pytorch-lightning==2.5.0->-r /tmp/lead_stack_scratch_r1/code/reports/analisi/lead_scientist_2026-09-29/neural/requirements_stack.txt (line 9))
  Downloading aiohttp-3.14.3-cp311-cp311-manylinux2014_x86_64.manylinux_2_17_x86_64.manylinux_2_28_x86_64.whl.metadata (8.3 kB)
Collecting aiohappyeyeballs>=2.5.0 (from aiohttp!=4.0.0a0,!=4.0.0a1->fsspec[http]>=2022.5.0->pytorch-lightning==2.5.0->-r /tmp/lead_stack_scratch_r1/code/reports/analisi/lead_scientist_2026-09-29/neural/requirements_stack.txt (line 9))
  Downloading aiohappyeyeballs-2.7.1-py3-none-any.whl.metadata (5.9 kB)
Collecting aiosignal>=1.4.0 (from aiohttp!=4.0.0a0,!=4.0.0a1->fsspec[http]>=2022.5.0->pytorch-lightning==2.5.0->-r /tmp/lead_stack_scratch_r1/code/reports/analisi/lead_scientist_2026-09-29/neural/requirements_stack.txt (line 9))
  Downloading aiosignal-1.4.0-py3-none-any.whl.metadata (3.7 kB)
Collecting attrs>=17.3.0 (from aiohttp!=4.0.0a0,!=4.0.0a1->fsspec[http]>=2022.5.0->pytorch-lightning==2.5.0->-r /tmp/lead_stack_scratch_r1/code/reports/analisi/lead_scientist_2026-09-29/neural/requirements_stack.txt (line 9))
  Downloading attrs-26.1.0-py3-none-any.whl.metadata (8.8 kB)
Collecting frozenlist>=1.1.1 (from aiohttp!=4.0.0a0,!=4.0.0a1->fsspec[http]>=2022.5.0->pytorch-lightning==2.5.0->-r /tmp/lead_stack_scratch_r1/code/reports/analisi/lead_scientist_2026-09-29/neural/requirements_stack.txt (line 9))
  Downloading frozenlist-1.8.0-cp311-cp311-manylinux1_x86_64.manylinux_2_28_x86_64.manylinux_2_5_x86_64.whl.metadata (20 kB)
Collecting multidict<7.0,>=4.5 (from aiohttp!=4.0.0a0,!=4.0.0a1->fsspec[http]>=2022.5.0->pytorch-lightning==2.5.0->-r /tmp/lead_stack_scratch_r1/code/reports/analisi/lead_scientist_2026-09-29/neural/requirements_stack.txt (line 9))
  Downloading multidict-6.9.1-cp311-cp311-manylinux2014_x86_64.manylinux_2_17_x86_64.manylinux_2_28_x86_64.whl.metadata (5.3 kB)
Collecting propcache>=0.2.0 (from aiohttp!=4.0.0a0,!=4.0.0a1->fsspec[http]>=2022.5.0->pytorch-lightning==2.5.0->-r /tmp/lead_stack_scratch_r1/code/reports/analisi/lead_scientist_2026-09-29/neural/requirements_stack.txt (line 9))
  Downloading propcache-0.5.4-cp311-cp311-manylinux2014_x86_64.manylinux_2_17_x86_64.manylinux_2_28_x86_64.whl.metadata (25 kB)
Collecting yarl<2.0,>=1.17.0 (from aiohttp!=4.0.0a0,!=4.0.0a1->fsspec[http]>=2022.5.0->pytorch-lightning==2.5.0->-r /tmp/lead_stack_scratch_r1/code/reports/analisi/lead_scientist_2026-09-29/neural/requirements_stack.txt (line 9))
  Downloading yarl-1.25.1-cp311-cp311-manylinux2014_x86_64.manylinux_2_17_x86_64.manylinux_2_28_x86_64.whl.metadata (111 kB)
Collecting gitdb<5,>=4.0.1 (from gitpython!=3.1.29,>=1.0.0->wandb==0.19.10->-r /tmp/lead_stack_scratch_r1/code/reports/analisi/lead_scientist_2026-09-29/neural/requirements_stack.txt (line 12))
  Downloading gitdb-4.0.12-py3-none-any.whl.metadata (1.2 kB)
Collecting smmap<6,>=3.0.1 (from gitdb<5,>=4.0.1->gitpython!=3.1.29,>=1.0.0->wandb==0.19.10->-r /tmp/lead_stack_scratch_r1/code/reports/analisi/lead_scientist_2026-09-29/neural/requirements_stack.txt (line 12))
  Downloading smmap-5.0.3-py3-none-any.whl.metadata (4.6 kB)
Collecting absl-py (from ml-collections>=0.1.1->scvi-tools==1.2.2->-r /tmp/lead_stack_scratch_r1/code/reports/analisi/lead_scientist_2026-09-29/neural/requirements_stack.txt (line 10))
  Downloading absl_py-2.5.0-py3-none-any.whl.metadata (3.3 kB)
Collecting scverse-misc<=0.1.1,>=0.0.3 (from mudata>=0.1.2->scvi-tools==1.2.2->-r /tmp/lead_stack_scratch_r1/code/reports/analisi/lead_scientist_2026-09-29/neural/requirements_stack.txt (line 10))
  Downloading scverse_misc-0.0.3-py3-none-any.whl.metadata (4.4 kB)
Collecting session-info2 (from mudata>=0.1.2->scvi-tools==1.2.2->-r /tmp/lead_stack_scratch_r1/code/reports/analisi/lead_scientist_2026-09-29/neural/requirements_stack.txt (line 10))
  Downloading session_info2-0.4.1-py3-none-any.whl.metadata (2.5 kB)
Collecting llvmlite<0.50,>=0.49.0dev0 (from numba>=0.60.0->scvi-tools==1.2.2->-r /tmp/lead_stack_scratch_r1/code/reports/analisi/lead_scientist_2026-09-29/neural/requirements_stack.txt (line 10))
  Downloading llvmlite-0.49.0-cp311-cp311-manylinux2014_x86_64.manylinux_2_17_x86_64.whl.metadata (5.0 kB)
Collecting multipledispatch (from numpyro>=0.12.1->scvi-tools==1.2.2->-r /tmp/lead_stack_scratch_r1/code/reports/analisi/lead_scientist_2026-09-29/neural/requirements_stack.txt (line 10))
  Downloading multipledispatch-1.0.0-py3-none-any.whl.metadata (3.8 kB)
Collecting ml_dtypes>=0.5.0 (from jax->scvi-tools==1.2.2->-r /tmp/lead_stack_scratch_r1/code/reports/analisi/lead_scientist_2026-09-29/neural/requirements_stack.txt (line 10))
  Downloading ml_dtypes-0.6.0-cp311-cp311-manylinux_2_27_x86_64.manylinux_2_28_x86_64.whl.metadata (8.8 kB)
INFO: pip is looking at multiple versions of jax to determine which version is compatible with other requirements. This could take a while.
Collecting jax (from scvi-tools==1.2.2->-r /tmp/lead_stack_scratch_r1/code/reports/analisi/lead_scientist_2026-09-29/neural/requirements_stack.txt (line 10))
  Downloading jax-0.10.1-py3-none-any.whl.metadata (13 kB)
Collecting jaxlib (from scvi-tools==1.2.2->-r /tmp/lead_stack_scratch_r1/code/reports/analisi/lead_scientist_2026-09-29/neural/requirements_stack.txt (line 10))
  Downloading jaxlib-0.10.1-cp311-cp311-manylinux_2_27_x86_64.whl.metadata (1.3 kB)
Collecting jax (from scvi-tools==1.2.2->-r /tmp/lead_stack_scratch_r1/code/reports/analisi/lead_scientist_2026-09-29/neural/requirements_stack.txt (line 10))
  Downloading jax-0.10.0-py3-none-any.whl.metadata (13 kB)
Collecting jaxlib (from scvi-tools==1.2.2->-r /tmp/lead_stack_scratch_r1/code/reports/analisi/lead_scientist_2026-09-29/neural/requirements_stack.txt (line 10))
  Downloading jaxlib-0.10.0-cp311-cp311-manylinux_2_27_x86_64.whl.metadata (1.3 kB)
Collecting jax (from scvi-tools==1.2.2->-r /tmp/lead_stack_scratch_r1/code/reports/analisi/lead_scientist_2026-09-29/neural/requirements_stack.txt (line 10))
  Downloading jax-0.9.2-py3-none-any.whl.metadata (13 kB)
Collecting jaxlib (from scvi-tools==1.2.2->-r /tmp/lead_stack_scratch_r1/code/reports/analisi/lead_scientist_2026-09-29/neural/requirements_stack.txt (line 10))
  Downloading jaxlib-0.9.2-cp311-cp311-manylinux_2_27_x86_64.whl.metadata (1.3 kB)
Collecting jax (from scvi-tools==1.2.2->-r /tmp/lead_stack_scratch_r1/code/reports/analisi/lead_scientist_2026-09-29/neural/requirements_stack.txt (line 10))
  Downloading jax-0.9.1-py3-none-any.whl.metadata (13 kB)
Collecting jaxlib (from scvi-tools==1.2.2->-r /tmp/lead_stack_scratch_r1/code/reports/analisi/lead_scientist_2026-09-29/neural/requirements_stack.txt (line 10))
  Downloading jaxlib-0.9.1-cp311-cp311-manylinux_2_27_x86_64.whl.metadata (1.3 kB)
Collecting jax (from scvi-tools==1.2.2->-r /tmp/lead_stack_scratch_r1/code/reports/analisi/lead_scientist_2026-09-29/neural/requirements_stack.txt (line 10))
  Downloading jax-0.9.0.1-py3-none-any.whl.metadata (13 kB)
Collecting jaxlib (from scvi-tools==1.2.2->-r /tmp/lead_stack_scratch_r1/code/reports/analisi/lead_scientist_2026-09-29/neural/requirements_stack.txt (line 10))
  Downloading jaxlib-0.9.0.1-cp311-cp311-manylinux_2_27_x86_64.whl.metadata (1.3 kB)
Collecting jax (from scvi-tools==1.2.2->-r /tmp/lead_stack_scratch_r1/code/reports/analisi/lead_scientist_2026-09-29/neural/requirements_stack.txt (line 10))
  Downloading jax-0.9.0-py3-none-any.whl.metadata (13 kB)
Collecting jaxlib (from scvi-tools==1.2.2->-r /tmp/lead_stack_scratch_r1/code/reports/analisi/lead_scientist_2026-09-29/neural/requirements_stack.txt (line 10))
  Downloading jaxlib-0.9.0-cp311-cp311-manylinux_2_27_x86_64.whl.metadata (1.3 kB)
Collecting jax (from scvi-tools==1.2.2->-r /tmp/lead_stack_scratch_r1/code/reports/analisi/lead_scientist_2026-09-29/neural/requirements_stack.txt (line 10))
  Downloading jax-0.8.3-py3-none-any.whl.metadata (13 kB)
Collecting jaxlib (from scvi-tools==1.2.2->-r /tmp/lead_stack_scratch_r1/code/reports/analisi/lead_scientist_2026-09-29/neural/requirements_stack.txt (line 10))
  Downloading jaxlib-0.8.3-cp311-cp311-manylinux_2_27_x86_64.whl.metadata (1.3 kB)
INFO: pip is still looking at multiple versions of jax to determine which version is compatible with other requirements. This could take a while.
Collecting jax (from scvi-tools==1.2.2->-r /tmp/lead_stack_scratch_r1/code/reports/analisi/lead_scientist_2026-09-29/neural/requirements_stack.txt (line 10))
  Downloading jax-0.8.2-py3-none-any.whl.metadata (13 kB)
Collecting jaxlib (from scvi-tools==1.2.2->-r /tmp/lead_stack_scratch_r1/code/reports/analisi/lead_scientist_2026-09-29/neural/requirements_stack.txt (line 10))
  Downloading jaxlib-0.8.2-cp311-cp311-manylinux_2_27_x86_64.whl.metadata (1.3 kB)
Collecting jax (from scvi-tools==1.2.2->-r /tmp/lead_stack_scratch_r1/code/reports/analisi/lead_scientist_2026-09-29/neural/requirements_stack.txt (line 10))
  Downloading jax-0.8.1-py3-none-any.whl.metadata (13 kB)
Collecting jaxlib (from scvi-tools==1.2.2->-r /tmp/lead_stack_scratch_r1/code/reports/analisi/lead_scientist_2026-09-29/neural/requirements_stack.txt (line 10))
  Downloading jaxlib-0.8.1-cp311-cp311-manylinux_2_27_x86_64.whl.metadata (1.3 kB)
Collecting jax (from scvi-tools==1.2.2->-r /tmp/lead_stack_scratch_r1/code/reports/analisi/lead_scientist_2026-09-29/neural/requirements_stack.txt (line 10))
  Downloading jax-0.8.0-py3-none-any.whl.metadata (13 kB)
Collecting jaxlib (from scvi-tools==1.2.2->-r /tmp/lead_stack_scratch_r1/code/reports/analisi/lead_scientist_2026-09-29/neural/requirements_stack.txt (line 10))
  Downloading jaxlib-0.8.0-cp311-cp311-manylinux_2_27_x86_64.whl.metadata (1.3 kB)
Collecting jax (from scvi-tools==1.2.2->-r /tmp/lead_stack_scratch_r1/code/reports/analisi/lead_scientist_2026-09-29/neural/requirements_stack.txt (line 10))
  Downloading jax-0.7.2-py3-none-any.whl.metadata (13 kB)
Collecting jaxlib (from scvi-tools==1.2.2->-r /tmp/lead_stack_scratch_r1/code/reports/analisi/lead_scientist_2026-09-29/neural/requirements_stack.txt (line 10))
  Downloading jaxlib-0.7.2-cp311-cp311-manylinux_2_27_x86_64.whl.metadata (1.3 kB)
Collecting jax (from scvi-tools==1.2.2->-r /tmp/lead_stack_scratch_r1/code/reports/analisi/lead_scientist_2026-09-29/neural/requirements_stack.txt (line 10))
  Downloading jax-0.7.1-py3-none-any.whl.metadata (13 kB)
Collecting jaxlib (from scvi-tools==1.2.2->-r /tmp/lead_stack_scratch_r1/code/reports/analisi/lead_scientist_2026-09-29/neural/requirements_stack.txt (line 10))
  Downloading jaxlib-0.7.1-cp311-cp311-manylinux_2_27_x86_64.whl.metadata (1.3 kB)
Collecting opt_einsum (from jax->scvi-tools==1.2.2->-r /tmp/lead_stack_scratch_r1/code/reports/analisi/lead_scientist_2026-09-29/neural/requirements_stack.txt (line 10))
  Downloading opt_einsum-3.4.0-py3-none-any.whl.metadata (6.3 kB)
INFO: pip is looking at multiple versions of ml-dtypes to determine which version is compatible with other requirements. This could take a while.
Collecting ml_dtypes>=0.5.0 (from jax->scvi-tools==1.2.2->-r /tmp/lead_stack_scratch_r1/code/reports/analisi/lead_scientist_2026-09-29/neural/requirements_stack.txt (line 10))
  Downloading ml_dtypes-0.5.4-cp311-cp311-manylinux_2_27_x86_64.manylinux_2_28_x86_64.whl.metadata (8.9 kB)
Collecting pyro-api>=0.1.1 (from pyro-ppl>=1.6.0->scvi-tools==1.2.2->-r /tmp/lead_stack_scratch_r1/code/reports/analisi/lead_scientist_2026-09-29/neural/requirements_stack.txt (line 10))
  Downloading pyro_api-0.1.2-py3-none-any.whl.metadata (2.5 kB)
Collecting markdown-it-py>=2.2.0 (from rich>=12.0.0->scvi-tools==1.2.2->-r /tmp/lead_stack_scratch_r1/code/reports/analisi/lead_scientist_2026-09-29/neural/requirements_stack.txt (line 10))
  Downloading markdown_it_py-4.2.0-py3-none-any.whl.metadata (7.4 kB)
Collecting pygments<3.0.0,>=2.13.0 (from rich>=12.0.0->scvi-tools==1.2.2->-r /tmp/lead_stack_scratch_r1/code/reports/analisi/lead_scientist_2026-09-29/neural/requirements_stack.txt (line 10))
  Downloading pygments-2.21.0-py3-none-any.whl.metadata (2.5 kB)
Collecting mdurl~=0.1 (from markdown-it-py>=2.2.0->rich>=12.0.0->scvi-tools==1.2.2->-r /tmp/lead_stack_scratch_r1/code/reports/analisi/lead_scientist_2026-09-29/neural/requirements_stack.txt (line 10))
  Downloading mdurl-0.1.2-py3-none-any.whl.metadata (1.6 kB)
Collecting joblib>=1.4.0 (from scikit-learn>=0.21.2->scvi-tools==1.2.2->-r /tmp/lead_stack_scratch_r1/code/reports/analisi/lead_scientist_2026-09-29/neural/requirements_stack.txt (line 10))
  Downloading joblib-1.6.0-py3-none-any.whl.metadata (6.5 kB)
Collecting narwhals>=2.0.1 (from scikit-learn>=0.21.2->scvi-tools==1.2.2->-r /tmp/lead_stack_scratch_r1/code/reports/analisi/lead_scientist_2026-09-29/neural/requirements_stack.txt (line 10))
  Downloading narwhals-2.26.0-py3-none-any.whl.metadata (15 kB)
Collecting threadpoolctl>=3.5.0 (from scikit-learn>=0.21.2->scvi-tools==1.2.2->-r /tmp/lead_stack_scratch_r1/code/reports/analisi/lead_scientist_2026-09-29/neural/requirements_stack.txt (line 10))
  Downloading threadpoolctl-3.7.0-py3-none-any.whl.metadata (24 kB)
Collecting cloudpickle>=3.0 (from joblib>=1.4.0->scikit-learn>=0.21.2->scvi-tools==1.2.2->-r /tmp/lead_stack_scratch_r1/code/reports/analisi/lead_scientist_2026-09-29/neural/requirements_stack.txt (line 10))
  Downloading cloudpickle-3.1.2-py3-none-any.whl.metadata (7.1 kB)
Collecting grpcio<2.0,>=1.74.0 (from tensorboard>=2.0->scvi-tools==1.2.2->-r /tmp/lead_stack_scratch_r1/code/reports/analisi/lead_scientist_2026-09-29/neural/requirements_stack.txt (line 10))
  Downloading grpcio-1.84.0-cp311-cp311-manylinux2014_x86_64.manylinux_2_17_x86_64.whl.metadata (3.8 kB)
Collecting markdown>=2.6.8 (from tensorboard>=2.0->scvi-tools==1.2.2->-r /tmp/lead_stack_scratch_r1/code/reports/analisi/lead_scientist_2026-09-29/neural/requirements_stack.txt (line 10))
  Downloading markdown-3.11-py3-none-any.whl.metadata (5.1 kB)
Collecting pillow (from tensorboard>=2.0->scvi-tools==1.2.2->-r /tmp/lead_stack_scratch_r1/code/reports/analisi/lead_scientist_2026-09-29/neural/requirements_stack.txt (line 10))
  Downloading pillow-12.3.0-cp311-cp311-manylinux_2_27_x86_64.manylinux_2_28_x86_64.whl.metadata (9.1 kB)
Collecting tensorboard-data-server<0.8.0,>=0.7.0 (from tensorboard>=2.0->scvi-tools==1.2.2->-r /tmp/lead_stack_scratch_r1/code/reports/analisi/lead_scientist_2026-09-29/neural/requirements_stack.txt (line 10))
  Downloading tensorboard_data_server-0.7.2-py3-none-manylinux_2_31_x86_64.whl.metadata (1.1 kB)
Collecting werkzeug>=1.0.1 (from tensorboard>=2.0->scvi-tools==1.2.2->-r /tmp/lead_stack_scratch_r1/code/reports/analisi/lead_scientist_2026-09-29/neural/requirements_stack.txt (line 10))
  Downloading werkzeug-3.1.9-py3-none-any.whl.metadata (4.1 kB)
Collecting markupsafe>=2.1.1 (from werkzeug>=1.0.1->tensorboard>=2.0->scvi-tools==1.2.2->-r /tmp/lead_stack_scratch_r1/code/reports/analisi/lead_scientist_2026-09-29/neural/requirements_stack.txt (line 10))
  Downloading markupsafe-3.0.3-cp311-cp311-manylinux2014_x86_64.manylinux_2_17_x86_64.manylinux_2_28_x86_64.whl.metadata (2.7 kB)
Collecting msgpack (from flax->scvi-tools==1.2.2->-r /tmp/lead_stack_scratch_r1/code/reports/analisi/lead_scientist_2026-09-29/neural/requirements_stack.txt (line 10))
  Downloading msgpack-1.2.3-cp311-cp311-manylinux2014_x86_64.manylinux_2_17_x86_64.manylinux_2_28_x86_64.whl.metadata (8.3 kB)
Collecting orbax-checkpoint (from flax->scvi-tools==1.2.2->-r /tmp/lead_stack_scratch_r1/code/reports/analisi/lead_scientist_2026-09-29/neural/requirements_stack.txt (line 10))
  Downloading orbax_checkpoint-0.12.6-py3-none-any.whl.metadata (3.3 kB)
Collecting tensorstore (from flax->scvi-tools==1.2.2->-r /tmp/lead_stack_scratch_r1/code/reports/analisi/lead_scientist_2026-09-29/neural/requirements_stack.txt (line 10))
  Downloading tensorstore-0.1.85-cp311-cp311-manylinux_2_27_x86_64.manylinux_2_28_x86_64.whl.metadata (3.3 kB)
Collecting treescope>=0.1.7 (from flax->scvi-tools==1.2.2->-r /tmp/lead_stack_scratch_r1/code/reports/analisi/lead_scientist_2026-09-29/neural/requirements_stack.txt (line 10))
  Downloading treescope-0.1.10-py3-none-any.whl.metadata (6.6 kB)
INFO: This is taking longer than usual. You might need to provide the dependency resolver with stricter constraints to reduce runtime. See https://pip.pypa.io/warnings/backtracking for guidance. If you want to abort this run, press Ctrl + C.
Collecting flax (from scvi-tools==1.2.2->-r /tmp/lead_stack_scratch_r1/code/reports/analisi/lead_scientist_2026-09-29/neural/requirements_stack.txt (line 10))
  Downloading flax-0.12.7-py3-none-any.whl.metadata (11 kB)
  Downloading flax-0.12.6-py3-none-any.whl.metadata (11 kB)
Collecting orbax-export>=0.0.8 (from flax->scvi-tools==1.2.2->-r /tmp/lead_stack_scratch_r1/code/reports/analisi/lead_scientist_2026-09-29/neural/requirements_stack.txt (line 10))
  Downloading orbax_export-0.0.8-py3-none-any.whl.metadata (1.8 kB)
Collecting flax (from scvi-tools==1.2.2->-r /tmp/lead_stack_scratch_r1/code/reports/analisi/lead_scientist_2026-09-29/neural/requirements_stack.txt (line 10))
  Downloading flax-0.12.5-py3-none-any.whl.metadata (11 kB)
Collecting optax (from scvi-tools==1.2.2->-r /tmp/lead_stack_scratch_r1/code/reports/analisi/lead_scientist_2026-09-29/neural/requirements_stack.txt (line 10))
  Downloading optax-0.2.6-py3-none-any.whl.metadata (7.6 kB)
Collecting flax (from scvi-tools==1.2.2->-r /tmp/lead_stack_scratch_r1/code/reports/analisi/lead_scientist_2026-09-29/neural/requirements_stack.txt (line 10))
  Downloading flax-0.12.4-py3-none-any.whl.metadata (11 kB)
  Downloading flax-0.12.3-py3-none-any.whl.metadata (11 kB)
  Downloading flax-0.12.2-py3-none-any.whl.metadata (11 kB)
  Downloading flax-0.12.1-py3-none-any.whl.metadata (11 kB)
  Downloading flax-0.12.0-py3-none-any.whl.metadata (11 kB)
Collecting etils[epath,epy] (from orbax-checkpoint->flax->scvi-tools==1.2.2->-r /tmp/lead_stack_scratch_r1/code/reports/analisi/lead_scientist_2026-09-29/neural/requirements_stack.txt (line 10))
  Downloading etils-1.14.0-py3-none-any.whl.metadata (6.5 kB)
Collecting prometheus-client>=0.20.0 (from orbax-checkpoint->flax->scvi-tools==1.2.2->-r /tmp/lead_stack_scratch_r1/code/reports/analisi/lead_scientist_2026-09-29/neural/requirements_stack.txt (line 10))
  Downloading prometheus_client-0.26.0-py3-none-any.whl.metadata (2.1 kB)
Collecting aiofiles (from orbax-checkpoint->flax->scvi-tools==1.2.2->-r /tmp/lead_stack_scratch_r1/code/reports/analisi/lead_scientist_2026-09-29/neural/requirements_stack.txt (line 10))
  Downloading aiofiles-25.1.0-py3-none-any.whl.metadata (6.3 kB)
Collecting humanize (from orbax-checkpoint->flax->scvi-tools==1.2.2->-r /tmp/lead_stack_scratch_r1/code/reports/analisi/lead_scientist_2026-09-29/neural/requirements_stack.txt (line 10))
  Downloading humanize-4.16.0-py3-none-any.whl.metadata (8.0 kB)
Collecting simplejson>=3.16.0 (from orbax-checkpoint->flax->scvi-tools==1.2.2->-r /tmp/lead_stack_scratch_r1/code/reports/analisi/lead_scientist_2026-09-29/neural/requirements_stack.txt (line 10))
  Downloading simplejson-4.1.2-cp311-cp311-manylinux1_x86_64.manylinux_2_28_x86_64.manylinux_2_5_x86_64.whl.metadata (3.8 kB)
Collecting uvloop (from orbax-checkpoint->flax->scvi-tools==1.2.2->-r /tmp/lead_stack_scratch_r1/code/reports/analisi/lead_scientist_2026-09-29/neural/requirements_stack.txt (line 10))
  Downloading uvloop-0.22.1-cp311-cp311-manylinux2014_x86_64.manylinux_2_17_x86_64.manylinux_2_28_x86_64.whl.metadata (4.9 kB)
Collecting zipp (from etils[epath,epy]->orbax-checkpoint->flax->scvi-tools==1.2.2->-r /tmp/lead_stack_scratch_r1/code/reports/analisi/lead_scientist_2026-09-29/neural/requirements_stack.txt (line 10))
  Downloading zipp-4.1.0-py3-none-any.whl.metadata (3.6 kB)
Downloading torch-2.5.1-cp311-cp311-manylinux1_x86_64.whl (906.5 MB)
   ━━━━━━━━━━━━━━━━━━━━━━━━━━━━━━━━━━━━━━━━ 906.5/906.5 MB 141.1 MB/s  0:00:05
Downloading numpy-1.26.4-cp311-cp311-manylinux_2_17_x86_64.manylinux2014_x86_64.whl (18.3 MB)
   ━━━━━━━━━━━━━━━━━━━━━━━━━━━━━━━━━━━━━━━━ 18.3/18.3 MB 291.2 MB/s  0:00:00
Downloading scipy-1.14.1-cp311-cp311-manylinux_2_17_x86_64.manylinux2014_x86_64.whl (41.2 MB)
   ━━━━━━━━━━━━━━━━━━━━━━━━━━━━━━━━━━━━━━━━ 41.2/41.2 MB 145.7 MB/s  0:00:00
Downloading pandas-2.2.3-cp311-cp311-manylinux_2_17_x86_64.manylinux2014_x86_64.whl (13.1 MB)
   ━━━━━━━━━━━━━━━━━━━━━━━━━━━━━━━━━━━━━━━━ 13.1/13.1 MB 130.8 MB/s  0:00:00
Downloading anndata-0.11.4-py3-none-any.whl (144 kB)
Downloading h5py-3.12.1-cp311-cp311-manylinux_2_17_x86_64.manylinux2014_x86_64.whl (5.5 MB)
   ━━━━━━━━━━━━━━━━━━━━━━━━━━━━━━━━━━━━━━━━ 5.5/5.5 MB 196.4 MB/s  0:00:00
Downloading pytorch_lightning-2.5.0-py3-none-any.whl (819 kB)
   ━━━━━━━━━━━━━━━━━━━━━━━━━━━━━━━━━━━━━━━━ 819.4/819.4 kB 549.4 MB/s  0:00:00
Downloading scvi_tools-1.2.2-py3-none-any.whl (459 kB)
Downloading wandb-0.19.10-py3-none-manylinux_2_17_x86_64.manylinux2014_x86_64.whl (21.3 MB)
   ━━━━━━━━━━━━━━━━━━━━━━━━━━━━━━━━━━━━━━━━ 21.3/21.3 MB 112.2 MB/s  0:00:00
Downloading PyYAML-6.0.2-cp311-cp311-manylinux_2_17_x86_64.manylinux2014_x86_64.whl (762 kB)
   ━━━━━━━━━━━━━━━━━━━━━━━━━━━━━━━━━━━━━━━━ 763.0/763.0 kB 566.0 MB/s  0:00:00
Downloading psutil-6.1.1-cp36-abi3-manylinux_2_12_x86_64.manylinux2010_x86_64.manylinux_2_17_x86_64.manylinux2014_x86_64.whl (287 kB)
Downloading nvidia_cublas_cu12-12.4.5.8-py3-none-manylinux2014_x86_64.whl (363.4 MB)
   ━━━━━━━━━━━━━━━━━━━━━━━━━━━━━━━━━━━━━━━━ 363.4/363.4 MB 154.8 MB/s  0:00:02
Downloading nvidia_cuda_cupti_cu12-12.4.127-py3-none-manylinux2014_x86_64.whl (13.8 MB)
   ━━━━━━━━━━━━━━━━━━━━━━━━━━━━━━━━━━━━━━━━ 13.8/13.8 MB 131.2 MB/s  0:00:00
Downloading nvidia_cuda_nvrtc_cu12-12.4.127-py3-none-manylinux2014_x86_64.whl (24.6 MB)
   ━━━━━━━━━━━━━━━━━━━━━━━━━━━━━━━━━━━━━━━━ 24.6/24.6 MB 119.7 MB/s  0:00:00
Downloading nvidia_cuda_runtime_cu12-12.4.127-py3-none-manylinux2014_x86_64.whl (883 kB)
   ━━━━━━━━━━━━━━━━━━━━━━━━━━━━━━━━━━━━━━━━ 883.7/883.7 kB 262.1 MB/s  0:00:00
Downloading nvidia_cudnn_cu12-9.1.0.70-py3-none-manylinux2014_x86_64.whl (664.8 MB)
   ━━━━━━━━━━━━━━━━━━━━━━━━━━━━━━━━━━━━━━━━ 664.8/664.8 MB 99.2 MB/s  0:00:06
Downloading nvidia_cufft_cu12-11.2.1.3-py3-none-manylinux2014_x86_64.whl (211.5 MB)
   ━━━━━━━━━━━━━━━━━━━━━━━━━━━━━━━━━━━━━━━━ 211.5/211.5 MB 156.3 MB/s  0:00:01
Downloading nvidia_curand_cu12-10.3.5.147-py3-none-manylinux2014_x86_64.whl (56.3 MB)
   ━━━━━━━━━━━━━━━━━━━━━━━━━━━━━━━━━━━━━━━━ 56.3/56.3 MB 193.2 MB/s  0:00:00
Downloading nvidia_cusolver_cu12-11.6.1.9-py3-none-manylinux2014_x86_64.whl (127.9 MB)
   ━━━━━━━━━━━━━━━━━━━━━━━━━━━━━━━━━━━━━━━━ 127.9/127.9 MB 160.2 MB/s  0:00:00
Downloading nvidia_cusparse_cu12-12.3.1.170-py3-none-manylinux2014_x86_64.whl (207.5 MB)
   ━━━━━━━━━━━━━━━━━━━━━━━━━━━━━━━━━━━━━━━━ 207.5/207.5 MB 167.5 MB/s  0:00:01
Downloading nvidia_nccl_cu12-2.21.5-py3-none-manylinux2014_x86_64.whl (188.7 MB)
   ━━━━━━━━━━━━━━━━━━━━━━━━━━━━━━━━━━━━━━━━ 188.7/188.7 MB 34.0 MB/s  0:00:05
Downloading nvidia_nvjitlink_cu12-12.4.127-py3-none-manylinux2014_x86_64.whl (21.1 MB)
   ━━━━━━━━━━━━━━━━━━━━━━━━━━━━━━━━━━━━━━━━ 21.1/21.1 MB 138.7 MB/s  0:00:00
Downloading nvidia_nvtx_cu12-12.4.127-py3-none-manylinux2014_x86_64.whl (99 kB)
Downloading sympy-1.13.1-py3-none-any.whl (6.2 MB)
   ━━━━━━━━━━━━━━━━━━━━━━━━━━━━━━━━━━━━━━━━ 6.2/6.2 MB 196.3 MB/s  0:00:00
Downloading triton-3.1.0-cp311-cp311-manylinux_2_17_x86_64.manylinux2014_x86_64.whl (209.5 MB)
   ━━━━━━━━━━━━━━━━━━━━━━━━━━━━━━━━━━━━━━━━ 209.5/209.5 MB 159.2 MB/s  0:00:01
Downloading mpmath-1.3.0-py3-none-any.whl (536 kB)
   ━━━━━━━━━━━━━━━━━━━━━━━━━━━━━━━━━━━━━━━━ 536.2/536.2 kB 435.6 MB/s  0:00:00
Downloading protobuf-6.33.6-cp39-abi3-manylinux2014_x86_64.whl (323 kB)
Downloading pydantic-2.13.5-py3-none-any.whl (472 kB)
Downloading pydantic_core-2.46.5-cp311-cp311-manylinux_2_17_x86_64.manylinux2014_x86_64.whl (2.1 MB)
   ━━━━━━━━━━━━━━━━━━━━━━━━━━━━━━━━━━━━━━━━ 2.1/2.1 MB 232.6 MB/s  0:00:00
Downloading requests-2.34.2-py3-none-any.whl (73 kB)
Downloading charset_normalizer-3.5.1-cp311-cp311-manylinux2014_x86_64.manylinux_2_17_x86_64.manylinux_2_28_x86_64.whl (262 kB)
Downloading idna-3.20-py3-none-any.whl (69 kB)
Downloading typing_extensions-4.16.0-py3-none-any.whl (45 kB)
Downloading urllib3-2.8.0-py3-none-any.whl (135 kB)
Downloading annotated_types-0.8.0-py3-none-any.whl (13 kB)
Downloading array_api_compat-1.15.0-py3-none-any.whl (79 kB)
Downloading certifi-2026.7.22-py3-none-any.whl (136 kB)
Downloading click-8.5.0-py3-none-any.whl (125 kB)
Downloading docker_pycreds-0.4.0-py2.py3-none-any.whl (9.0 kB)
Downloading fsspec-2026.9.0-py3-none-any.whl (221 kB)
Downloading aiohttp-3.14.3-cp311-cp311-manylinux2014_x86_64.manylinux_2_17_x86_64.manylinux_2_28_x86_64.whl (1.8 MB)
   ━━━━━━━━━━━━━━━━━━━━━━━━━━━━━━━━━━━━━━━━ 1.8/1.8 MB 512.3 MB/s  0:00:00
Downloading multidict-6.9.1-cp311-cp311-manylinux2014_x86_64.manylinux_2_17_x86_64.manylinux_2_28_x86_64.whl (320 kB)
Downloading yarl-1.25.1-cp311-cp311-manylinux2014_x86_64.manylinux_2_17_x86_64.manylinux_2_28_x86_64.whl (117 kB)
Downloading aiohappyeyeballs-2.7.1-py3-none-any.whl (15 kB)
Downloading aiosignal-1.4.0-py3-none-any.whl (7.5 kB)
Downloading attrs-26.1.0-py3-none-any.whl (67 kB)
Downloading frozenlist-1.8.0-cp311-cp311-manylinux1_x86_64.manylinux_2_28_x86_64.manylinux_2_5_x86_64.whl (231 kB)
Downloading gitpython-3.1.62-py3-none-any.whl (222 kB)
Downloading gitdb-4.0.12-py3-none-any.whl (62 kB)
Downloading smmap-5.0.3-py3-none-any.whl (24 kB)
Downloading lightning-2.6.6-py3-none-any.whl (849 kB)
   ━━━━━━━━━━━━━━━━━━━━━━━━━━━━━━━━━━━━━━━━ 849.3/849.3 kB 528.4 MB/s  0:00:00
Downloading lightning_utilities-0.15.3-py3-none-any.whl (31 kB)
Downloading torchmetrics-1.9.0-py3-none-any.whl (983 kB)
   ━━━━━━━━━━━━━━━━━━━━━━━━━━━━━━━━━━━━━━━━ 983.4/983.4 kB 536.3 MB/s  0:00:00
Downloading tqdm-4.70.1-py3-none-any.whl (80 kB)
Downloading ml_collections-1.1.0-py3-none-any.whl (76 kB)
Downloading mudata-0.3.10-py3-none-any.whl (43 kB)
Downloading scverse_misc-0.0.3-py3-none-any.whl (8.8 kB)
Downloading numba-0.67.0-cp311-cp311-manylinux2014_x86_64.manylinux_2_17_x86_64.whl (3.8 MB)
   ━━━━━━━━━━━━━━━━━━━━━━━━━━━━━━━━━━━━━━━━ 3.8/3.8 MB 398.5 MB/s  0:00:00
Downloading llvmlite-0.49.0-cp311-cp311-manylinux2014_x86_64.manylinux_2_17_x86_64.whl (59.9 MB)
   ━━━━━━━━━━━━━━━━━━━━━━━━━━━━━━━━━━━━━━━━ 59.9/59.9 MB 403.1 MB/s  0:00:00
Downloading numpyro-0.22.0-py3-none-any.whl (444 kB)
Downloading jax-0.7.1-py3-none-any.whl (2.8 MB)
   ━━━━━━━━━━━━━━━━━━━━━━━━━━━━━━━━━━━━━━━━ 2.8/2.8 MB 127.8 MB/s  0:00:00
Downloading jaxlib-0.7.1-cp311-cp311-manylinux_2_27_x86_64.whl (81.1 MB)
   ━━━━━━━━━━━━━━━━━━━━━━━━━━━━━━━━━━━━━━━━ 81.1/81.1 MB 111.6 MB/s  0:00:00
Downloading ml_dtypes-0.5.4-cp311-cp311-manylinux_2_27_x86_64.manylinux_2_28_x86_64.whl (5.0 MB)
   ━━━━━━━━━━━━━━━━━━━━━━━━━━━━━━━━━━━━━━━━ 5.0/5.0 MB 110.9 MB/s  0:00:00
Downloading propcache-0.5.4-cp311-cp311-manylinux2014_x86_64.manylinux_2_17_x86_64.manylinux_2_28_x86_64.whl (235 kB)
Downloading pyro_ppl-1.9.1-py3-none-any.whl (755 kB)
   ━━━━━━━━━━━━━━━━━━━━━━━━━━━━━━━━━━━━━━━━ 756.0/756.0 kB 481.2 MB/s  0:00:00
Downloading opt_einsum-3.4.0-py3-none-any.whl (71 kB)
Downloading pyro_api-0.1.2-py3-none-any.whl (11 kB)
Downloading python_dateutil-2.9.0.post0-py2.py3-none-any.whl (229 kB)
Downloading pytz-2026.4-py2.py3-none-any.whl (506 kB)
Downloading rich-15.0.0-py3-none-any.whl (310 kB)
Downloading pygments-2.21.0-py3-none-any.whl (1.3 MB)
   ━━━━━━━━━━━━━━━━━━━━━━━━━━━━━━━━━━━━━━━━ 1.3/1.3 MB 501.8 MB/s  0:00:00
Downloading markdown_it_py-4.2.0-py3-none-any.whl (91 kB)
Downloading mdurl-0.1.2-py3-none-any.whl (10.0 kB)
Downloading scikit_learn-1.9.1-cp311-cp311-manylinux_2_27_x86_64.manylinux_2_28_x86_64.whl (9.3 MB)
   ━━━━━━━━━━━━━━━━━━━━━━━━━━━━━━━━━━━━━━━━ 9.3/9.3 MB 317.5 MB/s  0:00:00
Downloading joblib-1.6.0-py3-none-any.whl (306 kB)
Downloading cloudpickle-3.1.2-py3-none-any.whl (22 kB)
Downloading narwhals-2.26.0-py3-none-any.whl (474 kB)
Downloading sentry_sdk-2.71.0-py3-none-any.whl (534 kB)
   ━━━━━━━━━━━━━━━━━━━━━━━━━━━━━━━━━━━━━━━━ 534.3/534.3 kB 408.1 MB/s  0:00:00
Downloading six-1.17.0-py2.py3-none-any.whl (11 kB)
Downloading sparse-0.19.2-py2.py3-none-any.whl (155 kB)
Downloading tensorboard-2.21.0-py3-none-any.whl (5.5 MB)
   ━━━━━━━━━━━━━━━━━━━━━━━━━━━━━━━━━━━━━━━━ 5.5/5.5 MB 115.4 MB/s  0:00:00
Downloading grpcio-1.84.0-cp311-cp311-manylinux2014_x86_64.manylinux_2_17_x86_64.whl (7.2 MB)
   ━━━━━━━━━━━━━━━━━━━━━━━━━━━━━━━━━━━━━━━━ 7.2/7.2 MB 507.7 MB/s  0:00:00
Downloading tensorboard_data_server-0.7.2-py3-none-manylinux_2_31_x86_64.whl (6.6 MB)
   ━━━━━━━━━━━━━━━━━━━━━━━━━━━━━━━━━━━━━━━━ 6.6/6.6 MB 104.6 MB/s  0:00:00
Downloading absl_py-2.5.0-py3-none-any.whl (137 kB)
Downloading markdown-3.11-py3-none-any.whl (111 kB)
Downloading threadpoolctl-3.7.0-py3-none-any.whl (26 kB)
Downloading typing_inspection-0.4.4-py3-none-any.whl (14 kB)
Downloading tzdata-2026.4-py2.py3-none-any.whl (347 kB)
Downloading werkzeug-3.1.9-py3-none-any.whl (228 kB)
Downloading markupsafe-3.0.3-cp311-cp311-manylinux2014_x86_64.manylinux_2_17_x86_64.manylinux_2_28_x86_64.whl (22 kB)
Downloading xarray-2026.7.0-py3-none-any.whl (1.4 MB)
   ━━━━━━━━━━━━━━━━━━━━━━━━━━━━━━━━━━━━━━━━ 1.4/1.4 MB 70.8 MB/s  0:00:00
Downloading filelock-4.0.6-py3-none-any.whl (109 kB)
Downloading flax-0.12.0-py3-none-any.whl (466 kB)
Downloading treescope-0.1.10-py3-none-any.whl (182 kB)
Downloading jinja2-3.1.6-py3-none-any.whl (134 kB)
Downloading msgpack-1.2.3-cp311-cp311-manylinux2014_x86_64.manylinux_2_17_x86_64.manylinux_2_28_x86_64.whl (477 kB)
Downloading multipledispatch-1.0.0-py3-none-any.whl (12 kB)
Downloading natsort-8.4.0-py3-none-any.whl (38 kB)
Downloading networkx-3.6.1-py3-none-any.whl (2.1 MB)
   ━━━━━━━━━━━━━━━━━━━━━━━━━━━━━━━━━━━━━━━━ 2.1/2.1 MB 385.4 MB/s  0:00:00
Downloading optax-0.2.8-py3-none-any.whl (402 kB)
Downloading orbax_checkpoint-0.12.6-py3-none-any.whl (1.4 MB)
   ━━━━━━━━━━━━━━━━━━━━━━━━━━━━━━━━━━━━━━━━ 1.4/1.4 MB 299.2 MB/s  0:00:00
Downloading prometheus_client-0.26.0-py3-none-any.whl (64 kB)
Downloading simplejson-4.1.2-cp311-cp311-manylinux1_x86_64.manylinux_2_28_x86_64.manylinux_2_5_x86_64.whl (187 kB)
Downloading tensorstore-0.1.85-cp311-cp311-manylinux_2_27_x86_64.manylinux_2_28_x86_64.whl (21.6 MB)
   ━━━━━━━━━━━━━━━━━━━━━━━━━━━━━━━━━━━━━━━━ 21.6/21.6 MB 153.8 MB/s  0:00:00
Downloading aiofiles-25.1.0-py3-none-any.whl (14 kB)
Downloading etils-1.14.0-py3-none-any.whl (172 kB)
Downloading humanize-4.16.0-py3-none-any.whl (137 kB)
Downloading pillow-12.3.0-cp311-cp311-manylinux_2_27_x86_64.manylinux_2_28_x86_64.whl (6.9 MB)
   ━━━━━━━━━━━━━━━━━━━━━━━━━━━━━━━━━━━━━━━━ 6.9/6.9 MB 501.8 MB/s  0:00:00
Downloading platformdirs-4.12.2-py3-none-any.whl (32 kB)
Downloading session_info2-0.4.1-py3-none-any.whl (17 kB)
Downloading setproctitle-1.3.7-cp311-cp311-manylinux1_x86_64.manylinux_2_28_x86_64.manylinux_2_5_x86_64.whl (32 kB)
Downloading uvloop-0.22.1-cp311-cp311-manylinux2014_x86_64.manylinux_2_17_x86_64.manylinux_2_28_x86_64.whl (3.8 MB)
   ━━━━━━━━━━━━━━━━━━━━━━━━━━━━━━━━━━━━━━━━ 3.8/3.8 MB 527.4 MB/s  0:00:00
Downloading zipp-4.1.0-py3-none-any.whl (10 kB)
Building wheels for collected packages: arc-stack, geomloss, docrep
  Building wheel for arc-stack (pyproject.toml): started
  Building wheel for arc-stack (pyproject.toml): finished with status 'done'
  Created wheel for arc-stack: filename=arc_stack-0.1.3-py3-none-any.whl size=112191 sha256=1c7b8fe162b9fe5fe6ec5784eff041cb2d14fd03284dcde877429eea65261efa
  Stored in directory: /tmp/pip-ephem-wheel-cache-h3yly8ir/wheels/de/7e/30/38f151ed37a15f07c24827f95adb2c361d8002b3607b1bfc8e
  Building wheel for geomloss (pyproject.toml): started
  Building wheel for geomloss (pyproject.toml): finished with status 'done'
  Created wheel for geomloss: filename=geomloss-0.2.6-py3-none-any.whl size=32343 sha256=40dc09c3a84fd40afd04a0789ec6a154f20755731facb7ee87630b23fac9fef5
  Stored in directory: /tmp/pip-ephem-wheel-cache-h3yly8ir/wheels/f5/cf/07/9d1d883feac2951b968fed8ef676842dc90b9860ea49a4dcac
  Building wheel for docrep (pyproject.toml): started
  Building wheel for docrep (pyproject.toml): finished with status 'done'
  Created wheel for docrep: filename=docrep-0.3.2-py3-none-any.whl size=19972 sha256=0b5d68f54bb5e1b2fb54dbb2245ca921ef10d2765b6e77e368a62079db2ab13d
  Stored in directory: /tmp/pip-ephem-wheel-cache-h3yly8ir/wheels/06/76/8f/0ecb7d357c0bff71a2bd1940671be2d07a200752da9189bb55
Successfully built arc-stack geomloss docrep
Installing collected packages: pytz, pyro-api, multipledispatch, mpmath, zipp, uvloop, urllib3, tzdata, typing-extensions, tqdm, threadpoolctl, tensorboard-data-server, sympy, smmap, six, simplejson, setproctitle, session-info2, PyYAML, pygments, psutil, protobuf, propcache, prometheus-client, platformdirs, pillow, opt_einsum, nvidia-nvtx-cu12, nvidia-nvjitlink-cu12, nvidia-nccl-cu12, nvidia-curand-cu12, nvidia-cufft-cu12, nvidia-cuda-runtime-cu12, nvidia-cuda-nvrtc-cu12, nvidia-cuda-cupti-cu12, nvidia-cublas-cu12, numpy, networkx, natsort, narwhals, multidict, msgpack, mdurl, markupsafe, markdown, llvmlite, idna, humanize, fsspec, frozenlist, filelock, etils, cloudpickle, click, charset_normalizer, certifi, attrs, array-api-compat, annotated-types, aiohappyeyeballs, aiofiles, absl-py, yarl, werkzeug, typing-inspection, triton, treescope, sentry-sdk, scverse-misc, scipy, requests, python-dateutil, pydantic-core, nvidia-cusparse-cu12, nvidia-cudnn-cu12, numba, ml_dtypes, ml-collections, markdown-it-py, lightning-utilities, joblib, jinja2, h5py, grpcio, gitdb, docrep, docker-pycreds, aiosignal, tensorstore, tensorboard, sparse, scikit-learn, rich, pydantic, pandas, nvidia-cusolver-cu12, jaxlib, gitpython, aiohttp, xarray, wandb, torch, jax, anndata, torchmetrics, pyro-ppl, orbax-checkpoint, optax, numpyro, mudata, geomloss, pytorch-lightning, flax, lightning, scvi-tools, arc-stack

Successfully installed PyYAML-6.0.2 absl-py-2.5.0 aiofiles-25.1.0 aiohappyeyeballs-2.7.1 aiohttp-3.14.3 aiosignal-1.4.0 anndata-0.11.4 annotated-types-0.8.0 arc-stack-0.1.3 array-api-compat-1.15.0 attrs-26.1.0 certifi-2026.7.22 charset_normalizer-3.5.1 click-8.5.0 cloudpickle-3.1.2 docker-pycreds-0.4.0 docrep-0.3.2 etils-1.14.0 filelock-4.0.6 flax-0.12.0 frozenlist-1.8.0 fsspec-2026.9.0 geomloss-0.2.6 gitdb-4.0.12 gitpython-3.1.62 grpcio-1.84.0 h5py-3.12.1 humanize-4.16.0 idna-3.20 jax-0.7.1 jaxlib-0.7.1 jinja2-3.1.6 joblib-1.6.0 lightning-2.6.6 lightning-utilities-0.15.3 llvmlite-0.49.0 markdown-3.11 markdown-it-py-4.2.0 markupsafe-3.0.3 mdurl-0.1.2 ml-collections-1.1.0 ml_dtypes-0.5.4 mpmath-1.3.0 msgpack-1.2.3 mudata-0.3.10 multidict-6.9.1 multipledispatch-1.0.0 narwhals-2.26.0 natsort-8.4.0 networkx-3.6.1 numba-0.67.0 numpy-1.26.4 numpyro-0.22.0 nvidia-cublas-cu12-12.4.5.8 nvidia-cuda-cupti-cu12-12.4.127 nvidia-cuda-nvrtc-cu12-12.4.127 nvidia-cuda-runtime-cu12-12.4.127 nvidia-cudnn-cu12-9.1.0.70 nvidia-cufft-cu12-11.2.1.3 nvidia-curand-cu12-10.3.5.147 nvidia-cusolver-cu12-11.6.1.9 nvidia-cusparse-cu12-12.3.1.170 nvidia-nccl-cu12-2.21.5 nvidia-nvjitlink-cu12-12.4.127 nvidia-nvtx-cu12-12.4.127 opt_einsum-3.4.0 optax-0.2.8 orbax-checkpoint-0.12.6 pandas-2.2.3 pillow-12.3.0 platformdirs-4.12.2 prometheus-client-0.26.0 propcache-0.5.4 protobuf-6.33.6 psutil-6.1.1 pydantic-2.13.5 pydantic-core-2.46.5 pygments-2.21.0 pyro-api-0.1.2 pyro-ppl-1.9.1 python-dateutil-2.9.0.post0 pytorch-lightning-2.5.0 pytz-2026.4 requests-2.34.2 rich-15.0.0 scikit-learn-1.9.1 scipy-1.14.1 scverse-misc-0.0.3 scvi-tools-1.2.2 sentry-sdk-2.71.0 session-info2-0.4.1 setproctitle-1.3.7 simplejson-4.1.2 six-1.17.0 smmap-5.0.3 sparse-0.19.2 sympy-1.13.1 tensorboard-2.21.0 tensorboard-data-server-0.7.2 tensorstore-0.1.85 threadpoolctl-3.7.0 torch-2.5.1 torchmetrics-1.9.0 tqdm-4.70.1 treescope-0.1.10 triton-3.1.0 typing-extensions-4.16.0 typing-inspection-0.4.4 tzdata-2026.4 urllib3-2.8.0 uvloop-0.22.1 wandb-0.19.10 werkzeug-3.1.9 xarray-2026.7.0 yarl-1.25.1 zipp-4.1.0
