/tmp/lead_stack_scratch_r1/venv/lib/python3.11/site-packages/stack/model_loading.py:47: FutureWarning: You are using `torch.load` with `weights_only=False` (the current default value), which uses the default pickle module implicitly. It is possible to construct malicious pickle data which will execute arbitrary code during unpickling (See https://github.com/pytorch/pytorch/blob/main/SECURITY.md#untrusted-models for more details). In a future release, the default value for `weights_only` will be flipped to `True`. This limits the functions that could be executed during unpickling. Arbitrary objects will no longer be allowed to be loaded via this mode unless they are explicitly allowlisted by the user via `torch.serialization.add_safe_globals`. We recommend you start setting `weights_only=True` for any use case where you don't have full control of the loaded file. Please open an issue on GitHub for any issues related to this experimental feature.
  checkpoint = torch.load(checkpoint_path_obj, map_location=device)
Masking ratio schedule: [0.8        0.6        0.39999998 0.19999999 0.        ]
Context ratio schedule: [0.2  0.25 0.3  0.35 0.4 ]
/tmp/lead_stack_scratch_r1/venv/lib/python3.11/site-packages/anndata/_core/anndata.py:1756: UserWarning: Observation names are not unique. To make them unique, call `.obs_names_make_unique`.
  utils.warn_names_duplicates("obs")
/tmp/lead_stack_scratch_r1/venv/lib/python3.11/site-packages/anndata/_core/anndata.py:1756: UserWarning: Observation names are not unique. To make them unique, call `.obs_names_make_unique`.
  utils.warn_names_duplicates("obs")
/tmp/lead_stack_scratch_r1/venv/lib/python3.11/site-packages/anndata/_core/anndata.py:1756: UserWarning: Observation names are not unique. To make them unique, call `.obs_names_make_unique`.
  utils.warn_names_duplicates("obs")
'organism' column not found in obs, assuming all cells are valid
Generation Step 1
0.201171875
/tmp/lead_stack_scratch_r1/venv/lib/python3.11/site-packages/anndata/_core/anndata.py:1756: UserWarning: Observation names are not unique. To make them unique, call `.obs_names_make_unique`.
  utils.warn_names_duplicates("obs")
/tmp/lead_stack_scratch_r1/venv/lib/python3.11/site-packages/anndata/_core/anndata.py:1756: UserWarning: Observation names are not unique. To make them unique, call `.obs_names_make_unique`.
  utils.warn_names_duplicates("obs")
/tmp/lead_stack_scratch_r1/venv/lib/python3.11/site-packages/anndata/_core/anndata.py:1756: UserWarning: Observation names are not unique. To make them unique, call `.obs_names_make_unique`.
  utils.warn_names_duplicates("obs")
'organism' column not found in obs, assuming all cells are valid
Generation Step 2
0.169921875
/tmp/lead_stack_scratch_r1/venv/lib/python3.11/site-packages/anndata/_core/anndata.py:1756: UserWarning: Observation names are not unique. To make them unique, call `.obs_names_make_unique`.
  utils.warn_names_duplicates("obs")
/tmp/lead_stack_scratch_r1/venv/lib/python3.11/site-packages/anndata/_core/anndata.py:1756: UserWarning: Observation names are not unique. To make them unique, call `.obs_names_make_unique`.
  utils.warn_names_duplicates("obs")
/tmp/lead_stack_scratch_r1/venv/lib/python3.11/site-packages/anndata/_core/anndata.py:1756: UserWarning: Observation names are not unique. To make them unique, call `.obs_names_make_unique`.
  utils.warn_names_duplicates("obs")
/tmp/lead_stack_scratch_r1/venv/lib/python3.11/site-packages/anndata/_core/anndata.py:1756: UserWarning: Observation names are not unique. To make them unique, call `.obs_names_make_unique`.
  utils.warn_names_duplicates("obs")
'organism' column not found in obs, assuming all cells are valid
Generation Step 3
0.224609375
/tmp/lead_stack_scratch_r1/venv/lib/python3.11/site-packages/anndata/_core/anndata.py:1756: UserWarning: Observation names are not unique. To make them unique, call `.obs_names_make_unique`.
  utils.warn_names_duplicates("obs")
/tmp/lead_stack_scratch_r1/venv/lib/python3.11/site-packages/anndata/_core/anndata.py:1756: UserWarning: Observation names are not unique. To make them unique, call `.obs_names_make_unique`.
  utils.warn_names_duplicates("obs")
/tmp/lead_stack_scratch_r1/venv/lib/python3.11/site-packages/anndata/_core/anndata.py:1756: UserWarning: Observation names are not unique. To make them unique, call `.obs_names_make_unique`.
  utils.warn_names_duplicates("obs")
/tmp/lead_stack_scratch_r1/venv/lib/python3.11/site-packages/anndata/_core/anndata.py:1756: UserWarning: Observation names are not unique. To make them unique, call `.obs_names_make_unique`.
  utils.warn_names_duplicates("obs")
'organism' column not found in obs, assuming all cells are valid
Generation Step 4
0.34375
/tmp/lead_stack_scratch_r1/venv/lib/python3.11/site-packages/anndata/_core/anndata.py:1756: UserWarning: Observation names are not unique. To make them unique, call `.obs_names_make_unique`.
  utils.warn_names_duplicates("obs")
/tmp/lead_stack_scratch_r1/venv/lib/python3.11/site-packages/anndata/_core/anndata.py:1756: UserWarning: Observation names are not unique. To make them unique, call `.obs_names_make_unique`.
  utils.warn_names_duplicates("obs")
/tmp/lead_stack_scratch_r1/venv/lib/python3.11/site-packages/anndata/_core/anndata.py:1756: UserWarning: Observation names are not unique. To make them unique, call `.obs_names_make_unique`.
  utils.warn_names_duplicates("obs")
/tmp/lead_stack_scratch_r1/venv/lib/python3.11/site-packages/anndata/_core/anndata.py:1756: UserWarning: Observation names are not unique. To make them unique, call `.obs_names_make_unique`.
  utils.warn_names_duplicates("obs")
'organism' column not found in obs, assuming all cells are valid
Generation Step 5
0.34375
Masking ratio schedule: [0.8        0.6        0.39999998 0.19999999 0.        ]
Context ratio schedule: [0.2  0.25 0.3  0.35 0.4 ]
/tmp/lead_stack_scratch_r1/venv/lib/python3.11/site-packages/anndata/_core/anndata.py:1756: UserWarning: Observation names are not unique. To make them unique, call `.obs_names_make_unique`.
  utils.warn_names_duplicates("obs")
/tmp/lead_stack_scratch_r1/venv/lib/python3.11/site-packages/anndata/_core/anndata.py:1756: UserWarning: Observation names are not unique. To make them unique, call `.obs_names_make_unique`.
  utils.warn_names_duplicates("obs")
/tmp/lead_stack_scratch_r1/venv/lib/python3.11/site-packages/anndata/_core/anndata.py:1756: UserWarning: Observation names are not unique. To make them unique, call `.obs_names_make_unique`.
  utils.warn_names_duplicates("obs")
'organism' column not found in obs, assuming all cells are valid
Generation Step 1
0.26953125
/tmp/lead_stack_scratch_r1/venv/lib/python3.11/site-packages/anndata/_core/anndata.py:1756: UserWarning: Observation names are not unique. To make them unique, call `.obs_names_make_unique`.
  utils.warn_names_duplicates("obs")
/tmp/lead_stack_scratch_r1/venv/lib/python3.11/site-packages/anndata/_core/anndata.py:1756: UserWarning: Observation names are not unique. To make them unique, call `.obs_names_make_unique`.
  utils.warn_names_duplicates("obs")
/tmp/lead_stack_scratch_r1/venv/lib/python3.11/site-packages/anndata/_core/anndata.py:1756: UserWarning: Observation names are not unique. To make them unique, call `.obs_names_make_unique`.
  utils.warn_names_duplicates("obs")
'organism' column not found in obs, assuming all cells are valid
Generation Step 2
0.1796875
/tmp/lead_stack_scratch_r1/venv/lib/python3.11/site-packages/anndata/_core/anndata.py:1756: UserWarning: Observation names are not unique. To make them unique, call `.obs_names_make_unique`.
  utils.warn_names_duplicates("obs")
/tmp/lead_stack_scratch_r1/venv/lib/python3.11/site-packages/anndata/_core/anndata.py:1756: UserWarning: Observation names are not unique. To make them unique, call `.obs_names_make_unique`.
  utils.warn_names_duplicates("obs")
/tmp/lead_stack_scratch_r1/venv/lib/python3.11/site-packages/anndata/_core/anndata.py:1756: UserWarning: Observation names are not unique. To make them unique, call `.obs_names_make_unique`.
  utils.warn_names_duplicates("obs")
/tmp/lead_stack_scratch_r1/venv/lib/python3.11/site-packages/anndata/_core/anndata.py:1756: UserWarning: Observation names are not unique. To make them unique, call `.obs_names_make_unique`.
  utils.warn_names_duplicates("obs")
'organism' column not found in obs, assuming all cells are valid
Generation Step 3
0.220703125
/tmp/lead_stack_scratch_r1/venv/lib/python3.11/site-packages/anndata/_core/anndata.py:1756: UserWarning: Observation names are not unique. To make them unique, call `.obs_names_make_unique`.
  utils.warn_names_duplicates("obs")
/tmp/lead_stack_scratch_r1/venv/lib/python3.11/site-packages/anndata/_core/anndata.py:1756: UserWarning: Observation names are not unique. To make them unique, call `.obs_names_make_unique`.
  utils.warn_names_duplicates("obs")
/tmp/lead_stack_scratch_r1/venv/lib/python3.11/site-packages/anndata/_core/anndata.py:1756: UserWarning: Observation names are not unique. To make them unique, call `.obs_names_make_unique`.
  utils.warn_names_duplicates("obs")
/tmp/lead_stack_scratch_r1/venv/lib/python3.11/site-packages/anndata/_core/anndata.py:1756: UserWarning: Observation names are not unique. To make them unique, call `.obs_names_make_unique`.
  utils.warn_names_duplicates("obs")
'organism' column not found in obs, assuming all cells are valid
Generation Step 4
0.337890625
/tmp/lead_stack_scratch_r1/venv/lib/python3.11/site-packages/anndata/_core/anndata.py:1756: UserWarning: Observation names are not unique. To make them unique, call `.obs_names_make_unique`.
  utils.warn_names_duplicates("obs")
/tmp/lead_stack_scratch_r1/venv/lib/python3.11/site-packages/anndata/_core/anndata.py:1756: UserWarning: Observation names are not unique. To make them unique, call `.obs_names_make_unique`.
  utils.warn_names_duplicates("obs")
/tmp/lead_stack_scratch_r1/venv/lib/python3.11/site-packages/anndata/_core/anndata.py:1756: UserWarning: Observation names are not unique. To make them unique, call `.obs_names_make_unique`.
  utils.warn_names_duplicates("obs")
/tmp/lead_stack_scratch_r1/venv/lib/python3.11/site-packages/anndata/_core/anndata.py:1756: UserWarning: Observation names are not unique. To make them unique, call `.obs_names_make_unique`.
  utils.warn_names_duplicates("obs")
'organism' column not found in obs, assuming all cells are valid
Generation Step 5
0.37109375
Finished CCDC130
Masking ratio schedule: [0.8        0.6        0.39999998 0.19999999 0.        ]
Context ratio schedule: [0.2  0.25 0.3  0.35 0.4 ]
/tmp/lead_stack_scratch_r1/venv/lib/python3.11/site-packages/anndata/_core/anndata.py:1756: UserWarning: Observation names are not unique. To make them unique, call `.obs_names_make_unique`.
  utils.warn_names_duplicates("obs")
/tmp/lead_stack_scratch_r1/venv/lib/python3.11/site-packages/anndata/_core/anndata.py:1756: UserWarning: Observation names are not unique. To make them unique, call `.obs_names_make_unique`.
  utils.warn_names_duplicates("obs")
/tmp/lead_stack_scratch_r1/venv/lib/python3.11/site-packages/anndata/_core/anndata.py:1756: UserWarning: Observation names are not unique. To make them unique, call `.obs_names_make_unique`.
  utils.warn_names_duplicates("obs")
'organism' column not found in obs, assuming all cells are valid
Generation Step 1
0.28515625
/tmp/lead_stack_scratch_r1/venv/lib/python3.11/site-packages/anndata/_core/anndata.py:1756: UserWarning: Observation names are not unique. To make them unique, call `.obs_names_make_unique`.
  utils.warn_names_duplicates("obs")
/tmp/lead_stack_scratch_r1/venv/lib/python3.11/site-packages/anndata/_core/anndata.py:1756: UserWarning: Observation names are not unique. To make them unique, call `.obs_names_make_unique`.
  utils.warn_names_duplicates("obs")
/tmp/lead_stack_scratch_r1/venv/lib/python3.11/site-packages/anndata/_core/anndata.py:1756: UserWarning: Observation names are not unique. To make them unique, call `.obs_names_make_unique`.
  utils.warn_names_duplicates("obs")
'organism' column not found in obs, assuming all cells are valid
Generation Step 2
0.2109375
/tmp/lead_stack_scratch_r1/venv/lib/python3.11/site-packages/anndata/_core/anndata.py:1756: UserWarning: Observation names are not unique. To make them unique, call `.obs_names_make_unique`.
  utils.warn_names_duplicates("obs")
/tmp/lead_stack_scratch_r1/venv/lib/python3.11/site-packages/anndata/_core/anndata.py:1756: UserWarning: Observation names are not unique. To make them unique, call `.obs_names_make_unique`.
  utils.warn_names_duplicates("obs")
/tmp/lead_stack_scratch_r1/venv/lib/python3.11/site-packages/anndata/_core/anndata.py:1756: UserWarning: Observation names are not unique. To make them unique, call `.obs_names_make_unique`.
  utils.warn_names_duplicates("obs")
/tmp/lead_stack_scratch_r1/venv/lib/python3.11/site-packages/anndata/_core/anndata.py:1756: UserWarning: Observation names are not unique. To make them unique, call `.obs_names_make_unique`.
  utils.warn_names_duplicates("obs")
'organism' column not found in obs, assuming all cells are valid
Generation Step 3
0.2265625
/tmp/lead_stack_scratch_r1/venv/lib/python3.11/site-packages/anndata/_core/anndata.py:1756: UserWarning: Observation names are not unique. To make them unique, call `.obs_names_make_unique`.
  utils.warn_names_duplicates("obs")
/tmp/lead_stack_scratch_r1/venv/lib/python3.11/site-packages/anndata/_core/anndata.py:1756: UserWarning: Observation names are not unique. To make them unique, call `.obs_names_make_unique`.
  utils.warn_names_duplicates("obs")
/tmp/lead_stack_scratch_r1/venv/lib/python3.11/site-packages/anndata/_core/anndata.py:1756: UserWarning: Observation names are not unique. To make them unique, call `.obs_names_make_unique`.
  utils.warn_names_duplicates("obs")
/tmp/lead_stack_scratch_r1/venv/lib/python3.11/site-packages/anndata/_core/anndata.py:1756: UserWarning: Observation names are not unique. To make them unique, call `.obs_names_make_unique`.
  utils.warn_names_duplicates("obs")
'organism' column not found in obs, assuming all cells are valid
Generation Step 4
0.32421875
/tmp/lead_stack_scratch_r1/venv/lib/python3.11/site-packages/anndata/_core/anndata.py:1756: UserWarning: Observation names are not unique. To make them unique, call `.obs_names_make_unique`.
  utils.warn_names_duplicates("obs")
/tmp/lead_stack_scratch_r1/venv/lib/python3.11/site-packages/anndata/_core/anndata.py:1756: UserWarning: Observation names are not unique. To make them unique, call `.obs_names_make_unique`.
  utils.warn_names_duplicates("obs")
/tmp/lead_stack_scratch_r1/venv/lib/python3.11/site-packages/anndata/_core/anndata.py:1756: UserWarning: Observation names are not unique. To make them unique, call `.obs_names_make_unique`.
  utils.warn_names_duplicates("obs")
/tmp/lead_stack_scratch_r1/venv/lib/python3.11/site-packages/anndata/_core/anndata.py:1756: UserWarning: Observation names are not unique. To make them unique, call `.obs_names_make_unique`.
  utils.warn_names_duplicates("obs")
'organism' column not found in obs, assuming all cells are valid
Generation Step 5
0.31640625
Masking ratio schedule: [0.8        0.6        0.39999998 0.19999999 0.        ]
Context ratio schedule: [0.2  0.25 0.3  0.35 0.4 ]
/tmp/lead_stack_scratch_r1/venv/lib/python3.11/site-packages/anndata/_core/anndata.py:1756: UserWarning: Observation names are not unique. To make them unique, call `.obs_names_make_unique`.
  utils.warn_names_duplicates("obs")
/tmp/lead_stack_scratch_r1/venv/lib/python3.11/site-packages/anndata/_core/anndata.py:1756: UserWarning: Observation names are not unique. To make them unique, call `.obs_names_make_unique`.
  utils.warn_names_duplicates("obs")
/tmp/lead_stack_scratch_r1/venv/lib/python3.11/site-packages/anndata/_core/anndata.py:1756: UserWarning: Observation names are not unique. To make them unique, call `.obs_names_make_unique`.
  utils.warn_names_duplicates("obs")
'organism' column not found in obs, assuming all cells are valid
Generation Step 1
0.1875
/tmp/lead_stack_scratch_r1/venv/lib/python3.11/site-packages/anndata/_core/anndata.py:1756: UserWarning: Observation names are not unique. To make them unique, call `.obs_names_make_unique`.
  utils.warn_names_duplicates("obs")
/tmp/lead_stack_scratch_r1/venv/lib/python3.11/site-packages/anndata/_core/anndata.py:1756: UserWarning: Observation names are not unique. To make them unique, call `.obs_names_make_unique`.
  utils.warn_names_duplicates("obs")
/tmp/lead_stack_scratch_r1/venv/lib/python3.11/site-packages/anndata/_core/anndata.py:1756: UserWarning: Observation names are not unique. To make them unique, call `.obs_names_make_unique`.
  utils.warn_names_duplicates("obs")
'organism' column not found in obs, assuming all cells are valid
Generation Step 2
0.123046875
/tmp/lead_stack_scratch_r1/venv/lib/python3.11/site-packages/anndata/_core/anndata.py:1756: UserWarning: Observation names are not unique. To make them unique, call `.obs_names_make_unique`.
  utils.warn_names_duplicates("obs")
/tmp/lead_stack_scratch_r1/venv/lib/python3.11/site-packages/anndata/_core/anndata.py:1756: UserWarning: Observation names are not unique. To make them unique, call `.obs_names_make_unique`.
  utils.warn_names_duplicates("obs")
/tmp/lead_stack_scratch_r1/venv/lib/python3.11/site-packages/anndata/_core/anndata.py:1756: UserWarning: Observation names are not unique. To make them unique, call `.obs_names_make_unique`.
  utils.warn_names_duplicates("obs")
/tmp/lead_stack_scratch_r1/venv/lib/python3.11/site-packages/anndata/_core/anndata.py:1756: UserWarning: Observation names are not unique. To make them unique, call `.obs_names_make_unique`.
  utils.warn_names_duplicates("obs")
'organism' column not found in obs, assuming all cells are valid
Generation Step 3
0.205078125
/tmp/lead_stack_scratch_r1/venv/lib/python3.11/site-packages/anndata/_core/anndata.py:1756: UserWarning: Observation names are not unique. To make them unique, call `.obs_names_make_unique`.
  utils.warn_names_duplicates("obs")
/tmp/lead_stack_scratch_r1/venv/lib/python3.11/site-packages/anndata/_core/anndata.py:1756: UserWarning: Observation names are not unique. To make them unique, call `.obs_names_make_unique`.
  utils.warn_names_duplicates("obs")
/tmp/lead_stack_scratch_r1/venv/lib/python3.11/site-packages/anndata/_core/anndata.py:1756: UserWarning: Observation names are not unique. To make them unique, call `.obs_names_make_unique`.
  utils.warn_names_duplicates("obs")
/tmp/lead_stack_scratch_r1/venv/lib/python3.11/site-packages/anndata/_core/anndata.py:1756: UserWarning: Observation names are not unique. To make them unique, call `.obs_names_make_unique`.
  utils.warn_names_duplicates("obs")
'organism' column not found in obs, assuming all cells are valid
Generation Step 4
0.271484375
/tmp/lead_stack_scratch_r1/venv/lib/python3.11/site-packages/anndata/_core/anndata.py:1756: UserWarning: Observation names are not unique. To make them unique, call `.obs_names_make_unique`.
  utils.warn_names_duplicates("obs")
/tmp/lead_stack_scratch_r1/venv/lib/python3.11/site-packages/anndata/_core/anndata.py:1756: UserWarning: Observation names are not unique. To make them unique, call `.obs_names_make_unique`.
  utils.warn_names_duplicates("obs")
/tmp/lead_stack_scratch_r1/venv/lib/python3.11/site-packages/anndata/_core/anndata.py:1756: UserWarning: Observation names are not unique. To make them unique, call `.obs_names_make_unique`.
  utils.warn_names_duplicates("obs")
/tmp/lead_stack_scratch_r1/venv/lib/python3.11/site-packages/anndata/_core/anndata.py:1756: UserWarning: Observation names are not unique. To make them unique, call `.obs_names_make_unique`.
  utils.warn_names_duplicates("obs")
'organism' column not found in obs, assuming all cells are valid
Generation Step 5
0.275390625
Finished NRBP1
Masking ratio schedule: [0.8        0.6        0.39999998 0.19999999 0.        ]
Context ratio schedule: [0.2  0.25 0.3  0.35 0.4 ]
/tmp/lead_stack_scratch_r1/venv/lib/python3.11/site-packages/anndata/_core/anndata.py:1756: UserWarning: Observation names are not unique. To make them unique, call `.obs_names_make_unique`.
  utils.warn_names_duplicates("obs")
/tmp/lead_stack_scratch_r1/venv/lib/python3.11/site-packages/anndata/_core/anndata.py:1756: UserWarning: Observation names are not unique. To make them unique, call `.obs_names_make_unique`.
  utils.warn_names_duplicates("obs")
/tmp/lead_stack_scratch_r1/venv/lib/python3.11/site-packages/anndata/_core/anndata.py:1756: UserWarning: Observation names are not unique. To make them unique, call `.obs_names_make_unique`.
  utils.warn_names_duplicates("obs")
'organism' column not found in obs, assuming all cells are valid
Generation Step 1
0.220703125
/tmp/lead_stack_scratch_r1/venv/lib/python3.11/site-packages/anndata/_core/anndata.py:1756: UserWarning: Observation names are not unique. To make them unique, call `.obs_names_make_unique`.
  utils.warn_names_duplicates("obs")
/tmp/lead_stack_scratch_r1/venv/lib/python3.11/site-packages/anndata/_core/anndata.py:1756: UserWarning: Observation names are not unique. To make them unique, call `.obs_names_make_unique`.
  utils.warn_names_duplicates("obs")
/tmp/lead_stack_scratch_r1/venv/lib/python3.11/site-packages/anndata/_core/anndata.py:1756: UserWarning: Observation names are not unique. To make them unique, call `.obs_names_make_unique`.
  utils.warn_names_duplicates("obs")
'organism' column not found in obs, assuming all cells are valid
Generation Step 2
0.166015625
/tmp/lead_stack_scratch_r1/venv/lib/python3.11/site-packages/anndata/_core/anndata.py:1756: UserWarning: Observation names are not unique. To make them unique, call `.obs_names_make_unique`.
  utils.warn_names_duplicates("obs")
/tmp/lead_stack_scratch_r1/venv/lib/python3.11/site-packages/anndata/_core/anndata.py:1756: UserWarning: Observation names are not unique. To make them unique, call `.obs_names_make_unique`.
  utils.warn_names_duplicates("obs")
/tmp/lead_stack_scratch_r1/venv/lib/python3.11/site-packages/anndata/_core/anndata.py:1756: UserWarning: Observation names are not unique. To make them unique, call `.obs_names_make_unique`.
  utils.warn_names_duplicates("obs")
/tmp/lead_stack_scratch_r1/venv/lib/python3.11/site-packages/anndata/_core/anndata.py:1756: UserWarning: Observation names are not unique. To make them unique, call `.obs_names_make_unique`.
  utils.warn_names_duplicates("obs")
'organism' column not found in obs, assuming all cells are valid
Generation Step 3
0.21875
/tmp/lead_stack_scratch_r1/venv/lib/python3.11/site-packages/anndata/_core/anndata.py:1756: UserWarning: Observation names are not unique. To make them unique, call `.obs_names_make_unique`.
  utils.warn_names_duplicates("obs")
/tmp/lead_stack_scratch_r1/venv/lib/python3.11/site-packages/anndata/_core/anndata.py:1756: UserWarning: Observation names are not unique. To make them unique, call `.obs_names_make_unique`.
  utils.warn_names_duplicates("obs")
/tmp/lead_stack_scratch_r1/venv/lib/python3.11/site-packages/anndata/_core/anndata.py:1756: UserWarning: Observation names are not unique. To make them unique, call `.obs_names_make_unique`.
  utils.warn_names_duplicates("obs")
/tmp/lead_stack_scratch_r1/venv/lib/python3.11/site-packages/anndata/_core/anndata.py:1756: UserWarning: Observation names are not unique. To make them unique, call `.obs_names_make_unique`.
  utils.warn_names_duplicates("obs")
'organism' column not found in obs, assuming all cells are valid
Generation Step 4
0.333984375
/tmp/lead_stack_scratch_r1/venv/lib/python3.11/site-packages/anndata/_core/anndata.py:1756: UserWarning: Observation names are not unique. To make them unique, call `.obs_names_make_unique`.
  utils.warn_names_duplicates("obs")
/tmp/lead_stack_scratch_r1/venv/lib/python3.11/site-packages/anndata/_core/anndata.py:1756: UserWarning: Observation names are not unique. To make them unique, call `.obs_names_make_unique`.
  utils.warn_names_duplicates("obs")
/tmp/lead_stack_scratch_r1/venv/lib/python3.11/site-packages/anndata/_core/anndata.py:1756: UserWarning: Observation names are not unique. To make them unique, call `.obs_names_make_unique`.
  utils.warn_names_duplicates("obs")
/tmp/lead_stack_scratch_r1/venv/lib/python3.11/site-packages/anndata/_core/anndata.py:1756: UserWarning: Observation names are not unique. To make them unique, call `.obs_names_make_unique`.
  utils.warn_names_duplicates("obs")
'organism' column not found in obs, assuming all cells are valid
Generation Step 5
0.322265625
Finished MLLT6
Masking ratio schedule: [0.8        0.6        0.39999998 0.19999999 0.        ]
Context ratio schedule: [0.2  0.25 0.3  0.35 0.4 ]
/tmp/lead_stack_scratch_r1/venv/lib/python3.11/site-packages/anndata/_core/anndata.py:1756: UserWarning: Observation names are not unique. To make them unique, call `.obs_names_make_unique`.
  utils.warn_names_duplicates("obs")
/tmp/lead_stack_scratch_r1/venv/lib/python3.11/site-packages/anndata/_core/anndata.py:1756: UserWarning: Observation names are not unique. To make them unique, call `.obs_names_make_unique`.
  utils.warn_names_duplicates("obs")
/tmp/lead_stack_scratch_r1/venv/lib/python3.11/site-packages/anndata/_core/anndata.py:1756: UserWarning: Observation names are not unique. To make them unique, call `.obs_names_make_unique`.
  utils.warn_names_duplicates("obs")
'organism' column not found in obs, assuming all cells are valid
Generation Step 1
0.27734375
/tmp/lead_stack_scratch_r1/venv/lib/python3.11/site-packages/anndata/_core/anndata.py:1756: UserWarning: Observation names are not unique. To make them unique, call `.obs_names_make_unique`.
  utils.warn_names_duplicates("obs")
/tmp/lead_stack_scratch_r1/venv/lib/python3.11/site-packages/anndata/_core/anndata.py:1756: UserWarning: Observation names are not unique. To make them unique, call `.obs_names_make_unique`.
  utils.warn_names_duplicates("obs")
/tmp/lead_stack_scratch_r1/venv/lib/python3.11/site-packages/anndata/_core/anndata.py:1756: UserWarning: Observation names are not unique. To make them unique, call `.obs_names_make_unique`.
  utils.warn_names_duplicates("obs")
'organism' column not found in obs, assuming all cells are valid
Generation Step 2
0.22265625
/tmp/lead_stack_scratch_r1/venv/lib/python3.11/site-packages/anndata/_core/anndata.py:1756: UserWarning: Observation names are not unique. To make them unique, call `.obs_names_make_unique`.
  utils.warn_names_duplicates("obs")
/tmp/lead_stack_scratch_r1/venv/lib/python3.11/site-packages/anndata/_core/anndata.py:1756: UserWarning: Observation names are not unique. To make them unique, call `.obs_names_make_unique`.
  utils.warn_names_duplicates("obs")
/tmp/lead_stack_scratch_r1/venv/lib/python3.11/site-packages/anndata/_core/anndata.py:1756: UserWarning: Observation names are not unique. To make them unique, call `.obs_names_make_unique`.
  utils.warn_names_duplicates("obs")
/tmp/lead_stack_scratch_r1/venv/lib/python3.11/site-packages/anndata/_core/anndata.py:1756: UserWarning: Observation names are not unique. To make them unique, call `.obs_names_make_unique`.
  utils.warn_names_duplicates("obs")
'organism' column not found in obs, assuming all cells are valid
Generation Step 3
0.224609375
/tmp/lead_stack_scratch_r1/venv/lib/python3.11/site-packages/anndata/_core/anndata.py:1756: UserWarning: Observation names are not unique. To make them unique, call `.obs_names_make_unique`.
  utils.warn_names_duplicates("obs")
/tmp/lead_stack_scratch_r1/venv/lib/python3.11/site-packages/anndata/_core/anndata.py:1756: UserWarning: Observation names are not unique. To make them unique, call `.obs_names_make_unique`.
  utils.warn_names_duplicates("obs")
/tmp/lead_stack_scratch_r1/venv/lib/python3.11/site-packages/anndata/_core/anndata.py:1756: UserWarning: Observation names are not unique. To make them unique, call `.obs_names_make_unique`.
  utils.warn_names_duplicates("obs")
/tmp/lead_stack_scratch_r1/venv/lib/python3.11/site-packages/anndata/_core/anndata.py:1756: UserWarning: Observation names are not unique. To make them unique, call `.obs_names_make_unique`.
  utils.warn_names_duplicates("obs")
'organism' column not found in obs, assuming all cells are valid
Generation Step 4
0.3671875
/tmp/lead_stack_scratch_r1/venv/lib/python3.11/site-packages/anndata/_core/anndata.py:1756: UserWarning: Observation names are not unique. To make them unique, call `.obs_names_make_unique`.
  utils.warn_names_duplicates("obs")
/tmp/lead_stack_scratch_r1/venv/lib/python3.11/site-packages/anndata/_core/anndata.py:1756: UserWarning: Observation names are not unique. To make them unique, call `.obs_names_make_unique`.
  utils.warn_names_duplicates("obs")
/tmp/lead_stack_scratch_r1/venv/lib/python3.11/site-packages/anndata/_core/anndata.py:1756: UserWarning: Observation names are not unique. To make them unique, call `.obs_names_make_unique`.
  utils.warn_names_duplicates("obs")
/tmp/lead_stack_scratch_r1/venv/lib/python3.11/site-packages/anndata/_core/anndata.py:1756: UserWarning: Observation names are not unique. To make them unique, call `.obs_names_make_unique`.
  utils.warn_names_duplicates("obs")
'organism' column not found in obs, assuming all cells are valid
Generation Step 5
0.40234375
Finished WBP11
Masking ratio schedule: [0.8        0.6        0.39999998 0.19999999 0.        ]
Context ratio schedule: [0.2  0.25 0.3  0.35 0.4 ]
/tmp/lead_stack_scratch_r1/venv/lib/python3.11/site-packages/anndata/_core/anndata.py:1756: UserWarning: Observation names are not unique. To make them unique, call `.obs_names_make_unique`.
  utils.warn_names_duplicates("obs")
/tmp/lead_stack_scratch_r1/venv/lib/python3.11/site-packages/anndata/_core/anndata.py:1756: UserWarning: Observation names are not unique. To make them unique, call `.obs_names_make_unique`.
  utils.warn_names_duplicates("obs")
/tmp/lead_stack_scratch_r1/venv/lib/python3.11/site-packages/anndata/_core/anndata.py:1756: UserWarning: Observation names are not unique. To make them unique, call `.obs_names_make_unique`.
  utils.warn_names_duplicates("obs")
'organism' column not found in obs, assuming all cells are valid
Generation Step 1
0.244140625
/tmp/lead_stack_scratch_r1/venv/lib/python3.11/site-packages/anndata/_core/anndata.py:1756: UserWarning: Observation names are not unique. To make them unique, call `.obs_names_make_unique`.
  utils.warn_names_duplicates("obs")
/tmp/lead_stack_scratch_r1/venv/lib/python3.11/site-packages/anndata/_core/anndata.py:1756: UserWarning: Observation names are not unique. To make them unique, call `.obs_names_make_unique`.
  utils.warn_names_duplicates("obs")
/tmp/lead_stack_scratch_r1/venv/lib/python3.11/site-packages/anndata/_core/anndata.py:1756: UserWarning: Observation names are not unique. To make them unique, call `.obs_names_make_unique`.
  utils.warn_names_duplicates("obs")
'organism' column not found in obs, assuming all cells are valid
Generation Step 2
0.189453125
/tmp/lead_stack_scratch_r1/venv/lib/python3.11/site-packages/anndata/_core/anndata.py:1756: UserWarning: Observation names are not unique. To make them unique, call `.obs_names_make_unique`.
  utils.warn_names_duplicates("obs")
/tmp/lead_stack_scratch_r1/venv/lib/python3.11/site-packages/anndata/_core/anndata.py:1756: UserWarning: Observation names are not unique. To make them unique, call `.obs_names_make_unique`.
  utils.warn_names_duplicates("obs")
/tmp/lead_stack_scratch_r1/venv/lib/python3.11/site-packages/anndata/_core/anndata.py:1756: UserWarning: Observation names are not unique. To make them unique, call `.obs_names_make_unique`.
  utils.warn_names_duplicates("obs")
/tmp/lead_stack_scratch_r1/venv/lib/python3.11/site-packages/anndata/_core/anndata.py:1756: UserWarning: Observation names are not unique. To make them unique, call `.obs_names_make_unique`.
  utils.warn_names_duplicates("obs")
'organism' column not found in obs, assuming all cells are valid
Generation Step 3
0.234375
/tmp/lead_stack_scratch_r1/venv/lib/python3.11/site-packages/anndata/_core/anndata.py:1756: UserWarning: Observation names are not unique. To make them unique, call `.obs_names_make_unique`.
  utils.warn_names_duplicates("obs")
/tmp/lead_stack_scratch_r1/venv/lib/python3.11/site-packages/anndata/_core/anndata.py:1756: UserWarning: Observation names are not unique. To make them unique, call `.obs_names_make_unique`.
  utils.warn_names_duplicates("obs")
/tmp/lead_stack_scratch_r1/venv/lib/python3.11/site-packages/anndata/_core/anndata.py:1756: UserWarning: Observation names are not unique. To make them unique, call `.obs_names_make_unique`.
  utils.warn_names_duplicates("obs")
/tmp/lead_stack_scratch_r1/venv/lib/python3.11/site-packages/anndata/_core/anndata.py:1756: UserWarning: Observation names are not unique. To make them unique, call `.obs_names_make_unique`.
  utils.warn_names_duplicates("obs")
'organism' column not found in obs, assuming all cells are valid
Generation Step 4
0.33984375
/tmp/lead_stack_scratch_r1/venv/lib/python3.11/site-packages/anndata/_core/anndata.py:1756: UserWarning: Observation names are not unique. To make them unique, call `.obs_names_make_unique`.
  utils.warn_names_duplicates("obs")
/tmp/lead_stack_scratch_r1/venv/lib/python3.11/site-packages/anndata/_core/anndata.py:1756: UserWarning: Observation names are not unique. To make them unique, call `.obs_names_make_unique`.
  utils.warn_names_duplicates("obs")
/tmp/lead_stack_scratch_r1/venv/lib/python3.11/site-packages/anndata/_core/anndata.py:1756: UserWarning: Observation names are not unique. To make them unique, call `.obs_names_make_unique`.
  utils.warn_names_duplicates("obs")
/tmp/lead_stack_scratch_r1/venv/lib/python3.11/site-packages/anndata/_core/anndata.py:1756: UserWarning: Observation names are not unique. To make them unique, call `.obs_names_make_unique`.
  utils.warn_names_duplicates("obs")
'organism' column not found in obs, assuming all cells are valid
Generation Step 5
0.34375
Masking ratio schedule: [0.8        0.6        0.39999998 0.19999999 0.        ]
Context ratio schedule: [0.2  0.25 0.3  0.35 0.4 ]
/tmp/lead_stack_scratch_r1/venv/lib/python3.11/site-packages/anndata/_core/anndata.py:1756: UserWarning: Observation names are not unique. To make them unique, call `.obs_names_make_unique`.
  utils.warn_names_duplicates("obs")
/tmp/lead_stack_scratch_r1/venv/lib/python3.11/site-packages/anndata/_core/anndata.py:1756: UserWarning: Observation names are not unique. To make them unique, call `.obs_names_make_unique`.
  utils.warn_names_duplicates("obs")
/tmp/lead_stack_scratch_r1/venv/lib/python3.11/site-packages/anndata/_core/anndata.py:1756: UserWarning: Observation names are not unique. To make them unique, call `.obs_names_make_unique`.
  utils.warn_names_duplicates("obs")
'organism' column not found in obs, assuming all cells are valid
Generation Step 1
0.263671875
/tmp/lead_stack_scratch_r1/venv/lib/python3.11/site-packages/anndata/_core/anndata.py:1756: UserWarning: Observation names are not unique. To make them unique, call `.obs_names_make_unique`.
  utils.warn_names_duplicates("obs")
/tmp/lead_stack_scratch_r1/venv/lib/python3.11/site-packages/anndata/_core/anndata.py:1756: UserWarning: Observation names are not unique. To make them unique, call `.obs_names_make_unique`.
  utils.warn_names_duplicates("obs")
/tmp/lead_stack_scratch_r1/venv/lib/python3.11/site-packages/anndata/_core/anndata.py:1756: UserWarning: Observation names are not unique. To make them unique, call `.obs_names_make_unique`.
  utils.warn_names_duplicates("obs")
'organism' column not found in obs, assuming all cells are valid
Generation Step 2
0.212890625
/tmp/lead_stack_scratch_r1/venv/lib/python3.11/site-packages/anndata/_core/anndata.py:1756: UserWarning: Observation names are not unique. To make them unique, call `.obs_names_make_unique`.
  utils.warn_names_duplicates("obs")
/tmp/lead_stack_scratch_r1/venv/lib/python3.11/site-packages/anndata/_core/anndata.py:1756: UserWarning: Observation names are not unique. To make them unique, call `.obs_names_make_unique`.
  utils.warn_names_duplicates("obs")
/tmp/lead_stack_scratch_r1/venv/lib/python3.11/site-packages/anndata/_core/anndata.py:1756: UserWarning: Observation names are not unique. To make them unique, call `.obs_names_make_unique`.
  utils.warn_names_duplicates("obs")
/tmp/lead_stack_scratch_r1/venv/lib/python3.11/site-packages/anndata/_core/anndata.py:1756: UserWarning: Observation names are not unique. To make them unique, call `.obs_names_make_unique`.
  utils.warn_names_duplicates("obs")
'organism' column not found in obs, assuming all cells are valid
Generation Step 3
0.26953125
/tmp/lead_stack_scratch_r1/venv/lib/python3.11/site-packages/anndata/_core/anndata.py:1756: UserWarning: Observation names are not unique. To make them unique, call `.obs_names_make_unique`.
  utils.warn_names_duplicates("obs")
/tmp/lead_stack_scratch_r1/venv/lib/python3.11/site-packages/anndata/_core/anndata.py:1756: UserWarning: Observation names are not unique. To make them unique, call `.obs_names_make_unique`.
  utils.warn_names_duplicates("obs")
/tmp/lead_stack_scratch_r1/venv/lib/python3.11/site-packages/anndata/_core/anndata.py:1756: UserWarning: Observation names are not unique. To make them unique, call `.obs_names_make_unique`.
  utils.warn_names_duplicates("obs")
/tmp/lead_stack_scratch_r1/venv/lib/python3.11/site-packages/anndata/_core/anndata.py:1756: UserWarning: Observation names are not unique. To make them unique, call `.obs_names_make_unique`.
  utils.warn_names_duplicates("obs")
'organism' column not found in obs, assuming all cells are valid
Generation Step 4
0.392578125
/tmp/lead_stack_scratch_r1/venv/lib/python3.11/site-packages/anndata/_core/anndata.py:1756: UserWarning: Observation names are not unique. To make them unique, call `.obs_names_make_unique`.
  utils.warn_names_duplicates("obs")
/tmp/lead_stack_scratch_r1/venv/lib/python3.11/site-packages/anndata/_core/anndata.py:1756: UserWarning: Observation names are not unique. To make them unique, call `.obs_names_make_unique`.
  utils.warn_names_duplicates("obs")
/tmp/lead_stack_scratch_r1/venv/lib/python3.11/site-packages/anndata/_core/anndata.py:1756: UserWarning: Observation names are not unique. To make them unique, call `.obs_names_make_unique`.
  utils.warn_names_duplicates("obs")
/tmp/lead_stack_scratch_r1/venv/lib/python3.11/site-packages/anndata/_core/anndata.py:1756: UserWarning: Observation names are not unique. To make them unique, call `.obs_names_make_unique`.
  utils.warn_names_duplicates("obs")
'organism' column not found in obs, assuming all cells are valid
Generation Step 5
0.404296875
Finished RPL36A
Masking ratio schedule: [0.8        0.6        0.39999998 0.19999999 0.        ]
Context ratio schedule: [0.2  0.25 0.3  0.35 0.4 ]
/tmp/lead_stack_scratch_r1/venv/lib/python3.11/site-packages/anndata/_core/anndata.py:1756: UserWarning: Observation names are not unique. To make them unique, call `.obs_names_make_unique`.
  utils.warn_names_duplicates("obs")
/tmp/lead_stack_scratch_r1/venv/lib/python3.11/site-packages/anndata/_core/anndata.py:1756: UserWarning: Observation names are not unique. To make them unique, call `.obs_names_make_unique`.
  utils.warn_names_duplicates("obs")
/tmp/lead_stack_scratch_r1/venv/lib/python3.11/site-packages/anndata/_core/anndata.py:1756: UserWarning: Observation names are not unique. To make them unique, call `.obs_names_make_unique`.
  utils.warn_names_duplicates("obs")
'organism' column not found in obs, assuming all cells are valid
Generation Step 1
0.25390625
/tmp/lead_stack_scratch_r1/venv/lib/python3.11/site-packages/anndata/_core/anndata.py:1756: UserWarning: Observation names are not unique. To make them unique, call `.obs_names_make_unique`.
  utils.warn_names_duplicates("obs")
/tmp/lead_stack_scratch_r1/venv/lib/python3.11/site-packages/anndata/_core/anndata.py:1756: UserWarning: Observation names are not unique. To make them unique, call `.obs_names_make_unique`.
  utils.warn_names_duplicates("obs")
/tmp/lead_stack_scratch_r1/venv/lib/python3.11/site-packages/anndata/_core/anndata.py:1756: UserWarning: Observation names are not unique. To make them unique, call `.obs_names_make_unique`.
  utils.warn_names_duplicates("obs")
'organism' column not found in obs, assuming all cells are valid
Generation Step 2
0.166015625
/tmp/lead_stack_scratch_r1/venv/lib/python3.11/site-packages/anndata/_core/anndata.py:1756: UserWarning: Observation names are not unique. To make them unique, call `.obs_names_make_unique`.
  utils.warn_names_duplicates("obs")
/tmp/lead_stack_scratch_r1/venv/lib/python3.11/site-packages/anndata/_core/anndata.py:1756: UserWarning: Observation names are not unique. To make them unique, call `.obs_names_make_unique`.
  utils.warn_names_duplicates("obs")
/tmp/lead_stack_scratch_r1/venv/lib/python3.11/site-packages/anndata/_core/anndata.py:1756: UserWarning: Observation names are not unique. To make them unique, call `.obs_names_make_unique`.
  utils.warn_names_duplicates("obs")
/tmp/lead_stack_scratch_r1/venv/lib/python3.11/site-packages/anndata/_core/anndata.py:1756: UserWarning: Observation names are not unique. To make them unique, call `.obs_names_make_unique`.
  utils.warn_names_duplicates("obs")
'organism' column not found in obs, assuming all cells are valid
Generation Step 3
0.22265625
/tmp/lead_stack_scratch_r1/venv/lib/python3.11/site-packages/anndata/_core/anndata.py:1756: UserWarning: Observation names are not unique. To make them unique, call `.obs_names_make_unique`.
  utils.warn_names_duplicates("obs")
/tmp/lead_stack_scratch_r1/venv/lib/python3.11/site-packages/anndata/_core/anndata.py:1756: UserWarning: Observation names are not unique. To make them unique, call `.obs_names_make_unique`.
  utils.warn_names_duplicates("obs")
/tmp/lead_stack_scratch_r1/venv/lib/python3.11/site-packages/anndata/_core/anndata.py:1756: UserWarning: Observation names are not unique. To make them unique, call `.obs_names_make_unique`.
  utils.warn_names_duplicates("obs")
/tmp/lead_stack_scratch_r1/venv/lib/python3.11/site-packages/anndata/_core/anndata.py:1756: UserWarning: Observation names are not unique. To make them unique, call `.obs_names_make_unique`.
  utils.warn_names_duplicates("obs")
'organism' column not found in obs, assuming all cells are valid
Generation Step 4
0.3203125
/tmp/lead_stack_scratch_r1/venv/lib/python3.11/site-packages/anndata/_core/anndata.py:1756: UserWarning: Observation names are not unique. To make them unique, call `.obs_names_make_unique`.
  utils.warn_names_duplicates("obs")
/tmp/lead_stack_scratch_r1/venv/lib/python3.11/site-packages/anndata/_core/anndata.py:1756: UserWarning: Observation names are not unique. To make them unique, call `.obs_names_make_unique`.
  utils.warn_names_duplicates("obs")
/tmp/lead_stack_scratch_r1/venv/lib/python3.11/site-packages/anndata/_core/anndata.py:1756: UserWarning: Observation names are not unique. To make them unique, call `.obs_names_make_unique`.
  utils.warn_names_duplicates("obs")
/tmp/lead_stack_scratch_r1/venv/lib/python3.11/site-packages/anndata/_core/anndata.py:1756: UserWarning: Observation names are not unique. To make them unique, call `.obs_names_make_unique`.
  utils.warn_names_duplicates("obs")
'organism' column not found in obs, assuming all cells are valid
Generation Step 5
0.3359375
Finished MBTPS1
Masking ratio schedule: [0.8        0.6        0.39999998 0.19999999 0.        ]
Context ratio schedule: [0.2  0.25 0.3  0.35 0.4 ]
/tmp/lead_stack_scratch_r1/venv/lib/python3.11/site-packages/anndata/_core/anndata.py:1756: UserWarning: Observation names are not unique. To make them unique, call `.obs_names_make_unique`.
  utils.warn_names_duplicates("obs")
/tmp/lead_stack_scratch_r1/venv/lib/python3.11/site-packages/anndata/_core/anndata.py:1756: UserWarning: Observation names are not unique. To make them unique, call `.obs_names_make_unique`.
  utils.warn_names_duplicates("obs")
/tmp/lead_stack_scratch_r1/venv/lib/python3.11/site-packages/anndata/_core/anndata.py:1756: UserWarning: Observation names are not unique. To make them unique, call `.obs_names_make_unique`.
  utils.warn_names_duplicates("obs")
'organism' column not found in obs, assuming all cells are valid
Generation Step 1
0.2421875
/tmp/lead_stack_scratch_r1/venv/lib/python3.11/site-packages/anndata/_core/anndata.py:1756: UserWarning: Observation names are not unique. To make them unique, call `.obs_names_make_unique`.
  utils.warn_names_duplicates("obs")
/tmp/lead_stack_scratch_r1/venv/lib/python3.11/site-packages/anndata/_core/anndata.py:1756: UserWarning: Observation names are not unique. To make them unique, call `.obs_names_make_unique`.
  utils.warn_names_duplicates("obs")
/tmp/lead_stack_scratch_r1/venv/lib/python3.11/site-packages/anndata/_core/anndata.py:1756: UserWarning: Observation names are not unique. To make them unique, call `.obs_names_make_unique`.
  utils.warn_names_duplicates("obs")
'organism' column not found in obs, assuming all cells are valid
Generation Step 2
0.17578125
/tmp/lead_stack_scratch_r1/venv/lib/python3.11/site-packages/anndata/_core/anndata.py:1756: UserWarning: Observation names are not unique. To make them unique, call `.obs_names_make_unique`.
  utils.warn_names_duplicates("obs")
/tmp/lead_stack_scratch_r1/venv/lib/python3.11/site-packages/anndata/_core/anndata.py:1756: UserWarning: Observation names are not unique. To make them unique, call `.obs_names_make_unique`.
  utils.warn_names_duplicates("obs")
/tmp/lead_stack_scratch_r1/venv/lib/python3.11/site-packages/anndata/_core/anndata.py:1756: UserWarning: Observation names are not unique. To make them unique, call `.obs_names_make_unique`.
  utils.warn_names_duplicates("obs")
/tmp/lead_stack_scratch_r1/venv/lib/python3.11/site-packages/anndata/_core/anndata.py:1756: UserWarning: Observation names are not unique. To make them unique, call `.obs_names_make_unique`.
  utils.warn_names_duplicates("obs")
'organism' column not found in obs, assuming all cells are valid
Generation Step 3
0.224609375
/tmp/lead_stack_scratch_r1/venv/lib/python3.11/site-packages/anndata/_core/anndata.py:1756: UserWarning: Observation names are not unique. To make them unique, call `.obs_names_make_unique`.
  utils.warn_names_duplicates("obs")
/tmp/lead_stack_scratch_r1/venv/lib/python3.11/site-packages/anndata/_core/anndata.py:1756: UserWarning: Observation names are not unique. To make them unique, call `.obs_names_make_unique`.
  utils.warn_names_duplicates("obs")
/tmp/lead_stack_scratch_r1/venv/lib/python3.11/site-packages/anndata/_core/anndata.py:1756: UserWarning: Observation names are not unique. To make them unique, call `.obs_names_make_unique`.
  utils.warn_names_duplicates("obs")
/tmp/lead_stack_scratch_r1/venv/lib/python3.11/site-packages/anndata/_core/anndata.py:1756: UserWarning: Observation names are not unique. To make them unique, call `.obs_names_make_unique`.
  utils.warn_names_duplicates("obs")
'organism' column not found in obs, assuming all cells are valid
Generation Step 4
0.326171875
/tmp/lead_stack_scratch_r1/venv/lib/python3.11/site-packages/anndata/_core/anndata.py:1756: UserWarning: Observation names are not unique. To make them unique, call `.obs_names_make_unique`.
  utils.warn_names_duplicates("obs")
/tmp/lead_stack_scratch_r1/venv/lib/python3.11/site-packages/anndata/_core/anndata.py:1756: UserWarning: Observation names are not unique. To make them unique, call `.obs_names_make_unique`.
  utils.warn_names_duplicates("obs")
/tmp/lead_stack_scratch_r1/venv/lib/python3.11/site-packages/anndata/_core/anndata.py:1756: UserWarning: Observation names are not unique. To make them unique, call `.obs_names_make_unique`.
  utils.warn_names_duplicates("obs")
/tmp/lead_stack_scratch_r1/venv/lib/python3.11/site-packages/anndata/_core/anndata.py:1756: UserWarning: Observation names are not unique. To make them unique, call `.obs_names_make_unique`.
  utils.warn_names_duplicates("obs")
'organism' column not found in obs, assuming all cells are valid
Generation Step 5
0.30078125
Masking ratio schedule: [0.8        0.6        0.39999998 0.19999999 0.        ]
Context ratio schedule: [0.2  0.25 0.3  0.35 0.4 ]
/tmp/lead_stack_scratch_r1/venv/lib/python3.11/site-packages/anndata/_core/anndata.py:1756: UserWarning: Observation names are not unique. To make them unique, call `.obs_names_make_unique`.
  utils.warn_names_duplicates("obs")
/tmp/lead_stack_scratch_r1/venv/lib/python3.11/site-packages/anndata/_core/anndata.py:1756: UserWarning: Observation names are not unique. To make them unique, call `.obs_names_make_unique`.
  utils.warn_names_duplicates("obs")
/tmp/lead_stack_scratch_r1/venv/lib/python3.11/site-packages/anndata/_core/anndata.py:1756: UserWarning: Observation names are not unique. To make them unique, call `.obs_names_make_unique`.
  utils.warn_names_duplicates("obs")
'organism' column not found in obs, assuming all cells are valid
Generation Step 1
0.259765625
/tmp/lead_stack_scratch_r1/venv/lib/python3.11/site-packages/anndata/_core/anndata.py:1756: UserWarning: Observation names are not unique. To make them unique, call `.obs_names_make_unique`.
  utils.warn_names_duplicates("obs")
/tmp/lead_stack_scratch_r1/venv/lib/python3.11/site-packages/anndata/_core/anndata.py:1756: UserWarning: Observation names are not unique. To make them unique, call `.obs_names_make_unique`.
  utils.warn_names_duplicates("obs")
/tmp/lead_stack_scratch_r1/venv/lib/python3.11/site-packages/anndata/_core/anndata.py:1756: UserWarning: Observation names are not unique. To make them unique, call `.obs_names_make_unique`.
  utils.warn_names_duplicates("obs")
'organism' column not found in obs, assuming all cells are valid
Generation Step 2
0.189453125
/tmp/lead_stack_scratch_r1/venv/lib/python3.11/site-packages/anndata/_core/anndata.py:1756: UserWarning: Observation names are not unique. To make them unique, call `.obs_names_make_unique`.
  utils.warn_names_duplicates("obs")
/tmp/lead_stack_scratch_r1/venv/lib/python3.11/site-packages/anndata/_core/anndata.py:1756: UserWarning: Observation names are not unique. To make them unique, call `.obs_names_make_unique`.
  utils.warn_names_duplicates("obs")
/tmp/lead_stack_scratch_r1/venv/lib/python3.11/site-packages/anndata/_core/anndata.py:1756: UserWarning: Observation names are not unique. To make them unique, call `.obs_names_make_unique`.
  utils.warn_names_duplicates("obs")
/tmp/lead_stack_scratch_r1/venv/lib/python3.11/site-packages/anndata/_core/anndata.py:1756: UserWarning: Observation names are not unique. To make them unique, call `.obs_names_make_unique`.
  utils.warn_names_duplicates("obs")
'organism' column not found in obs, assuming all cells are valid
Generation Step 3
0.224609375
/tmp/lead_stack_scratch_r1/venv/lib/python3.11/site-packages/anndata/_core/anndata.py:1756: UserWarning: Observation names are not unique. To make them unique, call `.obs_names_make_unique`.
  utils.warn_names_duplicates("obs")
/tmp/lead_stack_scratch_r1/venv/lib/python3.11/site-packages/anndata/_core/anndata.py:1756: UserWarning: Observation names are not unique. To make them unique, call `.obs_names_make_unique`.
  utils.warn_names_duplicates("obs")
/tmp/lead_stack_scratch_r1/venv/lib/python3.11/site-packages/anndata/_core/anndata.py:1756: UserWarning: Observation names are not unique. To make them unique, call `.obs_names_make_unique`.
  utils.warn_names_duplicates("obs")
/tmp/lead_stack_scratch_r1/venv/lib/python3.11/site-packages/anndata/_core/anndata.py:1756: UserWarning: Observation names are not unique. To make them unique, call `.obs_names_make_unique`.
  utils.warn_names_duplicates("obs")
'organism' column not found in obs, assuming all cells are valid
Generation Step 4
0.322265625
/tmp/lead_stack_scratch_r1/venv/lib/python3.11/site-packages/anndata/_core/anndata.py:1756: UserWarning: Observation names are not unique. To make them unique, call `.obs_names_make_unique`.
  utils.warn_names_duplicates("obs")
/tmp/lead_stack_scratch_r1/venv/lib/python3.11/site-packages/anndata/_core/anndata.py:1756: UserWarning: Observation names are not unique. To make them unique, call `.obs_names_make_unique`.
  utils.warn_names_duplicates("obs")
/tmp/lead_stack_scratch_r1/venv/lib/python3.11/site-packages/anndata/_core/anndata.py:1756: UserWarning: Observation names are not unique. To make them unique, call `.obs_names_make_unique`.
  utils.warn_names_duplicates("obs")
/tmp/lead_stack_scratch_r1/venv/lib/python3.11/site-packages/anndata/_core/anndata.py:1756: UserWarning: Observation names are not unique. To make them unique, call `.obs_names_make_unique`.
  utils.warn_names_duplicates("obs")
'organism' column not found in obs, assuming all cells are valid
Generation Step 5
0.291015625
Finished RPL41
Masking ratio schedule: [0.8        0.6        0.39999998 0.19999999 0.        ]
Context ratio schedule: [0.2  0.25 0.3  0.35 0.4 ]
/tmp/lead_stack_scratch_r1/venv/lib/python3.11/site-packages/anndata/_core/anndata.py:1756: UserWarning: Observation names are not unique. To make them unique, call `.obs_names_make_unique`.
  utils.warn_names_duplicates("obs")
/tmp/lead_stack_scratch_r1/venv/lib/python3.11/site-packages/anndata/_core/anndata.py:1756: UserWarning: Observation names are not unique. To make them unique, call `.obs_names_make_unique`.
  utils.warn_names_duplicates("obs")
/tmp/lead_stack_scratch_r1/venv/lib/python3.11/site-packages/anndata/_core/anndata.py:1756: UserWarning: Observation names are not unique. To make them unique, call `.obs_names_make_unique`.
  utils.warn_names_duplicates("obs")
'organism' column not found in obs, assuming all cells are valid
Generation Step 1
0.21484375
/tmp/lead_stack_scratch_r1/venv/lib/python3.11/site-packages/anndata/_core/anndata.py:1756: UserWarning: Observation names are not unique. To make them unique, call `.obs_names_make_unique`.
  utils.warn_names_duplicates("obs")
/tmp/lead_stack_scratch_r1/venv/lib/python3.11/site-packages/anndata/_core/anndata.py:1756: UserWarning: Observation names are not unique. To make them unique, call `.obs_names_make_unique`.
  utils.warn_names_duplicates("obs")
/tmp/lead_stack_scratch_r1/venv/lib/python3.11/site-packages/anndata/_core/anndata.py:1756: UserWarning: Observation names are not unique. To make them unique, call `.obs_names_make_unique`.
  utils.warn_names_duplicates("obs")
'organism' column not found in obs, assuming all cells are valid
Generation Step 2
0.119140625
/tmp/lead_stack_scratch_r1/venv/lib/python3.11/site-packages/anndata/_core/anndata.py:1756: UserWarning: Observation names are not unique. To make them unique, call `.obs_names_make_unique`.
  utils.warn_names_duplicates("obs")
/tmp/lead_stack_scratch_r1/venv/lib/python3.11/site-packages/anndata/_core/anndata.py:1756: UserWarning: Observation names are not unique. To make them unique, call `.obs_names_make_unique`.
  utils.warn_names_duplicates("obs")
/tmp/lead_stack_scratch_r1/venv/lib/python3.11/site-packages/anndata/_core/anndata.py:1756: UserWarning: Observation names are not unique. To make them unique, call `.obs_names_make_unique`.
  utils.warn_names_duplicates("obs")
/tmp/lead_stack_scratch_r1/venv/lib/python3.11/site-packages/anndata/_core/anndata.py:1756: UserWarning: Observation names are not unique. To make them unique, call `.obs_names_make_unique`.
  utils.warn_names_duplicates("obs")
'organism' column not found in obs, assuming all cells are valid
Generation Step 3
0.1875
/tmp/lead_stack_scratch_r1/venv/lib/python3.11/site-packages/anndata/_core/anndata.py:1756: UserWarning: Observation names are not unique. To make them unique, call `.obs_names_make_unique`.
  utils.warn_names_duplicates("obs")
/tmp/lead_stack_scratch_r1/venv/lib/python3.11/site-packages/anndata/_core/anndata.py:1756: UserWarning: Observation names are not unique. To make them unique, call `.obs_names_make_unique`.
  utils.warn_names_duplicates("obs")
/tmp/lead_stack_scratch_r1/venv/lib/python3.11/site-packages/anndata/_core/anndata.py:1756: UserWarning: Observation names are not unique. To make them unique, call `.obs_names_make_unique`.
  utils.warn_names_duplicates("obs")
/tmp/lead_stack_scratch_r1/venv/lib/python3.11/site-packages/anndata/_core/anndata.py:1756: UserWarning: Observation names are not unique. To make them unique, call `.obs_names_make_unique`.
  utils.warn_names_duplicates("obs")
'organism' column not found in obs, assuming all cells are valid
Generation Step 4
0.28125
/tmp/lead_stack_scratch_r1/venv/lib/python3.11/site-packages/anndata/_core/anndata.py:1756: UserWarning: Observation names are not unique. To make them unique, call `.obs_names_make_unique`.
  utils.warn_names_duplicates("obs")
/tmp/lead_stack_scratch_r1/venv/lib/python3.11/site-packages/anndata/_core/anndata.py:1756: UserWarning: Observation names are not unique. To make them unique, call `.obs_names_make_unique`.
  utils.warn_names_duplicates("obs")
/tmp/lead_stack_scratch_r1/venv/lib/python3.11/site-packages/anndata/_core/anndata.py:1756: UserWarning: Observation names are not unique. To make them unique, call `.obs_names_make_unique`.
  utils.warn_names_duplicates("obs")
/tmp/lead_stack_scratch_r1/venv/lib/python3.11/site-packages/anndata/_core/anndata.py:1756: UserWarning: Observation names are not unique. To make them unique, call `.obs_names_make_unique`.
  utils.warn_names_duplicates("obs")
'organism' column not found in obs, assuming all cells are valid
Generation Step 5
0.28515625
Finished COG6
Masking ratio schedule: [0.8        0.6        0.39999998 0.19999999 0.        ]
Context ratio schedule: [0.2  0.25 0.3  0.35 0.4 ]
/tmp/lead_stack_scratch_r1/venv/lib/python3.11/site-packages/anndata/_core/anndata.py:1756: UserWarning: Observation names are not unique. To make them unique, call `.obs_names_make_unique`.
  utils.warn_names_duplicates("obs")
/tmp/lead_stack_scratch_r1/venv/lib/python3.11/site-packages/anndata/_core/anndata.py:1756: UserWarning: Observation names are not unique. To make them unique, call `.obs_names_make_unique`.
  utils.warn_names_duplicates("obs")
/tmp/lead_stack_scratch_r1/venv/lib/python3.11/site-packages/anndata/_core/anndata.py:1756: UserWarning: Observation names are not unique. To make them unique, call `.obs_names_make_unique`.
  utils.warn_names_duplicates("obs")
'organism' column not found in obs, assuming all cells are valid
Generation Step 1
0.208984375
/tmp/lead_stack_scratch_r1/venv/lib/python3.11/site-packages/anndata/_core/anndata.py:1756: UserWarning: Observation names are not unique. To make them unique, call `.obs_names_make_unique`.
  utils.warn_names_duplicates("obs")
/tmp/lead_stack_scratch_r1/venv/lib/python3.11/site-packages/anndata/_core/anndata.py:1756: UserWarning: Observation names are not unique. To make them unique, call `.obs_names_make_unique`.
  utils.warn_names_duplicates("obs")
/tmp/lead_stack_scratch_r1/venv/lib/python3.11/site-packages/anndata/_core/anndata.py:1756: UserWarning: Observation names are not unique. To make them unique, call `.obs_names_make_unique`.
  utils.warn_names_duplicates("obs")
'organism' column not found in obs, assuming all cells are valid
Generation Step 2
0.12890625
/tmp/lead_stack_scratch_r1/venv/lib/python3.11/site-packages/anndata/_core/anndata.py:1756: UserWarning: Observation names are not unique. To make them unique, call `.obs_names_make_unique`.
  utils.warn_names_duplicates("obs")
/tmp/lead_stack_scratch_r1/venv/lib/python3.11/site-packages/anndata/_core/anndata.py:1756: UserWarning: Observation names are not unique. To make them unique, call `.obs_names_make_unique`.
  utils.warn_names_duplicates("obs")
/tmp/lead_stack_scratch_r1/venv/lib/python3.11/site-packages/anndata/_core/anndata.py:1756: UserWarning: Observation names are not unique. To make them unique, call `.obs_names_make_unique`.
  utils.warn_names_duplicates("obs")
/tmp/lead_stack_scratch_r1/venv/lib/python3.11/site-packages/anndata/_core/anndata.py:1756: UserWarning: Observation names are not unique. To make them unique, call `.obs_names_make_unique`.
  utils.warn_names_duplicates("obs")
'organism' column not found in obs, assuming all cells are valid
Generation Step 3
0.193359375
/tmp/lead_stack_scratch_r1/venv/lib/python3.11/site-packages/anndata/_core/anndata.py:1756: UserWarning: Observation names are not unique. To make them unique, call `.obs_names_make_unique`.
  utils.warn_names_duplicates("obs")
/tmp/lead_stack_scratch_r1/venv/lib/python3.11/site-packages/anndata/_core/anndata.py:1756: UserWarning: Observation names are not unique. To make them unique, call `.obs_names_make_unique`.
  utils.warn_names_duplicates("obs")
/tmp/lead_stack_scratch_r1/venv/lib/python3.11/site-packages/anndata/_core/anndata.py:1756: UserWarning: Observation names are not unique. To make them unique, call `.obs_names_make_unique`.
  utils.warn_names_duplicates("obs")
/tmp/lead_stack_scratch_r1/venv/lib/python3.11/site-packages/anndata/_core/anndata.py:1756: UserWarning: Observation names are not unique. To make them unique, call `.obs_names_make_unique`.
  utils.warn_names_duplicates("obs")
'organism' column not found in obs, assuming all cells are valid
Generation Step 4
0.279296875
/tmp/lead_stack_scratch_r1/venv/lib/python3.11/site-packages/anndata/_core/anndata.py:1756: UserWarning: Observation names are not unique. To make them unique, call `.obs_names_make_unique`.
  utils.warn_names_duplicates("obs")
/tmp/lead_stack_scratch_r1/venv/lib/python3.11/site-packages/anndata/_core/anndata.py:1756: UserWarning: Observation names are not unique. To make them unique, call `.obs_names_make_unique`.
  utils.warn_names_duplicates("obs")
/tmp/lead_stack_scratch_r1/venv/lib/python3.11/site-packages/anndata/_core/anndata.py:1756: UserWarning: Observation names are not unique. To make them unique, call `.obs_names_make_unique`.
  utils.warn_names_duplicates("obs")
/tmp/lead_stack_scratch_r1/venv/lib/python3.11/site-packages/anndata/_core/anndata.py:1756: UserWarning: Observation names are not unique. To make them unique, call `.obs_names_make_unique`.
  utils.warn_names_duplicates("obs")
'organism' column not found in obs, assuming all cells are valid
Generation Step 5
0.296875
Finished EEF2
Masking ratio schedule: [0.8        0.6        0.39999998 0.19999999 0.        ]
Context ratio schedule: [0.2  0.25 0.3  0.35 0.4 ]
/tmp/lead_stack_scratch_r1/venv/lib/python3.11/site-packages/anndata/_core/anndata.py:1756: UserWarning: Observation names are not unique. To make them unique, call `.obs_names_make_unique`.
  utils.warn_names_duplicates("obs")
/tmp/lead_stack_scratch_r1/venv/lib/python3.11/site-packages/anndata/_core/anndata.py:1756: UserWarning: Observation names are not unique. To make them unique, call `.obs_names_make_unique`.
  utils.warn_names_duplicates("obs")
/tmp/lead_stack_scratch_r1/venv/lib/python3.11/site-packages/anndata/_core/anndata.py:1756: UserWarning: Observation names are not unique. To make them unique, call `.obs_names_make_unique`.
  utils.warn_names_duplicates("obs")
'organism' column not found in obs, assuming all cells are valid
Generation Step 1
0.25
/tmp/lead_stack_scratch_r1/venv/lib/python3.11/site-packages/anndata/_core/anndata.py:1756: UserWarning: Observation names are not unique. To make them unique, call `.obs_names_make_unique`.
  utils.warn_names_duplicates("obs")
/tmp/lead_stack_scratch_r1/venv/lib/python3.11/site-packages/anndata/_core/anndata.py:1756: UserWarning: Observation names are not unique. To make them unique, call `.obs_names_make_unique`.
  utils.warn_names_duplicates("obs")
/tmp/lead_stack_scratch_r1/venv/lib/python3.11/site-packages/anndata/_core/anndata.py:1756: UserWarning: Observation names are not unique. To make them unique, call `.obs_names_make_unique`.
  utils.warn_names_duplicates("obs")
'organism' column not found in obs, assuming all cells are valid
Generation Step 2
0.1796875
/tmp/lead_stack_scratch_r1/venv/lib/python3.11/site-packages/anndata/_core/anndata.py:1756: UserWarning: Observation names are not unique. To make them unique, call `.obs_names_make_unique`.
  utils.warn_names_duplicates("obs")
/tmp/lead_stack_scratch_r1/venv/lib/python3.11/site-packages/anndata/_core/anndata.py:1756: UserWarning: Observation names are not unique. To make them unique, call `.obs_names_make_unique`.
  utils.warn_names_duplicates("obs")
/tmp/lead_stack_scratch_r1/venv/lib/python3.11/site-packages/anndata/_core/anndata.py:1756: UserWarning: Observation names are not unique. To make them unique, call `.obs_names_make_unique`.
  utils.warn_names_duplicates("obs")
/tmp/lead_stack_scratch_r1/venv/lib/python3.11/site-packages/anndata/_core/anndata.py:1756: UserWarning: Observation names are not unique. To make them unique, call `.obs_names_make_unique`.
  utils.warn_names_duplicates("obs")
'organism' column not found in obs, assuming all cells are valid
Generation Step 3
0.22265625
/tmp/lead_stack_scratch_r1/venv/lib/python3.11/site-packages/anndata/_core/anndata.py:1756: UserWarning: Observation names are not unique. To make them unique, call `.obs_names_make_unique`.
  utils.warn_names_duplicates("obs")
/tmp/lead_stack_scratch_r1/venv/lib/python3.11/site-packages/anndata/_core/anndata.py:1756: UserWarning: Observation names are not unique. To make them unique, call `.obs_names_make_unique`.
  utils.warn_names_duplicates("obs")
/tmp/lead_stack_scratch_r1/venv/lib/python3.11/site-packages/anndata/_core/anndata.py:1756: UserWarning: Observation names are not unique. To make them unique, call `.obs_names_make_unique`.
  utils.warn_names_duplicates("obs")
/tmp/lead_stack_scratch_r1/venv/lib/python3.11/site-packages/anndata/_core/anndata.py:1756: UserWarning: Observation names are not unique. To make them unique, call `.obs_names_make_unique`.
  utils.warn_names_duplicates("obs")
'organism' column not found in obs, assuming all cells are valid
Generation Step 4
0.3125
/tmp/lead_stack_scratch_r1/venv/lib/python3.11/site-packages/anndata/_core/anndata.py:1756: UserWarning: Observation names are not unique. To make them unique, call `.obs_names_make_unique`.
  utils.warn_names_duplicates("obs")
/tmp/lead_stack_scratch_r1/venv/lib/python3.11/site-packages/anndata/_core/anndata.py:1756: UserWarning: Observation names are not unique. To make them unique, call `.obs_names_make_unique`.
  utils.warn_names_duplicates("obs")
/tmp/lead_stack_scratch_r1/venv/lib/python3.11/site-packages/anndata/_core/anndata.py:1756: UserWarning: Observation names are not unique. To make them unique, call `.obs_names_make_unique`.
  utils.warn_names_duplicates("obs")
/tmp/lead_stack_scratch_r1/venv/lib/python3.11/site-packages/anndata/_core/anndata.py:1756: UserWarning: Observation names are not unique. To make them unique, call `.obs_names_make_unique`.
  utils.warn_names_duplicates("obs")
'organism' column not found in obs, assuming all cells are valid
Generation Step 5
0.3359375
Finished DCTN1
Masking ratio schedule: [0.8        0.6        0.39999998 0.19999999 0.        ]
Context ratio schedule: [0.2  0.25 0.3  0.35 0.4 ]
/tmp/lead_stack_scratch_r1/venv/lib/python3.11/site-packages/anndata/_core/anndata.py:1756: UserWarning: Observation names are not unique. To make them unique, call `.obs_names_make_unique`.
  utils.warn_names_duplicates("obs")
/tmp/lead_stack_scratch_r1/venv/lib/python3.11/site-packages/anndata/_core/anndata.py:1756: UserWarning: Observation names are not unique. To make them unique, call `.obs_names_make_unique`.
  utils.warn_names_duplicates("obs")
/tmp/lead_stack_scratch_r1/venv/lib/python3.11/site-packages/anndata/_core/anndata.py:1756: UserWarning: Observation names are not unique. To make them unique, call `.obs_names_make_unique`.
  utils.warn_names_duplicates("obs")
'organism' column not found in obs, assuming all cells are valid
Generation Step 1
0.35546875
/tmp/lead_stack_scratch_r1/venv/lib/python3.11/site-packages/anndata/_core/anndata.py:1756: UserWarning: Observation names are not unique. To make them unique, call `.obs_names_make_unique`.
  utils.warn_names_duplicates("obs")
/tmp/lead_stack_scratch_r1/venv/lib/python3.11/site-packages/anndata/_core/anndata.py:1756: UserWarning: Observation names are not unique. To make them unique, call `.obs_names_make_unique`.
  utils.warn_names_duplicates("obs")
/tmp/lead_stack_scratch_r1/venv/lib/python3.11/site-packages/anndata/_core/anndata.py:1756: UserWarning: Observation names are not unique. To make them unique, call `.obs_names_make_unique`.
  utils.warn_names_duplicates("obs")
'organism' column not found in obs, assuming all cells are valid
Generation Step 2
0.2890625
/tmp/lead_stack_scratch_r1/venv/lib/python3.11/site-packages/anndata/_core/anndata.py:1756: UserWarning: Observation names are not unique. To make them unique, call `.obs_names_make_unique`.
  utils.warn_names_duplicates("obs")
/tmp/lead_stack_scratch_r1/venv/lib/python3.11/site-packages/anndata/_core/anndata.py:1756: UserWarning: Observation names are not unique. To make them unique, call `.obs_names_make_unique`.
  utils.warn_names_duplicates("obs")
/tmp/lead_stack_scratch_r1/venv/lib/python3.11/site-packages/anndata/_core/anndata.py:1756: UserWarning: Observation names are not unique. To make them unique, call `.obs_names_make_unique`.
  utils.warn_names_duplicates("obs")
/tmp/lead_stack_scratch_r1/venv/lib/python3.11/site-packages/anndata/_core/anndata.py:1756: UserWarning: Observation names are not unique. To make them unique, call `.obs_names_make_unique`.
  utils.warn_names_duplicates("obs")
'organism' column not found in obs, assuming all cells are valid
Generation Step 3
0.25
/tmp/lead_stack_scratch_r1/venv/lib/python3.11/site-packages/anndata/_core/anndata.py:1756: UserWarning: Observation names are not unique. To make them unique, call `.obs_names_make_unique`.
  utils.warn_names_duplicates("obs")
/tmp/lead_stack_scratch_r1/venv/lib/python3.11/site-packages/anndata/_core/anndata.py:1756: UserWarning: Observation names are not unique. To make them unique, call `.obs_names_make_unique`.
  utils.warn_names_duplicates("obs")
/tmp/lead_stack_scratch_r1/venv/lib/python3.11/site-packages/anndata/_core/anndata.py:1756: UserWarning: Observation names are not unique. To make them unique, call `.obs_names_make_unique`.
  utils.warn_names_duplicates("obs")
/tmp/lead_stack_scratch_r1/venv/lib/python3.11/site-packages/anndata/_core/anndata.py:1756: UserWarning: Observation names are not unique. To make them unique, call `.obs_names_make_unique`.
  utils.warn_names_duplicates("obs")
'organism' column not found in obs, assuming all cells are valid
Generation Step 4
0.376953125
/tmp/lead_stack_scratch_r1/venv/lib/python3.11/site-packages/anndata/_core/anndata.py:1756: UserWarning: Observation names are not unique. To make them unique, call `.obs_names_make_unique`.
  utils.warn_names_duplicates("obs")
/tmp/lead_stack_scratch_r1/venv/lib/python3.11/site-packages/anndata/_core/anndata.py:1756: UserWarning: Observation names are not unique. To make them unique, call `.obs_names_make_unique`.
  utils.warn_names_duplicates("obs")
/tmp/lead_stack_scratch_r1/venv/lib/python3.11/site-packages/anndata/_core/anndata.py:1756: UserWarning: Observation names are not unique. To make them unique, call `.obs_names_make_unique`.
  utils.warn_names_duplicates("obs")
/tmp/lead_stack_scratch_r1/venv/lib/python3.11/site-packages/anndata/_core/anndata.py:1756: UserWarning: Observation names are not unique. To make them unique, call `.obs_names_make_unique`.
  utils.warn_names_duplicates("obs")
'organism' column not found in obs, assuming all cells are valid
Generation Step 5
0.435546875
Finished HAUS8
Masking ratio schedule: [0.8        0.6        0.39999998 0.19999999 0.        ]
Context ratio schedule: [0.2  0.25 0.3  0.35 0.4 ]
/tmp/lead_stack_scratch_r1/venv/lib/python3.11/site-packages/anndata/_core/anndata.py:1756: UserWarning: Observation names are not unique. To make them unique, call `.obs_names_make_unique`.
  utils.warn_names_duplicates("obs")
/tmp/lead_stack_scratch_r1/venv/lib/python3.11/site-packages/anndata/_core/anndata.py:1756: UserWarning: Observation names are not unique. To make them unique, call `.obs_names_make_unique`.
  utils.warn_names_duplicates("obs")
/tmp/lead_stack_scratch_r1/venv/lib/python3.11/site-packages/anndata/_core/anndata.py:1756: UserWarning: Observation names are not unique. To make them unique, call `.obs_names_make_unique`.
  utils.warn_names_duplicates("obs")
'organism' column not found in obs, assuming all cells are valid
Generation Step 1
0.19140625
/tmp/lead_stack_scratch_r1/venv/lib/python3.11/site-packages/anndata/_core/anndata.py:1756: UserWarning: Observation names are not unique. To make them unique, call `.obs_names_make_unique`.
  utils.warn_names_duplicates("obs")
/tmp/lead_stack_scratch_r1/venv/lib/python3.11/site-packages/anndata/_core/anndata.py:1756: UserWarning: Observation names are not unique. To make them unique, call `.obs_names_make_unique`.
  utils.warn_names_duplicates("obs")
/tmp/lead_stack_scratch_r1/venv/lib/python3.11/site-packages/anndata/_core/anndata.py:1756: UserWarning: Observation names are not unique. To make them unique, call `.obs_names_make_unique`.
  utils.warn_names_duplicates("obs")
'organism' column not found in obs, assuming all cells are valid
Generation Step 2
0.099609375
/tmp/lead_stack_scratch_r1/venv/lib/python3.11/site-packages/anndata/_core/anndata.py:1756: UserWarning: Observation names are not unique. To make them unique, call `.obs_names_make_unique`.
  utils.warn_names_duplicates("obs")
/tmp/lead_stack_scratch_r1/venv/lib/python3.11/site-packages/anndata/_core/anndata.py:1756: UserWarning: Observation names are not unique. To make them unique, call `.obs_names_make_unique`.
  utils.warn_names_duplicates("obs")
/tmp/lead_stack_scratch_r1/venv/lib/python3.11/site-packages/anndata/_core/anndata.py:1756: UserWarning: Observation names are not unique. To make them unique, call `.obs_names_make_unique`.
  utils.warn_names_duplicates("obs")
/tmp/lead_stack_scratch_r1/venv/lib/python3.11/site-packages/anndata/_core/anndata.py:1756: UserWarning: Observation names are not unique. To make them unique, call `.obs_names_make_unique`.
  utils.warn_names_duplicates("obs")
'organism' column not found in obs, assuming all cells are valid
Generation Step 3
0.208984375
/tmp/lead_stack_scratch_r1/venv/lib/python3.11/site-packages/anndata/_core/anndata.py:1756: UserWarning: Observation names are not unique. To make them unique, call `.obs_names_make_unique`.
  utils.warn_names_duplicates("obs")
/tmp/lead_stack_scratch_r1/venv/lib/python3.11/site-packages/anndata/_core/anndata.py:1756: UserWarning: Observation names are not unique. To make them unique, call `.obs_names_make_unique`.
  utils.warn_names_duplicates("obs")
/tmp/lead_stack_scratch_r1/venv/lib/python3.11/site-packages/anndata/_core/anndata.py:1756: UserWarning: Observation names are not unique. To make them unique, call `.obs_names_make_unique`.
  utils.warn_names_duplicates("obs")
/tmp/lead_stack_scratch_r1/venv/lib/python3.11/site-packages/anndata/_core/anndata.py:1756: UserWarning: Observation names are not unique. To make them unique, call `.obs_names_make_unique`.
  utils.warn_names_duplicates("obs")
'organism' column not found in obs, assuming all cells are valid
Generation Step 4
0.28515625
/tmp/lead_stack_scratch_r1/venv/lib/python3.11/site-packages/anndata/_core/anndata.py:1756: UserWarning: Observation names are not unique. To make them unique, call `.obs_names_make_unique`.
  utils.warn_names_duplicates("obs")
/tmp/lead_stack_scratch_r1/venv/lib/python3.11/site-packages/anndata/_core/anndata.py:1756: UserWarning: Observation names are not unique. To make them unique, call `.obs_names_make_unique`.
  utils.warn_names_duplicates("obs")
/tmp/lead_stack_scratch_r1/venv/lib/python3.11/site-packages/anndata/_core/anndata.py:1756: UserWarning: Observation names are not unique. To make them unique, call `.obs_names_make_unique`.
  utils.warn_names_duplicates("obs")
/tmp/lead_stack_scratch_r1/venv/lib/python3.11/site-packages/anndata/_core/anndata.py:1756: UserWarning: Observation names are not unique. To make them unique, call `.obs_names_make_unique`.
  utils.warn_names_duplicates("obs")
'organism' column not found in obs, assuming all cells are valid
Generation Step 5
0.287109375
Masking ratio schedule: [0.8        0.6        0.39999998 0.19999999 0.        ]
Context ratio schedule: [0.2  0.25 0.3  0.35 0.4 ]
/tmp/lead_stack_scratch_r1/venv/lib/python3.11/site-packages/anndata/_core/anndata.py:1756: UserWarning: Observation names are not unique. To make them unique, call `.obs_names_make_unique`.
  utils.warn_names_duplicates("obs")
/tmp/lead_stack_scratch_r1/venv/lib/python3.11/site-packages/anndata/_core/anndata.py:1756: UserWarning: Observation names are not unique. To make them unique, call `.obs_names_make_unique`.
  utils.warn_names_duplicates("obs")
/tmp/lead_stack_scratch_r1/venv/lib/python3.11/site-packages/anndata/_core/anndata.py:1756: UserWarning: Observation names are not unique. To make them unique, call `.obs_names_make_unique`.
  utils.warn_names_duplicates("obs")
'organism' column not found in obs, assuming all cells are valid
Generation Step 1
0.220703125
/tmp/lead_stack_scratch_r1/venv/lib/python3.11/site-packages/anndata/_core/anndata.py:1756: UserWarning: Observation names are not unique. To make them unique, call `.obs_names_make_unique`.
  utils.warn_names_duplicates("obs")
/tmp/lead_stack_scratch_r1/venv/lib/python3.11/site-packages/anndata/_core/anndata.py:1756: UserWarning: Observation names are not unique. To make them unique, call `.obs_names_make_unique`.
  utils.warn_names_duplicates("obs")
/tmp/lead_stack_scratch_r1/venv/lib/python3.11/site-packages/anndata/_core/anndata.py:1756: UserWarning: Observation names are not unique. To make them unique, call `.obs_names_make_unique`.
  utils.warn_names_duplicates("obs")
'organism' column not found in obs, assuming all cells are valid
Generation Step 2
0.119140625
/tmp/lead_stack_scratch_r1/venv/lib/python3.11/site-packages/anndata/_core/anndata.py:1756: UserWarning: Observation names are not unique. To make them unique, call `.obs_names_make_unique`.
  utils.warn_names_duplicates("obs")
/tmp/lead_stack_scratch_r1/venv/lib/python3.11/site-packages/anndata/_core/anndata.py:1756: UserWarning: Observation names are not unique. To make them unique, call `.obs_names_make_unique`.
  utils.warn_names_duplicates("obs")
/tmp/lead_stack_scratch_r1/venv/lib/python3.11/site-packages/anndata/_core/anndata.py:1756: UserWarning: Observation names are not unique. To make them unique, call `.obs_names_make_unique`.
  utils.warn_names_duplicates("obs")
/tmp/lead_stack_scratch_r1/venv/lib/python3.11/site-packages/anndata/_core/anndata.py:1756: UserWarning: Observation names are not unique. To make them unique, call `.obs_names_make_unique`.
  utils.warn_names_duplicates("obs")
'organism' column not found in obs, assuming all cells are valid
Generation Step 3
0.15234375
/tmp/lead_stack_scratch_r1/venv/lib/python3.11/site-packages/anndata/_core/anndata.py:1756: UserWarning: Observation names are not unique. To make them unique, call `.obs_names_make_unique`.
  utils.warn_names_duplicates("obs")
/tmp/lead_stack_scratch_r1/venv/lib/python3.11/site-packages/anndata/_core/anndata.py:1756: UserWarning: Observation names are not unique. To make them unique, call `.obs_names_make_unique`.
  utils.warn_names_duplicates("obs")
/tmp/lead_stack_scratch_r1/venv/lib/python3.11/site-packages/anndata/_core/anndata.py:1756: UserWarning: Observation names are not unique. To make them unique, call `.obs_names_make_unique`.
  utils.warn_names_duplicates("obs")
/tmp/lead_stack_scratch_r1/venv/lib/python3.11/site-packages/anndata/_core/anndata.py:1756: UserWarning: Observation names are not unique. To make them unique, call `.obs_names_make_unique`.
  utils.warn_names_duplicates("obs")
'organism' column not found in obs, assuming all cells are valid
Generation Step 4
0.248046875
/tmp/lead_stack_scratch_r1/venv/lib/python3.11/site-packages/anndata/_core/anndata.py:1756: UserWarning: Observation names are not unique. To make them unique, call `.obs_names_make_unique`.
  utils.warn_names_duplicates("obs")
/tmp/lead_stack_scratch_r1/venv/lib/python3.11/site-packages/anndata/_core/anndata.py:1756: UserWarning: Observation names are not unique. To make them unique, call `.obs_names_make_unique`.
  utils.warn_names_duplicates("obs")
/tmp/lead_stack_scratch_r1/venv/lib/python3.11/site-packages/anndata/_core/anndata.py:1756: UserWarning: Observation names are not unique. To make them unique, call `.obs_names_make_unique`.
  utils.warn_names_duplicates("obs")
/tmp/lead_stack_scratch_r1/venv/lib/python3.11/site-packages/anndata/_core/anndata.py:1756: UserWarning: Observation names are not unique. To make them unique, call `.obs_names_make_unique`.
  utils.warn_names_duplicates("obs")
'organism' column not found in obs, assuming all cells are valid
Generation Step 5
0.25390625
Finished SETD1A
/tmp/lead_stack_scratch_r1/venv/lib/python3.11/site-packages/anndata/_core/aligned_df.py:68: ImplicitModificationWarning: Transforming to str index.
  warnings.warn("Transforming to str index.", ImplicitModificationWarning)
/tmp/lead_stack_scratch_r1/venv/lib/python3.11/site-packages/anndata/_core/aligned_df.py:68: ImplicitModificationWarning: Transforming to str index.
  warnings.warn("Transforming to str index.", ImplicitModificationWarning)
