18:09:57   loading cache to cuda (fp16), fold None: group -1 never read for fitting
18:09:59   train group CD4T: 1280 train, 220 val keys
18:09:59   train group H1: 76 train, 20 val keys
18:09:59   train group HCT116: 1275 train, 225 val keys
18:09:59   train group HEK293T: 1280 train, 220 val keys
18:09:59   train group HepG2: 1293 train, 207 val keys
18:09:59   train group Jurkat: 1293 train, 207 val keys
18:09:59   train group K562: 1284 train, 216 val keys
18:09:59   train group Neuron: 64 train, 12 val keys
18:09:59   train group RPE1: 1295 train, 205 val keys
18:09:59   train group iPSC: 1283 train, 217 val keys
18:10:03     epoch 0: {"epoch": 0, "cos": 0.89267, "nce": 4.10407, "lat": 1.84705, "sig": 48.59601, "val": 3.1908}
18:10:04     epoch 1: {"epoch": 1, "cos": 0.85093, "nce": 3.82867, "lat": 1.56829, "sig": 32.56986, "val": 3.18774}
18:10:05     epoch 2: {"epoch": 2, "cos": 0.81032, "nce": 3.54354, "lat": 1.46447, "sig": 31.35508, "val": 3.20704}
18:10:06     epoch 3: {"epoch": 3, "cos": 0.77764, "nce": 3.33659, "lat": 1.45056, "sig": 31.77985, "val": 3.26564}
18:10:07     epoch 4: {"epoch": 4, "cos": 0.7542, "nce": 3.1873, "lat": 1.44771, "sig": 33.62325, "val": 3.28585}
18:10:08     epoch 5: {"epoch": 5, "cos": 0.74122, "nce": 3.09748, "lat": 1.43436, "sig": 31.41935, "val": 3.32737}
18:10:08   seed 2: 6 epochs, best val 3.18774
18:10:09     epoch 0: {"epoch": 0, "cos": 0.89125, "nce": 4.09847, "lat": 1.83452, "sig": 40.68042, "val": 3.19796}
18:10:10     epoch 1: {"epoch": 1, "cos": 0.84784, "nce": 3.814, "lat": 1.54942, "sig": 30.24669, "val": 3.2028}
18:10:11     epoch 2: {"epoch": 2, "cos": 0.81205, "nce": 3.5737, "lat": 1.47989, "sig": 31.5073, "val": 3.19697}
18:10:12     epoch 3: {"epoch": 3, "cos": 0.78194, "nce": 3.36141, "lat": 1.46441, "sig": 32.46393, "val": 3.31537}
18:10:13     epoch 4: {"epoch": 4, "cos": 0.75691, "nce": 3.19219, "lat": 1.46233, "sig": 33.89814, "val": 3.29836}
18:10:14     epoch 5: {"epoch": 5, "cos": 0.73577, "nce": 3.07223, "lat": 1.43286, "sig": 30.2668, "val": 3.31965}
18:10:15     epoch 6: {"epoch": 6, "cos": 0.72086, "nce": 2.98077, "lat": 1.41554, "sig": 33.40036, "val": 3.33636}
18:10:15   seed 3: 7 epochs, best val 3.19697
18:10:16     epoch 0: {"epoch": 0, "cos": 0.89368, "nce": 4.08698, "lat": 1.83809, "sig": 46.7056, "val": 3.1901}
18:10:17     epoch 1: {"epoch": 1, "cos": 0.84621, "nce": 3.81376, "lat": 1.5678, "sig": 29.12636, "val": 3.17553}
18:10:18     epoch 2: {"epoch": 2, "cos": 0.81087, "nce": 3.54612, "lat": 1.4585, "sig": 31.30949, "val": 3.23316}
18:10:19     epoch 3: {"epoch": 3, "cos": 0.78143, "nce": 3.33628, "lat": 1.46739, "sig": 33.38855, "val": 3.27163}
18:10:20     epoch 4: {"epoch": 4, "cos": 0.75401, "nce": 3.1753, "lat": 1.44588, "sig": 28.971, "val": 3.32547}
18:10:21     epoch 5: {"epoch": 5, "cos": 0.7369, "nce": 3.06172, "lat": 1.43296, "sig": 32.5913, "val": 3.28902}
18:10:21   seed 4: 6 epochs, best val 3.17553
18:10:22     epoch 0: {"epoch": 0, "cos": 0.89611, "nce": 4.11002, "lat": 1.84578, "sig": 43.6303, "val": 3.16886}
18:10:23     epoch 1: {"epoch": 1, "cos": 0.84686, "nce": 3.81525, "lat": 1.56682, "sig": 31.06884, "val": 3.18748}
18:10:24     epoch 2: {"epoch": 2, "cos": 0.81062, "nce": 3.53736, "lat": 1.47609, "sig": 31.65674, "val": 3.23057}
18:10:25     epoch 3: {"epoch": 3, "cos": 0.78154, "nce": 3.34089, "lat": 1.45086, "sig": 28.65183, "val": 3.23318}
18:10:26     epoch 4: {"epoch": 4, "cos": 0.75541, "nce": 3.1608, "lat": 1.45555, "sig": 30.13267, "val": 3.26598}
18:10:26   seed 5: 5 epochs, best val 3.16886
18:10:27     epoch 0: {"epoch": 0, "cos": 0.89519, "nce": 4.11078, "lat": 1.85855, "sig": 42.31179, "val": 3.17882}
18:10:28     epoch 1: {"epoch": 1, "cos": 0.84967, "nce": 3.82132, "lat": 1.56683, "sig": 32.54557, "val": 3.17082}
18:10:29     epoch 2: {"epoch": 2, "cos": 0.81069, "nce": 3.54489, "lat": 1.47585, "sig": 31.53464, "val": 3.21415}
18:10:30     epoch 3: {"epoch": 3, "cos": 0.7839, "nce": 3.35307, "lat": 1.45381, "sig": 30.49727, "val": 3.25114}
18:10:31     epoch 4: {"epoch": 4, "cos": 0.75821, "nce": 3.18307, "lat": 1.45547, "sig": 35.08569, "val": 3.28782}
18:10:32     epoch 5: {"epoch": 5, "cos": 0.73852, "nce": 3.06214, "lat": 1.43801, "sig": 32.29535, "val": 3.27574}
18:10:32   seed 6: 6 epochs, best val 3.17082
18:10:33     epoch 0: {"epoch": 0, "cos": 0.8966, "nce": 4.10951, "lat": 1.8473, "sig": 44.3791, "val": 3.18838}
18:10:34     epoch 1: {"epoch": 1, "cos": 0.85082, "nce": 3.82684, "lat": 1.56149, "sig": 32.57787, "val": 3.18311}
18:10:35     epoch 2: {"epoch": 2, "cos": 0.81717, "nce": 3.569, "lat": 1.46648, "sig": 29.31109, "val": 3.1843}
18:10:36     epoch 3: {"epoch": 3, "cos": 0.78204, "nce": 3.35112, "lat": 1.45183, "sig": 31.28627, "val": 3.23375}
18:10:37     epoch 4: {"epoch": 4, "cos": 0.75622, "nce": 3.18694, "lat": 1.45856, "sig": 30.59806, "val": 3.27594}
18:10:38     epoch 5: {"epoch": 5, "cos": 0.73655, "nce": 3.05327, "lat": 1.44608, "sig": 32.80675, "val": 3.35843}
18:10:38   seed 7: 6 epochs, best val 3.18311
18:10:39     epoch 0: {"epoch": 0, "cos": 0.89428, "nce": 4.09752, "lat": 1.8412, "sig": 41.38508, "val": 3.17459}
18:10:40     epoch 1: {"epoch": 1, "cos": 0.84959, "nce": 3.81411, "lat": 1.54311, "sig": 28.93908, "val": 3.1887}
18:10:41     epoch 2: {"epoch": 2, "cos": 0.81092, "nce": 3.55083, "lat": 1.44073, "sig": 29.70033, "val": 3.21902}
18:10:42     epoch 3: {"epoch": 3, "cos": 0.77995, "nce": 3.3366, "lat": 1.43633, "sig": 30.13151, "val": 3.22761}
18:10:43     epoch 4: {"epoch": 4, "cos": 0.75416, "nce": 3.18662, "lat": 1.43996, "sig": 31.87467, "val": 3.35292}
18:10:43   seed 8: 5 epochs, best val 3.17459
18:10:45     epoch 0: {"epoch": 0, "cos": 0.89134, "nce": 4.10094, "lat": 1.83991, "sig": 43.0205, "val": 3.19422}
18:10:46     epoch 1: {"epoch": 1, "cos": 0.85147, "nce": 3.83068, "lat": 1.58644, "sig": 35.13768, "val": 3.18146}
18:10:47     epoch 2: {"epoch": 2, "cos": 0.81147, "nce": 3.55542, "lat": 1.4897, "sig": 32.55597, "val": 3.20934}
18:10:48     epoch 3: {"epoch": 3, "cos": 0.78173, "nce": 3.35993, "lat": 1.47554, "sig": 31.11897, "val": 3.20919}
18:10:49     epoch 4: {"epoch": 4, "cos": 0.75655, "nce": 3.19721, "lat": 1.46135, "sig": 30.28344, "val": 3.31832}
18:10:50     epoch 5: {"epoch": 5, "cos": 0.73842, "nce": 3.09398, "lat": 1.44379, "sig": 34.7878, "val": 3.27976}
18:10:50   seed 9: 6 epochs, best val 3.18146
18:10:52     epoch 0: {"epoch": 0, "cos": 0.89352, "nce": 4.09994, "lat": 1.82249, "sig": 39.91087, "val": 3.1871}
18:10:53     epoch 1: {"epoch": 1, "cos": 0.8483, "nce": 3.82785, "lat": 1.54968, "sig": 31.60503, "val": 3.19295}
18:10:54     epoch 2: {"epoch": 2, "cos": 0.81479, "nce": 3.55549, "lat": 1.4618, "sig": 29.59343, "val": 3.19706}
18:10:55     epoch 3: {"epoch": 3, "cos": 0.78239, "nce": 3.34779, "lat": 1.44751, "sig": 31.32137, "val": 3.23697}
18:10:56     epoch 4: {"epoch": 4, "cos": 0.75687, "nce": 3.19852, "lat": 1.44869, "sig": 33.72988, "val": 3.27475}
18:10:56   seed 10: 5 epochs, best val 3.18710
18:10:58     epoch 0: {"epoch": 0, "cos": 0.89803, "nce": 4.12366, "lat": 1.83423, "sig": 46.16307, "val": 3.1833}
18:10:59     epoch 1: {"epoch": 1, "cos": 0.8533, "nce": 3.82574, "lat": 1.55719, "sig": 32.70663, "val": 3.20142}
18:11:00     epoch 2: {"epoch": 2, "cos": 0.8156, "nce": 3.55508, "lat": 1.47207, "sig": 30.51939, "val": 3.21399}
18:11:01     epoch 3: {"epoch": 3, "cos": 0.78301, "nce": 3.34699, "lat": 1.45545, "sig": 29.71067, "val": 3.25592}
18:11:02     epoch 4: {"epoch": 4, "cos": 0.75476, "nce": 3.17868, "lat": 1.43216, "sig": 28.85569, "val": 3.30158}
18:11:02   seed 11: 5 epochs, best val 3.18330
18:11:08 A {"file": "effects_A.npz", "targets": 300, "mapped_to_cube": 300, "covered": 300, "cos_rete_vs_all_median": 0.7644306421279907, "cos_rete_vs_all_q10_q90": [0.6717993199825287, 0.8407970905303955], "lfc_abs_mean_covered": 0.06980648636817932}
18:11:13 B {"file": "effects_B.npz", "targets": 300, "mapped_to_cube": 300, "covered": 300, "cos_rete_vs_all_median": 0.7975682616233826, "cos_rete_vs_all_q10_q90": [0.7041921257972718, 0.8725218772888184], "lfc_abs_mean_covered": 0.06953966617584229}
18:11:19 C {"file": "effects_C.npz", "targets": 300, "mapped_to_cube": 300, "covered": 300, "cos_rete_vs_all_median": 0.8010402917861938, "cos_rete_vs_all_q10_q90": [0.7080716192722321, 0.8734962522983553], "lfc_abs_mean_covered": 0.06946718692779541}
