17:57:09 == H1
17:57:16   96 targets; T_all parity with guadagno.transfer ok
17:57:17   loading cache to cuda (fp16), fold H1: group 1 never read for fitting
17:57:18   train group CD4T: 1280 train, 220 val keys
17:57:18   train group HCT116: 1275 train, 225 val keys
17:57:18   train group HEK293T: 1280 train, 220 val keys
17:57:18   train group HepG2: 1293 train, 207 val keys
17:57:18   train group Jurkat: 1293 train, 207 val keys
17:57:18   train group K562: 1284 train, 216 val keys
17:57:18   train group Neuron: 64 train, 12 val keys
17:57:18   train group RPE1: 1295 train, 205 val keys
17:57:18   train group iPSC: 1283 train, 217 val keys
17:57:22     epoch 0: {"epoch": 0, "cos": 0.89336, "nce": 4.11328, "lat": 1.84596, "sig": 38.88936, "val": 3.19428}
17:57:22     epoch 1: {"epoch": 1, "cos": 0.85195, "nce": 3.83022, "lat": 1.55996, "sig": 25.11977, "val": 3.20404}
17:57:23     epoch 2: {"epoch": 2, "cos": 0.80905, "nce": 3.54263, "lat": 1.45504, "sig": 25.92624, "val": 3.25548}
17:57:24     epoch 3: {"epoch": 3, "cos": 0.77478, "nce": 3.32275, "lat": 1.44716, "sig": 28.86576, "val": 3.27469}
17:57:25     epoch 4: {"epoch": 4, "cos": 0.75196, "nce": 3.17387, "lat": 1.45111, "sig": 30.98966, "val": 3.28742}
17:57:26     epoch 0: {"epoch": 0, "cos": 0.89663, "nce": 4.12753, "lat": 1.84602, "sig": 38.5196, "val": 3.19443}
17:57:27     epoch 1: {"epoch": 1, "cos": 0.85095, "nce": 3.83558, "lat": 1.5491, "sig": 28.93826, "val": 3.22277}
17:57:28     epoch 2: {"epoch": 2, "cos": 0.80963, "nce": 3.53566, "lat": 1.45066, "sig": 25.39039, "val": 3.25891}
17:57:29     epoch 3: {"epoch": 3, "cos": 0.77677, "nce": 3.3212, "lat": 1.45616, "sig": 27.91718, "val": 3.35214}
17:57:30     epoch 4: {"epoch": 4, "cos": 0.74803, "nce": 3.14941, "lat": 1.44652, "sig": 28.7719, "val": 3.30778}
17:57:31     epoch 0: {"epoch": 0, "cos": 0.89538, "nce": 4.12087, "lat": 1.82808, "sig": 36.08216, "val": 3.1901}
17:57:31     epoch 1: {"epoch": 1, "cos": 0.84768, "nce": 3.82008, "lat": 1.55024, "sig": 27.309, "val": 3.19013}
17:57:32     epoch 2: {"epoch": 2, "cos": 0.8081, "nce": 3.54627, "lat": 1.46804, "sig": 24.6648, "val": 3.2638}
17:57:33     epoch 3: {"epoch": 3, "cos": 0.77802, "nce": 3.32416, "lat": 1.45803, "sig": 29.39854, "val": 3.26451}
17:57:34     epoch 4: {"epoch": 4, "cos": 0.75028, "nce": 3.15873, "lat": 1.47881, "sig": 32.34616, "val": 3.3547}
17:57:35     epoch 0: {"epoch": 0, "cos": 0.89286, "nce": 4.10846, "lat": 1.83206, "sig": 41.10026, "val": 3.18285}
17:57:36     epoch 1: {"epoch": 1, "cos": 0.84868, "nce": 3.83063, "lat": 1.53262, "sig": 26.86593, "val": 3.19476}
17:57:37     epoch 2: {"epoch": 2, "cos": 0.80729, "nce": 3.54519, "lat": 1.45258, "sig": 28.44745, "val": 3.22111}
17:57:38     epoch 3: {"epoch": 3, "cos": 0.77979, "nce": 3.33953, "lat": 1.44109, "sig": 26.87002, "val": 3.28596}
17:57:39     epoch 4: {"epoch": 4, "cos": 0.74983, "nce": 3.18135, "lat": 1.4456, "sig": 30.65251, "val": 3.29811}
17:57:40     epoch 0: {"epoch": 0, "cos": 0.89707, "nce": 4.12201, "lat": 1.8261, "sig": 39.1831, "val": 3.19003}
17:57:41     epoch 1: {"epoch": 1, "cos": 0.84792, "nce": 3.82773, "lat": 1.54901, "sig": 28.849, "val": 3.20463}
17:57:41     epoch 2: {"epoch": 2, "cos": 0.812, "nce": 3.55409, "lat": 1.47294, "sig": 28.11123, "val": 3.23754}
17:57:42     epoch 3: {"epoch": 3, "cos": 0.78116, "nce": 3.34422, "lat": 1.4564, "sig": 26.8092, "val": 3.3025}
17:57:43     epoch 4: {"epoch": 4, "cos": 0.75446, "nce": 3.18084, "lat": 1.43834, "sig": 26.41404, "val": 3.32161}
17:57:44   arms: {"all": {"cos": 0.1662, "pds": 0.9086, "mse": 10.9423}, "rete": {"cos": 0.1981, "pds": 0.8643, "mse": 14.2216}, "rete_pesi": {"cos": 0.1584, "pds": 0.9103, "mse": 12.631}, "rete_centrata": {"cos": 0.1973, "pds": 0.8636, "mse": 14.3684}}
17:57:44   rete-all: {"cos": {"mean": 0.03185184299945831, "lo90": 0.01948562264442444, "hi90": 0.04433080181479454, "n": 95}, "pds": {"mean": -0.04429824561403509, "lo90": -0.07697368421052632, "hi90": -0.014682017543859657, "n": 96}, "mse": {"mean": 3.2793660163879395, "lo90": 0.8375640511512756, "hi90": 6.896369457244873, "n": 95}}
17:57:44   35 s
17:57:44 == HepG2
17:58:13   400 targets; T_all parity with guadagno.transfer ok
17:58:13   loading cache to cuda (fp16), fold HepG2: group 4 never read for fitting
17:58:20   train group CD4T: 1280 train, 220 val keys
17:58:20   train group H1: 76 train, 20 val keys
17:58:20   train group HCT116: 1275 train, 225 val keys
17:58:20   train group HEK293T: 1280 train, 220 val keys
17:58:20   train group Jurkat: 1293 train, 207 val keys
17:58:20   train group K562: 1284 train, 216 val keys
17:58:20   train group Neuron: 64 train, 12 val keys
17:58:20   train group RPE1: 1295 train, 205 val keys
17:58:20   train group iPSC: 1283 train, 217 val keys
17:58:21     epoch 0: {"epoch": 0, "cos": 0.90502, "nce": 4.20673, "lat": 1.84424, "sig": 38.12137, "val": 3.23002}
17:58:22     epoch 1: {"epoch": 1, "cos": 0.8532, "nce": 3.87101, "lat": 1.55738, "sig": 26.83404, "val": 3.26027}
17:58:23     epoch 2: {"epoch": 2, "cos": 0.81041, "nce": 3.57161, "lat": 1.45919, "sig": 28.01893, "val": 3.28033}
17:58:24     epoch 3: {"epoch": 3, "cos": 0.77142, "nce": 3.31747, "lat": 1.45122, "sig": 27.53655, "val": 3.37174}
17:58:24     epoch 4: {"epoch": 4, "cos": 0.74946, "nce": 3.16578, "lat": 1.43452, "sig": 29.61362, "val": 3.36394}
17:58:25     epoch 0: {"epoch": 0, "cos": 0.90696, "nce": 4.19297, "lat": 1.85247, "sig": 38.06518, "val": 3.27745}
17:58:26     epoch 1: {"epoch": 1, "cos": 0.85398, "nce": 3.87713, "lat": 1.57057, "sig": 30.59636, "val": 3.26326}
17:58:27     epoch 2: {"epoch": 2, "cos": 0.80824, "nce": 3.57317, "lat": 1.48927, "sig": 29.0029, "val": 3.31552}
17:58:28     epoch 3: {"epoch": 3, "cos": 0.77468, "nce": 3.34179, "lat": 1.48783, "sig": 29.48311, "val": 3.34302}
17:58:29     epoch 4: {"epoch": 4, "cos": 0.7441, "nce": 3.15637, "lat": 1.46768, "sig": 30.57076, "val": 3.41652}
17:58:29     epoch 5: {"epoch": 5, "cos": 0.72816, "nce": 3.05611, "lat": 1.44575, "sig": 37.00003, "val": 3.3999}
17:58:30     epoch 0: {"epoch": 0, "cos": 0.90486, "nce": 4.22232, "lat": 1.84992, "sig": 42.66396, "val": 3.24301}
17:58:31     epoch 1: {"epoch": 1, "cos": 0.85642, "nce": 3.89825, "lat": 1.58534, "sig": 30.86158, "val": 3.24104}
17:58:32     epoch 2: {"epoch": 2, "cos": 0.81658, "nce": 3.60377, "lat": 1.49264, "sig": 29.89975, "val": 3.30371}
17:58:33     epoch 3: {"epoch": 3, "cos": 0.7772, "nce": 3.36143, "lat": 1.47772, "sig": 28.90724, "val": 3.31896}
17:58:33     epoch 4: {"epoch": 4, "cos": 0.74906, "nce": 3.17211, "lat": 1.4631, "sig": 31.11919, "val": 3.35904}
17:58:34     epoch 5: {"epoch": 5, "cos": 0.72868, "nce": 3.03843, "lat": 1.44668, "sig": 33.18387, "val": 3.41905}
17:58:35     epoch 0: {"epoch": 0, "cos": 0.90632, "nce": 4.22466, "lat": 1.83123, "sig": 45.35677, "val": 3.28672}
17:58:36     epoch 1: {"epoch": 1, "cos": 0.86206, "nce": 3.9265, "lat": 1.5693, "sig": 31.78026, "val": 3.26769}
17:58:37     epoch 2: {"epoch": 2, "cos": 0.81864, "nce": 3.6217, "lat": 1.47932, "sig": 30.95478, "val": 3.32768}
17:58:38     epoch 3: {"epoch": 3, "cos": 0.78533, "nce": 3.39687, "lat": 1.45655, "sig": 30.33187, "val": 3.37429}
17:58:38     epoch 4: {"epoch": 4, "cos": 0.75104, "nce": 3.19109, "lat": 1.45761, "sig": 31.21792, "val": 3.37728}
17:58:39     epoch 5: {"epoch": 5, "cos": 0.73101, "nce": 3.06279, "lat": 1.42795, "sig": 30.85101, "val": 3.42528}
17:58:40     epoch 0: {"epoch": 0, "cos": 0.90477, "nce": 4.21627, "lat": 1.87224, "sig": 39.17359, "val": 3.2592}
17:58:41     epoch 1: {"epoch": 1, "cos": 0.85735, "nce": 3.90842, "lat": 1.57235, "sig": 31.61064, "val": 3.23938}
17:58:42     epoch 2: {"epoch": 2, "cos": 0.81539, "nce": 3.62375, "lat": 1.49572, "sig": 29.98791, "val": 3.35081}
17:58:43     epoch 3: {"epoch": 3, "cos": 0.77897, "nce": 3.35175, "lat": 1.46089, "sig": 30.42126, "val": 3.33253}
17:58:44     epoch 4: {"epoch": 4, "cos": 0.74496, "nce": 3.16396, "lat": 1.46324, "sig": 30.8737, "val": 3.38296}
17:58:44     epoch 5: {"epoch": 5, "cos": 0.72643, "nce": 3.02902, "lat": 1.44921, "sig": 32.36086, "val": 3.40883}
17:58:47   arms: {"all": {"cos": 0.2547, "pds": 0.7824, "mse": 4.1348}, "rete": {"cos": 0.3102, "pds": 0.8169, "mse": 4.1186}, "rete_pesi": {"cos": 0.2538, "pds": 0.8074, "mse": 3.9816}, "rete_centrata": {"cos": 0.2763, "pds": 0.8214, "mse": 4.2739}}
17:58:47   rete-all: {"cos": {"mean": 0.05543989688158035, "lo90": 0.044733624905347824, "hi90": 0.06648393720388412, "n": 383}, "pds": {"mean": 0.03451127819548872, "lo90": 0.014686090225563908, "hi90": 0.05393483709273182, "n": 400}, "mse": {"mean": -0.016140004619956017, "lo90": -0.19620360434055328, "hi90": 0.15358902513980865, "n": 383}}
17:58:47   63 s
17:58:47 == RPE1
17:59:17   400 targets; T_all parity with guadagno.transfer ok
17:59:17   loading cache to cuda (fp16), fold RPE1: group 8 never read for fitting
17:59:23   train group CD4T: 1280 train, 220 val keys
17:59:23   train group H1: 76 train, 20 val keys
17:59:23   train group HCT116: 1275 train, 225 val keys
17:59:23   train group HEK293T: 1280 train, 220 val keys
17:59:23   train group HepG2: 1293 train, 207 val keys
17:59:23   train group Jurkat: 1293 train, 207 val keys
17:59:23   train group K562: 1284 train, 216 val keys
17:59:23   train group Neuron: 64 train, 12 val keys
17:59:23   train group iPSC: 1283 train, 217 val keys
17:59:25     epoch 0: {"epoch": 0, "cos": 0.90447, "nce": 4.18467, "lat": 1.83016, "sig": 34.19157, "val": 3.24261}
17:59:25     epoch 1: {"epoch": 1, "cos": 0.85217, "nce": 3.84237, "lat": 1.56379, "sig": 27.03906, "val": 3.24674}
17:59:26     epoch 2: {"epoch": 2, "cos": 0.81154, "nce": 3.5314, "lat": 1.45866, "sig": 26.87559, "val": 3.2756}
17:59:27     epoch 3: {"epoch": 3, "cos": 0.77641, "nce": 3.30522, "lat": 1.46364, "sig": 26.70051, "val": 3.36346}
17:59:28     epoch 4: {"epoch": 4, "cos": 0.75235, "nce": 3.13919, "lat": 1.44795, "sig": 27.8507, "val": 3.39582}
17:59:29     epoch 0: {"epoch": 0, "cos": 0.90966, "nce": 4.19967, "lat": 1.83815, "sig": 35.89129, "val": 3.23638}
17:59:30     epoch 1: {"epoch": 1, "cos": 0.85488, "nce": 3.8515, "lat": 1.5447, "sig": 25.45749, "val": 3.2454}
17:59:31     epoch 2: {"epoch": 2, "cos": 0.80847, "nce": 3.52897, "lat": 1.47893, "sig": 27.5571, "val": 3.31222}
17:59:32     epoch 3: {"epoch": 3, "cos": 0.77785, "nce": 3.30588, "lat": 1.47538, "sig": 30.04851, "val": 3.36904}
17:59:33     epoch 4: {"epoch": 4, "cos": 0.75099, "nce": 3.14548, "lat": 1.4426, "sig": 28.3207, "val": 3.37516}
17:59:34     epoch 0: {"epoch": 0, "cos": 0.90958, "nce": 4.20271, "lat": 1.83167, "sig": 33.35201, "val": 3.23895}
17:59:35     epoch 1: {"epoch": 1, "cos": 0.85598, "nce": 3.85309, "lat": 1.56028, "sig": 27.07969, "val": 3.25102}
17:59:35     epoch 2: {"epoch": 2, "cos": 0.81248, "nce": 3.53914, "lat": 1.4827, "sig": 29.12683, "val": 3.284}
17:59:36     epoch 3: {"epoch": 3, "cos": 0.777, "nce": 3.30863, "lat": 1.48963, "sig": 30.34054, "val": 3.33938}
17:59:37     epoch 4: {"epoch": 4, "cos": 0.75264, "nce": 3.144, "lat": 1.48745, "sig": 30.433, "val": 3.37456}
17:59:38     epoch 0: {"epoch": 0, "cos": 0.90575, "nce": 4.20258, "lat": 1.8243, "sig": 34.42753, "val": 3.23093}
17:59:39     epoch 1: {"epoch": 1, "cos": 0.8547, "nce": 3.87155, "lat": 1.55383, "sig": 27.45598, "val": 3.26179}
17:59:40     epoch 2: {"epoch": 2, "cos": 0.81125, "nce": 3.55518, "lat": 1.46825, "sig": 24.19542, "val": 3.29884}
17:59:41     epoch 3: {"epoch": 3, "cos": 0.77954, "nce": 3.32884, "lat": 1.46273, "sig": 29.71624, "val": 3.34628}
17:59:42     epoch 4: {"epoch": 4, "cos": 0.74786, "nce": 3.11729, "lat": 1.46535, "sig": 28.33394, "val": 3.38006}
17:59:43     epoch 0: {"epoch": 0, "cos": 0.90408, "nce": 4.1928, "lat": 1.84516, "sig": 36.28561, "val": 3.22576}
17:59:44     epoch 1: {"epoch": 1, "cos": 0.85276, "nce": 3.87595, "lat": 1.55864, "sig": 27.94033, "val": 3.2976}
17:59:45     epoch 2: {"epoch": 2, "cos": 0.8174, "nce": 3.58423, "lat": 1.48343, "sig": 27.39783, "val": 3.29236}
17:59:46     epoch 3: {"epoch": 3, "cos": 0.78096, "nce": 3.34661, "lat": 1.45544, "sig": 28.11584, "val": 3.29974}
17:59:47     epoch 4: {"epoch": 4, "cos": 0.75307, "nce": 3.15472, "lat": 1.45818, "sig": 25.77551, "val": 3.37713}
17:59:49   arms: {"all": {"cos": 0.1815, "pds": 0.7736, "mse": 2.0353}, "rete": {"cos": 0.2174, "pds": 0.8226, "mse": 2.0341}, "rete_pesi": {"cos": 0.1869, "pds": 0.7815, "mse": 2.0027}, "rete_centrata": {"cos": 0.203, "pds": 0.8092, "mse": 2.0551}}
17:59:49   rete-all: {"cos": {"mean": 0.035924725234508514, "lo90": 0.02855009399354458, "hi90": 0.04371759667992592, "n": 397}, "pds": {"mean": 0.04904761904761905, "lo90": 0.029372180451127817, "hi90": 0.06803634085213033, "n": 400}, "mse": {"mean": -0.0011926123406738043, "lo90": -0.023820728063583374, "hi90": 0.026558758690953255, "n": 397}}
17:59:49   62 s
17:59:49 == Jurkat
18:00:21   400 targets; T_all parity with guadagno.transfer ok
18:00:21   loading cache to cuda (fp16), fold Jurkat: group 5 never read for fitting
18:00:27   train group CD4T: 1280 train, 220 val keys
18:00:27   train group H1: 76 train, 20 val keys
18:00:27   train group HCT116: 1275 train, 225 val keys
18:00:27   train group HEK293T: 1280 train, 220 val keys
18:00:27   train group HepG2: 1293 train, 207 val keys
18:00:27   train group K562: 1284 train, 216 val keys
18:00:27   train group Neuron: 64 train, 12 val keys
18:00:27   train group RPE1: 1295 train, 205 val keys
18:00:27   train group iPSC: 1283 train, 217 val keys
18:00:29     epoch 0: {"epoch": 0, "cos": 0.90333, "nce": 4.22028, "lat": 1.84701, "sig": 37.41043, "val": 3.24113}
18:00:30     epoch 1: {"epoch": 1, "cos": 0.85064, "nce": 3.88651, "lat": 1.56514, "sig": 26.77537, "val": 3.25092}
18:00:30     epoch 2: {"epoch": 2, "cos": 0.80709, "nce": 3.57651, "lat": 1.46729, "sig": 30.50648, "val": 3.28922}
18:00:31     epoch 3: {"epoch": 3, "cos": 0.77088, "nce": 3.31473, "lat": 1.45814, "sig": 26.55964, "val": 3.34705}
18:00:32     epoch 4: {"epoch": 4, "cos": 0.74335, "nce": 3.13102, "lat": 1.44801, "sig": 28.75178, "val": 3.37651}
18:00:33     epoch 0: {"epoch": 0, "cos": 0.90248, "nce": 4.21241, "lat": 1.83939, "sig": 35.50524, "val": 3.26565}
18:00:34     epoch 1: {"epoch": 1, "cos": 0.8521, "nce": 3.87902, "lat": 1.56851, "sig": 28.57049, "val": 3.25265}
18:00:35     epoch 2: {"epoch": 2, "cos": 0.80544, "nce": 3.56797, "lat": 1.47604, "sig": 29.1794, "val": 3.27615}
18:00:35     epoch 3: {"epoch": 3, "cos": 0.77248, "nce": 3.32951, "lat": 1.47218, "sig": 28.08556, "val": 3.33696}
18:00:36     epoch 4: {"epoch": 4, "cos": 0.7418, "nce": 3.16247, "lat": 1.46493, "sig": 31.74166, "val": 3.37525}
18:00:37     epoch 5: {"epoch": 5, "cos": 0.72484, "nce": 3.01949, "lat": 1.45868, "sig": 33.63639, "val": 3.41016}
18:00:38     epoch 0: {"epoch": 0, "cos": 0.90134, "nce": 4.2056, "lat": 1.84926, "sig": 38.44915, "val": 3.25471}
18:00:39     epoch 1: {"epoch": 1, "cos": 0.85152, "nce": 3.88469, "lat": 1.55284, "sig": 27.59416, "val": 3.22883}
18:00:40     epoch 2: {"epoch": 2, "cos": 0.80959, "nce": 3.57452, "lat": 1.47839, "sig": 31.38102, "val": 3.31746}
18:00:41     epoch 3: {"epoch": 3, "cos": 0.77239, "nce": 3.34445, "lat": 1.47424, "sig": 28.3903, "val": 3.32812}
18:00:41     epoch 4: {"epoch": 4, "cos": 0.74495, "nce": 3.17025, "lat": 1.44609, "sig": 29.47974, "val": 3.34867}
18:00:42     epoch 5: {"epoch": 5, "cos": 0.72713, "nce": 3.03599, "lat": 1.44187, "sig": 30.30424, "val": 3.42145}
18:00:43     epoch 0: {"epoch": 0, "cos": 0.90333, "nce": 4.22247, "lat": 1.83802, "sig": 42.02243, "val": 3.28422}
18:00:44     epoch 1: {"epoch": 1, "cos": 0.85587, "nce": 3.89901, "lat": 1.56533, "sig": 32.70911, "val": 3.25421}
18:00:45     epoch 2: {"epoch": 2, "cos": 0.81204, "nce": 3.59499, "lat": 1.48715, "sig": 30.865, "val": 3.31377}
18:00:46     epoch 3: {"epoch": 3, "cos": 0.77835, "nce": 3.36265, "lat": 1.46534, "sig": 30.51045, "val": 3.35765}
18:00:47     epoch 4: {"epoch": 4, "cos": 0.74798, "nce": 3.18348, "lat": 1.4689, "sig": 30.40508, "val": 3.4066}
18:00:47     epoch 5: {"epoch": 5, "cos": 0.72463, "nce": 3.03219, "lat": 1.43685, "sig": 30.45252, "val": 3.42609}
18:00:48     epoch 0: {"epoch": 0, "cos": 0.90303, "nce": 4.20973, "lat": 1.87031, "sig": 36.61571, "val": 3.23974}
18:00:49     epoch 1: {"epoch": 1, "cos": 0.85287, "nce": 3.89356, "lat": 1.57116, "sig": 29.63391, "val": 3.2699}
18:00:50     epoch 2: {"epoch": 2, "cos": 0.81277, "nce": 3.61172, "lat": 1.46756, "sig": 28.24205, "val": 3.2806}
18:00:51     epoch 3: {"epoch": 3, "cos": 0.77877, "nce": 3.36324, "lat": 1.46123, "sig": 30.61734, "val": 3.31996}
18:00:52     epoch 4: {"epoch": 4, "cos": 0.75124, "nce": 3.19507, "lat": 1.43913, "sig": 30.66706, "val": 3.34442}
18:00:54   arms: {"all": {"cos": 0.2306, "pds": 0.766, "mse": 3.8007}, "rete": {"cos": 0.2934, "pds": 0.8242, "mse": 3.6331}, "rete_pesi": {"cos": 0.2323, "pds": 0.7869, "mse": 3.6871}, "rete_centrata": {"cos": 0.2658, "pds": 0.8206, "mse": 3.7801}}
18:00:54   rete-all: {"cos": {"mean": 0.06280843168497086, "lo90": 0.05390409007668495, "hi90": 0.07190387696027756, "n": 376}, "pds": {"mean": 0.0581203007518797, "lo90": 0.03878383458646616, "hi90": 0.07948621553884712, "n": 400}, "mse": {"mean": -0.16755738854408264, "lo90": -0.22459545731544495, "hi90": -0.1151779517531395, "n": 376}}
18:00:54   65 s
18:00:54 == K562
18:01:43   400 targets; T_all parity with guadagno.transfer ok
18:01:43   loading cache to cuda (fp16), fold K562: group 6 never read for fitting
18:01:49   train group CD4T: 1280 train, 220 val keys
18:01:49   train group H1: 76 train, 20 val keys
18:01:49   train group HCT116: 1275 train, 225 val keys
18:01:49   train group HEK293T: 1280 train, 220 val keys
18:01:49   train group HepG2: 1293 train, 207 val keys
18:01:49   train group Jurkat: 1293 train, 207 val keys
18:01:49   train group Neuron: 64 train, 12 val keys
18:01:49   train group RPE1: 1295 train, 205 val keys
18:01:49   train group iPSC: 1283 train, 217 val keys
18:01:51     epoch 0: {"epoch": 0, "cos": 0.89971, "nce": 4.2086, "lat": 1.8631, "sig": 47.20266, "val": 3.22659}
18:01:52     epoch 1: {"epoch": 1, "cos": 0.8498, "nce": 3.87658, "lat": 1.62035, "sig": 33.04532, "val": 3.20621}
18:01:53     epoch 2: {"epoch": 2, "cos": 0.80282, "nce": 3.54895, "lat": 1.50384, "sig": 33.37155, "val": 3.26555}
18:01:53     epoch 3: {"epoch": 3, "cos": 0.76669, "nce": 3.31271, "lat": 1.47438, "sig": 31.681, "val": 3.26836}
18:01:54     epoch 4: {"epoch": 4, "cos": 0.74319, "nce": 3.16579, "lat": 1.45481, "sig": 33.75016, "val": 3.33731}
18:01:55     epoch 5: {"epoch": 5, "cos": 0.72375, "nce": 3.0406, "lat": 1.42534, "sig": 35.33274, "val": 3.37155}
18:01:56     epoch 0: {"epoch": 0, "cos": 0.9026, "nce": 4.2086, "lat": 1.86855, "sig": 46.72083, "val": 3.22336}
18:01:57     epoch 1: {"epoch": 1, "cos": 0.84773, "nce": 3.85373, "lat": 1.59909, "sig": 36.42414, "val": 3.25637}
18:01:58     epoch 2: {"epoch": 2, "cos": 0.81047, "nce": 3.58625, "lat": 1.51161, "sig": 35.31207, "val": 3.25116}
18:01:59     epoch 3: {"epoch": 3, "cos": 0.77452, "nce": 3.33873, "lat": 1.48152, "sig": 33.68217, "val": 3.30385}
18:01:59     epoch 4: {"epoch": 4, "cos": 0.74916, "nce": 3.18019, "lat": 1.46486, "sig": 34.40883, "val": 3.33266}
18:02:00     epoch 0: {"epoch": 0, "cos": 0.90242, "nce": 4.20328, "lat": 1.8676, "sig": 46.60042, "val": 3.25087}
18:02:01     epoch 1: {"epoch": 1, "cos": 0.85147, "nce": 3.87038, "lat": 1.61754, "sig": 37.07769, "val": 3.2542}
18:02:02     epoch 2: {"epoch": 2, "cos": 0.80686, "nce": 3.56505, "lat": 1.51897, "sig": 35.56759, "val": 3.29727}
18:02:03     epoch 3: {"epoch": 3, "cos": 0.77356, "nce": 3.35312, "lat": 1.49258, "sig": 32.7766, "val": 3.31282}
18:02:04     epoch 4: {"epoch": 4, "cos": 0.74674, "nce": 3.17342, "lat": 1.47621, "sig": 36.19482, "val": 3.33989}
18:02:05     epoch 0: {"epoch": 0, "cos": 0.90354, "nce": 4.21609, "lat": 1.86789, "sig": 47.14656, "val": 3.20874}
18:02:06     epoch 1: {"epoch": 1, "cos": 0.85166, "nce": 3.87688, "lat": 1.60434, "sig": 33.50115, "val": 3.23026}
18:02:07     epoch 2: {"epoch": 2, "cos": 0.802, "nce": 3.55819, "lat": 1.48799, "sig": 31.32964, "val": 3.29478}
18:02:07     epoch 3: {"epoch": 3, "cos": 0.77154, "nce": 3.33937, "lat": 1.48349, "sig": 36.8062, "val": 3.29724}
18:02:08     epoch 4: {"epoch": 4, "cos": 0.74302, "nce": 3.17285, "lat": 1.46033, "sig": 35.70885, "val": 3.33225}
18:02:09     epoch 0: {"epoch": 0, "cos": 0.89877, "nce": 4.19924, "lat": 1.87373, "sig": 43.95052, "val": 3.22973}
18:02:10     epoch 1: {"epoch": 1, "cos": 0.8488, "nce": 3.88421, "lat": 1.6114, "sig": 34.17802, "val": 3.23434}
18:02:11     epoch 2: {"epoch": 2, "cos": 0.80491, "nce": 3.56926, "lat": 1.51787, "sig": 35.84282, "val": 3.3016}
18:02:12     epoch 3: {"epoch": 3, "cos": 0.76961, "nce": 3.32835, "lat": 1.48735, "sig": 36.9929, "val": 3.39474}
18:02:13     epoch 4: {"epoch": 4, "cos": 0.74808, "nce": 3.21831, "lat": 1.46177, "sig": 37.02018, "val": 3.30799}
18:02:15   arms: {"all": {"cos": 0.1754, "pds": 0.6716, "mse": 8.2399}, "rete": {"cos": 0.2401, "pds": 0.6781, "mse": 8.0425}, "rete_pesi": {"cos": 0.1844, "pds": 0.6917, "mse": 7.9747}, "rete_centrata": {"cos": 0.2307, "pds": 0.7067, "mse": 8.2052}}
18:02:15   rete-all: {"cos": {"mean": 0.0646587684750557, "lo90": 0.055461104959249496, "hi90": 0.07457374036312103, "n": 372}, "pds": {"mean": 0.006541353383458643, "lo90": -0.01674436090225564, "hi90": 0.030858395989974925, "n": 400}, "mse": {"mean": -0.19740192592144012, "lo90": -0.35291537642478943, "hi90": -0.028638619929552078, "n": 372}}
18:02:15   81 s
18:02:15 rule: {"arm": "rete", "mean_cos_diff": 0.05013673305511475, "lines_lo90_above_0": 5, "mean_pds_diff": 0.020784461152882204, "any_line_pds_below_-0.02": true, "n_lines": 5, "passed": false}
