{
  "T_by_key": {
    "h1_vcc2025|H1": {
      "n": 17,
      "cos": -0.5173391740365355,
      "generic": 0.4211675510724395,
      "ll_specific": -0.0002846054678015849,
      "contradictory": 11
    },
    "jurkat_nadig|Jurkat": {
      "n": 21,
      "cos": 0.1697712762785729,
      "generic": 0.21249554167452436,
      "ll_specific": 0.0015110518454873403,
      "contradictory": 9
    },
    "replogle_k562_essential|K562": {
      "n": 30,
      "cos": 0.48496704312346584,
      "generic": 0.44525871381753473,
      "ll_specific": 0.003762856486719102,
      "contradictory": 4
    },
    "replogle_k562_gwps|K562": {
      "n": 315,
      "cos": -0.12755296359127336,
      "generic": -0.055747636920284595,
      "ll_specific": 0.0015485907994425073,
      "contradictory": 239
    },
    "replogle_rpe1|RPE1": {
      "n": 17,
      "cos": 0.34597759024022423,
      "generic": 0.335429651715934,
      "ll_specific": 0.0013302318762083922,
      "contradictory": 5
    }
  },
  "C": {
    "groups": 400,
    "unique_symbols": 400,
    "ll_gain_vs_no_effect": {
      "mean": 0.024839373533322943,
      "median": 0.020122158341109753,
      "positive": 0.9975,
      "n": 400
    },
    "ll_gain_vs_unknown_target": {
      "mean": 0.0036730424367760863,
      "median": 0.0009236350597348064,
      "positive": 0.5225,
      "n": 400
    },
    "cos_model": {
      "mean": 0.2656450156873333,
      "median": 0.23681847376250365,
      "positive": 0.69,
      "n": 400
    },
    "cos_transfer": {
      "mean": 0.38995094499933997,
      "median": 0.3726275523394665,
      "positive": 0.9875,
      "n": 400
    },
    "cos_generic": {
      "mean": -0.019088267766287373,
      "median": -0.02590644499015654,
      "positive": 0.415,
      "n": 400
    },
    "pi_mean": {
      "mean": 0.47637598527544156,
      "median": 0.45168064534664154,
      "positive": 1.0,
      "n": 400
    },
    "cells": {
      "mean": 129.9,
      "median": 103.5,
      "positive": 1.0,
      "n": 400
    },
    "admitted_cells": {
      "mean": 132.305,
      "median": 103.5,
      "positive": 1.0,
      "n": 400
    },
    "likelihood_positive_cosine_negative": 50,
    "model_minus_transfer": {
      "mean": -0.12430592931200668,
      "win_fraction": 0.3825,
      "exploratory_target_bootstrap_95": [
        -0.14766255307071435,
        -0.1020772169788211
      ],
      "caveat": "one held-out context; targets are not independent biological families"
    }
  },
  "J": {
    "groups": 226,
    "unique_symbols": 226,
    "ll_gain_vs_no_effect": {
      "mean": 0.02072961464270834,
      "median": 0.01747953426092863,
      "positive": 1.0,
      "n": 226
    },
    "ll_gain_vs_unknown_target": {
      "mean": 0.0023124055723869343,
      "median": 0.0005069468315923586,
      "positive": 0.5221238938053098,
      "n": 226
    },
    "cos_model": {
      "mean": 0.1080369259719177,
      "median": 0.022756819482255636,
      "positive": 0.5309734513274337,
      "n": 226
    },
    "cos_generic": {
      "mean": -0.10107182298274846,
      "median": -0.11650428100219232,
      "positive": 0.23008849557522124,
      "n": 226
    },
    "pi_mean": {
      "mean": 0.41978981118418474,
      "median": 0.3979128897190094,
      "positive": 1.0,
      "n": 226
    },
    "cells": {
      "mean": 72.63716814159292,
      "median": 50.5,
      "positive": 1.0,
      "n": 226
    },
    "admitted_cells": {
      "mean": 73.37610619469027,
      "median": 50.5,
      "positive": 1.0,
      "n": 226
    },
    "likelihood_positive_cosine_negative": 52
  },
  "composition": {
    "h1_vcc2025": {
      "cells": 258706,
      "draws": 995969,
      "contexts": [
        "h1_vcc2025|H1"
      ],
      "cell_fraction": 0.07711816661549423,
      "loss_weight": 1.4407903609159087
    },
    "hipsci_targeted_19": {
      "cells": 571338,
      "draws": 2207133,
      "contexts": [
        "hipsci_targeted_19|eipl_1",
        "hipsci_targeted_19|eipl_3",
        "hipsci_targeted_19|fiaj_1",
        "hipsci_targeted_19|fiaj_3",
        "hipsci_targeted_19|iudw_1",
        "hipsci_targeted_19|iudw_4",
        "hipsci_targeted_19|jejf_2",
        "hipsci_targeted_19|jejf_3",
        "hipsci_targeted_19|kolf_2",
        "hipsci_targeted_19|kolf_3",
        "hipsci_targeted_19|oikd_2",
        "hipsci_targeted_19|oikd_5",
        "hipsci_targeted_19|paab_3",
        "hipsci_targeted_19|paab_4",
        "hipsci_targeted_19|pipw_4",
        "hipsci_targeted_19|pipw_5",
        "hipsci_targeted_19|tolg_4",
        "hipsci_targeted_19|tolg_6",
        "hipsci_targeted_19|zapk_3"
      ],
      "cell_fraction": 0.1703112377670531,
      "loss_weight": 0.6524003498999036
    },
    "jurkat_nadig": {
      "cells": 232377,
      "draws": 909317,
      "contexts": [
        "jurkat_nadig|Jurkat"
      ],
      "cell_fraction": 0.06926970462072275,
      "loss_weight": 1.6040361615440044
    },
    "replogle_k562_essential": {
      "cells": 277981,
      "draws": 1080370,
      "contexts": [
        "replogle_k562_essential|K562"
      ],
      "cell_fraction": 0.0828638882513034,
      "loss_weight": 1.3408870070656307
    },
    "replogle_k562_gwps": {
      "cells": 1793450,
      "draws": 6800122,
      "contexts": [
        "replogle_k562_gwps|K562"
      ],
      "cell_fraction": 0.5346129425547074,
      "loss_weight": 0.20783468237816002
    },
    "replogle_rpe1": {
      "cells": 220818,
      "draws": 851121,
      "contexts": [
        "replogle_rpe1|RPE1"
      ],
      "cell_fraction": 0.06582406019071921,
      "loss_weight": 1.6880014813607185
    }
  }
}
