{
  "steps": 50172,
  "draws_exactly_match_logged_per_study": true,
  "studies_per_batch": {
    "3": 19450,
    "4": 3008,
    "2": 23265,
    "5": 34,
    "1": 4414,
    "6": 1
  },
  "coefficients_not_gradient_norms": true,
  "study": {
    "h1_vcc2025": {
      "cell_fraction": 0.07754332907298891,
      "actual_mean_loss_coefficient": 0.13706609000882441,
      "fixed_denominator_coefficient": 0.16623711289499082,
      "equal_active_studies": 0.16666666666666666
    },
    "hipsci_targeted_19": {
      "cell_fraction": 0.17184113213047117,
      "actual_mean_loss_coefficient": 0.18917603459659088,
      "fixed_denominator_coefficient": 0.1668107603066258,
      "equal_active_studies": 0.16666666666666666
    },
    "jurkat_nadig": {
      "cell_fraction": 0.0707968494628478,
      "actual_mean_loss_coefficient": 0.11183042638014173,
      "fixed_denominator_coefficient": 0.1689704799465712,
      "equal_active_studies": 0.16666666666666666
    },
    "replogle_k562_essential": {
      "cell_fraction": 0.0841145521904648,
      "actual_mean_loss_coefficient": 0.12689818143003342,
      "fixed_denominator_coefficient": 0.16782090973536093,
      "equal_active_studies": 0.16666666666666666
    },
    "replogle_k562_gwps": {
      "cell_fraction": 0.5294382636231364,
      "actual_mean_loss_coefficient": 0.3260584226992083,
      "fixed_denominator_coefficient": 0.163725414594873,
      "equal_active_studies": 0.16666666666666666
    },
    "replogle_rpe1": {
      "cell_fraction": 0.06626587352009089,
      "actual_mean_loss_coefficient": 0.10897084488520138,
      "fixed_denominator_coefficient": 0.16643532252157833,
      "equal_active_studies": 0.16666666666666666
    }
  },
  "pool_merge_counterexample": {
    "equal_size_shards": 10,
    "expected_current_share_by_order": [
      0.001953125,
      0.001953125,
      0.00390625,
      0.0078125,
      0.015625,
      0.03125,
      0.0625,
      0.125,
      0.25,
      0.5
    ],
    "uniform_share": 0.1,
    "last_over_first_ratio": 256.0
  }
}
