[{"stream_name":"stderr","time":3.65570528,"data":"Traceback (most recent call last):\n"}
,{"stream_name":"stderr","time":3.656262893,"data":"  File \"/kaggle/src/script.py\", line 7, in \u003cmodule\u003e\n"}
,{"stream_name":"stderr","time":3.6562807250000002,"data":"    runpy.run_path(\"runtime.py\",run_name=\"__main__\")\n"}
,{"stream_name":"stderr","time":3.656285278,"data":"    ~~~~~~~~~~~~~~^^^^^^^^^^^^^^^^^^^^^^^^^^^^^^^^^^\n"}
,{"stream_name":"stderr","time":3.6562891889999998,"data":"  File \"\u003cfrozen runpy\u003e\", line 294, in run_path\n"}
,{"stream_name":"stderr","time":3.65629323,"data":"  File \"\u003cfrozen runpy\u003e\", line 98, in _run_module_code\n"}
,{"stream_name":"stderr","time":3.656297055,"data":"  File \"\u003cfrozen runpy\u003e\", line 88, in _run_code\n"}
,{"stream_name":"stderr","time":3.656301524,"data":"  File \"runtime.py\", line 328, in \u003cmodule\u003e\n"}
,{"stream_name":"stderr","time":3.6563051399999997,"data":"    main()\n"}
,{"stream_name":"stderr","time":3.656308853,"data":"    ~~~~^^\n"}
,{"stream_name":"stderr","time":3.656312338,"data":"  File \"runtime.py\", line 215, in main\n"}
,{"stream_name":"stderr","time":3.656316073,"data":"    files = locate(unit)\n"}
,{"stream_name":"stderr","time":3.65631966,"data":"  File \"runtime.py\", line 56, in locate\n"}
,{"stream_name":"stderr","time":3.656323523,"data":"    raise ValueError('ambiguous or missing bank file: %s %s (%d)' % (unit['unit'], name, len(matches)))\n"}
,{"stream_name":"stderr","time":3.656327682,"data":"ValueError: ambiguous or missing bank file: tian2019_ipsc count_sum.npz (0)\n"}
,{"stream_name":"stderr","time":6.827112627,"data":"/usr/local/lib/python3.13/dist-packages/mistune.py:435: SyntaxWarning: invalid escape sequence '\\|'\n"}
,{"stream_name":"stderr","time":6.827146233,"data":"  cells[i][c] = re.sub('\\\\\\\\\\|', '|', cell)\n"}
,{"stream_name":"stderr","time":7.373731103,"data":"/usr/local/lib/python3.13/dist-packages/nbconvert/filters/filter_links.py:36: SyntaxWarning: invalid escape sequence '\\_'\n"}
,{"stream_name":"stderr","time":7.373761936,"data":"  text = re.sub(r'_', '\\_', text) # Escape underscores in display text\n"}
,{"stream_name":"stderr","time":9.620076445,"data":"[NbConvertApp] Converting notebook __script__.ipynb to html\n"}
,{"stream_name":"stderr","time":11.206026558,"data":"[NbConvertApp] Writing 380048 bytes to __results__.html\n"}
]