trial          : trial-ext-profile (external_effects)
shape          : 300 perturbations x 400 cells x 3 contexts = 360,000 cells
pilot          : False
disk free      : 44.74 GiB (estimated need 4.19 GiB)
seed           : 20260912

  basal A: 18,400 cells, median UMI 20,109, median detected genes 6,147
  basal B: 18,400 cells, median UMI 19,946, median detected genes 5,756
  basal C: 18,400 cells, median UMI 20,034, median detected genes 6,006
  dispersion A: 13,454 genes overdispersed, median phi 0.165
  dispersion B: 12,962 genes overdispersed, median phi 0.135
  dispersion C: 12,187 genes overdispersed, median phi 0.083
effects A      : C:\Users\39346\vcc2026-data\processed\effects_all_2026-10-05\effects_A.npz (13,425 genes observed)
effects B      : C:\Users\39346\vcc2026-data\processed\effects_all_2026-10-05\effects_B.npz (13,425 genes observed)
effects C      : C:\Users\39346\vcc2026-data\processed\effects_all_2026-10-05\effects_C.npz (13,425 genes observed)
    A 1/300 (1s)
    A 26/300 (20s)
    A 51/300 (39s)
    A 76/300 (58s)
    A 101/300 (78s)
    A 126/300 (99s)
    A 151/300 (119s)
    A 176/300 (140s)
    A 201/300 (162s)
    A 226/300 (183s)
    A 251/300 (204s)
    A 276/300 (225s)
    B 1/300 (246s)
    B 26/300 (266s)
    B 51/300 (286s)
    B 76/300 (306s)
    B 101/300 (326s)
    B 126/300 (345s)
    B 151/300 (365s)
    B 176/300 (386s)
    B 201/300 (405s)
    B 226/300 (425s)
    B 251/300 (445s)
    B 276/300 (465s)
    C 1/300 (485s)
    C 26/300 (507s)
    C 51/300 (527s)
    C 76/300 (548s)
    C 101/300 (569s)
    C 126/300 (590s)
    C 151/300 (610s)
    C 176/300 (631s)
    C 201/300 (652s)
    C 226/300 (672s)
    C 251/300 (693s)
    C 276/300 (714s)

wrote prediction.h5ad: 360,000 cells, 2,083,446,853 stored values, 4015.5 MB
  stored per cell     : 5,787 (budget 13,194)
  context provenance  : OK
  runtime             : basal 8s, generation 734s, total 785s
  peak RSS            : 0.52 GiB
-> C:\Users\39346\vcc2026-data\artifacts\allt28gen_r2\prediction.h5ad
-> C:\Users\39346\vcc2026-data\artifacts\allt28gen_r2\generation_diagnostics.json
