input      : C:\Users\39346\vcc2026-data\artifacts\allt28gen_r2\prediction.h5ad
hashing input (streamed) ...
  sha256   : d535c1ac3bc3f48815b99f74de184068b92394455c275513d22aa413c90b88ff  (3s)
layout     : 360,000 x 18,533, 2,083,446,853 stored entries
             data float32/gzip, indices int32, indptr int32
resources  : RAM 15.71 GiB total, 6.85 GiB available; disk 41.11 GiB free
             official vcc prep would peak at ~22.2 GiB; this stage streams instead
             estimated transient disk 9.02 GiB

validating and packaging (streamed) ...
  PASS  var_names_unique
  PASS  gene_order_matches_list
  PASS  gene_dim_matches_expected
  PASS  has_cells
  PASS  cell_dim_within_cap
  PASS  pert_column_present
  PASS  no_control_rows
  PASS  contexts_complete
  PASS  targets_match_official_list
  PASS  density_within_cap
  PASS  column_indices_in_range
  PASS  counts_finite
  PASS  counts_non_negative
  PASS  counts_are_whole_numbers
  PASS  max_counts_per_cell_within_cap
  PASS  no_all_zero_perturbation
  PASS  csr:indptr_length_is_n_obs_plus_1
  PASS  csr:indptr_starts_at_zero
  PASS  csr:indptr_non_negative
  PASS  csr:indptr_monotonic
  PASS  csr:indptr_end_matches_data_length
  PASS  csr:data_and_indices_same_length
  PASS  csr:nnz_representable_in_indptr_dtype
  PASS  csr:n_vars_representable_in_indices_dtype

wrote prediction.vcc: 3.87 GiB (501s total)
  meta       : {"schema": 1, "nnz": 2083446853, "n_obs": 360000, "n_vars": 18533, "cli_version": "0.2.0"}
  peak RSS   : 0.53 GiB
  peak disk  : 7.79 GiB

verifying the archive ...
  PASS  official container validator (vccfile.validate_vcc)
  meta read back: {"cli_version": "0.2.0", "n_obs": 360000, "n_vars": 18533, "nnz": 2083446853, "schema": 1}
  PASS  payload X arrays are bit-identical to the input; gene axis and labels match (125s)
        obs index rewritten by prep's rule: True
  archive sha256: d83b7b6b8bb3a6e24c172966a164919b7370345022c12db33ab9e470191f3938

total 639s, peak RSS 0.53 GiB
-> C:\Users\39346\vcc2026-data\artifacts\allt28pack_r2\packaging.json
