trial          : trial-ext-profile (external_effects)
shape          : 300 perturbations x 400 cells x 3 contexts = 360,000 cells
pilot          : False
disk free      : 39.76 GiB (estimated need 4.19 GiB)
seed           : 20260912

  basal A: 18,400 cells, median UMI 20,109, median detected genes 6,147
  basal B: 18,400 cells, median UMI 19,946, median detected genes 5,756
  basal C: 18,400 cells, median UMI 20,034, median detected genes 6,006
  dispersion A: 13,454 genes overdispersed, median phi 0.165
  dispersion B: 12,962 genes overdispersed, median phi 0.135
  dispersion C: 12,187 genes overdispersed, median phi 0.083
effects A      : C:\Users\39346\vcc2026-data\processed\effects_t36_2026-10-06\effects_A.npz (13,425 genes observed)
effects B      : C:\Users\39346\vcc2026-data\processed\effects_t36_2026-10-06\effects_B.npz (13,425 genes observed)
effects C      : C:\Users\39346\vcc2026-data\processed\effects_t36_2026-10-06\effects_C.npz (13,425 genes observed)
    A 1/300 (1s)
    A 26/300 (19s)
    A 51/300 (37s)
    A 76/300 (56s)
    A 101/300 (74s)
    A 126/300 (92s)
    A 151/300 (111s)
    A 176/300 (129s)
    A 201/300 (147s)
    A 226/300 (196s)
    A 251/300 (231s)
    A 276/300 (250s)
    B 1/300 (269s)
    B 26/300 (286s)
    B 51/300 (304s)
    B 76/300 (322s)
    B 101/300 (340s)
    B 126/300 (358s)
    B 151/300 (376s)
    B 176/300 (394s)
    B 201/300 (412s)
    B 226/300 (429s)
    B 251/300 (447s)
    B 276/300 (465s)
    C 1/300 (483s)
    C 26/300 (501s)
    C 51/300 (519s)
    C 76/300 (539s)
    C 101/300 (557s)
    C 126/300 (575s)
    C 151/300 (593s)
    C 176/300 (611s)
    C 201/300 (629s)
    C 226/300 (647s)
    C 251/300 (665s)
    C 276/300 (683s)

wrote prediction.h5ad: 360,000 cells, 2,080,097,549 stored values, 4011.5 MB
  stored per cell     : 5,778 (budget 13,194)
  context provenance  : OK
  runtime             : basal 8s, generation 701s, total 750s
  peak RSS            : 0.52 GiB
-> C:\Users\39346\vcc2026-data\artifacts\t36gen\prediction.h5ad
-> C:\Users\39346\vcc2026-data\artifacts\t36gen\generation_diagnostics.json
