[{"stream_name":"stderr","time":3.7372973,"data":"Traceback (most recent call last):\n"}
,{"stream_name":"stderr","time":3.738068777,"data":"  File \"/kaggle/src/script.py\", line 7, in \u003cmodule\u003e\n"}
,{"stream_name":"stderr","time":3.738087883,"data":"    runpy.run_path(\"runtime.py\",run_name=\"__main__\")\n"}
,{"stream_name":"stderr","time":3.738091687,"data":"    ~~~~~~~~~~~~~~^^^^^^^^^^^^^^^^^^^^^^^^^^^^^^^^^^\n"}
,{"stream_name":"stderr","time":3.738095852,"data":"  File \"\u003cfrozen runpy\u003e\", line 294, in run_path\n"}
,{"stream_name":"stderr","time":3.7381157910000002,"data":"  File \"\u003cfrozen runpy\u003e\", line 98, in _run_module_code\n"}
,{"stream_name":"stderr","time":3.738121036,"data":"  File \"\u003cfrozen runpy\u003e\", line 88, in _run_code\n"}
,{"stream_name":"stderr","time":3.738158649,"data":"  File \"runtime.py\", line 328, in \u003cmodule\u003e\n"}
,{"stream_name":"stderr","time":3.738170938,"data":"    main()\n"}
,{"stream_name":"stderr","time":3.738174068,"data":"    ~~~~^^\n"}
,{"stream_name":"stderr","time":3.738176715,"data":"  File \"runtime.py\", line 215, in main\n"}
,{"stream_name":"stderr","time":3.738179405,"data":"    files = locate(unit)\n"}
,{"stream_name":"stderr","time":3.738182026,"data":"  File \"runtime.py\", line 56, in locate\n"}
,{"stream_name":"stderr","time":3.7381848,"data":"    raise ValueError('ambiguous or missing bank file: %s %s (%d)' % (unit['unit'], name, len(matches)))\n"}
,{"stream_name":"stderr","time":3.738187754,"data":"ValueError: ambiguous or missing bank file: norman2019 count_sum.npz (0)\n"}
,{"stream_name":"stderr","time":7.083564304,"data":"/usr/local/lib/python3.13/dist-packages/mistune.py:435: SyntaxWarning: invalid escape sequence '\\|'\n"}
,{"stream_name":"stderr","time":7.083631103,"data":"  cells[i][c] = re.sub('\\\\\\\\\\|', '|', cell)\n"}
,{"stream_name":"stderr","time":7.657911295,"data":"/usr/local/lib/python3.13/dist-packages/nbconvert/filters/filter_links.py:36: SyntaxWarning: invalid escape sequence '\\_'\n"}
,{"stream_name":"stderr","time":7.657938806,"data":"  text = re.sub(r'_', '\\_', text) # Escape underscores in display text\n"}
,{"stream_name":"stderr","time":10.505077593,"data":"[NbConvertApp] Converting notebook __script__.ipynb to html\n"}
,{"stream_name":"stderr","time":12.268232048,"data":"[NbConvertApp] Writing 379968 bytes to __results__.html\n"}
]