{"msg": "start", "shards": 140, "datasets": {"rlab-a549": {"files": 31, "chosen": 31, "bytes": 7652347277, "mount": "/kaggle/input/datasets/davidmaisterx/rlab-a549"}, "rlab-h1-vcc2025-trainval": {"files": 65, "chosen": 65, "bytes": 6383674844, "mount": "/kaggle/input/datasets/davidmaisterx/rlab-h1-vcc2025-trainval"}, "rlab-k562-essential-r2": {"files": 32, "chosen": 32, "bytes": 2471546599, "mount": "/kaggle/input/datasets/davidmaisterx/rlab-k562-essential-r2"}, "rlab-kolf-strong": {"files": 12, "chosen": 12, "bytes": 1572742316, "mount": "/kaggle/input/datasets/davidmaisterx/rlab-kolf-strong"}}, "workers": 4}
{"msg": "shard", "name": "a549_ko__shard_00000.h5ad", "verified": true, "seconds": {"raw_read_and_sha256": 9.087, "h5py_read_decompress": 20.328, "encode": 60.709, "decode_and_compare": 9.943}, "error": null}
{"msg": "shard", "name": "a549_ko__shard_00001.h5ad", "verified": true, "seconds": {"raw_read_and_sha256": 5.987, "h5py_read_decompress": 15.678, "encode": 45.43, "decode_and_compare": 7.353}, "error": null}
{"msg": "shard", "name": "a549_ko__shard_00002.h5ad", "verified": true, "seconds": {"raw_read_and_sha256": 7.713, "h5py_read_decompress": 19.759, "encode": 48.278, "decode_and_compare": 7.253}, "error": null}
{"msg": "shard", "name": "a549_ko__shard_00003.h5ad", "verified": true, "seconds": {"raw_read_and_sha256": 6.932, "h5py_read_decompress": 15.489, "encode": 43.74, "decode_and_compare": 7.309}, "error": null}
{"msg": "shard", "name": "a549_ko__shard_00004.h5ad", "verified": true, "seconds": {"raw_read_and_sha256": 6.768, "h5py_read_decompress": 14.805, "encode": 37.25, "decode_and_compare": 6.641}, "error": null}
{"msg": "shard", "name": "a549_ko__shard_00005.h5ad", "verified": true, "seconds": {"raw_read_and_sha256": 7.118, "h5py_read_decompress": 15.788, "encode": 36.861, "decode_and_compare": 6.681}, "error": null}
{"msg": "shard", "name": "a549_ko__shard_00006.h5ad", "verified": true, "seconds": {"raw_read_and_sha256": 7.216, "h5py_read_decompress": 16.079, "encode": 42.403, "decode_and_compare": 7.417}, "error": null}
{"msg": "shard", "name": "a549_ko__shard_00007.h5ad", "verified": true, "seconds": {"raw_read_and_sha256": 8.364, "h5py_read_decompress": 20.616, "encode": 51.452, "decode_and_compare": 6.744}, "error": null}
{"msg": "shard", "name": "a549_ko__shard_00008.h5ad", "verified": true, "seconds": {"raw_read_and_sha256": 7.532, "h5py_read_decompress": 17.243, "encode": 42.339, "decode_and_compare": 6.799}, "error": null}
{"msg": "shard", "name": "a549_ko__shard_00009.h5ad", "verified": true, "seconds": {"raw_read_and_sha256": 6.998, "h5py_read_decompress": 16.738, "encode": 48.129, "decode_and_compare": 6.379}, "error": null}
{"msg": "shard", "name": "a549_ko__shard_00010.h5ad", "verified": true, "seconds": {"raw_read_and_sha256": 9.04, "h5py_read_decompress": 17.17, "encode": 47.946, "decode_and_compare": 7.5}, "error": null}
{"msg": "shard", "name": "a549_ko__shard_00011.h5ad", "verified": true, "seconds": {"raw_read_and_sha256": 7.177, "h5py_read_decompress": 16.926, "encode": 43.389, "decode_and_compare": 5.611}, "error": null}
{"msg": "shard", "name": "a549_ko__shard_00012.h5ad", "verified": true, "seconds": {"raw_read_and_sha256": 8.345, "h5py_read_decompress": 18.469, "encode": 45.4, "decode_and_compare": 8.251}, "error": null}
{"msg": "shard", "name": "a549_ko__shard_00013.h5ad", "verified": true, "seconds": {"raw_read_and_sha256": 6.865, "h5py_read_decompress": 16.757, "encode": 47.019, "decode_and_compare": 7.395}, "error": null}
{"msg": "shard", "name": "a549_ko__shard_00014.h5ad", "verified": true, "seconds": {"raw_read_and_sha256": 7.215, "h5py_read_decompress": 16.565, "encode": 43.04, "decode_and_compare": 11.018}, "error": null}
{"msg": "shard", "name": "a549_ko__shard_00015.h5ad", "verified": true, "seconds": {"raw_read_and_sha256": 9.995, "h5py_read_decompress": 21.891, "encode": 58.081, "decode_and_compare": 6.676}, "error": null}
{"msg": "shard", "name": "a549_ko__shard_00016.h5ad", "verified": true, "seconds": {"raw_read_and_sha256": 7.325, "h5py_read_decompress": 16.801, "encode": 44.346, "decode_and_compare": 6.736}, "error": null}
{"msg": "shard", "name": "a549_ko__shard_00017.h5ad", "verified": true, "seconds": {"raw_read_and_sha256": 9.245, "h5py_read_decompress": 21.435, "encode": 60.64, "decode_and_compare": 10.248}, "error": null}
{"msg": "shard", "name": "a549_ko__shard_00018.h5ad", "verified": true, "seconds": {"raw_read_and_sha256": 5.519, "h5py_read_decompress": 13.924, "encode": 40.639, "decode_and_compare": 5.797}, "error": null}
{"msg": "shard", "name": "a549_ko__shard_00019.h5ad", "verified": true, "seconds": {"raw_read_and_sha256": 6.684, "h5py_read_decompress": 15.509, "encode": 42.193, "decode_and_compare": 5.28}, "error": null}
{"msg": "shard", "name": "a549_ko__shard_00020.h5ad", "verified": true, "seconds": {"raw_read_and_sha256": 7.938, "h5py_read_decompress": 16.318, "encode": 47.962, "decode_and_compare": 7.386}, "error": null}
{"msg": "shard", "name": "a549_ko__shard_00021.h5ad", "verified": true, "seconds": {"raw_read_and_sha256": 7.589, "h5py_read_decompress": 17.389, "encode": 48.029, "decode_and_compare": 8.49}, "error": null}
{"msg": "shard", "name": "a549_ko__shard_00022.h5ad", "verified": true, "seconds": {"raw_read_and_sha256": 6.073, "h5py_read_decompress": 14.875, "encode": 40.761, "decode_and_compare": 7.212}, "error": null}
{"msg": "shard", "name": "a549_ko__shard_00023.h5ad", "verified": true, "seconds": {"raw_read_and_sha256": 7.157, "h5py_read_decompress": 17.617, "encode": 51.966, "decode_and_compare": 6.915}, "error": null}
{"msg": "shard", "name": "a549_ko__shard_00024.h5ad", "verified": true, "seconds": {"raw_read_and_sha256": 7.426, "h5py_read_decompress": 17.271, "encode": 45.798, "decode_and_compare": 5.815}, "error": null}
{"msg": "shard", "name": "a549_ko__shard_00025.h5ad", "verified": true, "seconds": {"raw_read_and_sha256": 7.161, "h5py_read_decompress": 16.267, "encode": 42.059, "decode_and_compare": 7.707}, "error": null}
{"msg": "shard", "name": "a549_ko__shard_00026.h5ad", "verified": true, "seconds": {"raw_read_and_sha256": 7.428, "h5py_read_decompress": 17.973, "encode": 53.097, "decode_and_compare": 7.977}, "error": null}
{"msg": "shard", "name": "a549_ko__shard_00027.h5ad", "verified": true, "seconds": {"raw_read_and_sha256": 8.089, "h5py_read_decompress": 20.149, "encode": 50.939, "decode_and_compare": 6.428}, "error": null}
{"msg": "shard", "name": "a549_ko__shard_00028.h5ad", "verified": true, "seconds": {"raw_read_and_sha256": 7.115, "h5py_read_decompress": 16.381, "encode": 45.214, "decode_and_compare": 7.519}, "error": null}
{"msg": "shard", "name": "a549_ko__shard_00029.h5ad", "verified": true, "seconds": {"raw_read_and_sha256": 7.239, "h5py_read_decompress": 17.078, "encode": 50.973, "decode_and_compare": 7.851}, "error": null}
{"msg": "shard", "name": "a549_ko__shard_00030.h5ad", "verified": true, "seconds": {"raw_read_and_sha256": 3.355, "h5py_read_decompress": 5.533, "encode": 15.355, "decode_and_compare": 2.533}, "error": null}
{"msg": "shard", "name": "h1_train__shard_00000.h5ad", "verified": true, "seconds": {"raw_read_and_sha256": 2.848, "h5py_read_decompress": 6.109, "encode": 14.126, "decode_and_compare": 2.681}, "error": null}
{"msg": "shard", "name": "h1_train__shard_00001.h5ad", "verified": true, "seconds": {"raw_read_and_sha256": 2.4, "h5py_read_decompress": 6.022, "encode": 14.623, "decode_and_compare": 2.614}, "error": null}
{"msg": "shard", "name": "h1_train__shard_00002.h5ad", "verified": true, "seconds": {"raw_read_and_sha256": 2.693, "h5py_read_decompress": 5.838, "encode": 15.849, "decode_and_compare": 2.759}, "error": null}
{"msg": "shard", "name": "h1_train__shard_00003.h5ad", "verified": true, "seconds": {"raw_read_and_sha256": 2.798, "h5py_read_decompress": 5.929, "encode": 14.17, "decode_and_compare": 2.255}, "error": null}
{"msg": "shard", "name": "h1_train__shard_00004.h5ad", "verified": true, "seconds": {"raw_read_and_sha256": 2.829, "h5py_read_decompress": 7.071, "encode": 11.903, "decode_and_compare": 1.955}, "error": null}
{"msg": "shard", "name": "h1_train__shard_00005.h5ad", "verified": true, "seconds": {"raw_read_and_sha256": 2.744, "h5py_read_decompress": 6.843, "encode": 12.381, "decode_and_compare": 2.568}, "error": null}
{"msg": "shard", "name": "h1_train__shard_00006.h5ad", "verified": true, "seconds": {"raw_read_and_sha256": 3.089, "h5py_read_decompress": 6.794, "encode": 13.976, "decode_and_compare": 2.624}, "error": null}
{"msg": "shard", "name": "h1_train__shard_00007.h5ad", "verified": true, "seconds": {"raw_read_and_sha256": 2.954, "h5py_read_decompress": 6.623, "encode": 13.364, "decode_and_compare": 2.041}, "error": null}
{"msg": "shard", "name": "h1_train__shard_00008.h5ad", "verified": true, "seconds": {"raw_read_and_sha256": 2.856, "h5py_read_decompress": 6.533, "encode": 13.535, "decode_and_compare": 2.081}, "error": null}
{"msg": "shard", "name": "h1_train__shard_00009.h5ad", "verified": true, "seconds": {"raw_read_and_sha256": 3.094, "h5py_read_decompress": 6.438, "encode": 14.172, "decode_and_compare": 2.645}, "error": null}
{"msg": "shard", "name": "h1_train__shard_00010.h5ad", "verified": true, "seconds": {"raw_read_and_sha256": 2.971, "h5py_read_decompress": 6.769, "encode": 14.608, "decode_and_compare": 3.073}, "error": null}
{"msg": "shard", "name": "h1_train__shard_00011.h5ad", "verified": true, "seconds": {"raw_read_and_sha256": 2.934, "h5py_read_decompress": 6.688, "encode": 12.095, "decode_and_compare": 3.163}, "error": null}
{"msg": "shard", "name": "h1_train__shard_00012.h5ad", "verified": true, "seconds": {"raw_read_and_sha256": 2.962, "h5py_read_decompress": 6.838, "encode": 15.735, "decode_and_compare": 2.116}, "error": null}
{"msg": "shard", "name": "h1_train__shard_00013.h5ad", "verified": true, "seconds": {"raw_read_and_sha256": 3.0, "h5py_read_decompress": 6.844, "encode": 14.32, "decode_and_compare": 2.932}, "error": null}
{"msg": "shard", "name": "h1_train__shard_00014.h5ad", "verified": true, "seconds": {"raw_read_and_sha256": 3.817, "h5py_read_decompress": 7.086, "encode": 15.13, "decode_and_compare": 2.935}, "error": null}
{"msg": "shard", "name": "h1_train__shard_00015.h5ad", "verified": true, "seconds": {"raw_read_and_sha256": 2.899, "h5py_read_decompress": 6.848, "encode": 15.559, "decode_and_compare": 2.961}, "error": null}
{"msg": "shard", "name": "h1_train__shard_00016.h5ad", "verified": true, "seconds": {"raw_read_and_sha256": 3.18, "h5py_read_decompress": 7.367, "encode": 15.808, "decode_and_compare": 2.527}, "error": null}
{"msg": "shard", "name": "h1_train__shard_00017.h5ad", "verified": true, "seconds": {"raw_read_and_sha256": 3.542, "h5py_read_decompress": 7.998, "encode": 13.053, "decode_and_compare": 3.04}, "error": null}
{"msg": "shard", "name": "h1_train__shard_00018.h5ad", "verified": true, "seconds": {"raw_read_and_sha256": 3.255, "h5py_read_decompress": 8.403, "encode": 15.354, "decode_and_compare": 2.91}, "error": null}
{"msg": "shard", "name": "h1_train__shard_00019.h5ad", "verified": true, "seconds": {"raw_read_and_sha256": 3.459, "h5py_read_decompress": 9.263, "encode": 13.296, "decode_and_compare": 2.971}, "error": null}
{"msg": "shard", "name": "h1_train__shard_00020.h5ad", "verified": true, "seconds": {"raw_read_and_sha256": 4.003, "h5py_read_decompress": 8.145, "encode": 16.25, "decode_and_compare": 3.146}, "error": null}
{"msg": "shard", "name": "h1_train__shard_00021.h5ad", "verified": true, "seconds": {"raw_read_and_sha256": 3.727, "h5py_read_decompress": 7.809, "encode": 13.722, "decode_and_compare": 3.189}, "error": null}
{"msg": "shard", "name": "h1_train__shard_00022.h5ad", "verified": true, "seconds": {"raw_read_and_sha256": 3.67, "h5py_read_decompress": 7.774, "encode": 12.236, "decode_and_compare": 3.094}, "error": null}
{"msg": "shard", "name": "h1_train__shard_00023.h5ad", "verified": true, "seconds": {"raw_read_and_sha256": 3.499, "h5py_read_decompress": 7.759, "encode": 15.885, "decode_and_compare": 2.858}, "error": null}
{"msg": "shard", "name": "h1_train__shard_00024.h5ad", "verified": true, "seconds": {"raw_read_and_sha256": 3.113, "h5py_read_decompress": 7.862, "encode": 15.628, "decode_and_compare": 2.737}, "error": null}
{"msg": "shard", "name": "h1_train__shard_00025.h5ad", "verified": true, "seconds": {"raw_read_and_sha256": 3.431, "h5py_read_decompress": 7.307, "encode": 13.039, "decode_and_compare": 3.002}, "error": null}
{"msg": "shard", "name": "h1_train__shard_00026.h5ad", "verified": true, "seconds": {"raw_read_and_sha256": 3.566, "h5py_read_decompress": 7.166, "encode": 15.301, "decode_and_compare": 3.205}, "error": null}
{"msg": "shard", "name": "h1_train__shard_00027.h5ad", "verified": true, "seconds": {"raw_read_and_sha256": 3.465, "h5py_read_decompress": 6.957, "encode": 16.276, "decode_and_compare": 3.047}, "error": null}
{"msg": "shard", "name": "h1_train__shard_00028.h5ad", "verified": true, "seconds": {"raw_read_and_sha256": 2.837, "h5py_read_decompress": 6.904, "encode": 16.818, "decode_and_compare": 3.196}, "error": null}
{"msg": "shard", "name": "h1_train__shard_00029.h5ad", "verified": true, "seconds": {"raw_read_and_sha256": 3.323, "h5py_read_decompress": 6.731, "encode": 12.335, "decode_and_compare": 3.186}, "error": null}
{"msg": "shard", "name": "h1_train__shard_00030.h5ad", "verified": true, "seconds": {"raw_read_and_sha256": 2.998, "h5py_read_decompress": 6.912, "encode": 14.411, "decode_and_compare": 2.927}, "error": null}
{"msg": "shard", "name": "h1_train__shard_00031.h5ad", "verified": true, "seconds": {"raw_read_and_sha256": 3.831, "h5py_read_decompress": 7.763, "encode": 16.6, "decode_and_compare": 2.512}, "error": null}
{"msg": "shard", "name": "h1_train__shard_00032.h5ad", "verified": true, "seconds": {"raw_read_and_sha256": 3.358, "h5py_read_decompress": 7.665, "encode": 15.584, "decode_and_compare": 2.949}, "error": null}
{"msg": "shard", "name": "h1_train__shard_00033.h5ad", "verified": true, "seconds": {"raw_read_and_sha256": 3.484, "h5py_read_decompress": 6.382, "encode": 11.849, "decode_and_compare": 3.031}, "error": null}
{"msg": "shard", "name": "h1_train__shard_00034.h5ad", "verified": true, "seconds": {"raw_read_and_sha256": 2.75, "h5py_read_decompress": 6.773, "encode": 12.443, "decode_and_compare": 2.948}, "error": null}
{"msg": "shard", "name": "h1_train__shard_00035.h5ad", "verified": true, "seconds": {"raw_read_and_sha256": 3.138, "h5py_read_decompress": 6.647, "encode": 15.703, "decode_and_compare": 2.751}, "error": null}
{"msg": "shard", "name": "h1_train__shard_00036.h5ad", "verified": true, "seconds": {"raw_read_and_sha256": 2.999, "h5py_read_decompress": 6.776, "encode": 15.149, "decode_and_compare": 2.165}, "error": null}
{"msg": "shard", "name": "h1_train__shard_00037.h5ad", "verified": true, "seconds": {"raw_read_and_sha256": 3.761, "h5py_read_decompress": 6.79, "encode": 11.909, "decode_and_compare": 2.829}, "error": null}
{"msg": "shard", "name": "h1_train__shard_00038.h5ad", "verified": true, "seconds": {"raw_read_and_sha256": 3.011, "h5py_read_decompress": 6.534, "encode": 13.032, "decode_and_compare": 2.67}, "error": null}
{"msg": "shard", "name": "h1_train__shard_00039.h5ad", "verified": true, "seconds": {"raw_read_and_sha256": 2.927, "h5py_read_decompress": 6.517, "encode": 16.167, "decode_and_compare": 2.586}, "error": null}
{"msg": "shard", "name": "h1_train__shard_00040.h5ad", "verified": true, "seconds": {"raw_read_and_sha256": 2.808, "h5py_read_decompress": 6.558, "encode": 16.016, "decode_and_compare": 2.806}, "error": null}
{"msg": "shard", "name": "h1_train__shard_00041.h5ad", "verified": true, "seconds": {"raw_read_and_sha256": 2.919, "h5py_read_decompress": 6.659, "encode": 13.264, "decode_and_compare": 2.911}, "error": null}
{"msg": "shard", "name": "h1_train__shard_00042.h5ad", "verified": true, "seconds": {"raw_read_and_sha256": 2.859, "h5py_read_decompress": 6.996, "encode": 13.745, "decode_and_compare": 2.884}, "error": null}
{"msg": "shard", "name": "h1_train__shard_00043.h5ad", "verified": true, "seconds": {"raw_read_and_sha256": 2.901, "h5py_read_decompress": 6.42, "encode": 13.358, "decode_and_compare": 2.833}, "error": null}
{"msg": "shard", "name": "h1_train__shard_00044.h5ad", "verified": true, "seconds": {"raw_read_and_sha256": 0.77, "h5py_read_decompress": 1.741, "encode": 3.414, "decode_and_compare": 0.73}, "error": null}
{"msg": "shard", "name": "h1_val__shard_00000.h5ad", "verified": true, "seconds": {"raw_read_and_sha256": 2.587, "h5py_read_decompress": 6.422, "encode": 12.468, "decode_and_compare": 2.172}, "error": null}
{"msg": "shard", "name": "h1_val__shard_00001.h5ad", "verified": true, "seconds": {"raw_read_and_sha256": 2.867, "h5py_read_decompress": 6.33, "encode": 11.419, "decode_and_compare": 2.233}, "error": null}
{"msg": "shard", "name": "h1_val__shard_00002.h5ad", "verified": true, "seconds": {"raw_read_and_sha256": 2.944, "h5py_read_decompress": 7.014, "encode": 11.798, "decode_and_compare": 3.035}, "error": null}
{"msg": "shard", "name": "h1_val__shard_00003.h5ad", "verified": true, "seconds": {"raw_read_and_sha256": 2.776, "h5py_read_decompress": 6.672, "encode": 15.184, "decode_and_compare": 5.859}, "error": null}
{"msg": "shard", "name": "h1_val__shard_00004.h5ad", "verified": true, "seconds": {"raw_read_and_sha256": 3.235, "h5py_read_decompress": 6.328, "encode": 18.305, "decode_and_compare": 2.065}, "error": null}
{"msg": "shard", "name": "h1_val__shard_00005.h5ad", "verified": true, "seconds": {"raw_read_and_sha256": 3.701, "h5py_read_decompress": 8.794, "encode": 12.164, "decode_and_compare": 1.991}, "error": null}
{"msg": "shard", "name": "h1_val__shard_00006.h5ad", "verified": true, "seconds": {"raw_read_and_sha256": 2.754, "h5py_read_decompress": 6.668, "encode": 12.877, "decode_and_compare": 2.67}, "error": null}
{"msg": "shard", "name": "h1_val__shard_00007.h5ad", "verified": true, "seconds": {"raw_read_and_sha256": 2.95, "h5py_read_decompress": 7.503, "encode": 14.207, "decode_and_compare": 2.993}, "error": null}
{"msg": "shard", "name": "h1_val__shard_00008.h5ad", "verified": true, "seconds": {"raw_read_and_sha256": 3.043, "h5py_read_decompress": 7.237, "encode": 13.677, "decode_and_compare": 2.765}, "error": null}
{"msg": "shard", "name": "h1_val__shard_00009.h5ad", "verified": true, "seconds": {"raw_read_and_sha256": 2.976, "h5py_read_decompress": 7.204, "encode": 11.077, "decode_and_compare": 2.558}, "error": null}
{"msg": "shard", "name": "h1_val__shard_00010.h5ad", "verified": true, "seconds": {"raw_read_and_sha256": 4.057, "h5py_read_decompress": 7.292, "encode": 11.33, "decode_and_compare": 2.039}, "error": null}
{"msg": "shard", "name": "h1_val__shard_00011.h5ad", "verified": true, "seconds": {"raw_read_and_sha256": 3.068, "h5py_read_decompress": 6.86, "encode": 12.538, "decode_and_compare": 2.441}, "error": null}
{"msg": "shard", "name": "h1_val__shard_00012.h5ad", "verified": true, "seconds": {"raw_read_and_sha256": 3.046, "h5py_read_decompress": 6.495, "encode": 14.446, "decode_and_compare": 2.529}, "error": null}
{"msg": "shard", "name": "h1_val__shard_00013.h5ad", "verified": true, "seconds": {"raw_read_and_sha256": 2.862, "h5py_read_decompress": 8.152, "encode": 13.434, "decode_and_compare": 2.657}, "error": null}
{"msg": "shard", "name": "h1_val__shard_00014.h5ad", "verified": true, "seconds": {"raw_read_and_sha256": 3.188, "h5py_read_decompress": 7.511, "encode": 12.135, "decode_and_compare": 2.311}, "error": null}
{"msg": "shard", "name": "h1_val__shard_00015.h5ad", "verified": true, "seconds": {"raw_read_and_sha256": 3.178, "h5py_read_decompress": 8.121, "encode": 12.852, "decode_and_compare": 3.178}, "error": null}
{"msg": "shard", "name": "h1_val__shard_00016.h5ad", "verified": true, "seconds": {"raw_read_and_sha256": 3.746, "h5py_read_decompress": 6.521, "encode": 14.572, "decode_and_compare": 2.898}, "error": null}
{"msg": "shard", "name": "h1_val__shard_00017.h5ad", "verified": true, "seconds": {"raw_read_and_sha256": 2.91, "h5py_read_decompress": 6.983, "encode": 12.708, "decode_and_compare": 2.22}, "error": null}
{"msg": "shard", "name": "h1_val__shard_00018.h5ad", "verified": true, "seconds": {"raw_read_and_sha256": 3.139, "h5py_read_decompress": 7.05, "encode": 11.858, "decode_and_compare": 2.08}, "error": null}
{"msg": "shard", "name": "h1_val__shard_00019.h5ad", "verified": true, "seconds": {"raw_read_and_sha256": 3.283, "h5py_read_decompress": 6.277, "encode": 8.466, "decode_and_compare": 1.764}, "error": null}
{"msg": "shard", "name": "k562_essential__shard_00000.h5ad", "verified": true, "seconds": {"raw_read_and_sha256": 2.533, "h5py_read_decompress": 6.73, "encode": 12.391, "decode_and_compare": 1.725}, "error": null}
{"msg": "shard", "name": "k562_essential__shard_00001.h5ad", "verified": true, "seconds": {"raw_read_and_sha256": 2.745, "h5py_read_decompress": 6.347, "encode": 12.636, "decode_and_compare": 1.749}, "error": null}
{"msg": "shard", "name": "k562_essential__shard_00002.h5ad", "verified": true, "seconds": {"raw_read_and_sha256": 2.561, "h5py_read_decompress": 5.689, "encode": 12.668, "decode_and_compare": 1.897}, "error": null}
{"msg": "shard", "name": "k562_essential__shard_00003.h5ad", "verified": true, "seconds": {"raw_read_and_sha256": 1.999, "h5py_read_decompress": 5.578, "encode": 10.847, "decode_and_compare": 1.651}, "error": null}
{"msg": "shard", "name": "k562_essential__shard_00004.h5ad", "verified": true, "seconds": {"raw_read_and_sha256": 2.348, "h5py_read_decompress": 5.811, "encode": 12.644, "decode_and_compare": 1.5}, "error": null}
{"msg": "shard", "name": "k562_essential__shard_00005.h5ad", "verified": true, "seconds": {"raw_read_and_sha256": 2.455, "h5py_read_decompress": 5.611, "encode": 11.843, "decode_and_compare": 1.662}, "error": null}
{"msg": "shard", "name": "k562_essential__shard_00006.h5ad", "verified": true, "seconds": {"raw_read_and_sha256": 2.526, "h5py_read_decompress": 5.924, "encode": 11.328, "decode_and_compare": 1.833}, "error": null}
{"msg": "shard", "name": "k562_essential__shard_00007.h5ad", "verified": true, "seconds": {"raw_read_and_sha256": 2.541, "h5py_read_decompress": 5.591, "encode": 12.403, "decode_and_compare": 1.868}, "error": null}
{"msg": "shard", "name": "k562_essential__shard_00008.h5ad", "verified": true, "seconds": {"raw_read_and_sha256": 2.956, "h5py_read_decompress": 5.708, "encode": 12.862, "decode_and_compare": 1.703}, "error": null}
{"msg": "shard", "name": "k562_essential__shard_00009.h5ad", "verified": true, "seconds": {"raw_read_and_sha256": 2.562, "h5py_read_decompress": 5.983, "encode": 12.007, "decode_and_compare": 1.713}, "error": null}
{"msg": "shard", "name": "k562_essential__shard_00010.h5ad", "verified": true, "seconds": {"raw_read_and_sha256": 2.638, "h5py_read_decompress": 5.774, "encode": 11.113, "decode_and_compare": 1.587}, "error": null}
{"msg": "shard", "name": "k562_essential__shard_00011.h5ad", "verified": true, "seconds": {"raw_read_and_sha256": 2.389, "h5py_read_decompress": 5.677, "encode": 12.341, "decode_and_compare": 2.246}, "error": null}
{"msg": "shard", "name": "k562_essential__shard_00012.h5ad", "verified": true, "seconds": {"raw_read_and_sha256": 3.09, "h5py_read_decompress": 5.783, "encode": 12.246, "decode_and_compare": 2.128}, "error": null}
{"msg": "shard", "name": "k562_essential__shard_00013.h5ad", "verified": true, "seconds": {"raw_read_and_sha256": 2.649, "h5py_read_decompress": 5.987, "encode": 11.687, "decode_and_compare": 1.761}, "error": null}
{"msg": "shard", "name": "k562_essential__shard_00014.h5ad", "verified": true, "seconds": {"raw_read_and_sha256": 2.521, "h5py_read_decompress": 5.645, "encode": 13.41, "decode_and_compare": 1.879}, "error": null}
{"msg": "shard", "name": "k562_essential__shard_00015.h5ad", "verified": true, "seconds": {"raw_read_and_sha256": 2.586, "h5py_read_decompress": 5.344, "encode": 10.896, "decode_and_compare": 1.489}, "error": null}
{"msg": "shard", "name": "k562_essential__shard_00016.h5ad", "verified": true, "seconds": {"raw_read_and_sha256": 2.726, "h5py_read_decompress": 6.092, "encode": 12.205, "decode_and_compare": 1.682}, "error": null}
{"msg": "shard", "name": "k562_essential__shard_00017.h5ad", "verified": true, "seconds": {"raw_read_and_sha256": 3.322, "h5py_read_decompress": 5.375, "encode": 11.739, "decode_and_compare": 1.625}, "error": null}
{"msg": "shard", "name": "k562_essential__shard_00018.h5ad", "verified": true, "seconds": {"raw_read_and_sha256": 3.174, "h5py_read_decompress": 5.797, "encode": 11.993, "decode_and_compare": 2.088}, "error": null}
{"msg": "shard", "name": "k562_essential__shard_00019.h5ad", "verified": true, "seconds": {"raw_read_and_sha256": 2.345, "h5py_read_decompress": 5.697, "encode": 12.885, "decode_and_compare": 2.257}, "error": null}
{"msg": "shard", "name": "k562_essential__shard_00020.h5ad", "verified": true, "seconds": {"raw_read_and_sha256": 2.349, "h5py_read_decompress": 5.69, "encode": 9.904, "decode_and_compare": 2.281}, "error": null}
{"msg": "shard", "name": "k562_essential__shard_00021.h5ad", "verified": true, "seconds": {"raw_read_and_sha256": 2.165, "h5py_read_decompress": 5.878, "encode": 11.695, "decode_and_compare": 1.615}, "error": null}
{"msg": "shard", "name": "k562_essential__shard_00022.h5ad", "verified": true, "seconds": {"raw_read_and_sha256": 3.303, "h5py_read_decompress": 6.078, "encode": 11.758, "decode_and_compare": 1.649}, "error": null}
{"msg": "shard", "name": "k562_essential__shard_00023.h5ad", "verified": true, "seconds": {"raw_read_and_sha256": 2.622, "h5py_read_decompress": 5.77, "encode": 11.378, "decode_and_compare": 2.294}, "error": null}
{"msg": "shard", "name": "k562_essential__shard_00024.h5ad", "verified": true, "seconds": {"raw_read_and_sha256": 3.53, "h5py_read_decompress": 5.899, "encode": 14.643, "decode_and_compare": 2.571}, "error": null}
{"msg": "shard", "name": "k562_essential__shard_00025.h5ad", "verified": true, "seconds": {"raw_read_and_sha256": 2.234, "h5py_read_decompress": 5.887, "encode": 13.397, "decode_and_compare": 1.578}, "error": null}
{"msg": "shard", "name": "k562_essential__shard_00026.h5ad", "verified": true, "seconds": {"raw_read_and_sha256": 2.293, "h5py_read_decompress": 5.415, "encode": 9.156, "decode_and_compare": 1.887}, "error": null}
{"msg": "shard", "name": "k562_essential__shard_00027.h5ad", "verified": true, "seconds": {"raw_read_and_sha256": 3.392, "h5py_read_decompress": 5.727, "encode": 11.991, "decode_and_compare": 2.457}, "error": null}
{"msg": "shard", "name": "k562_essential__shard_00028.h5ad", "verified": true, "seconds": {"raw_read_and_sha256": 3.221, "h5py_read_decompress": 6.059, "encode": 12.749, "decode_and_compare": 1.877}, "error": null}
{"msg": "shard", "name": "k562_essential__shard_00029.h5ad", "verified": true, "seconds": {"raw_read_and_sha256": 3.662, "h5py_read_decompress": 5.685, "encode": 12.696, "decode_and_compare": 1.756}, "error": null}
{"msg": "shard", "name": "k562_essential__shard_00030.h5ad", "verified": true, "seconds": {"raw_read_and_sha256": 2.503, "h5py_read_decompress": 5.852, "encode": 9.292, "decode_and_compare": 1.526}, "error": null}
{"msg": "shard", "name": "k562_essential__shard_00031.h5ad", "verified": true, "seconds": {"raw_read_and_sha256": 0.217, "h5py_read_decompress": 0.244, "encode": 0.319, "decode_and_compare": 0.07}, "error": null}
{"msg": "shard", "name": "kolf_strong__shard_00000.h5ad", "verified": true, "seconds": {"raw_read_and_sha256": 6.199, "h5py_read_decompress": 10.261, "encode": 28.098, "decode_and_compare": 3.485}, "error": null}
{"msg": "shard", "name": "kolf_strong__shard_00001.h5ad", "verified": true, "seconds": {"raw_read_and_sha256": 4.677, "h5py_read_decompress": 10.447, "encode": 27.632, "decode_and_compare": 3.582}, "error": null}
{"msg": "shard", "name": "kolf_strong__shard_00002.h5ad", "verified": true, "seconds": {"raw_read_and_sha256": 4.196, "h5py_read_decompress": 9.445, "encode": 22.484, "decode_and_compare": 3.641}, "error": null}
{"msg": "shard", "name": "kolf_strong__shard_00003.h5ad", "verified": true, "seconds": {"raw_read_and_sha256": 4.491, "h5py_read_decompress": 10.027, "encode": 36.718, "decode_and_compare": 2.33}, "error": null}
{"msg": "shard", "name": "kolf_strong__shard_00004.h5ad", "verified": true, "seconds": {"raw_read_and_sha256": 4.326, "h5py_read_decompress": 9.435, "encode": 25.095, "decode_and_compare": 3.438}, "error": null}
{"msg": "shard", "name": "kolf_strong__shard_00005.h5ad", "verified": true, "seconds": {"raw_read_and_sha256": 4.135, "h5py_read_decompress": 9.083, "encode": 26.799, "decode_and_compare": 3.652}, "error": null}
{"msg": "shard", "name": "kolf_strong__shard_00006.h5ad", "verified": true, "seconds": {"raw_read_and_sha256": 4.352, "h5py_read_decompress": 9.254, "encode": 24.544, "decode_and_compare": 3.478}, "error": null}
{"msg": "shard", "name": "kolf_strong__shard_00007.h5ad", "verified": true, "seconds": {"raw_read_and_sha256": 4.26, "h5py_read_decompress": 9.157, "encode": 25.815, "decode_and_compare": 3.078}, "error": null}
{"msg": "shard", "name": "kolf_strong__shard_00008.h5ad", "verified": true, "seconds": {"raw_read_and_sha256": 4.036, "h5py_read_decompress": 9.262, "encode": 28.984, "decode_and_compare": 3.706}, "error": null}
{"msg": "shard", "name": "kolf_strong__shard_00009.h5ad", "verified": true, "seconds": {"raw_read_and_sha256": 3.966, "h5py_read_decompress": 8.788, "encode": 28.255, "decode_and_compare": 3.512}, "error": null}
{"msg": "shard", "name": "kolf_strong__shard_00010.h5ad", "verified": true, "seconds": {"raw_read_and_sha256": 5.041, "h5py_read_decompress": 9.173, "encode": 26.079, "decode_and_compare": 3.53}, "error": null}
{"msg": "shard", "name": "kolf_strong__shard_00011.h5ad", "verified": true, "seconds": {"raw_read_and_sha256": 2.212, "h5py_read_decompress": 5.321, "encode": 16.608, "decode_and_compare": 2.027}, "error": null}
{"msg": "done", "verified": 140, "failed": 0, "profile": {"seconds_summed_over_processes": {"raw_read_and_sha256": 565.5, "h5py_read_decompress": 1266.1, "encode": 3000.4, "decode_and_compare": 495.4}, "source_mb": 17242.7, "twin_mb": 7033.9, "twin_over_source": 0.4079, "mb_per_s_per_process_of_source": {"raw_read_and_sha256": 30.49, "h5py_read_decompress": 13.62, "encode": 5.75, "decode_and_compare": 34.8}, "values": 8189615534, "cells": 1469098, "wall_seconds": 1939.5, "workers": 4, "cpus": 4, "note": "per-stage seconds summed over the worker processes that ran concurrently; MB/s per process = source MB / summed seconds of the stage"}}
