trial          : trial-ext-profile (external_effects)
shape          : 300 perturbations x 400 cells x 3 contexts = 360,000 cells
pilot          : False
disk free      : 72.71 GiB (estimated need 4.19 GiB)
seed           : 20260912

  basal A: 18,400 cells, median UMI 20,109, median detected genes 6,147
  basal B: 18,400 cells, median UMI 19,946, median detected genes 5,756
  basal C: 18,400 cells, median UMI 20,034, median detected genes 6,006
effects A      : C:\Users\39346\vcc2026-data\processed\effects_t30_2026-10-03\effects_A.npz (14,916 genes observed)
effects B      : C:\Users\39346\vcc2026-data\processed\effects_t30_2026-10-03\effects_B.npz (14,916 genes observed)
effects C      : C:\Users\39346\vcc2026-data\processed\effects_t30_2026-10-03\effects_C.npz (14,916 genes observed)
    A 1/300 (0s)
    A 26/300 (15s)
    A 51/300 (29s)
    A 76/300 (43s)
    A 101/300 (57s)
    A 126/300 (71s)
    A 151/300 (85s)
    A 176/300 (100s)
    A 201/300 (114s)
    A 226/300 (128s)
    A 251/300 (142s)
    A 276/300 (156s)
    B 1/300 (170s)
    B 26/300 (184s)
    B 51/300 (197s)
    B 76/300 (211s)
    B 101/300 (224s)
    B 126/300 (238s)
    B 151/300 (251s)
    B 176/300 (265s)
    B 201/300 (278s)
    B 226/300 (292s)
    B 251/300 (305s)
    B 276/300 (318s)
    C 1/300 (332s)
    C 26/300 (345s)
    C 51/300 (359s)
    C 76/300 (373s)
    C 101/300 (387s)
    C 126/300 (401s)
    C 151/300 (415s)
    C 176/300 (429s)
    C 201/300 (443s)
    C 226/300 (457s)
    C 251/300 (471s)
    C 276/300 (485s)

wrote prediction.h5ad: 360,000 cells, 2,168,206,627 stored values, 4062.6 MB
  stored per cell     : 6,023 (budget 13,194)
  context provenance  : OK
  runtime             : basal 7s, generation 499s, total 507s
  peak RSS            : 0.51 GiB
-> C:\Users\39346\vcc2026-data\artifacts\t30gen\prediction.h5ad
-> C:\Users\39346\vcc2026-data\artifacts\t30gen\generation_diagnostics.json
