input      : C:\Users\39346\vcc2026-data\artifacts\t30gen\prediction.h5ad
hashing input (streamed) ...
  sha256   : 3b90d1e52fa840ace910b8e49699a878d7d3600b2f7cd61da036a688aee8defb  (4s)
layout     : 360,000 x 18,533, 2,168,206,627 stored entries
             data float32/gzip, indices int32, indptr int64
resources  : RAM 15.71 GiB total, 4.59 GiB available; disk 68.74 GiB free
             official vcc prep would peak at ~33.5 GiB; this stage streams instead
             estimated transient disk 9.13 GiB

validating and packaging (streamed) ...
  PASS  var_names_unique
  PASS  gene_order_matches_list
  PASS  gene_dim_matches_expected
  PASS  has_cells
  PASS  cell_dim_within_cap
  PASS  pert_column_present
  PASS  no_control_rows
  PASS  contexts_complete
  PASS  targets_match_official_list
  PASS  density_within_cap
  PASS  column_indices_in_range
  PASS  counts_finite
  PASS  counts_non_negative
  PASS  counts_are_whole_numbers
  PASS  max_counts_per_cell_within_cap
  PASS  no_all_zero_perturbation
  PASS  csr:indptr_length_is_n_obs_plus_1
  PASS  csr:indptr_starts_at_zero
  PASS  csr:indptr_non_negative
  PASS  csr:indptr_monotonic
  PASS  csr:indptr_end_matches_data_length
  PASS  csr:data_and_indices_same_length
  PASS  csr:nnz_representable_in_indptr_dtype
  PASS  csr:n_vars_representable_in_indices_dtype

wrote prediction.vcc: 3.92 GiB (467s total)
  meta       : {"schema": 1, "nnz": 2168206627, "n_obs": 360000, "n_vars": 18533, "cli_version": "0.2.0"}
  peak RSS   : 0.53 GiB
  peak disk  : 7.88 GiB

verifying the archive ...
  PASS  official container validator (vccfile.validate_vcc)
  meta read back: {"cli_version": "0.2.0", "n_obs": 360000, "n_vars": 18533, "nnz": 2168206627, "schema": 1}
  PASS  payload X arrays are bit-identical to the input; gene axis and labels match (125s)
        obs index rewritten by prep's rule: True
  archive sha256: 91f450810c2723711ea3cd4606b5b9368a8a94d3bc091032717c810074bfd10d

total 599s, peak RSS 0.53 GiB
-> C:\Users\39346\vcc2026-data\artifacts\t30pack\packaging.json
