trial          : trial-ext-profile (external_effects)
shape          : 300 perturbations x 400 cells x 3 contexts = 360,000 cells
pilot          : False
disk free      : 63.44 GiB (estimated need 4.19 GiB)
seed           : 20260912

  basal A: 18,400 cells, median UMI 20,109, median detected genes 6,147
  basal B: 18,400 cells, median UMI 19,946, median detected genes 5,756
  basal C: 18,400 cells, median UMI 20,034, median detected genes 6,006
effects A      : C:\Users\39346\vcc2026-data\processed\effects_t31_2026-10-03\effects_A.npz (14,916 genes observed)
effects B      : C:\Users\39346\vcc2026-data\processed\effects_t31_2026-10-03\effects_B.npz (14,916 genes observed)
effects C      : C:\Users\39346\vcc2026-data\processed\effects_t31_2026-10-03\effects_C.npz (14,916 genes observed)
    A 1/300 (2s)
    A 26/300 (128s)
    A 51/300 (263s)
    A 76/300 (394s)
    A 101/300 (428s)
    A 126/300 (446s)
    A 151/300 (465s)
    A 176/300 (483s)
    A 201/300 (501s)
    A 226/300 (519s)
    A 251/300 (538s)
    A 276/300 (556s)
    B 1/300 (574s)
    B 26/300 (590s)
    B 51/300 (606s)
    B 76/300 (623s)
    B 101/300 (641s)
    B 126/300 (712s)
    B 151/300 (774s)
    B 176/300 (792s)
    B 201/300 (815s)
    B 226/300 (832s)
    B 251/300 (852s)
    B 276/300 (875s)
    C 1/300 (915s)
    C 26/300 (1006s)
    C 51/300 (1034s)
    C 76/300 (1052s)
    C 101/300 (1069s)
    C 126/300 (1086s)
    C 151/300 (1102s)
    C 176/300 (1122s)
    C 201/300 (1142s)
    C 226/300 (1161s)
    C 251/300 (1178s)
    C 276/300 (1196s)

wrote prediction.h5ad: 360,000 cells, 2,159,664,166 stored values, 4051.9 MB
  stored per cell     : 5,999 (budget 13,194)
  context provenance  : OK
  runtime             : basal 43s, generation 1213s, total 1260s
  peak RSS            : 0.52 GiB
-> C:\Users\39346\vcc2026-data\artifacts\t31gen\prediction.h5ad
-> C:\Users\39346\vcc2026-data\artifacts\t31gen\generation_diagnostics.json
