[{"stream_name":"stdout","time":13.298279726,"data":"{\"gpu\": \"Tesla T4\", \"gpu_memory\": 15636037632, \"cuda\": \"12.8\", \"rows\": 36765, \"genes\": 13425, \"parameters\": {\"held\": \"Jurkat\", \"seed\": 20261004, \"steps\": 3000, \"width\": 64, \"rank\": 32, \"lr\": 0.0003, \"residual_bound\": 0.5, \"batch\": 64, \"residual_l2\": 0.01, \"cohort\": \"aggregate-first-cohort\", \"fit_dataset\": \"vcc-hybrid-fit-jurkat-r1\", \"seeds\": [0, 1, 2]}, \"fit\": {\"complete\": true, \"held\": \"Jurkat\", \"regime\": \"C\", \"rows\": 36765, \"genes\": 13425, \"source_policy\": \"all\", \"cohort\": \"current cube r2 aggregates; CD4 donor-resolved bank being built separately; NOT complete catalogue\", \"truth\": \"legacy pseudobulk log effects; not claimed as mean per-cell proportions\", \"tables_expected\": [\"k562_gwps\", \"k562_essential\", \"k562_viperturb\", \"rpe1\", \"hepg2_nadig\", \"cd4_rest\", \"cd4_stim8hr\", \"cd4_stim48hr\", \"hct116\", \"hek293t\", \"kolf21j\", \"hipsci_eipl_1\", \"hipsci_eipl_3\", \"hipsci_fiaj_1\", \"hipsci_fiaj_3\", \"hipsci_iudw_1\", \"hipsci_iudw_4\", \"hipsci_jejf_2\", \"hipsci_jejf_3\", \"hipsci_kolf_2\", \"hipsci_kolf_3\", \"hipsci_oikd_2\", \"hipsci_oikd_5\", \"hipsci_paab_3\", \"hipsci_paab_4\", \"hipsci_pipw_4\", \"hipsci_pipw_5\", \"hipsci_tolg_4\", \"hipsci_tolg_6\", \"hipsci_zapk_3\", \"h1_train\", \"h1_val\", \"tian2021_neuron\"], \"tables_used\": [\"k562_gwps\", \"k562_essential\", \"k562_viperturb\", \"rpe1\", \"hepg2_nadig\", \"cd4_rest\", \"cd4_stim8hr\", \"cd4_stim48hr\", \"hct116\", \"hek293t\", \"kolf21j\", \"hipsci_eipl_1\", \"hipsci_eipl_3\", \"hipsci_fiaj_1\", \"hipsci_fiaj_3\", \"hipsci_iudw_1\", \"hipsci_iudw_4\", \"hipsci_jejf_2\", \"hipsci_jejf_3\", \"hipsci_kolf_2\", \"hipsci_kolf_3\", \"hipsci_oikd_2\", \"hipsci_oikd_5\", \"hipsci_paab_3\", \"hipsci_paab_4\", \"hipsci_pipw_4\", \"hipsci_pipw_5\", \"hipsci_tolg_4\", \"hipsci_tolg_6\", \"hipsci_zapk_3\", \"h1_train\", \"h1_val\", \"tian2021_neuron\"], \"groups\": [\"CD4T\", \"H1\", \"HCT116\", \"HEK293T\", \"HepG2\", \"K562\", \"Neuron\", \"RPE1\", \"iPSC\"], \"held_fit_reads\": [], \"unknown_target_descriptors\": 2687, \"seconds\": 203, \"parameters\": {\"held\": \"Jurkat\", \"seed\": 20261004, \"steps\": 3000, \"width\": 64, \"rank\": 32, \"lr\": 0.0003, \"residual_bound\": 0.5, \"batch\": 64, \"residual_l2\": 0.01, \"cohort\": \"aggregate-first-cohort\"}, \"cube_manifest_sha256\": \"c7fb76628b8246b9e00c789582ba3e512a8018e9469c5e8f3344001375fe1099\"}}\n"}
,{"stream_name":"stdout","time":114.605651984,"data":"{\"arm\": \"no_context_s0\", \"step\": 100, \"loss\": 0.07792146503925323, \"seconds\": 102}\n"}
,{"stream_name":"stdout","time":161.786433605,"data":"{\"arm\": \"no_context_s0\", \"step\": 200, \"loss\": 0.07212738692760468, \"seconds\": 149}\n"}
,{"stream_name":"stdout","time":184.274575083,"data":"{\"arm\": \"no_context_s0\", \"step\": 300, \"loss\": 0.06958834826946259, \"seconds\": 172}\n"}
,{"stream_name":"stdout","time":193.298471608,"data":"{\"arm\": \"no_context_s0\", \"step\": 400, \"loss\": 0.09631088376045227, \"seconds\": 181}\n"}
,{"stream_name":"stdout","time":197.240254895,"data":"{\"arm\": \"no_context_s0\", \"step\": 500, \"loss\": 0.08174313604831696, \"seconds\": 185}\n"}
,{"stream_name":"stdout","time":199.277628214,"data":"{\"arm\": \"no_context_s0\", \"step\": 600, \"loss\": 0.057450953871011734, \"seconds\": 187}\n"}
,{"stream_name":"stdout","time":200.890430049,"data":"{\"arm\": \"no_context_s0\", \"step\": 700, \"loss\": 0.0955580547451973, \"seconds\": 188}\n"}
,{"stream_name":"stdout","time":202.583898927,"data":"{\"arm\": \"no_context_s0\", \"step\": 800, \"loss\": 0.15240345895290375, \"seconds\": 190}\n"}
,{"stream_name":"stdout","time":204.237699661,"data":"{\"arm\": \"no_context_s0\", \"step\": 900, \"loss\": 0.06715082377195358, \"seconds\": 192}\n"}
,{"stream_name":"stdout","time":205.882732941,"data":"{\"arm\": \"no_context_s0\", \"step\": 1000, \"loss\": 0.06858939677476883, \"seconds\": 193}\n"}
,{"stream_name":"stdout","time":207.555744607,"data":"{\"arm\": \"no_context_s0\", \"step\": 1100, \"loss\": 0.11506009846925735, \"seconds\": 195}\n"}
,{"stream_name":"stdout","time":209.195759098,"data":"{\"arm\": \"no_context_s0\", \"step\": 1200, \"loss\": 0.07628753036260605, \"seconds\": 196}\n"}
,{"stream_name":"stdout","time":210.813637472,"data":"{\"arm\": \"no_context_s0\", \"step\": 1300, \"loss\": 0.08159113675355911, \"seconds\": 198}\n"}
,{"stream_name":"stdout","time":212.514853604,"data":"{\"arm\": \"no_context_s0\", \"step\": 1400, \"loss\": 0.10122804343700409, \"seconds\": 200}\n"}
,{"stream_name":"stdout","time":214.161330799,"data":"{\"arm\": \"no_context_s0\", \"step\": 1500, \"loss\": 0.0791224017739296, \"seconds\": 201}\n"}
,{"stream_name":"stdout","time":215.79951181,"data":"{\"arm\": \"no_context_s0\", \"step\": 1600, \"loss\": 0.07489635795354843, \"seconds\": 203}\n"}
,{"stream_name":"stdout","time":217.478406733,"data":"{\"arm\": \"no_context_s0\", \"step\": 1700, \"loss\": 0.1730480194091797, \"seconds\": 205}\n"}
,{"stream_name":"stdout","time":219.124591125,"data":"{\"arm\": \"no_context_s0\", \"step\": 1800, \"loss\": 0.10500863194465637, \"seconds\": 206}\n"}
,{"stream_name":"stdout","time":220.748321476,"data":"{\"arm\": \"no_context_s0\", \"step\": 1900, \"loss\": 0.0599246509373188, \"seconds\": 208}\n"}
,{"stream_name":"stdout","time":222.449326043,"data":"{\"arm\": \"no_context_s0\", \"step\": 2000, \"loss\": 0.07720832526683807, \"seconds\": 210}\n"}
,{"stream_name":"stdout","time":224.088298462,"data":"{\"arm\": \"no_context_s0\", \"step\": 2100, \"loss\": 0.15474961698055267, \"seconds\": 211}\n"}
,{"stream_name":"stdout","time":225.732018198,"data":"{\"arm\": \"no_context_s0\", \"step\": 2200, \"loss\": 0.0887703150510788, \"seconds\": 213}\n"}
,{"stream_name":"stdout","time":227.400654542,"data":"{\"arm\": \"no_context_s0\", \"step\": 2300, \"loss\": 0.11420374363660812, \"seconds\": 215}\n"}
,{"stream_name":"stdout","time":229.00630041,"data":"{\"arm\": \"no_context_s0\", \"step\": 2400, \"loss\": 0.09070263057947159, \"seconds\": 216}\n"}
,{"stream_name":"stdout","time":230.644792967,"data":"{\"arm\": \"no_context_s0\", \"step\": 2500, \"loss\": 0.0798042044043541, \"seconds\": 218}\n"}
,{"stream_name":"stdout","time":232.34055339,"data":"{\"arm\": \"no_context_s0\", \"step\": 2600, \"loss\": 0.09079211950302124, \"seconds\": 220}\n"}
,{"stream_name":"stdout","time":233.989034536,"data":"{\"arm\": \"no_context_s0\", \"step\": 2700, \"loss\": 0.05173029005527496, \"seconds\": 221}\n"}
,{"stream_name":"stdout","time":235.656204315,"data":"{\"arm\": \"no_context_s0\", \"step\": 2800, \"loss\": 0.07905016839504242, \"seconds\": 223}\n"}
,{"stream_name":"stdout","time":237.30840415,"data":"{\"arm\": \"no_context_s0\", \"step\": 2900, \"loss\": 0.09085604548454285, \"seconds\": 225}\n"}
,{"stream_name":"stdout","time":238.958686532,"data":"{\"arm\": \"no_context_s0\", \"step\": 3000, \"loss\": 0.10281096398830414, \"seconds\": 226}\n"}
,{"stream_name":"stdout","time":240.941888608,"data":"{\"arm\": \"context_s0\", \"step\": 100, \"loss\": 0.07504628598690033, \"seconds\": 228}\n"}
,{"stream_name":"stdout","time":242.736660757,"data":"{\"arm\": \"context_s0\", \"step\": 200, \"loss\": 0.06989585608243942, \"seconds\": 230}\n"}
,{"stream_name":"stdout","time":244.476943362,"data":"{\"arm\": \"context_s0\", \"step\": 300, \"loss\": 0.07027286291122437, \"seconds\": 232}\n"}
,{"stream_name":"stdout","time":246.263266473,"data":"{\"arm\": \"context_s0\", \"step\": 400, \"loss\": 0.09506368637084961, \"seconds\": 234}\n"}
,{"stream_name":"stdout","time":248.033041897,"data":"{\"arm\": \"context_s0\", \"step\": 500, \"loss\": 0.08083914965391159, \"seconds\": 235}\n"}
,{"stream_name":"stdout","time":249.779825588,"data":"{\"arm\": \"context_s0\", \"step\": 600, \"loss\": 0.05675671249628067, \"seconds\": 237}\n"}
,{"stream_name":"stdout","time":251.579215168,"data":"{\"arm\": \"context_s0\", \"step\": 700, \"loss\": 0.09439446032047272, \"seconds\": 239}\n"}
,{"stream_name":"stdout","time":253.327269183,"data":"{\"arm\": \"context_s0\", \"step\": 800, \"loss\": 0.14738072454929352, \"seconds\": 241}\n"}
,{"stream_name":"stdout","time":255.084911042,"data":"{\"arm\": \"context_s0\", \"step\": 900, \"loss\": 0.06628388166427612, \"seconds\": 242}\n"}
,{"stream_name":"stdout","time":256.858250192,"data":"{\"arm\": \"context_s0\", \"step\": 1000, \"loss\": 0.06790705025196075, \"seconds\": 244}\n"}
,{"stream_name":"stdout","time":258.593077197,"data":"{\"arm\": \"context_s0\", \"step\": 1100, \"loss\": 0.11482717841863632, \"seconds\": 246}\n"}
,{"stream_name":"stdout","time":260.375861744,"data":"{\"arm\": \"context_s0\", \"step\": 1200, \"loss\": 0.07576268166303635, \"seconds\": 248}\n"}
,{"stream_name":"stdout","time":262.170757744,"data":"{\"arm\": \"context_s0\", \"step\": 1300, \"loss\": 0.08003959059715271, \"seconds\": 249}\n"}
,{"stream_name":"stdout","time":263.878346605,"data":"{\"arm\": \"context_s0\", \"step\": 1400, \"loss\": 0.1011970043182373, \"seconds\": 251}\n"}
,{"stream_name":"stdout","time":265.648266584,"data":"{\"arm\": \"context_s0\", \"step\": 1500, \"loss\": 0.0780549943447113, \"seconds\": 253}\n"}
,{"stream_name":"stdout","time":267.403254744,"data":"{\"arm\": \"context_s0\", \"step\": 1600, \"loss\": 0.07394726574420929, \"seconds\": 255}\n"}
,{"stream_name":"stdout","time":269.115786711,"data":"{\"arm\": \"context_s0\", \"step\": 1700, \"loss\": 0.1775854378938675, \"seconds\": 256}\n"}
,{"stream_name":"stdout","time":270.871209344,"data":"{\"arm\": \"context_s0\", \"step\": 1800, \"loss\": 0.10507728159427643, \"seconds\": 258}\n"}
,{"stream_name":"stdout","time":272.639974244,"data":"{\"arm\": \"context_s0\", \"step\": 1900, \"loss\": 0.059421099722385406, \"seconds\": 260}\n"}
,{"stream_name":"stdout","time":274.400986698,"data":"{\"arm\": \"context_s0\", \"step\": 2000, \"loss\": 0.07963208854198456, \"seconds\": 262}\n"}
,{"stream_name":"stdout","time":276.171009155,"data":"{\"arm\": \"context_s0\", \"step\": 2100, \"loss\": 0.15130549669265747, \"seconds\": 263}\n"}
,{"stream_name":"stdout","time":277.872810357,"data":"{\"arm\": \"context_s0\", \"step\": 2200, \"loss\": 0.0866352915763855, \"seconds\": 265}\n"}
,{"stream_name":"stdout","time":279.600321338,"data":"{\"arm\": \"context_s0\", \"step\": 2300, \"loss\": 0.11312966793775558, \"seconds\": 267}\n"}
,{"stream_name":"stdout","time":281.38725938,"data":"{\"arm\": \"context_s0\", \"step\": 2400, \"loss\": 0.09091634303331375, \"seconds\": 269}\n"}
,{"stream_name":"stdout","time":283.106362123,"data":"{\"arm\": \"context_s0\", \"step\": 2500, \"loss\": 0.07942837476730347, \"seconds\": 270}\n"}
,{"stream_name":"stdout","time":284.877145956,"data":"{\"arm\": \"context_s0\", \"step\": 2600, \"loss\": 0.09142255783081055, \"seconds\": 272}\n"}
,{"stream_name":"stdout","time":286.627840955,"data":"{\"arm\": \"context_s0\", \"step\": 2700, \"loss\": 0.05184195190668106, \"seconds\": 274}\n"}
,{"stream_name":"stdout","time":288.366282039,"data":"{\"arm\": \"context_s0\", \"step\": 2800, \"loss\": 0.07848326116800308, \"seconds\": 276}\n"}
,{"stream_name":"stdout","time":290.123668828,"data":"{\"arm\": \"context_s0\", \"step\": 2900, \"loss\": 0.09031812846660614, \"seconds\": 277}\n"}
,{"stream_name":"stdout","time":291.91145973,"data":"{\"arm\": \"context_s0\", \"step\": 3000, \"loss\": 0.10316907614469528, \"seconds\": 279}\n"}
,{"stream_name":"stdout","time":293.759850841,"data":"{\"arm\": \"no_context_s1\", \"step\": 100, \"loss\": 0.15771052241325378, \"seconds\": 281}\n"}
,{"stream_name":"stdout","time":295.458637644,"data":"{\"arm\": \"no_context_s1\", \"step\": 200, \"loss\": 0.15952494740486145, \"seconds\": 283}\n"}
,{"stream_name":"stdout","time":297.136754577,"data":"{\"arm\": \"no_context_s1\", \"step\": 300, \"loss\": 0.09588925540447235, \"seconds\": 284}\n"}
,{"stream_name":"stdout","time":298.810624532,"data":"{\"arm\": \"no_context_s1\", \"step\": 400, \"loss\": 0.0833519697189331, \"seconds\": 286}\n"}
,{"stream_name":"stdout","time":300.476826581,"data":"{\"arm\": \"no_context_s1\", \"step\": 500, \"loss\": 0.12915784120559692, \"seconds\": 288}\n"}
,{"stream_name":"stdout","time":302.133054955,"data":"{\"arm\": \"no_context_s1\", \"step\": 600, \"loss\": 0.09182315319776535, \"seconds\": 289}\n"}
,{"stream_name":"stdout","time":303.793224788,"data":"{\"arm\": \"no_context_s1\", \"step\": 700, \"loss\": 0.06491194665431976, \"seconds\": 291}\n"}
,{"stream_name":"stdout","time":305.467975243,"data":"{\"arm\": \"no_context_s1\", \"step\": 800, \"loss\": 0.18137311935424805, \"seconds\": 293}\n"}
,{"stream_name":"stdout","time":307.096026052,"data":"{\"arm\": \"no_context_s1\", \"step\": 900, \"loss\": 0.1586044430732727, \"seconds\": 294}\n"}
,{"stream_name":"stdout","time":308.766671283,"data":"{\"arm\": \"no_context_s1\", \"step\": 1000, \"loss\": 0.11735309660434723, \"seconds\": 296}\n"}
,{"stream_name":"stdout","time":310.444283184,"data":"{\"arm\": \"no_context_s1\", \"step\": 1100, \"loss\": 0.13900601863861084, \"seconds\": 298}\n"}
,{"stream_name":"stdout","time":312.065771831,"data":"{\"arm\": \"no_context_s1\", \"step\": 1200, \"loss\": 0.16828873753547668, \"seconds\": 299}\n"}
,{"stream_name":"stdout","time":313.730071168,"data":"{\"arm\": \"no_context_s1\", \"step\": 1300, \"loss\": 0.06029118597507477, \"seconds\": 301}\n"}
,{"stream_name":"stdout","time":315.403881995,"data":"{\"arm\": \"no_context_s1\", \"step\": 1400, \"loss\": 0.06121968477964401, \"seconds\": 303}\n"}
,{"stream_name":"stdout","time":317.033299409,"data":"{\"arm\": \"no_context_s1\", \"step\": 1500, \"loss\": 0.11349466443061829, \"seconds\": 304}\n"}
,{"stream_name":"stdout","time":318.720436763,"data":"{\"arm\": \"no_context_s1\", \"step\": 1600, \"loss\": 0.08414546400308609, \"seconds\": 306}\n"}
,{"stream_name":"stdout","time":320.386642481,"data":"{\"arm\": \"no_context_s1\", \"step\": 1700, \"loss\": 0.06971779465675354, \"seconds\": 308}\n"}
,{"stream_name":"stdout","time":322.094125344,"data":"{\"arm\": \"no_context_s1\", \"step\": 1800, \"loss\": 0.079288050532341, \"seconds\": 309}\n"}
,{"stream_name":"stdout","time":323.856915978,"data":"{\"arm\": \"no_context_s1\", \"step\": 1900, \"loss\": 0.09920522570610046, \"seconds\": 311}\n"}
,{"stream_name":"stdout","time":325.520595338,"data":"{\"arm\": \"no_context_s1\", \"step\": 2000, \"loss\": 0.11547574400901794, \"seconds\": 313}\n"}
,{"stream_name":"stdout","time":327.139672491,"data":"{\"arm\": \"no_context_s1\", \"step\": 2100, \"loss\": 0.06316155195236206, \"seconds\": 314}\n"}
,{"stream_name":"stdout","time":328.820790573,"data":"{\"arm\": \"no_context_s1\", \"step\": 2200, \"loss\": 0.09504152834415436, \"seconds\": 316}\n"}
,{"stream_name":"stdout","time":330.467306335,"data":"{\"arm\": \"no_context_s1\", \"step\": 2300, \"loss\": 0.07381289452314377, \"seconds\": 318}\n"}
,{"stream_name":"stdout","time":332.145547559,"data":"{\"arm\": \"no_context_s1\", \"step\": 2400, \"loss\": 0.13073748350143433, \"seconds\": 319}\n"}
,{"stream_name":"stdout","time":333.816125453,"data":"{\"arm\": \"no_context_s1\", \"step\": 2500, \"loss\": 0.07435841858386993, \"seconds\": 321}\n"}
,{"stream_name":"stdout","time":335.469598183,"data":"{\"arm\": \"no_context_s1\", \"step\": 2600, \"loss\": 0.05703875049948692, \"seconds\": 323}\n"}
,{"stream_name":"stdout","time":337.087203612,"data":"{\"arm\": \"no_context_s1\", \"step\": 2700, \"loss\": 0.15053990483283997, \"seconds\": 324}\n"}
,{"stream_name":"stdout","time":338.749572662,"data":"{\"arm\": \"no_context_s1\", \"step\": 2800, \"loss\": 0.06842269003391266, \"seconds\": 326}\n"}
,{"stream_name":"stdout","time":340.40366215,"data":"{\"arm\": \"no_context_s1\", \"step\": 2900, \"loss\": 0.21709856390953064, \"seconds\": 328}\n"}
,{"stream_name":"stdout","time":342.075845367,"data":"{\"arm\": \"no_context_s1\", \"step\": 3000, \"loss\": 0.07390429824590683, \"seconds\": 329}\n"}
,{"stream_name":"stdout","time":343.944270243,"data":"{\"arm\": \"context_s1\", \"step\": 100, \"loss\": 0.15643653273582458, \"seconds\": 331}\n"}
,{"stream_name":"stdout","time":345.647192364,"data":"{\"arm\": \"context_s1\", \"step\": 200, \"loss\": 0.1578669399023056, \"seconds\": 333}\n"}
,{"stream_name":"stdout","time":347.35588078,"data":"{\"arm\": \"context_s1\", \"step\": 300, \"loss\": 0.09094378352165222, \"seconds\": 335}\n"}
,{"stream_name":"stdout","time":349.095799261,"data":"{\"arm\": \"context_s1\", \"step\": 400, \"loss\": 0.07950547337532043, \"seconds\": 336}\n"}
,{"stream_name":"stdout","time":350.807834537,"data":"{\"arm\": \"context_s1\", \"step\": 500, \"loss\": 0.1258193850517273, \"seconds\": 338}\n"}
,{"stream_name":"stdout","time":352.566091782,"data":"{\"arm\": \"context_s1\", \"step\": 600, \"loss\": 0.09021255373954773, \"seconds\": 340}\n"}
,{"stream_name":"stdout","time":354.287456081,"data":"{\"arm\": \"context_s1\", \"step\": 700, \"loss\": 0.06398539990186691, \"seconds\": 342}\n"}
,{"stream_name":"stdout","time":355.986746081,"data":"{\"arm\": \"context_s1\", \"step\": 800, \"loss\": 0.17105934023857117, \"seconds\": 343}\n"}
,{"stream_name":"stdout","time":357.722189252,"data":"{\"arm\": \"context_s1\", \"step\": 900, \"loss\": 0.1510320007801056, \"seconds\": 345}\n"}
,{"stream_name":"stdout","time":359.48067942,"data":"{\"arm\": \"context_s1\", \"step\": 1000, \"loss\": 0.11385185271501541, \"seconds\": 347}\n"}
,{"stream_name":"stdout","time":361.279907493,"data":"{\"arm\": \"context_s1\", \"step\": 1100, \"loss\": 0.13625550270080566, \"seconds\": 349}\n"}
,{"stream_name":"stdout","time":362.973270469,"data":"{\"arm\": \"context_s1\", \"step\": 1200, \"loss\": 0.16155239939689636, \"seconds\": 350}\n"}
,{"stream_name":"stdout","time":364.71943204,"data":"{\"arm\": \"context_s1\", \"step\": 1300, \"loss\": 0.05999147519469261, \"seconds\": 352}\n"}
,{"stream_name":"stdout","time":366.435201857,"data":"{\"arm\": \"context_s1\", \"step\": 1400, \"loss\": 0.06035469472408295, \"seconds\": 354}\n"}
,{"stream_name":"stdout","time":368.111586323,"data":"{\"arm\": \"context_s1\", \"step\": 1500, \"loss\": 0.11199484765529633, \"seconds\": 355}\n"}
,{"stream_name":"stdout","time":369.856240921,"data":"{\"arm\": \"context_s1\", \"step\": 1600, \"loss\": 0.08343978226184845, \"seconds\": 357}\n"}
,{"stream_name":"stdout","time":371.625069218,"data":"{\"arm\": \"context_s1\", \"step\": 1700, \"loss\": 0.0692070871591568, \"seconds\": 359}\n"}
,{"stream_name":"stdout","time":373.320136663,"data":"{\"arm\": \"context_s1\", \"step\": 1800, \"loss\": 0.07923059910535812, \"seconds\": 361}\n"}
,{"stream_name":"stdout","time":375.07080371,"data":"{\"arm\": \"context_s1\", \"step\": 1900, \"loss\": 0.09818682074546814, \"seconds\": 362}\n"}
,{"stream_name":"stdout","time":376.785038406,"data":"{\"arm\": \"context_s1\", \"step\": 2000, \"loss\": 0.1079840138554573, \"seconds\": 364}\n"}
,{"stream_name":"stdout","time":378.471912868,"data":"{\"arm\": \"context_s1\", \"step\": 2100, \"loss\": 0.06222840026021004, \"seconds\": 366}\n"}
,{"stream_name":"stdout","time":380.221368682,"data":"{\"arm\": \"context_s1\", \"step\": 2200, \"loss\": 0.09378933161497116, \"seconds\": 368}\n"}
,{"stream_name":"stdout","time":381.947395575,"data":"{\"arm\": \"context_s1\", \"step\": 2300, \"loss\": 0.07667551934719086, \"seconds\": 369}\n"}
,{"stream_name":"stdout","time":383.65135166,"data":"{\"arm\": \"context_s1\", \"step\": 2400, \"loss\": 0.13046634197235107, \"seconds\": 371}\n"}
,{"stream_name":"stdout","time":385.406534685,"data":"{\"arm\": \"context_s1\", \"step\": 2500, \"loss\": 0.07368125021457672, \"seconds\": 373}\n"}
,{"stream_name":"stdout","time":387.130358911,"data":"{\"arm\": \"context_s1\", \"step\": 2600, \"loss\": 0.057702068239450455, \"seconds\": 374}\n"}
,{"stream_name":"stdout","time":388.863101308,"data":"{\"arm\": \"context_s1\", \"step\": 2700, \"loss\": 0.15731632709503174, \"seconds\": 376}\n"}
,{"stream_name":"stdout","time":390.607779571,"data":"{\"arm\": \"context_s1\", \"step\": 2800, \"loss\": 0.06814530491828918, \"seconds\": 378}\n"}
,{"stream_name":"stdout","time":392.341169726,"data":"{\"arm\": \"context_s1\", \"step\": 2900, \"loss\": 0.20844171941280365, \"seconds\": 380}\n"}
,{"stream_name":"stdout","time":394.046468468,"data":"{\"arm\": \"context_s1\", \"step\": 3000, \"loss\": 0.07404201477766037, \"seconds\": 381}\n"}
,{"stream_name":"stdout","time":395.834659465,"data":"{\"arm\": \"no_context_s2\", \"step\": 100, \"loss\": 0.06482744961977005, \"seconds\": 383}\n"}
,{"stream_name":"stdout","time":397.431913487,"data":"{\"arm\": \"no_context_s2\", \"step\": 200, \"loss\": 0.08328066766262054, \"seconds\": 385}\n"}
,{"stream_name":"stdout","time":399.078400886,"data":"{\"arm\": \"no_context_s2\", \"step\": 300, \"loss\": 0.24410845339298248, \"seconds\": 386}\n"}
,{"stream_name":"stdout","time":400.732671312,"data":"{\"arm\": \"no_context_s2\", \"step\": 400, \"loss\": 0.1030830591917038, \"seconds\": 388}\n"}
,{"stream_name":"stdout","time":402.375707265,"data":"{\"arm\": \"no_context_s2\", \"step\": 500, \"loss\": 0.15065503120422363, \"seconds\": 390}\n"}
,{"stream_name":"stdout","time":404.018540528,"data":"{\"arm\": \"no_context_s2\", \"step\": 600, \"loss\": 0.12890450656414032, \"seconds\": 391}\n"}
,{"stream_name":"stdout","time":405.684132201,"data":"{\"arm\": \"no_context_s2\", \"step\": 700, \"loss\": 0.12597154080867767, \"seconds\": 393}\n"}
,{"stream_name":"stdout","time":407.29524504,"data":"{\"arm\": \"no_context_s2\", \"step\": 800, \"loss\": 0.10911993682384491, \"seconds\": 395}\n"}
,{"stream_name":"stdout","time":408.95959351,"data":"{\"arm\": \"no_context_s2\", \"step\": 900, \"loss\": 0.10241996496915817, \"seconds\": 396}\n"}
,{"stream_name":"stdout","time":410.634283104,"data":"{\"arm\": \"no_context_s2\", \"step\": 1000, \"loss\": 0.08268700540065765, \"seconds\": 398}\n"}
,{"stream_name":"stdout","time":412.28426592,"data":"{\"arm\": \"no_context_s2\", \"step\": 1100, \"loss\": 0.06918921321630478, \"seconds\": 400}\n"}
,{"stream_name":"stdout","time":413.969846496,"data":"{\"arm\": \"no_context_s2\", \"step\": 1200, \"loss\": 0.13187098503112793, \"seconds\": 401}\n"}
,{"stream_name":"stdout","time":415.656140372,"data":"{\"arm\": \"no_context_s2\", \"step\": 1300, \"loss\": 0.06038763374090195, \"seconds\": 403}\n"}
,{"stream_name":"stdout","time":417.279639985,"data":"{\"arm\": \"no_context_s2\", \"step\": 1400, \"loss\": 0.08797823637723923, \"seconds\": 405}\n"}
,{"stream_name":"stdout","time":418.954277214,"data":"{\"arm\": \"no_context_s2\", \"step\": 1500, \"loss\": 0.12298301607370377, \"seconds\": 406}\n"}
,{"stream_name":"stdout","time":420.63101365,"data":"{\"arm\": \"no_context_s2\", \"step\": 1600, \"loss\": 0.07328087836503983, \"seconds\": 408}\n"}
,{"stream_name":"stdout","time":422.268353731,"data":"{\"arm\": \"no_context_s2\", \"step\": 1700, \"loss\": 0.09161738306283951, \"seconds\": 410}\n"}
,{"stream_name":"stdout","time":423.911828907,"data":"{\"arm\": \"no_context_s2\", \"step\": 1800, \"loss\": 0.14443489909172058, \"seconds\": 411}\n"}
,{"stream_name":"stdout","time":425.567793839,"data":"{\"arm\": \"no_context_s2\", \"step\": 1900, \"loss\": 0.06317709386348724, \"seconds\": 413}\n"}
,{"stream_name":"stdout","time":427.149543447,"data":"{\"arm\": \"no_context_s2\", \"step\": 2000, \"loss\": 0.09629803150892258, \"seconds\": 414}\n"}
,{"stream_name":"stdout","time":428.799335454,"data":"{\"arm\": \"no_context_s2\", \"step\": 2100, \"loss\": 0.05476972833275795, \"seconds\": 416}\n"}
,{"stream_name":"stdout","time":430.437960899,"data":"{\"arm\": \"no_context_s2\", \"step\": 2200, \"loss\": 0.06779025495052338, \"seconds\": 418}\n"}
,{"stream_name":"stdout","time":432.083697329,"data":"{\"arm\": \"no_context_s2\", \"step\": 2300, \"loss\": 0.11184074729681015, \"seconds\": 419}\n"}
,{"stream_name":"stdout","time":433.753596155,"data":"{\"arm\": \"no_context_s2\", \"step\": 2400, \"loss\": 0.12999877333641052, \"seconds\": 421}\n"}
,{"stream_name":"stdout","time":435.411179033,"data":"{\"arm\": \"no_context_s2\", \"step\": 2500, \"loss\": 0.06529814749956131, \"seconds\": 423}\n"}
,{"stream_name":"stdout","time":437.036252562,"data":"{\"arm\": \"no_context_s2\", \"step\": 2600, \"loss\": 0.3167596161365509, \"seconds\": 424}\n"}
,{"stream_name":"stdout","time":438.713252939,"data":"{\"arm\": \"no_context_s2\", \"step\": 2700, \"loss\": 0.06451906263828278, \"seconds\": 426}\n"}
,{"stream_name":"stdout","time":440.340433889,"data":"{\"arm\": \"no_context_s2\", \"step\": 2800, \"loss\": 0.13976866006851196, \"seconds\": 428}\n"}
,{"stream_name":"stdout","time":442.008055016,"data":"{\"arm\": \"no_context_s2\", \"step\": 2900, \"loss\": 0.1253749132156372, \"seconds\": 429}\n"}
,{"stream_name":"stdout","time":443.649697032,"data":"{\"arm\": \"no_context_s2\", \"step\": 3000, \"loss\": 0.1381949633359909, \"seconds\": 431}\n"}
,{"stream_name":"stdout","time":445.470404077,"data":"{\"arm\": \"context_s2\", \"step\": 100, \"loss\": 0.06299132108688354, \"seconds\": 433}\n"}
,{"stream_name":"stdout","time":447.166752941,"data":"{\"arm\": \"context_s2\", \"step\": 200, \"loss\": 0.08292348682880402, \"seconds\": 434}\n"}
,{"stream_name":"stdout","time":448.867970174,"data":"{\"arm\": \"context_s2\", \"step\": 300, \"loss\": 0.26114365458488464, \"seconds\": 436}\n"}
,{"stream_name":"stdout","time":450.578821115,"data":"{\"arm\": \"context_s2\", \"step\": 400, \"loss\": 0.10079968720674515, \"seconds\": 438}\n"}
,{"stream_name":"stdout","time":452.329045853,"data":"{\"arm\": \"context_s2\", \"step\": 500, \"loss\": 0.14070582389831543, \"seconds\": 440}\n"}
,{"stream_name":"stdout","time":454.015211727,"data":"{\"arm\": \"context_s2\", \"step\": 600, \"loss\": 0.1257660686969757, \"seconds\": 441}\n"}
,{"stream_name":"stdout","time":455.695310296,"data":"{\"arm\": \"context_s2\", \"step\": 700, \"loss\": 0.12441927194595337, \"seconds\": 443}\n"}
,{"stream_name":"stdout","time":457.437851489,"data":"{\"arm\": \"context_s2\", \"step\": 800, \"loss\": 0.10923591256141663, \"seconds\": 445}\n"}
,{"stream_name":"stdout","time":459.164991871,"data":"{\"arm\": \"context_s2\", \"step\": 900, \"loss\": 0.09973278641700745, \"seconds\": 446}\n"}
,{"stream_name":"stdout","time":460.851252497,"data":"{\"arm\": \"context_s2\", \"step\": 1000, \"loss\": 0.08092919737100601, \"seconds\": 448}\n"}
,{"stream_name":"stdout","time":462.578761454,"data":"{\"arm\": \"context_s2\", \"step\": 1100, \"loss\": 0.06831581145524979, \"seconds\": 450}\n"}
,{"stream_name":"stdout","time":464.284015798,"data":"{\"arm\": \"context_s2\", \"step\": 1200, \"loss\": 0.12618917226791382, \"seconds\": 452}\n"}
,{"stream_name":"stdout","time":465.94898973,"data":"{\"arm\": \"context_s2\", \"step\": 1300, \"loss\": 0.06040472909808159, \"seconds\": 453}\n"}
,{"stream_name":"stdout","time":467.652222399,"data":"{\"arm\": \"context_s2\", \"step\": 1400, \"loss\": 0.08572395145893097, \"seconds\": 455}\n"}
,{"stream_name":"stdout","time":469.357604178,"data":"{\"arm\": \"context_s2\", \"step\": 1500, \"loss\": 0.1238890066742897, \"seconds\": 457}\n"}
,{"stream_name":"stdout","time":471.060744628,"data":"{\"arm\": \"context_s2\", \"step\": 1600, \"loss\": 0.07283277809619904, \"seconds\": 458}\n"}
,{"stream_name":"stdout","time":472.777466676,"data":"{\"arm\": \"context_s2\", \"step\": 1700, \"loss\": 0.09024502336978912, \"seconds\": 460}\n"}
,{"stream_name":"stdout","time":474.488262541,"data":"{\"arm\": \"context_s2\", \"step\": 1800, \"loss\": 0.1427324265241623, \"seconds\": 462}\n"}
,{"stream_name":"stdout","time":476.133365282,"data":"{\"arm\": \"context_s2\", \"step\": 1900, \"loss\": 0.06319862604141235, \"seconds\": 463}\n"}
,{"stream_name":"stdout","time":477.825650136,"data":"{\"arm\": \"context_s2\", \"step\": 2000, \"loss\": 0.09416329860687256, \"seconds\": 465}\n"}
,{"stream_name":"stdout","time":479.537158159,"data":"{\"arm\": \"context_s2\", \"step\": 2100, \"loss\": 0.05416572839021683, \"seconds\": 467}\n"}
,{"stream_name":"stdout","time":481.261355625,"data":"{\"arm\": \"context_s2\", \"step\": 2200, \"loss\": 0.0676785334944725, \"seconds\": 469}\n"}
,{"stream_name":"stdout","time":482.96841382,"data":"{\"arm\": \"context_s2\", \"step\": 2300, \"loss\": 0.10958640277385712, \"seconds\": 470}\n"}
,{"stream_name":"stdout","time":484.661195123,"data":"{\"arm\": \"context_s2\", \"step\": 2400, \"loss\": 0.12929348647594452, \"seconds\": 472}\n"}
,{"stream_name":"stdout","time":486.313795671,"data":"{\"arm\": \"context_s2\", \"step\": 2500, \"loss\": 0.0659300833940506, \"seconds\": 474}\n"}
,{"stream_name":"stdout","time":488.026819602,"data":"{\"arm\": \"context_s2\", \"step\": 2600, \"loss\": 0.3140180706977844, \"seconds\": 475}\n"}
,{"stream_name":"stdout","time":489.705019371,"data":"{\"arm\": \"context_s2\", \"step\": 2700, \"loss\": 0.06477393954992294, \"seconds\": 477}\n"}
,{"stream_name":"stdout","time":491.383017153,"data":"{\"arm\": \"context_s2\", \"step\": 2800, \"loss\": 0.14175117015838623, \"seconds\": 479}\n"}
,{"stream_name":"stdout","time":493.074377602,"data":"{\"arm\": \"context_s2\", \"step\": 2900, \"loss\": 0.12514662742614746, \"seconds\": 480}\n"}
,{"stream_name":"stdout","time":494.764424733,"data":"{\"arm\": \"context_s2\", \"step\": 3000, \"loss\": 0.13789618015289307, \"seconds\": 482}\n"}
,{"stream_name":"stderr","time":501.783855822,"data":"/usr/local/lib/python3.13/dist-packages/mistune.py:435: SyntaxWarning: invalid escape sequence '\\|'\n"}
,{"stream_name":"stderr","time":501.783887134,"data":"  cells[i][c] = re.sub('\\\\\\\\\\|', '|', cell)\n"}
,{"stream_name":"stderr","time":502.125821359,"data":"/usr/local/lib/python3.13/dist-packages/nbconvert/filters/filter_links.py:36: SyntaxWarning: invalid escape sequence '\\_'\n"}
,{"stream_name":"stderr","time":502.125861592,"data":"  text = re.sub(r'_', '\\_', text) # Escape underscores in display text\n"}
,{"stream_name":"stderr","time":503.04345322,"data":"[NbConvertApp] Converting notebook __script__.ipynb to html\n"}
,{"stream_name":"stderr","time":504.222050348,"data":"[NbConvertApp] Writing 288657 bytes to __results__.html\n"}
]