trial          : trial-ext-profile (external_effects)
shape          : 300 perturbations x 400 cells x 3 contexts = 360,000 cells
pilot          : False
disk free      : 54.32 GiB (estimated need 4.19 GiB)
seed           : 20260912

  basal A: 18,400 cells, median UMI 20,109, median detected genes 6,147
  basal B: 18,400 cells, median UMI 19,946, median detected genes 5,756
  basal C: 18,400 cells, median UMI 20,034, median detected genes 6,006
effects A      : C:\Users\39346\vcc2026-data\processed\effects_t34_2026-10-04\effects_A.npz (9,135 genes observed)
effects B      : C:\Users\39346\vcc2026-data\processed\effects_t34_2026-10-04\effects_B.npz (8,668 genes observed)
effects C      : C:\Users\39346\vcc2026-data\processed\effects_t34_2026-10-04\effects_C.npz (9,127 genes observed)
    A 1/300 (4s)
    A 26/300 (30s)
    A 51/300 (58s)
    A 76/300 (87s)
    A 101/300 (116s)
    A 126/300 (146s)
    A 151/300 (177s)
    A 176/300 (204s)
    A 201/300 (234s)
    A 226/300 (263s)
    A 251/300 (323s)
    A 276/300 (343s)
    B 1/300 (364s)
    B 26/300 (382s)
    B 51/300 (401s)
    B 76/300 (420s)
    B 101/300 (439s)
    B 126/300 (458s)
    B 151/300 (476s)
    B 176/300 (495s)
    B 201/300 (514s)
    B 226/300 (532s)
    B 251/300 (551s)
    B 276/300 (569s)
    C 1/300 (588s)
    C 26/300 (608s)
    C 51/300 (627s)
    C 76/300 (646s)
    C 101/300 (665s)
    C 126/300 (684s)
    C 151/300 (702s)
    C 176/300 (721s)
    C 201/300 (739s)
    C 226/300 (757s)
    C 251/300 (776s)
    C 276/300 (794s)

wrote prediction.h5ad: 360,000 cells, 2,158,637,475 stored values, 4033.8 MB
  stored per cell     : 5,996 (budget 13,194)
  context provenance  : OK
  runtime             : basal 10s, generation 813s, total 824s
  peak RSS            : 0.63 GiB
-> C:\Users\39346\vcc2026-data\artifacts\t35gen\prediction.h5ad
-> C:\Users\39346\vcc2026-data\artifacts\t35gen\generation_diagnostics.json
slide: median achieved 0.817, q10 0.684, max depth change 0.0200
