job start 2026-09-18T14:42:23Z host=b9ee500dfccf cpus=2 code=/content/code_1789742542_59249 ﻿2026-09-18T16:41:21+02:00 head=1479d75 dirty_files=71
               total        used        free      shared  buff/cache   available
Mem:              12           5           4           0           0           6
overlay         108G   25G   83G  24% /
/content/drive/MyDrive/vcc2026/data/external/K562_gwps_raw_bulk_01.h5ad: OK
/content/drive/MyDrive/vcc2026/data/external/rpe1_raw_bulk_01.h5ad: OK
[14:43:43] gene universe 6835 (K562 8246, RPE1 8748, HepG2 9624)
[14:43:43] estimating effects: K562 9866 targets, RPE1 2393
[14:44:22] STRING partners for 15809 symbols (score >= 400); 110s
[14:58:53] C net {'hidden': 64, 'k': 16, 'l2': 1e-05}: val 0.02736 (1800 steps)
[15:04:56] C net {'hidden': 64, 'k': 16, 'l2': 0.0001}: val 0.02727 (1700 steps)
[15:11:02] C net {'hidden': 64, 'k': 32, 'l2': 1e-05}: val 0.02744 (1400 steps)
[15:16:32] C net {'hidden': 64, 'k': 32, 'l2': 0.0001}: val 0.02737 (1700 steps)
[15:18:47] C net {'hidden': 128, 'k': 16, 'l2': 1e-05}: val 0.02741 (1300 steps)
[15:21:30] C net {'hidden': 128, 'k': 16, 'l2': 0.0001}: val 0.02736 (1500 steps)
[15:25:32] C net {'hidden': 128, 'k': 32, 'l2': 1e-05}: val 0.02745 (2200 steps)
[15:27:52] C net {'hidden': 128, 'k': 32, 'l2': 0.0001}: val 0.02713 (1200 steps)
[15:27:52] C: val mse null 0.04005 transfer 0.04210 ridge 0.02844 net 0.02713
[15:35:00] J net {'hidden': 64, 'k': 16, 'l2': 1e-05}: val 0.03734 (1600 steps)
[15:35:56] J net {'hidden': 64, 'k': 16, 'l2': 0.0001}: val 0.03831 (700 steps)
[15:37:06] J net {'hidden': 64, 'k': 32, 'l2': 1e-05}: val 0.03763 (700 steps)
[15:38:14] J net {'hidden': 64, 'k': 32, 'l2': 0.0001}: val 0.03705 (700 steps)
[15:39:20] J net {'hidden': 128, 'k': 16, 'l2': 1e-05}: val 0.03770 (800 steps)
[15:40:20] J net {'hidden': 128, 'k': 16, 'l2': 0.0001}: val 0.03658 (700 steps)
[15:41:31] J net {'hidden': 128, 'k': 32, 'l2': 1e-05}: val 0.03822 (700 steps)
[15:42:37] J net {'hidden': 128, 'k': 32, 'l2': 0.0001}: val 0.03709 (700 steps)
[15:42:37] J: val mse null 0.04005 transfer 0.04005 ridge 0.03769 net 0.03658
[15:48:37] T net {'hidden': 64, 'k': 16, 'l2': 1e-05}: val 0.00274 (700 steps)
[15:50:46] T net {'hidden': 64, 'k': 16, 'l2': 0.0001}: val 0.00253 (1500 steps)
[15:52:44] T net {'hidden': 64, 'k': 32, 'l2': 1e-05}: val 0.00251 (1200 steps)
[15:55:08] T net {'hidden': 64, 'k': 32, 'l2': 0.0001}: val 0.00251 (1500 steps)
[15:57:15] T net {'hidden': 128, 'k': 16, 'l2': 1e-05}: val 0.00260 (1500 steps)
[15:59:17] T net {'hidden': 128, 'k': 16, 'l2': 0.0001}: val 0.00258 (1400 steps)
[16:00:59] T net {'hidden': 128, 'k': 32, 'l2': 1e-05}: val 0.00261 (1000 steps)
[16:03:39] T net {'hidden': 128, 'k': 32, 'l2': 0.0001}: val 0.00245 (1600 steps)
[16:03:39] T: val mse null 0.00249 transfer 0.00249 ridge 0.00234 net 0.00245
[16:44:12] done in 7299s
job end 2026-09-18T16:44:13Z
