[18:44:47]   orion_hct116_00.npz: 600 targets, 600 so far, 27s
[18:45:10]   orion_hct116_01.npz: 600 targets, 1200 so far, 51s
[18:45:34]   orion_hct116_02.npz: 600 targets, 1800 so far, 74s
[18:45:57]   orion_hct116_03.npz: 600 targets, 2400 so far, 98s
[18:46:21]   orion_hct116_04.npz: 600 targets, 3000 so far, 122s
[18:46:47]   orion_hct116_05.npz: 600 targets, 3600 so far, 148s
[18:47:08]   orion_hct116_06.npz: 600 targets, 4200 so far, 169s
[18:47:32]   orion_hct116_07.npz: 600 targets, 4800 so far, 192s
[18:47:55]   orion_hct116_08.npz: 600 targets, 5400 so far, 216s
[18:48:37]   orion_hct116_09.npz: 600 targets, 6000 so far, 256s
[18:49:25]   orion_hct116_10.npz: 600 targets, 6600 so far, 304s
[18:50:05]   orion_hct116_11.npz: 600 targets, 7200 so far, 345s
[18:51:07]   orion_hct116_12.npz: 600 targets, 7800 so far, 406s
[18:51:38]   orion_hct116_13.npz: 600 targets, 8400 so far, 438s
[18:52:04]   orion_hct116_14.npz: 600 targets, 9000 so far, 463s
[18:52:30]   orion_hct116_15.npz: 600 targets, 9600 so far, 490s
[18:52:55]   orion_hct116_16.npz: 600 targets, 10200 so far, 514s
[18:53:18]   orion_hct116_17.npz: 600 targets, 10800 so far, 537s
[18:53:46]   orion_hct116_18.npz: 600 targets, 11400 so far, 566s
[18:54:15]   orion_hct116_19.npz: 600 targets, 12000 so far, 594s
[18:54:38]   orion_hct116_20.npz: 600 targets, 12600 so far, 617s
[18:55:06]   orion_hct116_21.npz: 600 targets, 13200 so far, 645s
[18:55:30]   orion_hct116_22.npz: 600 targets, 13800 so far, 670s
[18:55:52]   orion_hct116_23.npz: 600 targets, 14400 so far, 691s
[18:56:13]   orion_hct116_24.npz: 600 targets, 15000 so far, 712s
[18:56:33]   orion_hct116_25.npz: 600 targets, 15600 so far, 732s
[18:56:58]   orion_hct116_26.npz: 600 targets, 16200 so far, 757s
[18:57:17]   orion_hct116_27.npz: 600 targets, 16800 so far, 777s
[18:57:31]   orion_hct116_28.npz: 350 targets, 17150 so far, 790s
C:\Users\ferra\OneDrive\Desktop\vcc2026\scripts\102_extract_orion_panel.py:156: UserWarning: Variable names are not unique. To make them unique, call `.var_names_make_unique`.
  out = ad.AnnData(X=X, obs=pd.DataFrame(obs, index=[f"orion:{i}" for i in range(len(obs))]), var=var)
[18:57:39] finalized HCT116: 281 targets, median cells 5
[18:57:43] finalized HCT116: 17150/17150 targets with effects, 29 chunks, 2409 MB, 803s
[18:57:43] parity: {"stage102_parts": {"what": "stage 102 --finalize on its 22-23 Sep parts of the same files, then stage 98's estimator", "parts": ["HCT116_Batch1", "HCT116_Batch10", "HCT116_Batch100", "HCT116_Batch101"], "min_cells": 1.0, "targets_ref": 281, "targets_mine": 281, "shared": 281, "only_ref": [], "only_mine": [], "n_cells_equal": 281, "raw": {"finite_ref": 3265782, "finite_mine": 3265782, "finite_mask_mismatches": 0, "max_abs_diff": 0.0, "entries_differing": 0}, "se": {"finite_ref": 3265782, "finite_mine": 3265782, "finite_mask_mismatches": 0, "max_abs_diff": 0.0, "entries_differing": 0}, "shrunk": {"finite_ref": 3265782, "finite_mine": 3265782, "finite_mask_mismatches": 0, "max_abs_diff": 0.0, "entries_differing": 0}}}
