{"msg": "start", "shards": 134, "datasets": {"rlab-k562-gwps-r3": {"files": 100, "chosen": 100, "bytes": 13972553227, "mount": "/kaggle/input/datasets/davidmaisterx/rlab-k562-gwps-r3"}, "rlab-rpe1-r2": {"files": 25, "chosen": 25, "bytes": 1947262556, "mount": "/kaggle/input/datasets/davidmaisterx/rlab-rpe1-r2"}, "rlab-kolf-small": {"files": 9, "chosen": 9, "bytes": 1592314240, "mount": "/kaggle/input/datasets/davidmaisterx/rlab-kolf-small"}}, "workers": 4}
{"msg": "shard", "name": "k562_gwps_a__shard_00000.h5ad", "verified": true, "seconds": {"raw_read_and_sha256": 3.226, "h5py_read_decompress": 4.861, "encode": 27.198, "decode_and_compare": 4.411}, "error": null}
{"msg": "shard", "name": "k562_gwps_a__shard_00001.h5ad", "verified": true, "seconds": {"raw_read_and_sha256": 3.21, "h5py_read_decompress": 5.194, "encode": 27.461, "decode_and_compare": 4.353}, "error": null}
{"msg": "shard", "name": "k562_gwps_a__shard_00002.h5ad", "verified": true, "seconds": {"raw_read_and_sha256": 3.116, "h5py_read_decompress": 4.931, "encode": 27.366, "decode_and_compare": 4.283}, "error": null}
{"msg": "shard", "name": "k562_gwps_a__shard_00003.h5ad", "verified": true, "seconds": {"raw_read_and_sha256": 3.223, "h5py_read_decompress": 5.212, "encode": 26.883, "decode_and_compare": 4.5}, "error": null}
{"msg": "shard", "name": "k562_gwps_a__shard_00004.h5ad", "verified": true, "seconds": {"raw_read_and_sha256": 1.782, "h5py_read_decompress": 4.801, "encode": 25.99, "decode_and_compare": 4.142}, "error": null}
{"msg": "shard", "name": "k562_gwps_a__shard_00005.h5ad", "verified": true, "seconds": {"raw_read_and_sha256": 1.706, "h5py_read_decompress": 4.571, "encode": 26.296, "decode_and_compare": 4.014}, "error": null}
{"msg": "shard", "name": "k562_gwps_a__shard_00006.h5ad", "verified": true, "seconds": {"raw_read_and_sha256": 1.852, "h5py_read_decompress": 4.758, "encode": 25.956, "decode_and_compare": 4.298}, "error": null}
{"msg": "shard", "name": "k562_gwps_a__shard_00007.h5ad", "verified": true, "seconds": {"raw_read_and_sha256": 1.995, "h5py_read_decompress": 4.597, "encode": 25.459, "decode_and_compare": 4.317}, "error": null}
{"msg": "shard", "name": "k562_gwps_a__shard_00008.h5ad", "verified": true, "seconds": {"raw_read_and_sha256": 2.264, "h5py_read_decompress": 4.491, "encode": 25.93, "decode_and_compare": 4.124}, "error": null}
{"msg": "shard", "name": "k562_gwps_a__shard_00009.h5ad", "verified": true, "seconds": {"raw_read_and_sha256": 2.298, "h5py_read_decompress": 4.442, "encode": 25.677, "decode_and_compare": 4.241}, "error": null}
{"msg": "shard", "name": "k562_gwps_a__shard_00010.h5ad", "verified": true, "seconds": {"raw_read_and_sha256": 2.14, "h5py_read_decompress": 4.587, "encode": 25.962, "decode_and_compare": 4.345}, "error": null}
{"msg": "shard", "name": "k562_gwps_a__shard_00011.h5ad", "verified": true, "seconds": {"raw_read_and_sha256": 2.244, "h5py_read_decompress": 4.85, "encode": 26.041, "decode_and_compare": 4.226}, "error": null}
{"msg": "shard", "name": "k562_gwps_a__shard_00012.h5ad", "verified": true, "seconds": {"raw_read_and_sha256": 2.117, "h5py_read_decompress": 4.524, "encode": 25.629, "decode_and_compare": 4.054}, "error": null}
{"msg": "shard", "name": "k562_gwps_a__shard_00013.h5ad", "verified": true, "seconds": {"raw_read_and_sha256": 2.1, "h5py_read_decompress": 4.443, "encode": 25.718, "decode_and_compare": 3.993}, "error": null}
{"msg": "shard", "name": "k562_gwps_a__shard_00014.h5ad", "verified": true, "seconds": {"raw_read_and_sha256": 2.067, "h5py_read_decompress": 4.545, "encode": 26.062, "decode_and_compare": 4.242}, "error": null}
{"msg": "shard", "name": "k562_gwps_a__shard_00015.h5ad", "verified": true, "seconds": {"raw_read_and_sha256": 2.113, "h5py_read_decompress": 4.576, "encode": 25.549, "decode_and_compare": 3.956}, "error": null}
{"msg": "shard", "name": "k562_gwps_a__shard_00016.h5ad", "verified": true, "seconds": {"raw_read_and_sha256": 2.137, "h5py_read_decompress": 4.434, "encode": 25.713, "decode_and_compare": 4.287}, "error": null}
{"msg": "shard", "name": "k562_gwps_a__shard_00017.h5ad", "verified": true, "seconds": {"raw_read_and_sha256": 2.049, "h5py_read_decompress": 4.351, "encode": 25.481, "decode_and_compare": 4.105}, "error": null}
{"msg": "shard", "name": "k562_gwps_a__shard_00018.h5ad", "verified": true, "seconds": {"raw_read_and_sha256": 2.081, "h5py_read_decompress": 4.62, "encode": 26.265, "decode_and_compare": 4.315}, "error": null}
{"msg": "shard", "name": "k562_gwps_a__shard_00019.h5ad", "verified": true, "seconds": {"raw_read_and_sha256": 2.083, "h5py_read_decompress": 4.602, "encode": 25.754, "decode_and_compare": 4.253}, "error": null}
{"msg": "shard", "name": "k562_gwps_a__shard_00020.h5ad", "verified": true, "seconds": {"raw_read_and_sha256": 1.995, "h5py_read_decompress": 4.413, "encode": 26.708, "decode_and_compare": 4.196}, "error": null}
{"msg": "shard", "name": "k562_gwps_a__shard_00021.h5ad", "verified": true, "seconds": {"raw_read_and_sha256": 1.798, "h5py_read_decompress": 4.542, "encode": 26.817, "decode_and_compare": 4.38}, "error": null}
{"msg": "shard", "name": "k562_gwps_a__shard_00022.h5ad", "verified": true, "seconds": {"raw_read_and_sha256": 1.872, "h5py_read_decompress": 4.66, "encode": 28.103, "decode_and_compare": 4.292}, "error": null}
{"msg": "shard", "name": "k562_gwps_a__shard_00023.h5ad", "verified": true, "seconds": {"raw_read_and_sha256": 1.779, "h5py_read_decompress": 5.023, "encode": 27.564, "decode_and_compare": 4.503}, "error": null}
{"msg": "shard", "name": "k562_gwps_a__shard_00024.h5ad", "verified": true, "seconds": {"raw_read_and_sha256": 2.292, "h5py_read_decompress": 6.777, "encode": 31.396, "decode_and_compare": 4.142}, "error": null}
{"msg": "shard", "name": "k562_gwps_a__shard_00025.h5ad", "verified": true, "seconds": {"raw_read_and_sha256": 2.19, "h5py_read_decompress": 6.587, "encode": 31.398, "decode_and_compare": 4.476}, "error": null}
{"msg": "shard", "name": "k562_gwps_a__shard_00026.h5ad", "verified": true, "seconds": {"raw_read_and_sha256": 2.131, "h5py_read_decompress": 6.215, "encode": 28.76, "decode_and_compare": 4.293}, "error": null}
{"msg": "shard", "name": "k562_gwps_a__shard_00027.h5ad", "verified": true, "seconds": {"raw_read_and_sha256": 2.083, "h5py_read_decompress": 6.803, "encode": 29.678, "decode_and_compare": 4.395}, "error": null}
{"msg": "shard", "name": "k562_gwps_a__shard_00028.h5ad", "verified": true, "seconds": {"raw_read_and_sha256": 1.922, "h5py_read_decompress": 5.081, "encode": 27.757, "decode_and_compare": 4.064}, "error": null}
{"msg": "shard", "name": "k562_gwps_a__shard_00029.h5ad", "verified": true, "seconds": {"raw_read_and_sha256": 1.931, "h5py_read_decompress": 5.313, "encode": 27.404, "decode_and_compare": 4.254}, "error": null}
{"msg": "shard", "name": "k562_gwps_a__shard_00030.h5ad", "verified": true, "seconds": {"raw_read_and_sha256": 1.874, "h5py_read_decompress": 5.472, "encode": 26.667, "decode_and_compare": 4.117}, "error": null}
{"msg": "shard", "name": "k562_gwps_a__shard_00031.h5ad", "verified": true, "seconds": {"raw_read_and_sha256": 1.663, "h5py_read_decompress": 6.125, "encode": 26.43, "decode_and_compare": 4.154}, "error": null}
{"msg": "shard", "name": "k562_gwps_a__shard_00032.h5ad", "verified": true, "seconds": {"raw_read_and_sha256": 2.262, "h5py_read_decompress": 4.685, "encode": 28.989, "decode_and_compare": 4.297}, "error": null}
{"msg": "shard", "name": "k562_gwps_a__shard_00033.h5ad", "verified": true, "seconds": {"raw_read_and_sha256": 2.083, "h5py_read_decompress": 4.934, "encode": 27.82, "decode_and_compare": 4.08}, "error": null}
{"msg": "shard", "name": "k562_gwps_a__shard_00034.h5ad", "verified": true, "seconds": {"raw_read_and_sha256": 1.756, "h5py_read_decompress": 4.521, "encode": 28.598, "decode_and_compare": 3.886}, "error": null}
{"msg": "shard", "name": "k562_gwps_a__shard_00035.h5ad", "verified": true, "seconds": {"raw_read_and_sha256": 1.862, "h5py_read_decompress": 5.145, "encode": 26.742, "decode_and_compare": 4.289}, "error": null}
{"msg": "shard", "name": "k562_gwps_a__shard_00036.h5ad", "verified": true, "seconds": {"raw_read_and_sha256": 1.888, "h5py_read_decompress": 4.737, "encode": 26.776, "decode_and_compare": 4.317}, "error": null}
{"msg": "shard", "name": "k562_gwps_a__shard_00037.h5ad", "verified": true, "seconds": {"raw_read_and_sha256": 1.976, "h5py_read_decompress": 4.91, "encode": 26.0, "decode_and_compare": 4.023}, "error": null}
{"msg": "shard", "name": "k562_gwps_a__shard_00038.h5ad", "verified": true, "seconds": {"raw_read_and_sha256": 1.873, "h5py_read_decompress": 4.724, "encode": 26.561, "decode_and_compare": 4.155}, "error": null}
{"msg": "shard", "name": "k562_gwps_a__shard_00039.h5ad", "verified": true, "seconds": {"raw_read_and_sha256": 1.969, "h5py_read_decompress": 4.674, "encode": 25.587, "decode_and_compare": 3.932}, "error": null}
{"msg": "shard", "name": "k562_gwps_a__shard_00040.h5ad", "verified": true, "seconds": {"raw_read_and_sha256": 1.747, "h5py_read_decompress": 4.269, "encode": 26.199, "decode_and_compare": 3.88}, "error": null}
{"msg": "shard", "name": "k562_gwps_a__shard_00041.h5ad", "verified": true, "seconds": {"raw_read_and_sha256": 1.819, "h5py_read_decompress": 4.703, "encode": 27.946, "decode_and_compare": 4.221}, "error": null}
{"msg": "shard", "name": "k562_gwps_a__shard_00042.h5ad", "verified": true, "seconds": {"raw_read_and_sha256": 1.883, "h5py_read_decompress": 4.821, "encode": 26.196, "decode_and_compare": 4.189}, "error": null}
{"msg": "shard", "name": "k562_gwps_a__shard_00043.h5ad", "verified": true, "seconds": {"raw_read_and_sha256": 1.774, "h5py_read_decompress": 4.879, "encode": 27.526, "decode_and_compare": 4.263}, "error": null}
{"msg": "shard", "name": "k562_gwps_a__shard_00044.h5ad", "verified": true, "seconds": {"raw_read_and_sha256": 2.103, "h5py_read_decompress": 4.295, "encode": 28.086, "decode_and_compare": 4.087}, "error": null}
{"msg": "shard", "name": "k562_gwps_a__shard_00045.h5ad", "verified": true, "seconds": {"raw_read_and_sha256": 1.859, "h5py_read_decompress": 4.385, "encode": 27.945, "decode_and_compare": 4.225}, "error": null}
{"msg": "shard", "name": "k562_gwps_a__shard_00046.h5ad", "verified": true, "seconds": {"raw_read_and_sha256": 1.759, "h5py_read_decompress": 4.511, "encode": 26.564, "decode_and_compare": 3.879}, "error": null}
{"msg": "shard", "name": "k562_gwps_a__shard_00047.h5ad", "verified": true, "seconds": {"raw_read_and_sha256": 1.783, "h5py_read_decompress": 4.818, "encode": 26.682, "decode_and_compare": 4.259}, "error": null}
{"msg": "shard", "name": "k562_gwps_a__shard_00048.h5ad", "verified": true, "seconds": {"raw_read_and_sha256": 2.115, "h5py_read_decompress": 4.519, "encode": 27.822, "decode_and_compare": 4.494}, "error": null}
{"msg": "shard", "name": "k562_gwps_a__shard_00049.h5ad", "verified": true, "seconds": {"raw_read_and_sha256": 2.198, "h5py_read_decompress": 4.564, "encode": 27.579, "decode_and_compare": 4.377}, "error": null}
{"msg": "shard", "name": "k562_gwps_b__shard_00050.h5ad", "verified": true, "seconds": {"raw_read_and_sha256": 2.138, "h5py_read_decompress": 4.786, "encode": 27.073, "decode_and_compare": 4.186}, "error": null}
{"msg": "shard", "name": "k562_gwps_b__shard_00051.h5ad", "verified": true, "seconds": {"raw_read_and_sha256": 1.935, "h5py_read_decompress": 4.787, "encode": 26.408, "decode_and_compare": 4.45}, "error": null}
{"msg": "shard", "name": "k562_gwps_b__shard_00052.h5ad", "verified": true, "seconds": {"raw_read_and_sha256": 2.324, "h5py_read_decompress": 4.648, "encode": 28.022, "decode_and_compare": 4.057}, "error": null}
{"msg": "shard", "name": "k562_gwps_b__shard_00053.h5ad", "verified": true, "seconds": {"raw_read_and_sha256": 2.122, "h5py_read_decompress": 4.649, "encode": 27.557, "decode_and_compare": 4.344}, "error": null}
{"msg": "shard", "name": "k562_gwps_b__shard_00054.h5ad", "verified": true, "seconds": {"raw_read_and_sha256": 1.908, "h5py_read_decompress": 4.772, "encode": 28.18, "decode_and_compare": 4.252}, "error": null}
{"msg": "shard", "name": "k562_gwps_b__shard_00055.h5ad", "verified": true, "seconds": {"raw_read_and_sha256": 1.878, "h5py_read_decompress": 4.742, "encode": 26.884, "decode_and_compare": 4.017}, "error": null}
{"msg": "shard", "name": "k562_gwps_b__shard_00056.h5ad", "verified": true, "seconds": {"raw_read_and_sha256": 1.743, "h5py_read_decompress": 4.192, "encode": 28.001, "decode_and_compare": 4.016}, "error": null}
{"msg": "shard", "name": "k562_gwps_b__shard_00057.h5ad", "verified": true, "seconds": {"raw_read_and_sha256": 1.986, "h5py_read_decompress": 4.601, "encode": 28.28, "decode_and_compare": 4.456}, "error": null}
{"msg": "shard", "name": "k562_gwps_b__shard_00058.h5ad", "verified": true, "seconds": {"raw_read_and_sha256": 2.083, "h5py_read_decompress": 4.756, "encode": 27.29, "decode_and_compare": 4.177}, "error": null}
{"msg": "shard", "name": "k562_gwps_b__shard_00059.h5ad", "verified": true, "seconds": {"raw_read_and_sha256": 2.081, "h5py_read_decompress": 4.456, "encode": 26.683, "decode_and_compare": 4.254}, "error": null}
{"msg": "shard", "name": "k562_gwps_b__shard_00060.h5ad", "verified": true, "seconds": {"raw_read_and_sha256": 1.71, "h5py_read_decompress": 4.51, "encode": 34.595, "decode_and_compare": 4.174}, "error": null}
{"msg": "shard", "name": "k562_gwps_b__shard_00061.h5ad", "verified": true, "seconds": {"raw_read_and_sha256": 1.907, "h5py_read_decompress": 4.742, "encode": 33.042, "decode_and_compare": 4.113}, "error": null}
{"msg": "shard", "name": "k562_gwps_b__shard_00062.h5ad", "verified": true, "seconds": {"raw_read_and_sha256": 1.79, "h5py_read_decompress": 4.619, "encode": 33.21, "decode_and_compare": 4.062}, "error": null}
{"msg": "shard", "name": "k562_gwps_b__shard_00063.h5ad", "verified": true, "seconds": {"raw_read_and_sha256": 1.838, "h5py_read_decompress": 4.554, "encode": 33.084, "decode_and_compare": 4.35}, "error": null}
{"msg": "shard", "name": "k562_gwps_b__shard_00064.h5ad", "verified": true, "seconds": {"raw_read_and_sha256": 1.912, "h5py_read_decompress": 6.795, "encode": 42.236, "decode_and_compare": 4.272}, "error": null}
{"msg": "shard", "name": "k562_gwps_b__shard_00065.h5ad", "verified": true, "seconds": {"raw_read_and_sha256": 1.667, "h5py_read_decompress": 6.966, "encode": 41.79, "decode_and_compare": 4.287}, "error": null}
{"msg": "shard", "name": "k562_gwps_b__shard_00066.h5ad", "verified": true, "seconds": {"raw_read_and_sha256": 1.41, "h5py_read_decompress": 6.309, "encode": 39.297, "decode_and_compare": 3.74}, "error": null}
{"msg": "shard", "name": "k562_gwps_b__shard_00067.h5ad", "verified": true, "seconds": {"raw_read_and_sha256": 1.49, "h5py_read_decompress": 6.885, "encode": 40.338, "decode_and_compare": 4.092}, "error": null}
{"msg": "shard", "name": "k562_gwps_b__shard_00068.h5ad", "verified": true, "seconds": {"raw_read_and_sha256": 2.469, "h5py_read_decompress": 4.627, "encode": 28.897, "decode_and_compare": 3.976}, "error": null}
{"msg": "shard", "name": "k562_gwps_b__shard_00069.h5ad", "verified": true, "seconds": {"raw_read_and_sha256": 1.975, "h5py_read_decompress": 4.799, "encode": 27.748, "decode_and_compare": 4.087}, "error": null}
{"msg": "shard", "name": "k562_gwps_b__shard_00070.h5ad", "verified": true, "seconds": {"raw_read_and_sha256": 1.687, "h5py_read_decompress": 5.129, "encode": 28.501, "decode_and_compare": 3.963}, "error": null}
{"msg": "shard", "name": "k562_gwps_b__shard_00071.h5ad", "verified": true, "seconds": {"raw_read_and_sha256": 1.975, "h5py_read_decompress": 5.592, "encode": 27.801, "decode_and_compare": 4.188}, "error": null}
{"msg": "shard", "name": "k562_gwps_b__shard_00072.h5ad", "verified": true, "seconds": {"raw_read_and_sha256": 2.421, "h5py_read_decompress": 4.451, "encode": 28.837, "decode_and_compare": 4.308}, "error": null}
{"msg": "shard", "name": "k562_gwps_b__shard_00073.h5ad", "verified": true, "seconds": {"raw_read_and_sha256": 2.121, "h5py_read_decompress": 4.787, "encode": 28.175, "decode_and_compare": 4.13}, "error": null}
{"msg": "shard", "name": "k562_gwps_b__shard_00074.h5ad", "verified": true, "seconds": {"raw_read_and_sha256": 1.75, "h5py_read_decompress": 4.575, "encode": 26.323, "decode_and_compare": 4.42}, "error": null}
{"msg": "shard", "name": "k562_gwps_b__shard_00075.h5ad", "verified": true, "seconds": {"raw_read_and_sha256": 1.959, "h5py_read_decompress": 4.743, "encode": 26.668, "decode_and_compare": 4.264}, "error": null}
{"msg": "shard", "name": "k562_gwps_b__shard_00076.h5ad", "verified": true, "seconds": {"raw_read_and_sha256": 2.234, "h5py_read_decompress": 4.725, "encode": 27.832, "decode_and_compare": 4.093}, "error": null}
{"msg": "shard", "name": "k562_gwps_b__shard_00077.h5ad", "verified": true, "seconds": {"raw_read_and_sha256": 1.682, "h5py_read_decompress": 4.723, "encode": 29.376, "decode_and_compare": 4.139}, "error": null}
{"msg": "shard", "name": "k562_gwps_b__shard_00078.h5ad", "verified": true, "seconds": {"raw_read_and_sha256": 2.099, "h5py_read_decompress": 4.828, "encode": 27.5, "decode_and_compare": 4.247}, "error": null}
{"msg": "shard", "name": "k562_gwps_b__shard_00079.h5ad", "verified": true, "seconds": {"raw_read_and_sha256": 2.037, "h5py_read_decompress": 4.895, "encode": 27.241, "decode_and_compare": 4.3}, "error": null}
{"msg": "shard", "name": "k562_gwps_b__shard_00080.h5ad", "verified": true, "seconds": {"raw_read_and_sha256": 2.363, "h5py_read_decompress": 4.715, "encode": 27.59, "decode_and_compare": 4.113}, "error": null}
{"msg": "shard", "name": "k562_gwps_b__shard_00081.h5ad", "verified": true, "seconds": {"raw_read_and_sha256": 2.392, "h5py_read_decompress": 4.89, "encode": 27.198, "decode_and_compare": 3.956}, "error": null}
{"msg": "shard", "name": "k562_gwps_b__shard_00082.h5ad", "verified": true, "seconds": {"raw_read_and_sha256": 2.027, "h5py_read_decompress": 4.548, "encode": 27.688, "decode_and_compare": 3.815}, "error": null}
{"msg": "shard", "name": "k562_gwps_b__shard_00083.h5ad", "verified": true, "seconds": {"raw_read_and_sha256": 1.828, "h5py_read_decompress": 4.196, "encode": 25.905, "decode_and_compare": 3.72}, "error": null}
{"msg": "shard", "name": "k562_gwps_b__shard_00084.h5ad", "verified": true, "seconds": {"raw_read_and_sha256": 2.038, "h5py_read_decompress": 4.423, "encode": 28.287, "decode_and_compare": 4.134}, "error": null}
{"msg": "shard", "name": "k562_gwps_b__shard_00085.h5ad", "verified": true, "seconds": {"raw_read_and_sha256": 1.793, "h5py_read_decompress": 4.756, "encode": 27.949, "decode_and_compare": 4.292}, "error": null}
{"msg": "shard", "name": "k562_gwps_b__shard_00086.h5ad", "verified": true, "seconds": {"raw_read_and_sha256": 1.858, "h5py_read_decompress": 4.736, "encode": 28.017, "decode_and_compare": 4.148}, "error": null}
{"msg": "shard", "name": "k562_gwps_b__shard_00087.h5ad", "verified": true, "seconds": {"raw_read_and_sha256": 1.755, "h5py_read_decompress": 4.778, "encode": 27.702, "decode_and_compare": 4.319}, "error": null}
{"msg": "shard", "name": "k562_gwps_b__shard_00088.h5ad", "verified": true, "seconds": {"raw_read_and_sha256": 2.311, "h5py_read_decompress": 4.616, "encode": 28.655, "decode_and_compare": 4.417}, "error": null}
{"msg": "shard", "name": "k562_gwps_b__shard_00089.h5ad", "verified": true, "seconds": {"raw_read_and_sha256": 2.014, "h5py_read_decompress": 4.645, "encode": 27.73, "decode_and_compare": 4.136}, "error": null}
{"msg": "shard", "name": "k562_gwps_b__shard_00090.h5ad", "verified": true, "seconds": {"raw_read_and_sha256": 1.866, "h5py_read_decompress": 4.635, "encode": 27.865, "decode_and_compare": 4.307}, "error": null}
{"msg": "shard", "name": "k562_gwps_b__shard_00091.h5ad", "verified": true, "seconds": {"raw_read_and_sha256": 1.686, "h5py_read_decompress": 4.741, "encode": 27.755, "decode_and_compare": 4.279}, "error": null}
{"msg": "shard", "name": "k562_gwps_b__shard_00092.h5ad", "verified": true, "seconds": {"raw_read_and_sha256": 1.715, "h5py_read_decompress": 4.892, "encode": 28.012, "decode_and_compare": 4.301}, "error": null}
{"msg": "shard", "name": "k562_gwps_b__shard_00093.h5ad", "verified": true, "seconds": {"raw_read_and_sha256": 1.713, "h5py_read_decompress": 4.806, "encode": 27.928, "decode_and_compare": 4.268}, "error": null}
{"msg": "shard", "name": "k562_gwps_b__shard_00094.h5ad", "verified": true, "seconds": {"raw_read_and_sha256": 1.79, "h5py_read_decompress": 4.652, "encode": 27.744, "decode_and_compare": 4.127}, "error": null}
{"msg": "shard", "name": "k562_gwps_b__shard_00095.h5ad", "verified": true, "seconds": {"raw_read_and_sha256": 1.619, "h5py_read_decompress": 4.665, "encode": 28.428, "decode_and_compare": 4.28}, "error": null}
{"msg": "shard", "name": "k562_gwps_b__shard_00096.h5ad", "verified": true, "seconds": {"raw_read_and_sha256": 1.805, "h5py_read_decompress": 4.886, "encode": 27.989, "decode_and_compare": 4.411}, "error": null}
{"msg": "shard", "name": "k562_gwps_b__shard_00097.h5ad", "verified": true, "seconds": {"raw_read_and_sha256": 1.648, "h5py_read_decompress": 4.879, "encode": 28.17, "decode_and_compare": 4.326}, "error": null}
{"msg": "shard", "name": "k562_gwps_b__shard_00098.h5ad", "verified": true, "seconds": {"raw_read_and_sha256": 1.893, "h5py_read_decompress": 5.042, "encode": 28.061, "decode_and_compare": 4.464}, "error": null}
{"msg": "shard", "name": "k562_gwps_b__shard_00099.h5ad", "verified": true, "seconds": {"raw_read_and_sha256": 0.75, "h5py_read_decompress": 2.423, "encode": 12.217, "decode_and_compare": 1.988}, "error": null}
{"msg": "shard", "name": "rpe1__shard_00000.h5ad", "verified": true, "seconds": {"raw_read_and_sha256": 1.295, "h5py_read_decompress": 2.866, "encode": 14.156, "decode_and_compare": 2.323}, "error": null}
{"msg": "shard", "name": "rpe1__shard_00001.h5ad", "verified": true, "seconds": {"raw_read_and_sha256": 1.225, "h5py_read_decompress": 2.454, "encode": 15.502, "decode_and_compare": 2.445}, "error": null}
{"msg": "shard", "name": "rpe1__shard_00002.h5ad", "verified": true, "seconds": {"raw_read_and_sha256": 1.925, "h5py_read_decompress": 3.343, "encode": 14.772, "decode_and_compare": 2.609}, "error": null}
{"msg": "shard", "name": "rpe1__shard_00003.h5ad", "verified": true, "seconds": {"raw_read_and_sha256": 1.051, "h5py_read_decompress": 2.656, "encode": 15.156, "decode_and_compare": 2.24}, "error": null}
{"msg": "shard", "name": "rpe1__shard_00004.h5ad", "verified": true, "seconds": {"raw_read_and_sha256": 1.357, "h5py_read_decompress": 2.886, "encode": 15.069, "decode_and_compare": 2.454}, "error": null}
{"msg": "shard", "name": "rpe1__shard_00005.h5ad", "verified": true, "seconds": {"raw_read_and_sha256": 0.996, "h5py_read_decompress": 2.681, "encode": 14.525, "decode_and_compare": 2.398}, "error": null}
{"msg": "shard", "name": "rpe1__shard_00006.h5ad", "verified": true, "seconds": {"raw_read_and_sha256": 1.107, "h5py_read_decompress": 2.897, "encode": 14.759, "decode_and_compare": 2.44}, "error": null}
{"msg": "shard", "name": "rpe1__shard_00007.h5ad", "verified": true, "seconds": {"raw_read_and_sha256": 1.083, "h5py_read_decompress": 2.826, "encode": 14.554, "decode_and_compare": 2.535}, "error": null}
{"msg": "shard", "name": "rpe1__shard_00008.h5ad", "verified": true, "seconds": {"raw_read_and_sha256": 0.906, "h5py_read_decompress": 2.686, "encode": 14.946, "decode_and_compare": 2.479}, "error": null}
{"msg": "shard", "name": "rpe1__shard_00009.h5ad", "verified": true, "seconds": {"raw_read_and_sha256": 0.956, "h5py_read_decompress": 2.941, "encode": 37.06, "decode_and_compare": 2.328}, "error": null}
{"msg": "shard", "name": "rpe1__shard_00010.h5ad", "verified": true, "seconds": {"raw_read_and_sha256": 0.966, "h5py_read_decompress": 4.454, "encode": 34.975, "decode_and_compare": 2.182}, "error": null}
{"msg": "shard", "name": "rpe1__shard_00011.h5ad", "verified": true, "seconds": {"raw_read_and_sha256": 1.036, "h5py_read_decompress": 4.863, "encode": 33.766, "decode_and_compare": 2.449}, "error": null}
{"msg": "shard", "name": "rpe1__shard_00012.h5ad", "verified": true, "seconds": {"raw_read_and_sha256": 1.069, "h5py_read_decompress": 5.24, "encode": 34.323, "decode_and_compare": 2.54}, "error": null}
{"msg": "shard", "name": "rpe1__shard_00013.h5ad", "verified": true, "seconds": {"raw_read_and_sha256": 1.285, "h5py_read_decompress": 2.847, "encode": 14.861, "decode_and_compare": 2.417}, "error": null}
{"msg": "shard", "name": "rpe1__shard_00014.h5ad", "verified": true, "seconds": {"raw_read_and_sha256": 1.182, "h5py_read_decompress": 2.776, "encode": 14.635, "decode_and_compare": 2.36}, "error": null}
{"msg": "shard", "name": "rpe1__shard_00015.h5ad", "verified": true, "seconds": {"raw_read_and_sha256": 1.358, "h5py_read_decompress": 2.876, "encode": 14.301, "decode_and_compare": 2.581}, "error": null}
{"msg": "shard", "name": "rpe1__shard_00016.h5ad", "verified": true, "seconds": {"raw_read_and_sha256": 1.279, "h5py_read_decompress": 2.852, "encode": 13.961, "decode_and_compare": 2.234}, "error": null}
{"msg": "shard", "name": "rpe1__shard_00017.h5ad", "verified": true, "seconds": {"raw_read_and_sha256": 1.406, "h5py_read_decompress": 2.933, "encode": 15.012, "decode_and_compare": 2.462}, "error": null}
{"msg": "shard", "name": "rpe1__shard_00018.h5ad", "verified": true, "seconds": {"raw_read_and_sha256": 1.297, "h5py_read_decompress": 2.967, "encode": 14.687, "decode_and_compare": 2.389}, "error": null}
{"msg": "shard", "name": "rpe1__shard_00019.h5ad", "verified": true, "seconds": {"raw_read_and_sha256": 1.296, "h5py_read_decompress": 3.06, "encode": 14.518, "decode_and_compare": 2.398}, "error": null}
{"msg": "shard", "name": "rpe1__shard_00020.h5ad", "verified": true, "seconds": {"raw_read_and_sha256": 1.352, "h5py_read_decompress": 3.127, "encode": 13.849, "decode_and_compare": 2.196}, "error": null}
{"msg": "shard", "name": "rpe1__shard_00021.h5ad", "verified": true, "seconds": {"raw_read_and_sha256": 1.41, "h5py_read_decompress": 2.745, "encode": 14.715, "decode_and_compare": 2.369}, "error": null}
{"msg": "shard", "name": "rpe1__shard_00022.h5ad", "verified": true, "seconds": {"raw_read_and_sha256": 1.154, "h5py_read_decompress": 2.82, "encode": 14.288, "decode_and_compare": 2.263}, "error": null}
{"msg": "shard", "name": "rpe1__shard_00023.h5ad", "verified": true, "seconds": {"raw_read_and_sha256": 1.214, "h5py_read_decompress": 3.036, "encode": 13.641, "decode_and_compare": 2.197}, "error": null}
{"msg": "shard", "name": "rpe1__shard_00024.h5ad", "verified": true, "seconds": {"raw_read_and_sha256": 0.858, "h5py_read_decompress": 2.428, "encode": 11.147, "decode_and_compare": 1.877}, "error": null}
{"msg": "shard", "name": "kolf_chromatin__shard_00000.h5ad", "verified": true, "seconds": {"raw_read_and_sha256": 3.743, "h5py_read_decompress": 10.239, "encode": 67.15, "decode_and_compare": 9.07}, "error": null}
{"msg": "shard", "name": "kolf_chromatin__shard_00001.h5ad", "verified": true, "seconds": {"raw_read_and_sha256": 3.805, "h5py_read_decompress": 12.923, "encode": 63.427, "decode_and_compare": 9.188}, "error": null}
{"msg": "shard", "name": "kolf_chromatin__shard_00002.h5ad", "verified": true, "seconds": {"raw_read_and_sha256": 0.703, "h5py_read_decompress": 2.098, "encode": 11.028, "decode_and_compare": 2.009}, "error": null}
{"msg": "shard", "name": "kolf_metabolic__shard_00000.h5ad", "verified": true, "seconds": {"raw_read_and_sha256": 2.059, "h5py_read_decompress": 6.365, "encode": 38.008, "decode_and_compare": 4.877}, "error": null}
{"msg": "shard", "name": "kolf_metabolic__shard_00001.h5ad", "verified": true, "seconds": {"raw_read_and_sha256": 2.624, "h5py_read_decompress": 6.092, "encode": 36.892, "decode_and_compare": 4.799}, "error": null}
{"msg": "shard", "name": "kolf_metabolic__shard_00002.h5ad", "verified": true, "seconds": {"raw_read_and_sha256": 2.082, "h5py_read_decompress": 5.519, "encode": 37.368, "decode_and_compare": 4.945}, "error": null}
{"msg": "shard", "name": "kolf_metabolic__shard_00003.h5ad", "verified": true, "seconds": {"raw_read_and_sha256": 2.463, "h5py_read_decompress": 5.321, "encode": 33.373, "decode_and_compare": 4.764}, "error": null}
{"msg": "shard", "name": "kolf_metabolic__shard_00004.h5ad", "verified": true, "seconds": {"raw_read_and_sha256": 2.153, "h5py_read_decompress": 5.578, "encode": 33.072, "decode_and_compare": 3.396}, "error": null}
{"msg": "shard", "name": "kolf_metabolic__shard_00005.h5ad", "verified": true, "seconds": {"raw_read_and_sha256": 1.902, "h5py_read_decompress": 5.026, "encode": 26.797, "decode_and_compare": 3.088}, "error": null}
{"msg": "done", "verified": 134, "failed": 0, "profile": {"seconds_summed_over_processes": {"raw_read_and_sha256": 250.8, "h5py_read_decompress": 622.5, "encode": 3588.7, "decode_and_compare": 523.1}, "source_mb": 16700.9, "twin_mb": 6032.0, "twin_over_source": 0.3612, "mb_per_s_per_process_of_source": {"raw_read_and_sha256": 66.58, "h5py_read_decompress": 26.83, "encode": 4.65, "decode_and_compare": 31.93}, "values": 7880591535, "cells": 2399299, "wall_seconds": 1967.7, "workers": 4, "cpus": 4, "note": "per-stage seconds summed over the worker processes that ran concurrently; MB/s per process = source MB / summed seconds of the stage"}}
