[{"stream_name":"stderr","time":3.428426898,"data":"Traceback (most recent call last):\n"}
,{"stream_name":"stderr","time":3.428860237,"data":"  File \"/kaggle/src/script.py\", line 7, in \u003cmodule\u003e\n"}
,{"stream_name":"stderr","time":3.428876603,"data":"    runpy.run_path(\"joint_runtime.py\",run_name=\"__main__\")\n"}
,{"stream_name":"stderr","time":3.428881647,"data":"    ~~~~~~~~~~~~~~^^^^^^^^^^^^^^^^^^^^^^^^^^^^^^^^^^^^^^^^\n"}
,{"stream_name":"stderr","time":3.428885205,"data":"  File \"\u003cfrozen runpy\u003e\", line 294, in run_path\n"}
,{"stream_name":"stderr","time":3.42888948,"data":"  File \"\u003cfrozen runpy\u003e\", line 98, in _run_module_code\n"}
,{"stream_name":"stderr","time":3.4288931639999998,"data":"  File \"\u003cfrozen runpy\u003e\", line 88, in _run_code\n"}
,{"stream_name":"stderr","time":3.428896889,"data":"  File \"joint_runtime.py\", line 55, in \u003cmodule\u003e\n"}
,{"stream_name":"stderr","time":3.428900938,"data":"    if __name__=='__main__':main()\n"}
,{"stream_name":"stderr","time":3.428904449,"data":"                            ~~~~^^\n"}
,{"stream_name":"stderr","time":3.428908368,"data":"  File \"joint_runtime.py\", line 25, in main\n"}
,{"stream_name":"stderr","time":3.42891234,"data":"    scratch=Path('/kaggle/temp')/p['job_id'];scratch.mkdir(exist_ok=False)\n"}
,{"stream_name":"stderr","time":3.428916208,"data":"                                             ~~~~~~~~~~~~~^^^^^^^^^^^^^^^^\n"}
,{"stream_name":"stderr","time":3.42892004,"data":"  File \"/usr/lib/python3.13/pathlib/_local.py\", line 722, in mkdir\n"}
,{"stream_name":"stderr","time":3.428924093,"data":"    os.mkdir(self, mode)\n"}
,{"stream_name":"stderr","time":3.4289274,"data":"    ~~~~~~~~^^^^^^^^^^^^\n"}
,{"stream_name":"stderr","time":3.428931004,"data":"FileNotFoundError: [Errno 2] No such file or directory: '/kaggle/temp/dt-joint-h1-01a11c34-j1p'\n"}
,{"stream_name":"stderr","time":6.510876325,"data":"/usr/local/lib/python3.13/dist-packages/mistune.py:435: SyntaxWarning: invalid escape sequence '\\|'\n"}
,{"stream_name":"stderr","time":6.51092203,"data":"  cells[i][c] = re.sub('\\\\\\\\\\|', '|', cell)\n"}
,{"stream_name":"stderr","time":6.997123519,"data":"/usr/local/lib/python3.13/dist-packages/nbconvert/filters/filter_links.py:36: SyntaxWarning: invalid escape sequence '\\_'\n"}
,{"stream_name":"stderr","time":6.997153574,"data":"  text = re.sub(r'_', '\\_', text) # Escape underscores in display text\n"}
,{"stream_name":"stderr","time":9.184146012,"data":"[NbConvertApp] Converting notebook __script__.ipynb to html\n"}
,{"stream_name":"stderr","time":10.63824579,"data":"[NbConvertApp] Writing 380234 bytes to __results__.html\n"}
]