[{"stream_name":"stdout","time":4.046567762,"data":"{\"cpus\": 4, \"ram_available\": 32662568960, \"disk_free\": 20939665408, \"provider\": \"kaggle\"}\n"}
,{"stream_name":"stdout","time":313.349525496,"data":"{\"unit\": \"a549_ko\", \"shard\": 1, \"of\": 31, \"seconds\": 309}\n"}
,{"stream_name":"stdout","time":378.45541741,"data":"{\"unit\": \"a549_ko\", \"shard\": 2, \"of\": 31, \"seconds\": 374}\n"}
,{"stream_name":"stdout","time":439.339288266,"data":"{\"unit\": \"a549_ko\", \"shard\": 3, \"of\": 31, \"seconds\": 435}\n"}
,{"stream_name":"stdout","time":495.458615015,"data":"{\"unit\": \"a549_ko\", \"shard\": 4, \"of\": 31, \"seconds\": 491}\n"}
,{"stream_name":"stdout","time":549.43425476,"data":"{\"unit\": \"a549_ko\", \"shard\": 5, \"of\": 31, \"seconds\": 545}\n"}
,{"stream_name":"stdout","time":612.7661571,"data":"{\"unit\": \"a549_ko\", \"shard\": 6, \"of\": 31, \"seconds\": 609}\n"}
,{"stream_name":"stdout","time":678.943327108,"data":"{\"unit\": \"a549_ko\", \"shard\": 7, \"of\": 31, \"seconds\": 675}\n"}
,{"stream_name":"stdout","time":742.737092441,"data":"{\"unit\": \"a549_ko\", \"shard\": 8, \"of\": 31, \"seconds\": 739}\n"}
,{"stream_name":"stdout","time":802.626167932,"data":"{\"unit\": \"a549_ko\", \"shard\": 9, \"of\": 31, \"seconds\": 799}\n"}
,{"stream_name":"stdout","time":862.715302769,"data":"{\"unit\": \"a549_ko\", \"shard\": 10, \"of\": 31, \"seconds\": 859}\n"}
,{"stream_name":"stdout","time":933.954856231,"data":"{\"unit\": \"a549_ko\", \"shard\": 11, \"of\": 31, \"seconds\": 930}\n"}
,{"stream_name":"stdout","time":1002.359554177,"data":"{\"unit\": \"a549_ko\", \"shard\": 12, \"of\": 31, \"seconds\": 998}\n"}
,{"stream_name":"stdout","time":1065.982622673,"data":"{\"unit\": \"a549_ko\", \"shard\": 13, \"of\": 31, \"seconds\": 1062}\n"}
,{"stream_name":"stdout","time":1129.766708482,"data":"{\"unit\": \"a549_ko\", \"shard\": 14, \"of\": 31, \"seconds\": 1126}\n"}
,{"stream_name":"stdout","time":1196.634327914,"data":"{\"unit\": \"a549_ko\", \"shard\": 15, \"of\": 31, \"seconds\": 1193}\n"}
,{"stream_name":"stdout","time":1263.414174822,"data":"{\"unit\": \"a549_ko\", \"shard\": 16, \"of\": 31, \"seconds\": 1259}\n"}
,{"stream_name":"stdout","time":1321.67624337,"data":"{\"unit\": \"a549_ko\", \"shard\": 17, \"of\": 31, \"seconds\": 1318}\n"}
,{"stream_name":"stdout","time":1387.539543531,"data":"{\"unit\": \"a549_ko\", \"shard\": 18, \"of\": 31, \"seconds\": 1383}\n"}
,{"stream_name":"stdout","time":1435.062637184,"data":"{\"unit\": \"a549_ko\", \"shard\": 19, \"of\": 31, \"seconds\": 1431}\n"}
,{"stream_name":"stdout","time":1487.672147711,"data":"{\"unit\": \"a549_ko\", \"shard\": 20, \"of\": 31, \"seconds\": 1484}\n"}
,{"stream_name":"stdout","time":1544.97955948,"data":"{\"unit\": \"a549_ko\", \"shard\": 21, \"of\": 31, \"seconds\": 1541}\n"}
,{"stream_name":"stdout","time":1607.883894794,"data":"{\"unit\": \"a549_ko\", \"shard\": 22, \"of\": 31, \"seconds\": 1604}\n"}
,{"stream_name":"stdout","time":1663.760431692,"data":"{\"unit\": \"a549_ko\", \"shard\": 23, \"of\": 31, \"seconds\": 1660}\n"}
,{"stream_name":"stdout","time":1722.364961112,"data":"{\"unit\": \"a549_ko\", \"shard\": 24, \"of\": 31, \"seconds\": 1718}\n"}
,{"stream_name":"stdout","time":1782.411011561,"data":"{\"unit\": \"a549_ko\", \"shard\": 25, \"of\": 31, \"seconds\": 1778}\n"}
,{"stream_name":"stdout","time":1844.521123426,"data":"{\"unit\": \"a549_ko\", \"shard\": 26, \"of\": 31, \"seconds\": 1840}\n"}
,{"stream_name":"stdout","time":1909.56908237,"data":"{\"unit\": \"a549_ko\", \"shard\": 27, \"of\": 31, \"seconds\": 1905}\n"}
,{"stream_name":"stdout","time":1978.655398191,"data":"{\"unit\": \"a549_ko\", \"shard\": 28, \"of\": 31, \"seconds\": 1975}\n"}
,{"stream_name":"stdout","time":2044.038643156,"data":"{\"unit\": \"a549_ko\", \"shard\": 29, \"of\": 31, \"seconds\": 2040}\n"}
,{"stream_name":"stdout","time":2114.462108522,"data":"{\"unit\": \"a549_ko\", \"shard\": 30, \"of\": 31, \"seconds\": 2110}\n"}
,{"stream_name":"stdout","time":2137.329736106,"data":"{\"unit\": \"a549_ko\", \"shard\": 31, \"of\": 31, \"seconds\": 2133}\n"}
,{"stream_name":"stdout","time":5245.593209968,"data":"{\"unit\": \"a549_ko\", \"complete\": true, \"cells_used\": 606075, \"seconds\": 5241}\n"}
,{"stream_name":"stdout","time":5315.643435754,"data":"{\"unit\": \"a549_ko\", \"shard\": 1, \"of\": 31, \"cells\": 4548, \"output_bytes\": 58858753, \"seconds\": 69}\n"}
,{"stream_name":"stdout","time":5370.641716413,"data":"{\"unit\": \"a549_ko\", \"shard\": 2, \"of\": 31, \"cells\": 4620, \"output_bytes\": 106561718, \"seconds\": 124}\n"}
,{"stream_name":"stdout","time":5428.428266001,"data":"{\"unit\": \"a549_ko\", \"shard\": 3, \"of\": 31, \"cells\": 4610, \"output_bytes\": 155723688, \"seconds\": 182}\n"}
,{"stream_name":"stdout","time":5481.721505841,"data":"{\"unit\": \"a549_ko\", \"shard\": 4, \"of\": 31, \"cells\": 4430, \"output_bytes\": 199958859, \"seconds\": 235}\n"}
,{"stream_name":"stdout","time":5534.364263565,"data":"{\"unit\": \"a549_ko\", \"shard\": 5, \"of\": 31, \"cells\": 4392, \"output_bytes\": 240582055, \"seconds\": 288}\n"}
,{"stream_name":"stdout","time":5590.387979159,"data":"{\"unit\": \"a549_ko\", \"shard\": 6, \"of\": 31, \"cells\": 4551, \"output_bytes\": 285647226, \"seconds\": 344}\n"}
,{"stream_name":"stdout","time":5644.89653465,"data":"{\"unit\": \"a549_ko\", \"shard\": 7, \"of\": 31, \"cells\": 4360, \"output_bytes\": 331605265, \"seconds\": 399}\n"}
,{"stream_name":"stdout","time":5714.704493575,"data":"{\"unit\": \"a549_ko\", \"shard\": 8, \"of\": 31, \"cells\": 4088, \"output_bytes\": 381743588, \"seconds\": 468}\n"}
,{"stream_name":"stdout","time":5780.860527672,"data":"{\"unit\": \"a549_ko\", \"shard\": 9, \"of\": 31, \"cells\": 4242, \"output_bytes\": 430764685, \"seconds\": 535}\n"}
,{"stream_name":"stdout","time":5841.548965384,"data":"{\"unit\": \"a549_ko\", \"shard\": 10, \"of\": 31, \"cells\": 4337, \"output_bytes\": 475956033, \"seconds\": 595}\n"}
,{"stream_name":"stdout","time":5905.982918307,"data":"{\"unit\": \"a549_ko\", \"shard\": 11, \"of\": 31, \"cells\": 4433, \"output_bytes\": 524454503, \"seconds\": 660}\n"}
,{"stream_name":"stdout","time":5969.267551667,"data":"{\"unit\": \"a549_ko\", \"shard\": 12, \"of\": 31, \"cells\": 4699, \"output_bytes\": 573808394, \"seconds\": 723}\n"}
,{"stream_name":"stdout","time":6035.606177051,"data":"{\"unit\": \"a549_ko\", \"shard\": 13, \"of\": 31, \"cells\": 4394, \"output_bytes\": 623547424, \"seconds\": 789}\n"}
,{"stream_name":"stdout","time":6096.511097522,"data":"{\"unit\": \"a549_ko\", \"shard\": 14, \"of\": 31, \"cells\": 4349, \"output_bytes\": 669402611, \"seconds\": 850}\n"}
,{"stream_name":"stdout","time":6157.984018684,"data":"{\"unit\": \"a549_ko\", \"shard\": 15, \"of\": 31, \"cells\": 4382, \"output_bytes\": 714660725, \"seconds\": 912}\n"}
,{"stream_name":"stdout","time":6227.748429366,"data":"{\"unit\": \"a549_ko\", \"shard\": 16, \"of\": 31, \"cells\": 4807, \"output_bytes\": 773508961, \"seconds\": 981}\n"}
,{"stream_name":"stdout","time":6283.277398007,"data":"{\"unit\": \"a549_ko\", \"shard\": 17, \"of\": 31, \"cells\": 4654, \"output_bytes\": 822379711, \"seconds\": 1037}\n"}
,{"stream_name":"stdout","time":6350.37223457,"data":"{\"unit\": \"a549_ko\", \"shard\": 18, \"of\": 31, \"cells\": 3990, \"output_bytes\": 873775201, \"seconds\": 1104}\n"}
,{"stream_name":"stdout","time":6391.441411631,"data":"{\"unit\": \"a549_ko\", \"shard\": 19, \"of\": 31, \"cells\": 4322, \"output_bytes\": 907470610, \"seconds\": 1145}\n"}
,{"stream_name":"stdout","time":6443.348328981,"data":"{\"unit\": \"a549_ko\", \"shard\": 20, \"of\": 31, \"cells\": 4810, \"output_bytes\": 955232559, \"seconds\": 1197}\n"}
,{"stream_name":"stdout","time":6498.611516921,"data":"{\"unit\": \"a549_ko\", \"shard\": 21, \"of\": 31, \"cells\": 4619, \"output_bytes\": 1005345457, \"seconds\": 1252}\n"}
,{"stream_name":"stdout","time":6556.865290673,"data":"{\"unit\": \"a549_ko\", \"shard\": 22, \"of\": 31, \"cells\": 4252, \"output_bytes\": 1055669360, \"seconds\": 1311}\n"}
,{"stream_name":"stdout","time":6608.792139465,"data":"{\"unit\": \"a549_ko\", \"shard\": 23, \"of\": 31, \"cells\": 4538, \"output_bytes\": 1101842927, \"seconds\": 1363}\n"}
,{"stream_name":"stdout","time":6665.415860491,"data":"{\"unit\": \"a549_ko\", \"shard\": 24, \"of\": 31, \"cells\": 4168, \"output_bytes\": 1148394283, \"seconds\": 1419}\n"}
,{"stream_name":"stdout","time":6719.350975841,"data":"{\"unit\": \"a549_ko\", \"shard\": 25, \"of\": 31, \"cells\": 4106, \"output_bytes\": 1193873069, \"seconds\": 1473}\n"}
,{"stream_name":"stdout","time":6769.931473574,"data":"{\"unit\": \"a549_ko\", \"shard\": 26, \"of\": 31, \"cells\": 4407, \"output_bytes\": 1238978421, \"seconds\": 1524}\n"}
,{"stream_name":"stdout","time":6823.245895493,"data":"{\"unit\": \"a549_ko\", \"shard\": 27, \"of\": 31, \"cells\": 4345, \"output_bytes\": 1287348222, \"seconds\": 1577}\n"}
,{"stream_name":"stdout","time":6877.938669024,"data":"{\"unit\": \"a549_ko\", \"shard\": 28, \"of\": 31, \"cells\": 4371, \"output_bytes\": 1337688916, \"seconds\": 1632}\n"}
,{"stream_name":"stdout","time":6926.49501072,"data":"{\"unit\": \"a549_ko\", \"shard\": 29, \"of\": 31, \"cells\": 4581, \"output_bytes\": 1385190076, \"seconds\": 1680}\n"}
,{"stream_name":"stdout","time":6981.07707891,"data":"{\"unit\": \"a549_ko\", \"shard\": 30, \"of\": 31, \"cells\": 4640, \"output_bytes\": 1436411231, \"seconds\": 1735}\n"}
,{"stream_name":"stdout","time":6998.20200313,"data":"{\"unit\": \"a549_ko\", \"shard\": 31, \"of\": 31, \"cells\": 1523, \"output_bytes\": 1453886381, \"seconds\": 1752}\n"}
,{"stream_name":"stdout","time":6998.260337999,"data":"{\"complete\": true, \"unit\": \"a549_ko\", \"bank_receipt_sha256\": \"1bf9b15f02d044b9c3ce01e84cc91b73f97b3a23cd8238895b2efe120e20bb05\", \"source_verification\": \"d839a952be987fcd0e478b4819cea2074438e63fdf78e0ffbb6eda0711bc029e\", \"genes\": 18533, \"gene_axis\": \"original ingestion official_index; mask preserved; names still require axis binding in trainer\", \"levels\": {\"32\": 128849, \"64\": 128864, \"128\": 134568}, \"seconds\": 1752, \"training_used\": false}\n"}
,{"stream_name":"stdout","time":6998.299870189,"data":"{\"unit\": \"a549_ko\", \"bank_and_samples_complete\": true}\n"}
,{"stream_name":"stderr","time":7002.536258004,"data":"/usr/local/lib/python3.13/dist-packages/mistune.py:435: SyntaxWarning: invalid escape sequence '\\|'\n"}
,{"stream_name":"stderr","time":7002.536300326,"data":"  cells[i][c] = re.sub('\\\\\\\\\\|', '|', cell)\n"}
,{"stream_name":"stderr","time":7003.097223859,"data":"/usr/local/lib/python3.13/dist-packages/nbconvert/filters/filter_links.py:36: SyntaxWarning: invalid escape sequence '\\_'\n"}
,{"stream_name":"stderr","time":7003.097262931,"data":"  text = re.sub(r'_', '\\_', text) # Escape underscores in display text\n"}
,{"stream_name":"stderr","time":7005.699988314,"data":"[NbConvertApp] Converting notebook __script__.ipynb to html\n"}
,{"stream_name":"stderr","time":7007.290831075,"data":"[NbConvertApp] Writing 567244 bytes to __results__.html\n"}
]