[0.0s] data 109586 rows; outer ipsc; inner orion; regime C
[35.1s] true step=0 validation_rank=0.542231
[41.5s] true {"step": 50, "loss": 1.49628484249115, "usable_rows": 16, "skipped_batches": 0, "validation_rank": 0.5423228346456692}
[47.5s] true {"step": 100, "loss": 1.557573676109314, "usable_rows": 16, "skipped_batches": 0, "validation_rank": 0.5418614665354331}
[53.2s] true {"step": 150, "loss": 1.6521649360656738, "usable_rows": 12, "skipped_batches": 0, "validation_rank": 0.5439530019685039}
[59.1s] true {"step": 200, "loss": 1.5502021312713623, "usable_rows": 16, "skipped_batches": 0, "validation_rank": 0.546013779527559}
[64.9s] true {"step": 250, "loss": 1.6105914115905762, "usable_rows": 16, "skipped_batches": 0, "validation_rank": 0.542107529527559}
[70.8s] true {"step": 300, "loss": 1.6106690168380737, "usable_rows": 16, "skipped_batches": 0, "validation_rank": 0.5451833169291338}
[76.5s] true {"step": 350, "loss": 1.6148663759231567, "usable_rows": 13, "skipped_batches": 0, "validation_rank": 0.5453678641732284}
[82.3s] true {"step": 400, "loss": 1.53306245803833, "usable_rows": 16, "skipped_batches": 0, "validation_rank": 0.5470287893700787}
[87.9s] true {"step": 450, "loss": 1.5386477708816528, "usable_rows": 16, "skipped_batches": 0, "validation_rank": 0.546136811023622}
[93.8s] true {"step": 500, "loss": 1.7356423139572144, "usable_rows": 16, "skipped_batches": 0, "validation_rank": 0.5483206200787402}
[99.5s] true {"step": 550, "loss": 1.502596378326416, "usable_rows": 16, "skipped_batches": 0, "validation_rank": 0.5477977362204725}
[105.1s] true {"step": 600, "loss": 1.6200976371765137, "usable_rows": 16, "skipped_batches": 0, "validation_rank": 0.546628937007874}
[111.0s] true {"step": 650, "loss": 1.6328407526016235, "usable_rows": 14, "skipped_batches": 0, "validation_rank": 0.5471210629921259}
[116.8s] true {"step": 700, "loss": 1.6308504343032837, "usable_rows": 12, "skipped_batches": 0, "validation_rank": 0.5470903051181103}
[122.6s] true {"step": 750, "loss": 1.4645081758499146, "usable_rows": 16, "skipped_batches": 0, "validation_rank": 0.5470287893700788}
[125.1s] blind step=0 validation_rank=0.542231
[130.9s] blind {"step": 50, "loss": 1.4962273836135864, "usable_rows": 16, "skipped_batches": 0, "validation_rank": 0.5423228346456692}
[136.9s] blind {"step": 100, "loss": 1.5573437213897705, "usable_rows": 16, "skipped_batches": 0, "validation_rank": 0.5424458661417323}
[142.6s] blind {"step": 150, "loss": 1.6516951322555542, "usable_rows": 12, "skipped_batches": 0, "validation_rank": 0.5457369586614174}
[148.4s] blind {"step": 200, "loss": 1.5546338558197021, "usable_rows": 16, "skipped_batches": 0, "validation_rank": 0.5453986220472442}
[154.1s] blind {"step": 250, "loss": 1.6111243963241577, "usable_rows": 16, "skipped_batches": 0, "validation_rank": 0.5446604330708662}
[160.0s] blind {"step": 300, "loss": 1.6126880645751953, "usable_rows": 16, "skipped_batches": 0, "validation_rank": 0.5459522637795275}
[165.7s] blind {"step": 350, "loss": 1.615208387374878, "usable_rows": 13, "skipped_batches": 0, "validation_rank": 0.5465366633858267}
[171.4s] blind {"step": 400, "loss": 1.5346242189407349, "usable_rows": 16, "skipped_batches": 0, "validation_rank": 0.546875}
[177.1s] blind {"step": 450, "loss": 1.5361756086349487, "usable_rows": 16, "skipped_batches": 0, "validation_rank": 0.5484128937007874}
[182.9s] blind {"step": 500, "loss": 1.7382837533950806, "usable_rows": 16, "skipped_batches": 0, "validation_rank": 0.5487512303149606}
[188.6s] blind {"step": 550, "loss": 1.5042661428451538, "usable_rows": 16, "skipped_batches": 0, "validation_rank": 0.5492741141732284}
[194.3s] blind {"step": 600, "loss": 1.6210217475891113, "usable_rows": 16, "skipped_batches": 0, "validation_rank": 0.5487819881889764}
[200.2s] blind {"step": 650, "loss": 1.6363158226013184, "usable_rows": 14, "skipped_batches": 0, "validation_rank": 0.5487512303149606}
[205.9s] blind {"step": 700, "loss": 1.631598711013794, "usable_rows": 12, "skipped_batches": 0, "validation_rank": 0.547613188976378}
[211.7s] blind {"step": 750, "loss": 1.4695487022399902, "usable_rows": 16, "skipped_batches": 0, "validation_rank": 0.5476131889763779}
[217.4s] blind {"step": 800, "loss": 1.612305998802185, "usable_rows": 12, "skipped_batches": 0, "validation_rank": 0.5488742618110236}
[237.6s] true {"step": 50, "loss": 1.6755363941192627, "usable_rows": 16, "skipped_batches": 0}
[242.2s] true {"step": 100, "loss": 1.6799371242523193, "usable_rows": 16, "skipped_batches": 0}
[246.7s] true {"step": 150, "loss": 1.5991016626358032, "usable_rows": 16, "skipped_batches": 0}
[251.3s] true {"step": 200, "loss": 1.7147809267044067, "usable_rows": 16, "skipped_batches": 0}
[255.9s] true {"step": 250, "loss": 1.4716283082962036, "usable_rows": 16, "skipped_batches": 0}
[260.4s] true {"step": 300, "loss": 1.6128495931625366, "usable_rows": 14, "skipped_batches": 0}
[265.0s] true {"step": 350, "loss": 1.6750707626342773, "usable_rows": 16, "skipped_batches": 0}
[269.6s] true {"step": 400, "loss": 1.4873123168945312, "usable_rows": 16, "skipped_batches": 0}
[274.2s] true {"step": 450, "loss": 1.5051629543304443, "usable_rows": 16, "skipped_batches": 0}
[278.6s] true {"step": 500, "loss": 1.5765312910079956, "usable_rows": 12, "skipped_batches": 0}
[283.0s] blind {"step": 50, "loss": 1.6755239963531494, "usable_rows": 16, "skipped_batches": 0}
[287.6s] blind {"step": 100, "loss": 1.6809362173080444, "usable_rows": 16, "skipped_batches": 0}
[292.2s] blind {"step": 150, "loss": 1.6010853052139282, "usable_rows": 16, "skipped_batches": 0}
[296.9s] blind {"step": 200, "loss": 1.718017578125, "usable_rows": 16, "skipped_batches": 0}
[301.6s] blind {"step": 250, "loss": 1.470458745956421, "usable_rows": 16, "skipped_batches": 0}
[306.0s] blind {"step": 300, "loss": 1.613279938697815, "usable_rows": 14, "skipped_batches": 0}
[310.8s] blind {"step": 350, "loss": 1.6742874383926392, "usable_rows": 16, "skipped_batches": 0}
[315.4s] blind {"step": 400, "loss": 1.4764635562896729, "usable_rows": 16, "skipped_batches": 0}
[320.2s] blind {"step": 450, "loss": 1.5066777467727661, "usable_rows": 16, "skipped_batches": 0}
[324.7s] blind {"step": 500, "loss": 1.569756269454956, "usable_rows": 12, "skipped_batches": 0}
[329.4s] blind {"step": 550, "loss": 1.6570158004760742, "usable_rows": 14, "skipped_batches": 0}
[1047.7s] complete {"scope": "one outer family; not the cross-family promotion verdict", "contexts": {"kolf": {"transfer": {"mean": 0.00027901785714285875, "ci95": [-0.007174294428816045, 0.00774828767123288], "targets": 512}, "blind": {"mean": -0.0009478962818003898, "ci95": [-0.0035552799351761277, 0.001583139677103713], "targets": 512}, "swap": {"mean": 0.0003095951565557757, "ci95": [-0.0016935046171722094, 0.0022023299902152634], "targets": 512}, "prior_permuted": {"mean": 7.644324853229613e-06, "ci95": [-0.00048159246575342506, 0.00047022153253424695], "targets": 512}, "null": {"mean": 0.05179221196183954, "ci95": [0.02737791057668788, 0.07724919925697163], "targets": 512}}, "hipsci_fit": {"transfer": {"mean": 0.006795804794520544, "ci95": [0.001516729604941286, 0.01205567361790606], "targets": 512}, "blind": {"mean": 0.0008408757338551843, "ci95": [-0.0013759784735812174, 0.002897294673434442], "targets": 512}, "swap": {"mean": 0.0001261313600782756, "ci95": [-0.001165759540117418, 0.0014258576932485304], "targets": 512}, "prior_permuted": {"mean": 0.00012995352250489258, "ci95": [-0.0002676469239236804, 0.000523636252446184], "targets": 512}, "null": {"mean": 0.18772741866438358, "ci95": [0.16183594705540605, 0.21359973168419766], "targets": 512}}, "hipsci_nonfit": {"transfer": {"mean": 0.0025455601761252464, "ci95": [-0.005018881482387473, 0.010014734436154598], "targets": 512}, "blind": {"mean": -0.0008026541095890402, "ci95": [-0.003661727158757341, 0.001797371881115452], "targets": 512}, "swap": {"mean": -0.0005389249021526422, "ci95": [-0.0023469032840019535, 0.0012656135335127165], "targets": 512}, "prior_permuted": {"mean": 0.00010702054794520981, "ci95": [-0.0003707497553815971, 0.0006383966793052846], "targets": 512}, "null": {"mean": 0.06720699302837574, "ci95": [0.041534961319716256, 0.09222940045560177], "targets": 512}}}, "rank_delta_macro_context": 0.0032067942759295494, "ci95_stratified_targets": [-0.0006715220870026092, 0.007039340243802992], "not_vcc_score": true, "seconds_measured": 1047.7306435108185, "best_steps": {"true": 500, "blind": 550}, "parameters": 3314}
