[0.0s] data 109586 rows; outer k562; inner orion; regime C
[77.1s] true step=0 validation_rank=0.553134
[83.8s] true {"step": 50, "loss": 1.5875530242919922, "usable_rows": 16, "skipped_batches": 0, "validation_rank": 0.5531957431102362}
[89.8s] true {"step": 100, "loss": 1.6675629615783691, "usable_rows": 15, "skipped_batches": 0, "validation_rank": 0.5537801427165354}
[95.5s] true {"step": 150, "loss": 1.6452715396881104, "usable_rows": 12, "skipped_batches": 0, "validation_rank": 0.5549489419291338}
[101.3s] true {"step": 200, "loss": 1.6460784673690796, "usable_rows": 15, "skipped_batches": 0, "validation_rank": 0.5586091289370079}
[107.1s] true {"step": 250, "loss": 1.684781789779663, "usable_rows": 16, "skipped_batches": 0, "validation_rank": 0.5580554872047244}
[113.1s] true {"step": 300, "loss": 1.680030345916748, "usable_rows": 16, "skipped_batches": 0, "validation_rank": 0.560669906496063}
[118.9s] true {"step": 350, "loss": 1.6647297143936157, "usable_rows": 15, "skipped_batches": 0, "validation_rank": 0.5619617372047244}
[124.7s] true {"step": 400, "loss": 1.6879498958587646, "usable_rows": 16, "skipped_batches": 0, "validation_rank": 0.5631305364173229}
[130.4s] true {"step": 450, "loss": 1.6291923522949219, "usable_rows": 16, "skipped_batches": 0, "validation_rank": 0.5612235482283465}
[136.2s] true {"step": 500, "loss": 1.77361261844635, "usable_rows": 16, "skipped_batches": 0, "validation_rank": 0.5647299458661417}
[141.9s] true {"step": 550, "loss": 1.6180543899536133, "usable_rows": 15, "skipped_batches": 0, "validation_rank": 0.5600855068897639}
[147.7s] true {"step": 600, "loss": 1.655036449432373, "usable_rows": 15, "skipped_batches": 0, "validation_rank": 0.5622693159448819}
[153.7s] true {"step": 650, "loss": 1.681968092918396, "usable_rows": 16, "skipped_batches": 0, "validation_rank": 0.5613465797244094}
[159.4s] true {"step": 700, "loss": 1.6515400409698486, "usable_rows": 16, "skipped_batches": 0, "validation_rank": 0.5635303887795275}
[165.1s] true {"step": 750, "loss": 1.636094331741333, "usable_rows": 16, "skipped_batches": 0, "validation_rank": 0.5617156742125984}
[167.6s] blind step=0 validation_rank=0.553134
[173.7s] blind {"step": 50, "loss": 1.5875530242919922, "usable_rows": 16, "skipped_batches": 0, "validation_rank": 0.5532572588582677}
[180.1s] blind {"step": 100, "loss": 1.667563796043396, "usable_rows": 15, "skipped_batches": 0, "validation_rank": 0.5537801427165354}
[186.0s] blind {"step": 150, "loss": 1.645308256149292, "usable_rows": 12, "skipped_batches": 0, "validation_rank": 0.5549796998031495}
[192.1s] blind {"step": 200, "loss": 1.6462510824203491, "usable_rows": 15, "skipped_batches": 0, "validation_rank": 0.5587629183070866}
[198.0s] blind {"step": 250, "loss": 1.687209129333496, "usable_rows": 16, "skipped_batches": 0, "validation_rank": 0.5574710875984252}
[204.0s] blind {"step": 300, "loss": 1.6807337999343872, "usable_rows": 16, "skipped_batches": 0, "validation_rank": 0.5603008120078741}
[209.9s] blind {"step": 350, "loss": 1.665218710899353, "usable_rows": 15, "skipped_batches": 0, "validation_rank": 0.562023252952756}
[215.7s] blind {"step": 400, "loss": 1.6884599924087524, "usable_rows": 16, "skipped_batches": 0, "validation_rank": 0.5629152312992127}
[221.4s] blind {"step": 450, "loss": 1.6331086158752441, "usable_rows": 16, "skipped_batches": 0, "validation_rank": 0.5595318651574803}
[227.3s] blind {"step": 500, "loss": 1.7748944759368896, "usable_rows": 16, "skipped_batches": 0, "validation_rank": 0.5633458415354331}
[233.1s] blind {"step": 550, "loss": 1.6177550554275513, "usable_rows": 15, "skipped_batches": 0, "validation_rank": 0.5612235482283465}
[238.8s] blind {"step": 600, "loss": 1.6527166366577148, "usable_rows": 15, "skipped_batches": 0, "validation_rank": 0.5634073572834646}
[244.7s] blind {"step": 650, "loss": 1.682326078414917, "usable_rows": 16, "skipped_batches": 0, "validation_rank": 0.5615618848425197}
[250.5s] blind {"step": 700, "loss": 1.6515742540359497, "usable_rows": 16, "skipped_batches": 0, "validation_rank": 0.5636534202755905}
[256.4s] blind {"step": 750, "loss": 1.6353306770324707, "usable_rows": 16, "skipped_batches": 0, "validation_rank": 0.5615618848425197}
[262.1s] blind {"step": 800, "loss": 1.6688846349716187, "usable_rows": 15, "skipped_batches": 0, "validation_rank": 0.562146284448819}
[268.1s] blind {"step": 850, "loss": 1.6594487428665161, "usable_rows": 15, "skipped_batches": 0, "validation_rank": 0.56177718996063}
[273.9s] blind {"step": 900, "loss": 1.6913650035858154, "usable_rows": 16, "skipped_batches": 0, "validation_rank": 0.5623923474409449}
[279.7s] blind {"step": 950, "loss": 1.6791656017303467, "usable_rows": 15, "skipped_batches": 0, "validation_rank": 0.564453125}
[285.6s] blind {"step": 1000, "loss": 1.6955885887145996, "usable_rows": 16, "skipped_batches": 0, "validation_rank": 0.5637764517716535}
[329.6s] true {"step": 50, "loss": 1.6958339214324951, "usable_rows": 16, "skipped_batches": 0}
[334.1s] true {"step": 100, "loss": 1.705912709236145, "usable_rows": 16, "skipped_batches": 0}
[338.6s] true {"step": 150, "loss": 1.647570252418518, "usable_rows": 16, "skipped_batches": 0}
[343.2s] true {"step": 200, "loss": 1.6987980604171753, "usable_rows": 16, "skipped_batches": 0}
[347.9s] true {"step": 250, "loss": 1.5402101278305054, "usable_rows": 16, "skipped_batches": 0}
[352.2s] true {"step": 300, "loss": 1.6024935245513916, "usable_rows": 13, "skipped_batches": 0}
[356.8s] true {"step": 350, "loss": 1.6801730394363403, "usable_rows": 16, "skipped_batches": 0}
[361.2s] true {"step": 400, "loss": 1.6583949327468872, "usable_rows": 16, "skipped_batches": 0}
[365.9s] true {"step": 450, "loss": 1.5910108089447021, "usable_rows": 16, "skipped_batches": 0}
[370.4s] true {"step": 500, "loss": 1.5753997564315796, "usable_rows": 13, "skipped_batches": 0}
[374.9s] blind {"step": 50, "loss": 1.6958303451538086, "usable_rows": 16, "skipped_batches": 0}
[379.4s] blind {"step": 100, "loss": 1.7058844566345215, "usable_rows": 16, "skipped_batches": 0}
[383.7s] blind {"step": 150, "loss": 1.6467684507369995, "usable_rows": 16, "skipped_batches": 0}
[388.3s] blind {"step": 200, "loss": 1.6982977390289307, "usable_rows": 16, "skipped_batches": 0}
[392.9s] blind {"step": 250, "loss": 1.53865647315979, "usable_rows": 16, "skipped_batches": 0}
[397.3s] blind {"step": 300, "loss": 1.5993744134902954, "usable_rows": 13, "skipped_batches": 0}
[401.8s] blind {"step": 350, "loss": 1.6803098917007446, "usable_rows": 16, "skipped_batches": 0}
[406.3s] blind {"step": 400, "loss": 1.6627392768859863, "usable_rows": 16, "skipped_batches": 0}
[411.0s] blind {"step": 450, "loss": 1.5859308242797852, "usable_rows": 16, "skipped_batches": 0}
[415.5s] blind {"step": 500, "loss": 1.5755001306533813, "usable_rows": 13, "skipped_batches": 0}
[420.0s] blind {"step": 550, "loss": 1.6700685024261475, "usable_rows": 14, "skipped_batches": 0}
[424.7s] blind {"step": 600, "loss": 1.6587432622909546, "usable_rows": 16, "skipped_batches": 0}
[429.1s] blind {"step": 650, "loss": 1.637550711631775, "usable_rows": 15, "skipped_batches": 0}
[433.7s] blind {"step": 700, "loss": 1.537883996963501, "usable_rows": 16, "skipped_batches": 0}
[438.1s] blind {"step": 750, "loss": 1.6992690563201904, "usable_rows": 15, "skipped_batches": 0}
[442.8s] blind {"step": 800, "loss": 1.6491825580596924, "usable_rows": 16, "skipped_batches": 0}
[447.4s] blind {"step": 850, "loss": 1.576051115989685, "usable_rows": 16, "skipped_batches": 0}
[451.7s] blind {"step": 900, "loss": 1.6480385065078735, "usable_rows": 13, "skipped_batches": 0}
[456.3s] blind {"step": 950, "loss": 1.544332504272461, "usable_rows": 16, "skipped_batches": 0}
[1186.4s] complete {"scope": "one outer family; not the cross-family promotion verdict", "contexts": {"k562": {"transfer": {"mean": -0.0066887842465753414, "ci95": [-0.01470978320694716, 0.0015141496453033258], "targets": 512}, "blind": {"mean": 0.00021404109589041268, "ci95": [-0.0033334989603718166, 0.0036157656555773], "targets": 512}, "swap": {"mean": 5.351027397260447e-05, "ci95": [-0.00040142260885518504, 0.0004892367906066549], "targets": 512}, "prior_permuted": {"mean": 0.00038221624266144964, "ci95": [-0.0006309434625733834, 0.0013035484955968679], "targets": 512}, "null": {"mean": 0.144139478351272, "ci95": [0.11805441421538652, 0.17091549389982877], "targets": 512}}, "k562ess": {"transfer": {"mean": -0.015861974070450095, "ci95": [-0.0220507239175636, -0.009860032411937383], "targets": 512}, "blind": {"mean": 0.006921936154598825, "ci95": [0.0046703958231408965, 0.009383504311399216], "targets": 512}, "swap": {"mean": 0.00018346379647749445, "ci95": [-0.00015298205112524696, 0.0005121697651663392], "targets": 512}, "prior_permuted": {"mean": 0.00034781678082192007, "ci95": [-0.0004242600293542039, 0.00118487035225049], "targets": 512}, "null": {"mean": 0.3364649584148728, "ci95": [0.3184125986117906, 0.35436901831580236], "targets": 512}}, "viperturb": {"transfer": {"mean": 0.0013759784735812106, "ci95": [-0.004537097908512719, 0.00723965340631115], "targets": 512}, "blind": {"mean": -0.00025608488258317057, "ci95": [-0.003734539352984344, 0.0030665209148727935], "targets": 512}, "swap": {"mean": 0.0004548373287671214, "ci95": [-8.418312744618603e-05, 0.0009975843933463775], "targets": 512}, "prior_permuted": {"mean": -6.879892367906218e-05, "ci95": [-0.0009632804855675154, 0.0007570748226516624], "targets": 512}, "null": {"mean": 0.08641335922211352, "ci95": [0.06100510449792076, 0.110692786050636], "targets": 512}}}, "rank_delta_macro_context": -0.007058259947814743, "ci95_stratified_targets": [-0.011260281616927591, -0.0030724771179876063], "not_vcc_score": true, "seconds_measured": 1186.3515129089355, "best_steps": {"true": 500, "blind": 950}, "parameters": 3314}
