[0.0s] data 109586 rows; outer rpe1; inner orion; regime C
[42.9s] true step=0 validation_rank=0.536879
[50.6s] true {"step": 50, "loss": 1.646841287612915, "usable_rows": 15, "skipped_batches": 0, "validation_rank": 0.5369094488188977}
[57.9s] true {"step": 100, "loss": 1.692341923713684, "usable_rows": 16, "skipped_batches": 0, "validation_rank": 0.5370324803149606}
[65.2s] true {"step": 150, "loss": 1.6724069118499756, "usable_rows": 14, "skipped_batches": 0, "validation_rank": 0.5374323326771653}
[72.4s] true {"step": 200, "loss": 1.6307780742645264, "usable_rows": 16, "skipped_batches": 0, "validation_rank": 0.5415846456692913}
[79.6s] true {"step": 250, "loss": 1.5909717082977295, "usable_rows": 14, "skipped_batches": 0, "validation_rank": 0.5490280511811024}
[87.0s] true {"step": 300, "loss": 1.5931332111358643, "usable_rows": 15, "skipped_batches": 0, "validation_rank": 0.5505659448818898}
[94.3s] true {"step": 350, "loss": 1.5613523721694946, "usable_rows": 15, "skipped_batches": 0, "validation_rank": 0.5493663877952756}
[101.5s] true {"step": 400, "loss": 1.6489673852920532, "usable_rows": 14, "skipped_batches": 0, "validation_rank": 0.5481975885826772}
[108.7s] true {"step": 450, "loss": 1.678214192390442, "usable_rows": 16, "skipped_batches": 0, "validation_rank": 0.5442298228346456}
[116.0s] true {"step": 500, "loss": 1.6266719102859497, "usable_rows": 13, "skipped_batches": 0, "validation_rank": 0.5509965551181103}
[123.1s] true {"step": 550, "loss": 1.6819785833358765, "usable_rows": 16, "skipped_batches": 0, "validation_rank": 0.5509350393700787}
[130.4s] true {"step": 600, "loss": 1.624505877494812, "usable_rows": 13, "skipped_batches": 0, "validation_rank": 0.5506889763779528}
[137.6s] true {"step": 650, "loss": 1.5412843227386475, "usable_rows": 15, "skipped_batches": 0, "validation_rank": 0.5506889763779528}
[144.8s] true {"step": 700, "loss": 1.7198445796966553, "usable_rows": 14, "skipped_batches": 0, "validation_rank": 0.547613188976378}
[152.3s] true {"step": 750, "loss": 1.7317403554916382, "usable_rows": 16, "skipped_batches": 0, "validation_rank": 0.5498585137795275}
[155.5s] blind step=0 validation_rank=0.536879
[162.7s] blind {"step": 50, "loss": 1.6468379497528076, "usable_rows": 15, "skipped_batches": 0, "validation_rank": 0.5369094488188977}
[170.1s] blind {"step": 100, "loss": 1.692379117012024, "usable_rows": 16, "skipped_batches": 0, "validation_rank": 0.5371247539370079}
[177.5s] blind {"step": 150, "loss": 1.6725550889968872, "usable_rows": 14, "skipped_batches": 0, "validation_rank": 0.5395238681102362}
[184.7s] blind {"step": 200, "loss": 1.6303443908691406, "usable_rows": 16, "skipped_batches": 0, "validation_rank": 0.5451525590551181}
[191.9s] blind {"step": 250, "loss": 1.5866727828979492, "usable_rows": 14, "skipped_batches": 0, "validation_rank": 0.550166092519685}
[199.3s] blind {"step": 300, "loss": 1.5914546251296997, "usable_rows": 15, "skipped_batches": 0, "validation_rank": 0.5500123031496063}
[206.5s] blind {"step": 350, "loss": 1.5610566139221191, "usable_rows": 15, "skipped_batches": 0, "validation_rank": 0.5501353346456692}
[213.8s] blind {"step": 400, "loss": 1.6486507654190063, "usable_rows": 14, "skipped_batches": 0, "validation_rank": 0.5482898622047244}
[221.0s] blind {"step": 450, "loss": 1.6790573596954346, "usable_rows": 16, "skipped_batches": 0, "validation_rank": 0.5442605807086615}
[228.3s] blind {"step": 500, "loss": 1.6267889738082886, "usable_rows": 13, "skipped_batches": 0, "validation_rank": 0.5513964074803149}
[235.4s] blind {"step": 550, "loss": 1.6817660331726074, "usable_rows": 16, "skipped_batches": 0, "validation_rank": 0.5495201771653544}
[242.5s] blind {"step": 600, "loss": 1.62226402759552, "usable_rows": 13, "skipped_batches": 0, "validation_rank": 0.549920029527559}
[249.8s] blind {"step": 650, "loss": 1.5428049564361572, "usable_rows": 15, "skipped_batches": 0, "validation_rank": 0.551273375984252}
[257.1s] blind {"step": 700, "loss": 1.7213979959487915, "usable_rows": 14, "skipped_batches": 0, "validation_rank": 0.5465674212598426}
[264.5s] blind {"step": 750, "loss": 1.730826735496521, "usable_rows": 16, "skipped_batches": 0, "validation_rank": 0.5495816929133859}
[285.9s] true {"step": 50, "loss": 1.7208127975463867, "usable_rows": 16, "skipped_batches": 0}
[291.3s] true {"step": 100, "loss": 1.7294608354568481, "usable_rows": 16, "skipped_batches": 0}
[296.6s] true {"step": 150, "loss": 1.7223219871520996, "usable_rows": 16, "skipped_batches": 0}
[302.0s] true {"step": 200, "loss": 1.6041918992996216, "usable_rows": 14, "skipped_batches": 0}
[307.4s] true {"step": 250, "loss": 1.504087209701538, "usable_rows": 15, "skipped_batches": 0}
[312.8s] true {"step": 300, "loss": 1.6189944744110107, "usable_rows": 16, "skipped_batches": 0}
[318.1s] true {"step": 350, "loss": 1.4906494617462158, "usable_rows": 16, "skipped_batches": 0}
[323.5s] true {"step": 400, "loss": 1.6846864223480225, "usable_rows": 16, "skipped_batches": 0}
[329.0s] true {"step": 450, "loss": 1.7261074781417847, "usable_rows": 13, "skipped_batches": 0}
[334.5s] true {"step": 500, "loss": 1.7086175680160522, "usable_rows": 16, "skipped_batches": 0}
[339.9s] blind {"step": 50, "loss": 1.7208096981048584, "usable_rows": 16, "skipped_batches": 0}
[345.2s] blind {"step": 100, "loss": 1.7294700145721436, "usable_rows": 16, "skipped_batches": 0}
[350.8s] blind {"step": 150, "loss": 1.7221331596374512, "usable_rows": 16, "skipped_batches": 0}
[356.1s] blind {"step": 200, "loss": 1.6023709774017334, "usable_rows": 14, "skipped_batches": 0}
[361.6s] blind {"step": 250, "loss": 1.4995750188827515, "usable_rows": 15, "skipped_batches": 0}
[367.1s] blind {"step": 300, "loss": 1.616572380065918, "usable_rows": 16, "skipped_batches": 0}
[372.5s] blind {"step": 350, "loss": 1.4866551160812378, "usable_rows": 16, "skipped_batches": 0}
[377.9s] blind {"step": 400, "loss": 1.6834017038345337, "usable_rows": 16, "skipped_batches": 0}
[383.4s] blind {"step": 450, "loss": 1.723732829093933, "usable_rows": 13, "skipped_batches": 0}
[389.0s] blind {"step": 500, "loss": 1.7075214385986328, "usable_rows": 16, "skipped_batches": 0}
[708.1s] complete {"scope": "one outer family; not the cross-family promotion verdict", "contexts": {"rpe1": {"transfer": {"mean": 0.013075617661448142, "ci95": [0.007112948721868885, 0.01910698997064579], "targets": 512}, "blind": {"mean": 0.004663038160469666, "ci95": [0.0020447613441780814, 0.007334729696673186], "targets": 512}, "swap": {"mean": 0.00037457191780822, "ci95": [-0.00012230919765166296, 0.0008752751956947148], "targets": 512}, "prior_permuted": {"mean": 0.001349223336594915, "ci95": [-0.00042808219178081615, 0.0030348925207925636], "targets": 512}, "null": {"mean": 0.2858557057240705, "ci95": [0.2628559388759785, 0.30934681155210375], "targets": 512}}}, "rank_delta_macro_context": 0.013075617661448142, "ci95_stratified_targets": [0.006856768285225047, 0.019670281158268098], "not_vcc_score": true, "seconds_measured": 708.0887289047241, "best_steps": {"true": 500, "blind": 500}, "parameters": 3314}
