[0.0s] data 109586 rows; outer orion; inner k562; regime C
[34.6s] true step=0 validation_rank=0.639425
[42.6s] true {"step": 50, "loss": 1.5875530242919922, "usable_rows": 16, "skipped_batches": 0, "validation_rank": 0.6393844324146981}
[50.3s] true {"step": 100, "loss": 1.6675629615783691, "usable_rows": 15, "skipped_batches": 0, "validation_rank": 0.6391998851706037}
[57.7s] true {"step": 150, "loss": 1.6452715396881104, "usable_rows": 12, "skipped_batches": 0, "validation_rank": 0.6395894849081364}
[65.2s] true {"step": 200, "loss": 1.6460784673690796, "usable_rows": 15, "skipped_batches": 0, "validation_rank": 0.638072096456693}
[72.8s] true {"step": 250, "loss": 1.684781789779663, "usable_rows": 16, "skipped_batches": 0, "validation_rank": 0.6404302001312335}
[80.5s] true {"step": 300, "loss": 1.680030345916748, "usable_rows": 16, "skipped_batches": 0, "validation_rank": 0.639158874671916}
[88.0s] true {"step": 350, "loss": 1.6647297143936157, "usable_rows": 15, "skipped_batches": 0, "validation_rank": 0.6370263287401575}
[95.4s] true {"step": 400, "loss": 1.6879498958587646, "usable_rows": 16, "skipped_batches": 0, "validation_rank": 0.6381541174540682}
[102.8s] true {"step": 450, "loss": 1.6291923522949219, "usable_rows": 16, "skipped_batches": 0, "validation_rank": 0.6402456528871391}
[110.3s] true {"step": 500, "loss": 1.77361261844635, "usable_rows": 16, "skipped_batches": 0, "validation_rank": 0.638789780183727}
[114.5s] blind step=0 validation_rank=0.639425
[122.1s] blind {"step": 50, "loss": 1.5875530242919922, "usable_rows": 16, "skipped_batches": 0, "validation_rank": 0.6393639271653543}
[129.8s] blind {"step": 100, "loss": 1.667563796043396, "usable_rows": 15, "skipped_batches": 0, "validation_rank": 0.639158874671916}
[137.1s] blind {"step": 150, "loss": 1.645308256149292, "usable_rows": 12, "skipped_batches": 0, "validation_rank": 0.639651000656168}
[144.7s] blind {"step": 200, "loss": 1.6462510824203491, "usable_rows": 15, "skipped_batches": 0, "validation_rank": 0.6380105807086615}
[152.1s] blind {"step": 250, "loss": 1.687209129333496, "usable_rows": 16, "skipped_batches": 0, "validation_rank": 0.6403891896325459}
[159.5s] blind {"step": 300, "loss": 1.6807337999343872, "usable_rows": 16, "skipped_batches": 0, "validation_rank": 0.6393434219160105}
[166.8s] blind {"step": 350, "loss": 1.665218710899353, "usable_rows": 15, "skipped_batches": 0, "validation_rank": 0.6377645177165354}
[174.3s] blind {"step": 400, "loss": 1.6884599924087524, "usable_rows": 16, "skipped_batches": 0, "validation_rank": 0.6383386646981627}
[181.6s] blind {"step": 450, "loss": 1.6331086158752441, "usable_rows": 16, "skipped_batches": 0, "validation_rank": 0.6412709153543307}
[189.1s] blind {"step": 500, "loss": 1.7748944759368896, "usable_rows": 16, "skipped_batches": 0, "validation_rank": 0.6387282644356955}
[196.5s] blind {"step": 550, "loss": 1.6177550554275513, "usable_rows": 15, "skipped_batches": 0, "validation_rank": 0.6359395505249344}
[204.0s] blind {"step": 600, "loss": 1.6527166366577148, "usable_rows": 15, "skipped_batches": 0, "validation_rank": 0.6357139927821522}
[211.7s] blind {"step": 650, "loss": 1.682326078414917, "usable_rows": 16, "skipped_batches": 0, "validation_rank": 0.6336634678477691}
[219.2s] blind {"step": 700, "loss": 1.6515742540359497, "usable_rows": 16, "skipped_batches": 0, "validation_rank": 0.6339710465879266}
[235.1s] true {"step": 50, "loss": 1.68631911277771, "usable_rows": 16, "skipped_batches": 0}
[240.1s] true {"step": 100, "loss": 1.711471438407898, "usable_rows": 16, "skipped_batches": 0}
[245.1s] true {"step": 150, "loss": 1.5969538688659668, "usable_rows": 16, "skipped_batches": 0}
[250.2s] true {"step": 200, "loss": 1.6543684005737305, "usable_rows": 15, "skipped_batches": 0}
[255.3s] true {"step": 250, "loss": 1.506295919418335, "usable_rows": 16, "skipped_batches": 0}
[260.3s] blind {"step": 50, "loss": 1.686298131942749, "usable_rows": 16, "skipped_batches": 0}
[265.4s] blind {"step": 100, "loss": 1.7114698886871338, "usable_rows": 16, "skipped_batches": 0}
[270.6s] blind {"step": 150, "loss": 1.5970685482025146, "usable_rows": 16, "skipped_batches": 0}
[275.8s] blind {"step": 200, "loss": 1.654511570930481, "usable_rows": 15, "skipped_batches": 0}
[281.0s] blind {"step": 250, "loss": 1.5044447183609009, "usable_rows": 16, "skipped_batches": 0}
[286.0s] blind {"step": 300, "loss": 1.5244340896606445, "usable_rows": 16, "skipped_batches": 0}
[291.3s] blind {"step": 350, "loss": 1.6570111513137817, "usable_rows": 15, "skipped_batches": 0}
[296.4s] blind {"step": 400, "loss": 1.6263052225112915, "usable_rows": 15, "skipped_batches": 0}
[301.8s] blind {"step": 450, "loss": 1.5942641496658325, "usable_rows": 16, "skipped_batches": 0}
[768.8s] complete {"scope": "one outer family; not the cross-family promotion verdict", "contexts": {"orion_hct116": {"transfer": {"mean": -0.0012230919765166333, "ci95": [-0.0065211824241682955, 0.003995115276418784], "targets": 512}, "blind": {"mean": -0.003776296477495108, "ci95": [-0.0062878394080234865, -0.0012995352250489225], "targets": 512}, "swap": {"mean": 0.00030195083170254564, "ci95": [-0.0005543091059197647, 0.0011314556323385532], "targets": 512}, "prior_permuted": {"mean": -0.0007223886986301371, "ci95": [-0.0017506459454500983, 0.0003058685481898244], "targets": 512}, "null": {"mean": 0.048654216609589046, "ci95": [0.02345890410958905, 0.07364700227800881], "targets": 512}}, "orion_hek293t": {"transfer": {"mean": -0.0032526602250489297, "ci95": [-0.009597640961350299, 0.002803365031800376], "targets": 512}, "blind": {"mean": -0.002278008806262232, "ci95": [-0.004254353443003916, -0.00017524614726027653], "targets": 512}, "swap": {"mean": 0.000558035714285714, "ci95": [-0.00046639937010763285, 0.0016894913466242657], "targets": 512}, "prior_permuted": {"mean": 0.00017199730919764808, "ci95": [-0.0006421232876712346, 0.0009899400684931484], "targets": 512}, "null": {"mean": 0.04588123776908024, "ci95": [0.021736685497186894, 0.07055143292869372], "targets": 512}}}, "rank_delta_macro_context": -0.0022378761007827816, "ci95_stratified_targets": [-0.0063757013668052885, 0.0018633041829745564], "not_vcc_score": true, "seconds_measured": 768.8222987651825, "best_steps": {"true": 250, "blind": 450}, "parameters": 3314}
