[{"stream_name":"stderr","time":2.149188448,"data":"Traceback (most recent call last):\n"}
,{"stream_name":"stderr","time":2.149712186,"data":"  File \"/kaggle/src/script.py\", line 7, in \u003cmodule\u003e\n"}
,{"stream_name":"stderr","time":2.149721086,"data":"    runpy.run_path(\"joint_runtime.py\",run_name=\"__main__\")\n"}
,{"stream_name":"stderr","time":2.149725756,"data":"    ~~~~~~~~~~~~~~^^^^^^^^^^^^^^^^^^^^^^^^^^^^^^^^^^^^^^^^\n"}
,{"stream_name":"stderr","time":2.149729216,"data":"  File \"\u003cfrozen runpy\u003e\", line 294, in run_path\n"}
,{"stream_name":"stderr","time":2.149732736,"data":"  File \"\u003cfrozen runpy\u003e\", line 98, in _run_module_code\n"}
,{"stream_name":"stderr","time":2.149736136,"data":"  File \"\u003cfrozen runpy\u003e\", line 88, in _run_code\n"}
,{"stream_name":"stderr","time":2.149739816,"data":"  File \"joint_runtime.py\", line 55, in \u003cmodule\u003e\n"}
,{"stream_name":"stderr","time":2.149743006,"data":"    if __name__=='__main__':main()\n"}
,{"stream_name":"stderr","time":2.149746016,"data":"                            ~~~~^^\n"}
,{"stream_name":"stderr","time":2.149749316,"data":"  File \"joint_runtime.py\", line 25, in main\n"}
,{"stream_name":"stderr","time":2.149752526,"data":"    scratch=Path('/kaggle/temp')/p['job_id'];scratch.mkdir(exist_ok=False)\n"}
,{"stream_name":"stderr","time":2.149755926,"data":"                                             ~~~~~~~~~~~~~^^^^^^^^^^^^^^^^\n"}
,{"stream_name":"stderr","time":2.149759056,"data":"  File \"/usr/lib/python3.13/pathlib/_local.py\", line 722, in mkdir\n"}
,{"stream_name":"stderr","time":2.149762576,"data":"    os.mkdir(self, mode)\n"}
,{"stream_name":"stderr","time":2.149765956,"data":"    ~~~~~~~~^^^^^^^^^^^^\n"}
,{"stream_name":"stderr","time":2.149769296,"data":"FileNotFoundError: [Errno 2] No such file or directory: '/kaggle/temp/dt-joint-hipsci-targeted-19-01a11c34-j1p'\n"}
,{"stream_name":"stderr","time":4.48085151,"data":"/usr/local/lib/python3.13/dist-packages/mistune.py:435: SyntaxWarning: invalid escape sequence '\\|'\n"}
,{"stream_name":"stderr","time":4.48088438,"data":"  cells[i][c] = re.sub('\\\\\\\\\\|', '|', cell)\n"}
,{"stream_name":"stderr","time":4.816473182,"data":"/usr/local/lib/python3.13/dist-packages/nbconvert/filters/filter_links.py:36: SyntaxWarning: invalid escape sequence '\\_'\n"}
,{"stream_name":"stderr","time":4.816495602,"data":"  text = re.sub(r'_', '\\_', text) # Escape underscores in display text\n"}
,{"stream_name":"stderr","time":6.300965944,"data":"[NbConvertApp] Converting notebook __script__.ipynb to html\n"}
,{"stream_name":"stderr","time":7.314135987,"data":"[NbConvertApp] Writing 380918 bytes to __results__.html\n"}
]