[{"stream_name":"stderr","time":1040.878622731,"data":"Traceback (most recent call last):\n"}
,{"stream_name":"stderr","time":1040.879432031,"data":"  File \"/kaggle/src/script.py\", line 8, in \u003cmodule\u003e\n"}
,{"stream_name":"stderr","time":1040.879449221,"data":"    runpy.run_path('ntc_campaign_worker.py',run_name=\"__main__\")\n"}
,{"stream_name":"stderr","time":1040.879453671,"data":"    ~~~~~~~~~~~~~~^^^^^^^^^^^^^^^^^^^^^^^^^^^^^^^^^^^^^^^^^^^^^^\n"}
,{"stream_name":"stderr","time":1040.879457241,"data":"  File \"\u003cfrozen runpy\u003e\", line 294, in run_path\n"}
,{"stream_name":"stderr","time":1040.879460691,"data":"  File \"\u003cfrozen runpy\u003e\", line 98, in _run_module_code\n"}
,{"stream_name":"stderr","time":1040.879464161,"data":"  File \"\u003cfrozen runpy\u003e\", line 88, in _run_code\n"}
,{"stream_name":"stderr","time":1040.879467321,"data":"  File \"ntc_campaign_worker.py\", line 52, in \u003cmodule\u003e\n"}
,{"stream_name":"stderr","time":1040.879470691,"data":"    try:main()\n"}
,{"stream_name":"stderr","time":1040.879473781,"data":"        ~~~~^^\n"}
,{"stream_name":"stderr","time":1040.879476841,"data":"  File \"ntc_campaign_worker.py\", line 43, in main\n"}
,{"stream_name":"stderr","time":1040.879480071,"data":"    result=run(plan_path,item['plan_sha256'],path,work/item['rows'],work/'ntc'/plan['part_id'])\n"}
,{"stream_name":"stderr","time":1040.879483601,"data":"  File \"/kaggle/working/run_ntc_extraction.py\", line 58, in run\n"}
,{"stream_name":"stderr","time":1040.879487101,"data":"    selected=reader.selection(plan, locations, rows_path)\n"}
,{"stream_name":"stderr","time":1040.879489981,"data":"  File \"/kaggle/working/ntc_cells.py\", line 144, in selection\n"}
,{"stream_name":"stderr","time":1040.879493161,"data":"    raise ValueError('NTC population differs from pinned bank: ' + record['context_id'])\n"}
,{"stream_name":"stderr","time":1040.879496651,"data":"ValueError: NTC population differs from pinned bank: tian2019_ipsc:a084c82b06acba6d\n"}
,{"stream_name":"stderr","time":1043.425155254,"data":"/usr/local/lib/python3.13/dist-packages/mistune.py:435: SyntaxWarning: invalid escape sequence '\\|'\n"}
,{"stream_name":"stderr","time":1043.425189774,"data":"  cells[i][c] = re.sub('\\\\\\\\\\|', '|', cell)\n"}
,{"stream_name":"stderr","time":1043.741658363,"data":"/usr/local/lib/python3.13/dist-packages/nbconvert/filters/filter_links.py:36: SyntaxWarning: invalid escape sequence '\\_'\n"}
,{"stream_name":"stderr","time":1043.741685333,"data":"  text = re.sub(r'_', '\\_', text) # Escape underscores in display text\n"}
,{"stream_name":"stderr","time":1045.180888484,"data":"[NbConvertApp] Converting notebook __script__.ipynb to html\n"}
,{"stream_name":"stderr","time":1046.163400361,"data":"[NbConvertApp] Writing 407583 bytes to __results__.html\n"}
]