[{"stream_name":"stderr","time":60.353412044,"data":"Traceback (most recent call last):\n"}
,{"stream_name":"stderr","time":60.354039366,"data":"  File \"/kaggle/src/script.py\", line 7, in \u003cmodule\u003e\n"}
,{"stream_name":"stderr","time":60.354065295,"data":"    runpy.run_path(\"prepare_fit.py\",run_name=\"__main__\")\n"}
,{"stream_name":"stderr","time":60.354071696,"data":"    ~~~~~~~~~~~~~~^^^^^^^^^^^^^^^^^^^^^^^^^^^^^^^^^^^^^^\n"}
,{"stream_name":"stderr","time":60.354076476,"data":"  File \"\u003cfrozen runpy\u003e\", line 294, in run_path\n"}
,{"stream_name":"stderr","time":60.354081533,"data":"  File \"\u003cfrozen runpy\u003e\", line 98, in _run_module_code\n"}
,{"stream_name":"stderr","time":60.354086264,"data":"  File \"\u003cfrozen runpy\u003e\", line 88, in _run_code\n"}
,{"stream_name":"stderr","time":60.354091921,"data":"  File \"prepare_fit.py\", line 81, in \u003cmodule\u003e\n"}
,{"stream_name":"stderr","time":60.354096867,"data":"    if __name__=='__main__':main()\n"}
,{"stream_name":"stderr","time":60.354102319,"data":"                            ~~~~^^\n"}
,{"stream_name":"stderr","time":60.354107075,"data":"  File \"prepare_fit.py\", line 44, in main\n"}
,{"stream_name":"stderr","time":60.354112221,"data":"    if not np.isfinite(basal).all() or basal.sum()\u003c=0: raise ValueError('invalid basal '+t)\n"}
,{"stream_name":"stderr","time":60.354117347,"data":"                                                       ^^^^^^^^^^^^^^^^^^^^^^^^^^^^^^^^^^^^\n"}
,{"stream_name":"stderr","time":60.354122396,"data":"ValueError: invalid basal k562_gwps\n"}
,{"stream_name":"stderr","time":63.261531942,"data":"/usr/local/lib/python3.13/dist-packages/mistune.py:435: SyntaxWarning: invalid escape sequence '\\|'\n"}
,{"stream_name":"stderr","time":63.261575496,"data":"  cells[i][c] = re.sub('\\\\\\\\\\|', '|', cell)\n"}
,{"stream_name":"stderr","time":63.675944879,"data":"/usr/local/lib/python3.13/dist-packages/nbconvert/filters/filter_links.py:36: SyntaxWarning: invalid escape sequence '\\_'\n"}
,{"stream_name":"stderr","time":63.675971197,"data":"  text = re.sub(r'_', '\\_', text) # Escape underscores in display text\n"}
,{"stream_name":"stderr","time":65.618001213,"data":"[NbConvertApp] Converting notebook __script__.ipynb to html\n"}
,{"stream_name":"stderr","time":66.90710233,"data":"[NbConvertApp] Writing 288905 bytes to __results__.html\n"}
]