[{"stream_name":"stdout","time":7.897652725,"data":"{\"gpu\": \"Tesla T4\", \"gpu_memory\": 15636037632, \"cuda\": \"12.8\", \"rows\": 39001, \"genes\": 13425, \"parameters\": {\"held\": \"H1\", \"seed\": 20261004, \"steps\": 3000, \"width\": 64, \"rank\": 32, \"lr\": 0.0003, \"residual_bound\": 0.5, \"batch\": 64, \"residual_l2\": 0.01, \"cohort\": \"aggregate-first-cohort\", \"fit_dataset\": \"vcc-hybrid-fit-h1-r1\", \"seeds\": [0, 1, 2]}, \"fit\": {\"complete\": true, \"held\": \"H1\", \"regime\": \"C\", \"rows\": 39001, \"genes\": 13425, \"source_policy\": \"all\", \"cohort\": \"current cube r2 aggregates; CD4 donor-resolved bank being built separately; NOT complete catalogue\", \"truth\": \"legacy pseudobulk log effects; not claimed as mean per-cell proportions\", \"tables_expected\": [\"k562_gwps\", \"k562_essential\", \"k562_viperturb\", \"rpe1\", \"hepg2_nadig\", \"cd4_rest\", \"cd4_stim8hr\", \"cd4_stim48hr\", \"hct116\", \"hek293t\", \"kolf21j\", \"hipsci_eipl_1\", \"hipsci_eipl_3\", \"hipsci_fiaj_1\", \"hipsci_fiaj_3\", \"hipsci_iudw_1\", \"hipsci_iudw_4\", \"hipsci_jejf_2\", \"hipsci_jejf_3\", \"hipsci_kolf_2\", \"hipsci_kolf_3\", \"hipsci_oikd_2\", \"hipsci_oikd_5\", \"hipsci_paab_3\", \"hipsci_paab_4\", \"hipsci_pipw_4\", \"hipsci_pipw_5\", \"hipsci_tolg_4\", \"hipsci_tolg_6\", \"hipsci_zapk_3\", \"jurkat_nadig\", \"tian2021_neuron\"], \"tables_used\": [\"k562_gwps\", \"k562_essential\", \"k562_viperturb\", \"rpe1\", \"hepg2_nadig\", \"cd4_rest\", \"cd4_stim8hr\", \"cd4_stim48hr\", \"hct116\", \"hek293t\", \"kolf21j\", \"hipsci_eipl_1\", \"hipsci_eipl_3\", \"hipsci_fiaj_1\", \"hipsci_fiaj_3\", \"hipsci_iudw_1\", \"hipsci_iudw_4\", \"hipsci_jejf_2\", \"hipsci_jejf_3\", \"hipsci_kolf_2\", \"hipsci_kolf_3\", \"hipsci_oikd_2\", \"hipsci_oikd_5\", \"hipsci_paab_3\", \"hipsci_paab_4\", \"hipsci_pipw_4\", \"hipsci_pipw_5\", \"hipsci_tolg_4\", \"hipsci_tolg_6\", \"hipsci_zapk_3\", \"jurkat_nadig\", \"tian2021_neuron\"], \"groups\": [\"CD4T\", \"HCT116\", \"HEK293T\", \"HepG2\", \"Jurkat\", \"K562\", \"Neuron\", \"RPE1\", \"iPSC\"], \"held_fit_reads\": [], \"unknown_target_descriptors\": 2890, \"seconds\": 375, \"parameters\": {\"held\": \"H1\", \"seed\": 20261004, \"steps\": 3000, \"width\": 64, \"rank\": 32, \"lr\": 0.0003, \"residual_bound\": 0.5, \"batch\": 64, \"residual_l2\": 0.01, \"cohort\": \"aggregate-first-cohort\"}, \"cube_manifest_sha256\": \"c7fb76628b8246b9e00c789582ba3e512a8018e9469c5e8f3344001375fe1099\"}}\n"}
,{"stream_name":"stdout","time":35.231460279,"data":"{\"arm\": \"no_context_s0\", \"step\": 100, \"loss\": 0.12208812683820724, \"seconds\": 28}\n"}
,{"stream_name":"stdout","time":46.279803977,"data":"{\"arm\": \"no_context_s0\", \"step\": 200, \"loss\": 0.08055874705314636, \"seconds\": 39}\n"}
,{"stream_name":"stdout","time":51.861483714,"data":"{\"arm\": \"no_context_s0\", \"step\": 300, \"loss\": 0.08766350150108337, \"seconds\": 44}\n"}
,{"stream_name":"stdout","time":55.090756389,"data":"{\"arm\": \"no_context_s0\", \"step\": 400, \"loss\": 0.09281758964061737, \"seconds\": 48}\n"}
,{"stream_name":"stdout","time":57.060155208,"data":"{\"arm\": \"no_context_s0\", \"step\": 500, \"loss\": 0.08004435896873474, \"seconds\": 50}\n"}
,{"stream_name":"stdout","time":58.563340654,"data":"{\"arm\": \"no_context_s0\", \"step\": 600, \"loss\": 0.11175084114074707, \"seconds\": 51}\n"}
,{"stream_name":"stdout","time":59.906673178,"data":"{\"arm\": \"no_context_s0\", \"step\": 700, \"loss\": 0.07161158323287964, \"seconds\": 53}\n"}
,{"stream_name":"stdout","time":61.249555382,"data":"{\"arm\": \"no_context_s0\", \"step\": 800, \"loss\": 0.0793830007314682, \"seconds\": 54}\n"}
,{"stream_name":"stdout","time":62.621202807,"data":"{\"arm\": \"no_context_s0\", \"step\": 900, \"loss\": 0.07001925259828568, \"seconds\": 55}\n"}
,{"stream_name":"stdout","time":63.978258792,"data":"{\"arm\": \"no_context_s0\", \"step\": 1000, \"loss\": 0.09668093919754028, \"seconds\": 57}\n"}
,{"stream_name":"stdout","time":65.319835742,"data":"{\"arm\": \"no_context_s0\", \"step\": 1100, \"loss\": 0.0747356116771698, \"seconds\": 58}\n"}
,{"stream_name":"stdout","time":66.659843552,"data":"{\"arm\": \"no_context_s0\", \"step\": 1200, \"loss\": 0.11870665848255157, \"seconds\": 59}\n"}
,{"stream_name":"stdout","time":67.993095478,"data":"{\"arm\": \"no_context_s0\", \"step\": 1300, \"loss\": 0.06676527857780457, \"seconds\": 61}\n"}
,{"stream_name":"stdout","time":69.34612514,"data":"{\"arm\": \"no_context_s0\", \"step\": 1400, \"loss\": 0.08448740839958191, \"seconds\": 62}\n"}
,{"stream_name":"stdout","time":70.693980488,"data":"{\"arm\": \"no_context_s0\", \"step\": 1500, \"loss\": 0.11403384059667587, \"seconds\": 63}\n"}
,{"stream_name":"stdout","time":72.042011957,"data":"{\"arm\": \"no_context_s0\", \"step\": 1600, \"loss\": 0.08373783528804779, \"seconds\": 65}\n"}
,{"stream_name":"stdout","time":73.410811487,"data":"{\"arm\": \"no_context_s0\", \"step\": 1700, \"loss\": 0.13017025589942932, \"seconds\": 66}\n"}
,{"stream_name":"stdout","time":74.760102946,"data":"{\"arm\": \"no_context_s0\", \"step\": 1800, \"loss\": 0.08576922118663788, \"seconds\": 67}\n"}
,{"stream_name":"stdout","time":76.100596837,"data":"{\"arm\": \"no_context_s0\", \"step\": 1900, \"loss\": 0.09324902296066284, \"seconds\": 69}\n"}
,{"stream_name":"stdout","time":77.450671829,"data":"{\"arm\": \"no_context_s0\", \"step\": 2000, \"loss\": 0.08720503747463226, \"seconds\": 70}\n"}
,{"stream_name":"stdout","time":78.804442791,"data":"{\"arm\": \"no_context_s0\", \"step\": 2100, \"loss\": 0.0861322209239006, \"seconds\": 71}\n"}
,{"stream_name":"stdout","time":80.151281808,"data":"{\"arm\": \"no_context_s0\", \"step\": 2200, \"loss\": 0.10988736152648926, \"seconds\": 73}\n"}
,{"stream_name":"stdout","time":81.50707005699999,"data":"{\"arm\": \"no_context_s0\", \"step\": 2300, \"loss\": 0.09059068560600281, \"seconds\": 74}\n"}
,{"stream_name":"stdout","time":82.875520669,"data":"{\"arm\": \"no_context_s0\", \"step\": 2400, \"loss\": 0.12202392518520355, \"seconds\": 76}\n"}
,{"stream_name":"stdout","time":84.218847146,"data":"{\"arm\": \"no_context_s0\", \"step\": 2500, \"loss\": 0.062049731612205505, \"seconds\": 77}\n"}
,{"stream_name":"stdout","time":85.553721286,"data":"{\"arm\": \"no_context_s0\", \"step\": 2600, \"loss\": 0.14243507385253906, \"seconds\": 78}\n"}
,{"stream_name":"stdout","time":86.904993809,"data":"{\"arm\": \"no_context_s0\", \"step\": 2700, \"loss\": 0.0831732302904129, \"seconds\": 80}\n"}
,{"stream_name":"stdout","time":88.256466188,"data":"{\"arm\": \"no_context_s0\", \"step\": 2800, \"loss\": 0.060113366693258286, \"seconds\": 81}\n"}
,{"stream_name":"stdout","time":89.614608932,"data":"{\"arm\": \"no_context_s0\", \"step\": 2900, \"loss\": 0.14438432455062866, \"seconds\": 82}\n"}
,{"stream_name":"stdout","time":90.949996259,"data":"{\"arm\": \"no_context_s0\", \"step\": 3000, \"loss\": 0.09836702048778534, \"seconds\": 84}\n"}
,{"stream_name":"stdout","time":92.537416206,"data":"{\"arm\": \"context_s0\", \"step\": 100, \"loss\": 0.11873766779899597, \"seconds\": 85}\n"}
,{"stream_name":"stdout","time":93.950501414,"data":"{\"arm\": \"context_s0\", \"step\": 200, \"loss\": 0.07920337468385696, \"seconds\": 87}\n"}
,{"stream_name":"stdout","time":95.335372034,"data":"{\"arm\": \"context_s0\", \"step\": 300, \"loss\": 0.08698704093694687, \"seconds\": 88}\n"}
,{"stream_name":"stdout","time":96.710835881,"data":"{\"arm\": \"context_s0\", \"step\": 400, \"loss\": 0.0905531793832779, \"seconds\": 89}\n"}
,{"stream_name":"stdout","time":98.088754581,"data":"{\"arm\": \"context_s0\", \"step\": 500, \"loss\": 0.08007539808750153, \"seconds\": 91}\n"}
,{"stream_name":"stdout","time":99.489020514,"data":"{\"arm\": \"context_s0\", \"step\": 600, \"loss\": 0.10484854131937027, \"seconds\": 92}\n"}
,{"stream_name":"stdout","time":100.865438321,"data":"{\"arm\": \"context_s0\", \"step\": 700, \"loss\": 0.07123617082834244, \"seconds\": 94}\n"}
,{"stream_name":"stdout","time":102.279024125,"data":"{\"arm\": \"context_s0\", \"step\": 800, \"loss\": 0.07840073108673096, \"seconds\": 95}\n"}
,{"stream_name":"stdout","time":103.65198431,"data":"{\"arm\": \"context_s0\", \"step\": 900, \"loss\": 0.06911279261112213, \"seconds\": 96}\n"}
,{"stream_name":"stdout","time":105.02267846,"data":"{\"arm\": \"context_s0\", \"step\": 1000, \"loss\": 0.09277206659317017, \"seconds\": 98}\n"}
,{"stream_name":"stdout","time":106.396005871,"data":"{\"arm\": \"context_s0\", \"step\": 1100, \"loss\": 0.07506033033132553, \"seconds\": 99}\n"}
,{"stream_name":"stdout","time":107.771470858,"data":"{\"arm\": \"context_s0\", \"step\": 1200, \"loss\": 0.11037857830524445, \"seconds\": 100}\n"}
,{"stream_name":"stdout","time":109.124129602,"data":"{\"arm\": \"context_s0\", \"step\": 1300, \"loss\": 0.06581304222345352, \"seconds\": 102}\n"}
,{"stream_name":"stdout","time":110.48592848,"data":"{\"arm\": \"context_s0\", \"step\": 1400, \"loss\": 0.08431211113929749, \"seconds\": 103}\n"}
,{"stream_name":"stdout","time":111.847516649,"data":"{\"arm\": \"context_s0\", \"step\": 1500, \"loss\": 0.10903821140527725, \"seconds\": 104}\n"}
,{"stream_name":"stdout","time":113.23667686,"data":"{\"arm\": \"context_s0\", \"step\": 1600, \"loss\": 0.08234041929244995, \"seconds\": 106}\n"}
,{"stream_name":"stdout","time":114.603252069,"data":"{\"arm\": \"context_s0\", \"step\": 1700, \"loss\": 0.1288408488035202, \"seconds\": 107}\n"}
,{"stream_name":"stdout","time":115.962053202,"data":"{\"arm\": \"context_s0\", \"step\": 1800, \"loss\": 0.08444051444530487, \"seconds\": 109}\n"}
,{"stream_name":"stdout","time":117.319554794,"data":"{\"arm\": \"context_s0\", \"step\": 1900, \"loss\": 0.09185665845870972, \"seconds\": 110}\n"}
,{"stream_name":"stdout","time":118.684004205,"data":"{\"arm\": \"context_s0\", \"step\": 2000, \"loss\": 0.08571264892816544, \"seconds\": 111}\n"}
,{"stream_name":"stdout","time":120.044854652,"data":"{\"arm\": \"context_s0\", \"step\": 2100, \"loss\": 0.08669742196798325, \"seconds\": 113}\n"}
,{"stream_name":"stdout","time":121.39514293,"data":"{\"arm\": \"context_s0\", \"step\": 2200, \"loss\": 0.10590687394142151, \"seconds\": 114}\n"}
,{"stream_name":"stdout","time":122.785858534,"data":"{\"arm\": \"context_s0\", \"step\": 2300, \"loss\": 0.0908031165599823, \"seconds\": 115}\n"}
,{"stream_name":"stdout","time":124.142729071,"data":"{\"arm\": \"context_s0\", \"step\": 2400, \"loss\": 0.12060517072677612, \"seconds\": 117}\n"}
,{"stream_name":"stdout","time":125.490823836,"data":"{\"arm\": \"context_s0\", \"step\": 2500, \"loss\": 0.062480684369802475, \"seconds\": 118}\n"}
,{"stream_name":"stdout","time":126.849904077,"data":"{\"arm\": \"context_s0\", \"step\": 2600, \"loss\": 0.14442354440689087, \"seconds\": 119}\n"}
,{"stream_name":"stdout","time":128.2121036,"data":"{\"arm\": \"context_s0\", \"step\": 2700, \"loss\": 0.08268535137176514, \"seconds\": 121}\n"}
,{"stream_name":"stdout","time":129.586003144,"data":"{\"arm\": \"context_s0\", \"step\": 2800, \"loss\": 0.05921474099159241, \"seconds\": 122}\n"}
,{"stream_name":"stdout","time":130.963283698,"data":"{\"arm\": \"context_s0\", \"step\": 2900, \"loss\": 0.14474639296531677, \"seconds\": 124}\n"}
,{"stream_name":"stdout","time":132.366700137,"data":"{\"arm\": \"context_s0\", \"step\": 3000, \"loss\": 0.09614133834838867, \"seconds\": 125}\n"}
,{"stream_name":"stdout","time":133.843183157,"data":"{\"arm\": \"no_context_s1\", \"step\": 100, \"loss\": 0.09848493337631226, \"seconds\": 126}\n"}
,{"stream_name":"stdout","time":135.18838313,"data":"{\"arm\": \"no_context_s1\", \"step\": 200, \"loss\": 0.06609222292900085, \"seconds\": 128}\n"}
,{"stream_name":"stdout","time":136.523160149,"data":"{\"arm\": \"no_context_s1\", \"step\": 300, \"loss\": 0.08238115906715393, \"seconds\": 129}\n"}
,{"stream_name":"stdout","time":137.857750211,"data":"{\"arm\": \"no_context_s1\", \"step\": 400, \"loss\": 0.06993776559829712, \"seconds\": 130}\n"}
,{"stream_name":"stdout","time":139.202597392,"data":"{\"arm\": \"no_context_s1\", \"step\": 500, \"loss\": 0.10673351585865021, \"seconds\": 132}\n"}
,{"stream_name":"stdout","time":140.548646002,"data":"{\"arm\": \"no_context_s1\", \"step\": 600, \"loss\": 0.08400902152061462, \"seconds\": 133}\n"}
,{"stream_name":"stdout","time":141.887823356,"data":"{\"arm\": \"no_context_s1\", \"step\": 700, \"loss\": 0.09143907576799393, \"seconds\": 135}\n"}
,{"stream_name":"stdout","time":143.258968722,"data":"{\"arm\": \"no_context_s1\", \"step\": 800, \"loss\": 0.11662428826093674, \"seconds\": 136}\n"}
,{"stream_name":"stdout","time":144.608399212,"data":"{\"arm\": \"no_context_s1\", \"step\": 900, \"loss\": 0.09281691163778305, \"seconds\": 137}\n"}
,{"stream_name":"stdout","time":145.931780819,"data":"{\"arm\": \"no_context_s1\", \"step\": 1000, \"loss\": 0.12645432353019714, \"seconds\": 139}\n"}
,{"stream_name":"stdout","time":147.260147601,"data":"{\"arm\": \"no_context_s1\", \"step\": 1100, \"loss\": 0.10668349266052246, \"seconds\": 140}\n"}
,{"stream_name":"stdout","time":148.599189458,"data":"{\"arm\": \"no_context_s1\", \"step\": 1200, \"loss\": 0.14339342713356018, \"seconds\": 141}\n"}
,{"stream_name":"stdout","time":149.925554828,"data":"{\"arm\": \"no_context_s1\", \"step\": 1300, \"loss\": 0.16043947637081146, \"seconds\": 143}\n"}
,{"stream_name":"stdout","time":151.247672194,"data":"{\"arm\": \"no_context_s1\", \"step\": 1400, \"loss\": 0.08216668665409088, \"seconds\": 144}\n"}
,{"stream_name":"stdout","time":152.605315409,"data":"{\"arm\": \"no_context_s1\", \"step\": 1500, \"loss\": 0.07686389982700348, \"seconds\": 145}\n"}
,{"stream_name":"stdout","time":153.93155932,"data":"{\"arm\": \"no_context_s1\", \"step\": 1600, \"loss\": 0.13142572343349457, \"seconds\": 147}\n"}
,{"stream_name":"stdout","time":155.284900458,"data":"{\"arm\": \"no_context_s1\", \"step\": 1700, \"loss\": 0.09788012504577637, \"seconds\": 148}\n"}
,{"stream_name":"stdout","time":156.613185314,"data":"{\"arm\": \"no_context_s1\", \"step\": 1800, \"loss\": 0.13668924570083618, \"seconds\": 149}\n"}
,{"stream_name":"stdout","time":157.931285044,"data":"{\"arm\": \"no_context_s1\", \"step\": 1900, \"loss\": 0.09307259321212769, \"seconds\": 151}\n"}
,{"stream_name":"stdout","time":159.24652424,"data":"{\"arm\": \"no_context_s1\", \"step\": 2000, \"loss\": 0.09143829345703125, \"seconds\": 152}\n"}
,{"stream_name":"stdout","time":160.565097676,"data":"{\"arm\": \"no_context_s1\", \"step\": 2100, \"loss\": 0.07337414473295212, \"seconds\": 153}\n"}
,{"stream_name":"stdout","time":161.882246333,"data":"{\"arm\": \"no_context_s1\", \"step\": 2200, \"loss\": 0.12327522039413452, \"seconds\": 155}\n"}
,{"stream_name":"stdout","time":163.24121845,"data":"{\"arm\": \"no_context_s1\", \"step\": 2300, \"loss\": 0.08048910647630692, \"seconds\": 156}\n"}
,{"stream_name":"stdout","time":164.58915986,"data":"{\"arm\": \"no_context_s1\", \"step\": 2400, \"loss\": 0.11530117690563202, \"seconds\": 157}\n"}
,{"stream_name":"stdout","time":165.91871483,"data":"{\"arm\": \"no_context_s1\", \"step\": 2500, \"loss\": 0.12469962984323502, \"seconds\": 159}\n"}
,{"stream_name":"stdout","time":167.248075814,"data":"{\"arm\": \"no_context_s1\", \"step\": 2600, \"loss\": 0.09998159855604172, \"seconds\": 160}\n"}
,{"stream_name":"stdout","time":168.569547318,"data":"{\"arm\": \"no_context_s1\", \"step\": 2700, \"loss\": 0.11902668327093124, \"seconds\": 161}\n"}
,{"stream_name":"stdout","time":169.889897668,"data":"{\"arm\": \"no_context_s1\", \"step\": 2800, \"loss\": 0.10645526647567749, \"seconds\": 163}\n"}
,{"stream_name":"stdout","time":171.211572827,"data":"{\"arm\": \"no_context_s1\", \"step\": 2900, \"loss\": 0.10570742189884186, \"seconds\": 164}\n"}
,{"stream_name":"stdout","time":172.559809069,"data":"{\"arm\": \"no_context_s1\", \"step\": 3000, \"loss\": 0.10398455709218979, \"seconds\": 165}\n"}
,{"stream_name":"stdout","time":174.049449432,"data":"{\"arm\": \"context_s1\", \"step\": 100, \"loss\": 0.09490162879228592, \"seconds\": 167}\n"}
,{"stream_name":"stdout","time":175.410372799,"data":"{\"arm\": \"context_s1\", \"step\": 200, \"loss\": 0.0643036887049675, \"seconds\": 168}\n"}
,{"stream_name":"stdout","time":176.760051818,"data":"{\"arm\": \"context_s1\", \"step\": 300, \"loss\": 0.08189167082309723, \"seconds\": 169}\n"}
,{"stream_name":"stdout","time":178.101186169,"data":"{\"arm\": \"context_s1\", \"step\": 400, \"loss\": 0.07032275199890137, \"seconds\": 171}\n"}
,{"stream_name":"stdout","time":179.447496795,"data":"{\"arm\": \"context_s1\", \"step\": 500, \"loss\": 0.10635821521282196, \"seconds\": 172}\n"}
,{"stream_name":"stdout","time":180.794406837,"data":"{\"arm\": \"context_s1\", \"step\": 600, \"loss\": 0.08139530569314957, \"seconds\": 173}\n"}
,{"stream_name":"stdout","time":182.142786111,"data":"{\"arm\": \"context_s1\", \"step\": 700, \"loss\": 0.09123678505420685, \"seconds\": 175}\n"}
,{"stream_name":"stdout","time":183.50785392,"data":"{\"arm\": \"context_s1\", \"step\": 800, \"loss\": 0.11285245418548584, \"seconds\": 176}\n"}
,{"stream_name":"stdout","time":184.854171258,"data":"{\"arm\": \"context_s1\", \"step\": 900, \"loss\": 0.09084375947713852, \"seconds\": 177}\n"}
,{"stream_name":"stdout","time":186.194321817,"data":"{\"arm\": \"context_s1\", \"step\": 1000, \"loss\": 0.12517528235912323, \"seconds\": 179}\n"}
,{"stream_name":"stdout","time":187.538657086,"data":"{\"arm\": \"context_s1\", \"step\": 1100, \"loss\": 0.10096076130867004, \"seconds\": 180}\n"}
,{"stream_name":"stdout","time":188.897518766,"data":"{\"arm\": \"context_s1\", \"step\": 1200, \"loss\": 0.142406165599823, \"seconds\": 182}\n"}
,{"stream_name":"stdout","time":190.251668057,"data":"{\"arm\": \"context_s1\", \"step\": 1300, \"loss\": 0.16014130413532257, \"seconds\": 183}\n"}
,{"stream_name":"stdout","time":191.610492527,"data":"{\"arm\": \"context_s1\", \"step\": 1400, \"loss\": 0.07926994562149048, \"seconds\": 184}\n"}
,{"stream_name":"stdout","time":192.988134134,"data":"{\"arm\": \"context_s1\", \"step\": 1500, \"loss\": 0.07600271701812744, \"seconds\": 186}\n"}
,{"stream_name":"stdout","time":194.336908234,"data":"{\"arm\": \"context_s1\", \"step\": 1600, \"loss\": 0.13003870844841003, \"seconds\": 187}\n"}
,{"stream_name":"stdout","time":195.701375161,"data":"{\"arm\": \"context_s1\", \"step\": 1700, \"loss\": 0.09603804349899292, \"seconds\": 188}\n"}
,{"stream_name":"stdout","time":197.054085855,"data":"{\"arm\": \"context_s1\", \"step\": 1800, \"loss\": 0.13059550523757935, \"seconds\": 190}\n"}
,{"stream_name":"stdout","time":198.407957898,"data":"{\"arm\": \"context_s1\", \"step\": 1900, \"loss\": 0.09283946454524994, \"seconds\": 191}\n"}
,{"stream_name":"stdout","time":199.752524718,"data":"{\"arm\": \"context_s1\", \"step\": 2000, \"loss\": 0.0904335305094719, \"seconds\": 192}\n"}
,{"stream_name":"stdout","time":201.114227288,"data":"{\"arm\": \"context_s1\", \"step\": 2100, \"loss\": 0.0737248882651329, \"seconds\": 194}\n"}
,{"stream_name":"stdout","time":202.487688114,"data":"{\"arm\": \"context_s1\", \"step\": 2200, \"loss\": 0.12252143770456314, \"seconds\": 195}\n"}
,{"stream_name":"stdout","time":203.838735962,"data":"{\"arm\": \"context_s1\", \"step\": 2300, \"loss\": 0.07970451563596725, \"seconds\": 196}\n"}
,{"stream_name":"stdout","time":205.191845456,"data":"{\"arm\": \"context_s1\", \"step\": 2400, \"loss\": 0.11427070945501328, \"seconds\": 198}\n"}
,{"stream_name":"stdout","time":206.538837996,"data":"{\"arm\": \"context_s1\", \"step\": 2500, \"loss\": 0.12485424429178238, \"seconds\": 199}\n"}
,{"stream_name":"stdout","time":207.896176904,"data":"{\"arm\": \"context_s1\", \"step\": 2600, \"loss\": 0.0990009754896164, \"seconds\": 201}\n"}
,{"stream_name":"stdout","time":209.249401888,"data":"{\"arm\": \"context_s1\", \"step\": 2700, \"loss\": 0.11787468194961548, \"seconds\": 202}\n"}
,{"stream_name":"stdout","time":210.62216754600001,"data":"{\"arm\": \"context_s1\", \"step\": 2800, \"loss\": 0.10566317290067673, \"seconds\": 203}\n"}
,{"stream_name":"stdout","time":211.979257663,"data":"{\"arm\": \"context_s1\", \"step\": 2900, \"loss\": 0.10509390383958817, \"seconds\": 205}\n"}
,{"stream_name":"stdout","time":213.350143736,"data":"{\"arm\": \"context_s1\", \"step\": 3000, \"loss\": 0.10366811603307724, \"seconds\": 206}\n"}
,{"stream_name":"stdout","time":214.805012736,"data":"{\"arm\": \"no_context_s2\", \"step\": 100, \"loss\": 0.068853460252285, \"seconds\": 207}\n"}
,{"stream_name":"stdout","time":216.13653889,"data":"{\"arm\": \"no_context_s2\", \"step\": 200, \"loss\": 0.09680858999490738, \"seconds\": 209}\n"}
,{"stream_name":"stdout","time":217.467282894,"data":"{\"arm\": \"no_context_s2\", \"step\": 300, \"loss\": 0.09798114001750946, \"seconds\": 210}\n"}
,{"stream_name":"stdout","time":218.794676323,"data":"{\"arm\": \"no_context_s2\", \"step\": 400, \"loss\": 0.06519097089767456, \"seconds\": 211}\n"}
,{"stream_name":"stdout","time":220.133888171,"data":"{\"arm\": \"no_context_s2\", \"step\": 500, \"loss\": 0.12151677161455154, \"seconds\": 213}\n"}
,{"stream_name":"stdout","time":221.469615215,"data":"{\"arm\": \"no_context_s2\", \"step\": 600, \"loss\": 0.11035139858722687, \"seconds\": 214}\n"}
,{"stream_name":"stdout","time":222.838984535,"data":"{\"arm\": \"no_context_s2\", \"step\": 700, \"loss\": 0.10044878721237183, \"seconds\": 215}\n"}
,{"stream_name":"stdout","time":224.174623946,"data":"{\"arm\": \"no_context_s2\", \"step\": 800, \"loss\": 0.13548225164413452, \"seconds\": 217}\n"}
,{"stream_name":"stdout","time":225.505730992,"data":"{\"arm\": \"no_context_s2\", \"step\": 900, \"loss\": 0.07426410913467407, \"seconds\": 218}\n"}
,{"stream_name":"stdout","time":226.85903664,"data":"{\"arm\": \"no_context_s2\", \"step\": 1000, \"loss\": 0.17822714149951935, \"seconds\": 219}\n"}
,{"stream_name":"stdout","time":228.22214983,"data":"{\"arm\": \"no_context_s2\", \"step\": 1100, \"loss\": 0.09311465919017792, \"seconds\": 221}\n"}
,{"stream_name":"stdout","time":229.619505775,"data":"{\"arm\": \"no_context_s2\", \"step\": 1200, \"loss\": 0.09960544109344482, \"seconds\": 222}\n"}
,{"stream_name":"stdout","time":230.968873889,"data":"{\"arm\": \"no_context_s2\", \"step\": 1300, \"loss\": 0.07514617592096329, \"seconds\": 224}\n"}
,{"stream_name":"stdout","time":232.339936706,"data":"{\"arm\": \"no_context_s2\", \"step\": 1400, \"loss\": 0.08424468338489532, \"seconds\": 225}\n"}
,{"stream_name":"stdout","time":233.697265471,"data":"{\"arm\": \"no_context_s2\", \"step\": 1500, \"loss\": 0.07408929616212845, \"seconds\": 226}\n"}
,{"stream_name":"stdout","time":235.052912215,"data":"{\"arm\": \"no_context_s2\", \"step\": 1600, \"loss\": 0.0927257090806961, \"seconds\": 228}\n"}
,{"stream_name":"stdout","time":236.411002104,"data":"{\"arm\": \"no_context_s2\", \"step\": 1700, \"loss\": 0.08334935456514359, \"seconds\": 229}\n"}
,{"stream_name":"stdout","time":237.743329226,"data":"{\"arm\": \"no_context_s2\", \"step\": 1800, \"loss\": 0.06807351857423782, \"seconds\": 230}\n"}
,{"stream_name":"stdout","time":239.072363063,"data":"{\"arm\": \"no_context_s2\", \"step\": 1900, \"loss\": 0.07300832867622375, \"seconds\": 232}\n"}
,{"stream_name":"stdout","time":240.404852196,"data":"{\"arm\": \"no_context_s2\", \"step\": 2000, \"loss\": 0.06320257484912872, \"seconds\": 233}\n"}
,{"stream_name":"stdout","time":241.72553475,"data":"{\"arm\": \"no_context_s2\", \"step\": 2100, \"loss\": 0.08720532804727554, \"seconds\": 234}\n"}
,{"stream_name":"stdout","time":243.081854887,"data":"{\"arm\": \"no_context_s2\", \"step\": 2200, \"loss\": 0.1448993682861328, \"seconds\": 236}\n"}
,{"stream_name":"stdout","time":244.410500081,"data":"{\"arm\": \"no_context_s2\", \"step\": 2300, \"loss\": 0.06638266891241074, \"seconds\": 237}\n"}
,{"stream_name":"stdout","time":245.734742919,"data":"{\"arm\": \"no_context_s2\", \"step\": 2400, \"loss\": 0.13214810192584991, \"seconds\": 238}\n"}
,{"stream_name":"stdout","time":247.076182383,"data":"{\"arm\": \"no_context_s2\", \"step\": 2500, \"loss\": 0.09278114140033722, \"seconds\": 240}\n"}
,{"stream_name":"stdout","time":248.401735818,"data":"{\"arm\": \"no_context_s2\", \"step\": 2600, \"loss\": 0.051222555339336395, \"seconds\": 241}\n"}
,{"stream_name":"stdout","time":249.743281157,"data":"{\"arm\": \"no_context_s2\", \"step\": 2700, \"loss\": 0.09171449393033981, \"seconds\": 242}\n"}
,{"stream_name":"stdout","time":251.07551908,"data":"{\"arm\": \"no_context_s2\", \"step\": 2800, \"loss\": 0.13481977581977844, \"seconds\": 244}\n"}
,{"stream_name":"stdout","time":252.438352491,"data":"{\"arm\": \"no_context_s2\", \"step\": 2900, \"loss\": 0.07190588116645813, \"seconds\": 245}\n"}
,{"stream_name":"stdout","time":253.773999241,"data":"{\"arm\": \"no_context_s2\", \"step\": 3000, \"loss\": 0.08107563853263855, \"seconds\": 246}\n"}
,{"stream_name":"stdout","time":255.280281955,"data":"{\"arm\": \"context_s2\", \"step\": 100, \"loss\": 0.06842775642871857, \"seconds\": 248}\n"}
,{"stream_name":"stdout","time":256.649413384,"data":"{\"arm\": \"context_s2\", \"step\": 200, \"loss\": 0.09611272811889648, \"seconds\": 249}\n"}
,{"stream_name":"stdout","time":258.017902013,"data":"{\"arm\": \"context_s2\", \"step\": 300, \"loss\": 0.09710133820772171, \"seconds\": 251}\n"}
,{"stream_name":"stdout","time":259.37709389,"data":"{\"arm\": \"context_s2\", \"step\": 400, \"loss\": 0.06491541862487793, \"seconds\": 252}\n"}
,{"stream_name":"stdout","time":260.746816981,"data":"{\"arm\": \"context_s2\", \"step\": 500, \"loss\": 0.12066721171140671, \"seconds\": 253}\n"}
,{"stream_name":"stdout","time":262.119360766,"data":"{\"arm\": \"context_s2\", \"step\": 600, \"loss\": 0.10757486522197723, \"seconds\": 255}\n"}
,{"stream_name":"stdout","time":263.497803868,"data":"{\"arm\": \"context_s2\", \"step\": 700, \"loss\": 0.09793238341808319, \"seconds\": 256}\n"}
,{"stream_name":"stdout","time":264.872122623,"data":"{\"arm\": \"context_s2\", \"step\": 800, \"loss\": 0.1339067965745926, \"seconds\": 258}\n"}
,{"stream_name":"stdout","time":266.227342382,"data":"{\"arm\": \"context_s2\", \"step\": 900, \"loss\": 0.07397209107875824, \"seconds\": 259}\n"}
,{"stream_name":"stdout","time":267.588687894,"data":"{\"arm\": \"context_s2\", \"step\": 1000, \"loss\": 0.16932830214500427, \"seconds\": 260}\n"}
,{"stream_name":"stdout","time":268.951529246,"data":"{\"arm\": \"context_s2\", \"step\": 1100, \"loss\": 0.09242923557758331, \"seconds\": 262}\n"}
,{"stream_name":"stdout","time":270.312251935,"data":"{\"arm\": \"context_s2\", \"step\": 1200, \"loss\": 0.09761255234479904, \"seconds\": 263}\n"}
,{"stream_name":"stdout","time":271.661460673,"data":"{\"arm\": \"context_s2\", \"step\": 1300, \"loss\": 0.07543590664863586, \"seconds\": 264}\n"}
,{"stream_name":"stdout","time":273.047373761,"data":"{\"arm\": \"context_s2\", \"step\": 1400, \"loss\": 0.08473126590251923, \"seconds\": 266}\n"}
,{"stream_name":"stdout","time":274.400285877,"data":"{\"arm\": \"context_s2\", \"step\": 1500, \"loss\": 0.07272374629974365, \"seconds\": 267}\n"}
,{"stream_name":"stdout","time":275.749470338,"data":"{\"arm\": \"context_s2\", \"step\": 1600, \"loss\": 0.09187552332878113, \"seconds\": 268}\n"}
,{"stream_name":"stdout","time":277.091342359,"data":"{\"arm\": \"context_s2\", \"step\": 1700, \"loss\": 0.0847129300236702, \"seconds\": 270}\n"}
,{"stream_name":"stdout","time":278.435492014,"data":"{\"arm\": \"context_s2\", \"step\": 1800, \"loss\": 0.06738506257534027, \"seconds\": 271}\n"}
,{"stream_name":"stdout","time":279.784674222,"data":"{\"arm\": \"context_s2\", \"step\": 1900, \"loss\": 0.07208411395549774, \"seconds\": 272}\n"}
,{"stream_name":"stdout","time":281.12800096,"data":"{\"arm\": \"context_s2\", \"step\": 2000, \"loss\": 0.06276094913482666, \"seconds\": 274}\n"}
,{"stream_name":"stdout","time":282.501715023,"data":"{\"arm\": \"context_s2\", \"step\": 2100, \"loss\": 0.08743444085121155, \"seconds\": 275}\n"}
,{"stream_name":"stdout","time":283.85095292,"data":"{\"arm\": \"context_s2\", \"step\": 2200, \"loss\": 0.1418798863887787, \"seconds\": 276}\n"}
,{"stream_name":"stdout","time":285.201972192,"data":"{\"arm\": \"context_s2\", \"step\": 2300, \"loss\": 0.06550785154104233, \"seconds\": 278}\n"}
,{"stream_name":"stdout","time":286.55230336,"data":"{\"arm\": \"context_s2\", \"step\": 2400, \"loss\": 0.13226960599422455, \"seconds\": 279}\n"}
,{"stream_name":"stdout","time":287.894045807,"data":"{\"arm\": \"context_s2\", \"step\": 2500, \"loss\": 0.09486473351716995, \"seconds\": 281}\n"}
,{"stream_name":"stdout","time":289.239218466,"data":"{\"arm\": \"context_s2\", \"step\": 2600, \"loss\": 0.05099871754646301, \"seconds\": 282}\n"}
,{"stream_name":"stdout","time":290.592948389,"data":"{\"arm\": \"context_s2\", \"step\": 2700, \"loss\": 0.0912405252456665, \"seconds\": 283}\n"}
,{"stream_name":"stdout","time":291.947202344,"data":"{\"arm\": \"context_s2\", \"step\": 2800, \"loss\": 0.13634978234767914, \"seconds\": 285}\n"}
,{"stream_name":"stdout","time":293.332759237,"data":"{\"arm\": \"context_s2\", \"step\": 2900, \"loss\": 0.07142219692468643, \"seconds\": 286}\n"}
,{"stream_name":"stdout","time":294.697992457,"data":"{\"arm\": \"context_s2\", \"step\": 3000, \"loss\": 0.08001434803009033, \"seconds\": 287}\n"}
,{"stream_name":"stderr","time":299.324850965,"data":"/usr/local/lib/python3.13/dist-packages/mistune.py:435: SyntaxWarning: invalid escape sequence '\\|'\n"}
,{"stream_name":"stderr","time":299.324879662,"data":"  cells[i][c] = re.sub('\\\\\\\\\\|', '|', cell)\n"}
,{"stream_name":"stderr","time":299.555152091,"data":"/usr/local/lib/python3.13/dist-packages/nbconvert/filters/filter_links.py:36: SyntaxWarning: invalid escape sequence '\\_'\n"}
,{"stream_name":"stderr","time":299.555177292,"data":"  text = re.sub(r'_', '\\_', text) # Escape underscores in display text\n"}
,{"stream_name":"stderr","time":300.301459575,"data":"[NbConvertApp] Converting notebook __script__.ipynb to html\n"}
,{"stream_name":"stderr","time":301.163118431,"data":"[NbConvertApp] Writing 288649 bytes to __results__.html\n"}
]