{
  "raw": {
    "shape": [
      145473,
      9624
    ],
    "all_read_values_integral": true,
    "controls": 4976,
    "axis": "9624 source-native genes, no official score; no new QC or alias reconciliation"
  },
  "strata": {
    "C": {
      "targets": 400,
      "median_cells": 103.5,
      "median_split_half_trans_cosine": 0.3726535363261021,
      "mean_split_half_trans_cosine": 0.3872484250527677,
      "cis_in_top200_fraction": 0.8425,
      "median_cis_top200_energy": 0.02126251959900312,
      "median_depth_relative": 0.9656790018959138
    },
    "J": {
      "targets": 226,
      "median_cells": 50.5,
      "median_split_half_trans_cosine": 0.14848875258128647,
      "mean_split_half_trans_cosine": 0.24544674452521323,
      "cis_in_top200_fraction": 0.7256637168141593,
      "median_cis_top200_energy": 0.011301432607266319,
      "median_depth_relative": 0.9705592024755881
    }
  },
  "split_change": {
    "r5_hidden": 1100,
    "r7_hidden": 1142,
    "intersection": 128,
    "jaccard": 0.06054872280037843,
    "r5_hidden_now_not_hidden": 972,
    "r7_hidden_previously_not_hidden": 1014,
    "r2_C_now_explicitly_hidden": 35,
    "r2_J_previously_explicitly_hidden_now_not": 206
  },
  "median_raw_cells_evaluated": 92.0,
  "median_raw_cells_not_evaluated": 39.0
}
