{
  "controls": {
    "scope": "reconstruction from raw metadata and r5 shard order; no QC-rejected HepG2 controls",
    "controls_by_shard": [
      688,
      693,
      695,
      656,
      646,
      707,
      720,
      171
    ],
    "pool_size": 2048,
    "ctrl_k": 64,
    "libraries_native": 56,
    "libraries_with_64_native": 52,
    "libraries_with_64_in_pool": 0,
    "fraction_perturbed_cells_with_native_library_64": 0.976106251379033,
    "fraction_perturbed_cells_with_pool_library_64": 0.0
  },
  "complementarity": {
    "target_oracle_best_cosine": 0.4286193397531916,
    "transfer_cosine": 0.38995094499933997,
    "model_cosine": 0.2656450156873333,
    "oracle_gain": 0.038668394753851615,
    "caveat": "uses test truth; unattainable selector benchmark, not an ensemble result or VCC score",
    "largest_model_wins": [
      {
        "target": "BOP1",
        "delta": 0.4469896110998003
      },
      {
        "target": "MED4",
        "delta": 0.4118085734653659
      },
      {
        "target": "NCL",
        "delta": 0.36315990527480446
      },
      {
        "target": "DDX54",
        "delta": 0.3139299495327328
      },
      {
        "target": "WDR1",
        "delta": 0.3095472161920959
      },
      {
        "target": "MCM6",
        "delta": 0.3072570433929359
      },
      {
        "target": "WDR74",
        "delta": 0.2776897174548635
      },
      {
        "target": "POLR2I",
        "delta": 0.2692030371813702
      },
      {
        "target": "MRPL35",
        "delta": 0.25375718382075624
      },
      {
        "target": "POLR2D",
        "delta": 0.2536898737559249
      },
      {
        "target": "TSR1",
        "delta": 0.2533760219973515
      },
      {
        "target": "PES1",
        "delta": 0.2497917078805426
      }
    ]
  }
}
