{
 "scope": "real HepG2 controls, no QC; libraries = obs/batch; same raw file as the audit (sha256 below)",
 "controls": 4976,
 "libraries": 56,
 "pool_size_asked": 2048,
 "pool_size_used": 3426,
 "pool_rows": 3426,
 "ctrl_k": 64,
 "min_per_library": 64,
 "libraries_with_ctrl_k_native": 52,
 "libraries_with_ctrl_k_in_pool": {
  "old_reservoir": 0,
  "corrected": 52
 },
 "fraction_perturbed_cells_whose_library_has_ctrl_k_in_pool": {
  "old_reservoir": 0.0,
  "corrected": 0.976106251379033,
  "upper_bound_native": 0.976106251379033
 },
 "libraries_below_ctrl_k_native": {
  "21": 5,
  "36": 7,
  "51": 63,
  "56": 23
 },
 "same_pool_whatever_the_order": {
  "file": true,
  "reverse": true,
  "shards_shuffled": true
 }
}
