[{"stream_name":"stdout","time":4.425662287,"data":"{\"cpus\": 4, \"ram_available\": 32633638912, \"disk_free\": 20940021760, \"provider\": \"kaggle\"}\n"}
,{"stream_name":"stderr","time":100.61260269,"data":"Traceback (most recent call last):\n"}
,{"stream_name":"stderr","time":100.613721052,"data":"  File \"/kaggle/src/script.py\", line 7, in \u003cmodule\u003e\n"}
,{"stream_name":"stderr","time":100.613771419,"data":"    runpy.run_path(\"archive_runtime.py\",run_name=\"__main__\")\n"}
,{"stream_name":"stderr","time":100.613778734,"data":"    ~~~~~~~~~~~~~~^^^^^^^^^^^^^^^^^^^^^^^^^^^^^^^^^^^^^^^^^^\n"}
,{"stream_name":"stderr","time":100.613783373,"data":"  File \"\u003cfrozen runpy\u003e\", line 294, in run_path\n"}
,{"stream_name":"stderr","time":100.613788433,"data":"  File \"\u003cfrozen runpy\u003e\", line 98, in _run_module_code\n"}
,{"stream_name":"stderr","time":100.613794625,"data":"  File \"\u003cfrozen runpy\u003e\", line 88, in _run_code\n"}
,{"stream_name":"stderr","time":100.613814397,"data":"  File \"archive_runtime.py\", line 40, in \u003cmodule\u003e\n"}
,{"stream_name":"stderr","time":100.613820445,"data":"    if __name__=='__main__':main()\n"}
,{"stream_name":"stderr","time":100.613824838,"data":"                            ~~~~^^\n"}
,{"stream_name":"stderr","time":100.613829874,"data":"  File \"archive_runtime.py\", line 29, in main\n"}
,{"stream_name":"stderr","time":100.613834476,"data":"    run_unit(spec,root,bank);gc.collect()\n"}
,{"stream_name":"stderr","time":100.61383935,"data":"    ~~~~~~~~^^^^^^^^^^^^^^^^\n"}
,{"stream_name":"stderr","time":100.613843603,"data":"  File \"/kaggle/working/bank.py\", line 90, in run_unit\n"}
,{"stream_name":"stderr","time":100.613847972,"data":"    if shutil.disk_usage(out).free \u003c N*G*21 + (2 \u003c\u003c 30): raise OSError('insufficient output capacity')\n"}
,{"stream_name":"stderr","time":100.613852869,"data":"                                                         ^^^^^^^^^^^^^^^^^^^^^^^^^^^^^^^^^^^^^^^^^^^^^\n"}
,{"stream_name":"stderr","time":100.613857197,"data":"OSError: insufficient output capacity\n"}
,{"stream_name":"stderr","time":104.485517022,"data":"/usr/local/lib/python3.13/dist-packages/mistune.py:435: SyntaxWarning: invalid escape sequence '\\|'\n"}
,{"stream_name":"stderr","time":104.48557601,"data":"  cells[i][c] = re.sub('\\\\\\\\\\|', '|', cell)\n"}
,{"stream_name":"stderr","time":105.04814081,"data":"/usr/local/lib/python3.13/dist-packages/nbconvert/filters/filter_links.py:36: SyntaxWarning: invalid escape sequence '\\_'\n"}
,{"stream_name":"stderr","time":105.048184163,"data":"  text = re.sub(r'_', '\\_', text) # Escape underscores in display text\n"}
,{"stream_name":"stderr","time":107.399792704,"data":"[NbConvertApp] Converting notebook __script__.ipynb to html\n"}
,{"stream_name":"stderr","time":109.062316755,"data":"[NbConvertApp] Writing 392124 bytes to __results__.html\n"}
]