trial          : trial-ext-profile (external_effects)
shape          : 300 perturbations x 400 cells x 3 contexts = 360,000 cells
pilot          : False
disk free      : 27.65 GiB (estimated need 4.19 GiB)
seed           : 20260912

  basal A: 18,400 cells, median UMI 20,109, median detected genes 6,147
  basal B: 18,400 cells, median UMI 19,946, median detected genes 5,756
  basal C: 18,400 cells, median UMI 20,034, median detected genes 6,006
effects A      : C:\Users\ferra\vcc2026-data\processed\effects_t29_2026-10-01\effects_A.npz (18,527 genes observed)
effects B      : C:\Users\ferra\vcc2026-data\processed\effects_t29_2026-10-01\effects_B.npz (18,527 genes observed)
effects C      : C:\Users\ferra\vcc2026-data\processed\effects_t29_2026-10-01\effects_C.npz (18,527 genes observed)
    A 1/300 (3s)
    A 26/300 (78s)
    A 51/300 (154s)
    A 76/300 (240s)
    A 101/300 (325s)
    A 126/300 (424s)
    A 151/300 (516s)
    A 176/300 (602s)
    A 201/300 (680s)
    A 226/300 (767s)
    A 251/300 (852s)
    A 276/300 (929s)
    B 1/300 (979s)
    B 26/300 (1035s)
    B 51/300 (1095s)
    B 76/300 (1155s)
    B 101/300 (1224s)
    B 126/300 (1284s)
    B 151/300 (1342s)
    B 176/300 (1409s)
    B 201/300 (1475s)
    B 226/300 (1553s)
    B 251/300 (1628s)
    B 276/300 (1694s)
    C 1/300 (1759s)
    C 26/300 (1821s)
    C 51/300 (1885s)
    C 76/300 (1967s)
    C 101/300 (2039s)
    C 126/300 (2103s)
    C 151/300 (2165s)
    C 176/300 (2233s)
    C 201/300 (2293s)
    C 226/300 (2361s)
    C 251/300 (2422s)
    C 276/300 (2482s)

wrote prediction.h5ad: 360,000 cells, 2,168,719,567 stored values, 4065.0 MB
  stored per cell     : 6,024 (budget 13,194)
  context provenance  : OK
  runtime             : basal 43s, generation 2536s, total 2584s
  peak RSS            : 0.48 GiB
-> C:\Users\ferra\vcc2026-data\artifacts\t29gen\prediction.h5ad
-> C:\Users\ferra\vcc2026-data\artifacts\t29gen\generation_diagnostics.json
