job start 2026-09-17T20:00:42Z host=640f066649c0 cpus=2 code=/content/code_1789675242_72286 ﻿2026-09-17T21:59:37+02:00 head=1479d75 dirty_files=38
               total        used        free      shared  buff/cache   available
Mem:              12           1           5           0           6          11
overlay         108G   52G   56G  49% /
20:00:42 local copy ready
total 1443632
drwxr-xr-x 2 root root       4096 Sep 17 18:40 .
drwxr-xr-x 8 root root       4096 Sep 17 18:41 ..
-rw------- 1 root root     712985 Sep 17 18:40 groups.csv
-rw------- 1 root root 1476596260 Sep 17 18:40 group_stats.npz
-rw-r--r-- 1 root root          0 Sep 17 18:40 READY
-rw------- 1 root root       3461 Sep 17 18:40 report.json
-rw------- 1 root root     944986 Sep 17 18:40 var.csv
[20:00:56] transfer covers 269/300 targets; cis bins 0:-0.332 1000:-0.231 2000:-0.109 5000:-0.087 10000:-0.036
[20:01:27]   fit: 18400 cells, 3000 HVG, PCA var 0.225, state=kde
[20:01:53]   dispersion: 11831 genes zero-matched, median phi (mean>0.05) 0.12967124979365818
[20:01:55]   A 1/300 nnz/cell 5915 (59s)
[20:03:49]   A 51/300 nnz/cell 5982 (173s)
[20:05:41]   A 101/300 nnz/cell 5833 (285s)
[20:07:36]   A 151/300 nnz/cell 5958 (400s)
[20:09:36]   A 201/300 nnz/cell 5959 (519s)
[20:11:28]   A 251/300 nnz/cell 5955 (632s)
[20:13:15] A: done in 739s, nnz/cell 5936 (controls 5973)
[20:13:40]   fit: 18400 cells, 3000 HVG, PCA var 0.251, state=kde
[20:14:06]   dispersion: 11897 genes zero-matched, median phi (mean>0.05) 0.04835432363564958
[20:14:08]   B 1/300 nnz/cell 5619 (53s)
[20:15:46]   B 51/300 nnz/cell 5569 (151s)
[20:17:23]   B 101/300 nnz/cell 5569 (248s)
[20:19:11]   B 151/300 nnz/cell 5413 (356s)
[20:20:49]   B 201/300 nnz/cell 5538 (454s)
[20:22:27]   B 251/300 nnz/cell 5617 (552s)
[20:24:03] B: done in 648s, nnz/cell 5544 (controls 5519)
[20:24:28]   fit: 18400 cells, 3000 HVG, PCA var 0.310, state=kde
[20:24:54]   dispersion: 12260 genes zero-matched, median phi (mean>0.05) 0.03793930254371829
[20:24:55]   C 1/300 nnz/cell 5867 (52s)
[20:26:38]   C 51/300 nnz/cell 5932 (155s)
[20:28:23]   C 101/300 nnz/cell 5886 (260s)
[20:30:15]   C 151/300 nnz/cell 5792 (372s)
[20:31:58]   C 201/300 nnz/cell 5863 (475s)
[20:33:41]   C 251/300 nnz/cell 6004 (578s)
[20:35:25] C: done in 682s, nnz/cell 5904 (controls 5881)
[20:35:26] wrote /content/work/t04/gen/prediction.h5ad (360000 cells, 2085942214 values) in 2077s
20:35:27 generation done, packaging
input      : /content/work/t04/gen/prediction.h5ad
hashing input (streamed) ...
  sha256   : 14e92b9e35a2d5bdee992124b7c5dc0ee66def5c6bb16e2eef479f04c43a0daa  (31s)
layout     : 360,000 x 18,533, 2,085,942,214 stored entries
             data float32/gzip, indices int32, indptr int32
resources  : RAM 12.67 GiB total, 11.50 GiB available; disk 51.98 GiB free
             official vcc prep would peak at ~22.2 GiB; this stage streams instead
             estimated transient disk 9.04 GiB

validating and packaging (streamed) ...
  PASS  var_names_unique
  PASS  gene_order_matches_list
  PASS  gene_dim_matches_expected
  PASS  has_cells
  PASS  cell_dim_within_cap
  PASS  pert_column_present
  PASS  no_control_rows
  PASS  contexts_complete
  PASS  targets_match_official_list
  PASS  density_within_cap
  PASS  column_indices_in_range
  PASS  counts_finite
  PASS  counts_non_negative
  PASS  counts_are_whole_numbers
  PASS  max_counts_per_cell_within_cap
  PASS  no_all_zero_perturbation
  PASS  csr:indptr_length_is_n_obs_plus_1
  PASS  csr:indptr_starts_at_zero
  PASS  csr:indptr_non_negative
  PASS  csr:indptr_monotonic
  PASS  csr:indptr_end_matches_data_length
  PASS  csr:data_and_indices_same_length
  PASS  csr:nnz_representable_in_indptr_dtype
  PASS  csr:n_vars_representable_in_indices_dtype

wrote prediction.vcc: 3.88 GiB (907s total)
  meta       : {"schema": 1, "nnz": 2085942214, "n_obs": 360000, "n_vars": 18533, "cli_version": "0.2.0"}
  peak RSS   : 0.69 GiB
  peak disk  : 7.81 GiB

verifying the archive ...
  PASS  official container validator (vccfile.validate_vcc)
  meta read back: {"cli_version": "0.2.0", "n_obs": 360000, "n_vars": 18533, "nnz": 2085942214, "schema": 1}
  PASS  payload X arrays are bit-identical to the input; gene axis and labels match (262s)
        obs index rewritten by prep's rule: True
  archive sha256: 8e810e3c131d955827406db838bc6328132e5b0579d32659a35343c875aeed82

total 1229s, peak RSS 0.69 GiB
-> /content/work/t04/pack/packaging.json
8e810e3c131d955827406db838bc6328132e5b0579d32659a35343c875aeed82  /content/drive/MyDrive/vcc2026/runs/trials_2026-09-17/t04/prediction.vcc
job end 2026-09-17T20:57:26Z
