{"t": 42.0, "utc": "2026-10-02T15:39:11.345718+00:00", "msg": "indexed 183 shards, 2609698 cells in 42s"}
{"t": 88.9, "utc": "2026-10-02T15:39:58.190528+00:00", "msg": "first read", "shard": "hepg2_nadig__shard_00000.h5ad", "study": "hepg2_nadig", "cells": 20000}
{"t": 88.9, "utc": "2026-10-02T15:39:58.230493+00:00", "msg": "first read", "shard": "hepg2_nadig__shard_00001.h5ad", "study": "hepg2_nadig", "cells": 20000}
{"t": 88.9, "utc": "2026-10-02T15:39:58.234846+00:00", "msg": "first read", "shard": "hepg2_nadig__shard_00002.h5ad", "study": "hepg2_nadig", "cells": 20000}
{"t": 89.4, "utc": "2026-10-02T15:39:58.770026+00:00", "msg": "first read", "shard": "hepg2_nadig__shard_00003.h5ad", "study": "hepg2_nadig", "cells": 20000}
{"t": 120.3, "utc": "2026-10-02T15:40:29.620662+00:00", "msg": "first read", "shard": "hepg2_nadig__shard_00004.h5ad", "study": "hepg2_nadig", "cells": 20000}
{"t": 120.5, "utc": "2026-10-02T15:40:29.864361+00:00", "msg": "first read", "shard": "hepg2_nadig__shard_00005.h5ad", "study": "hepg2_nadig", "cells": 20000}
{"t": 120.6, "utc": "2026-10-02T15:40:29.913697+00:00", "msg": "first read", "shard": "hepg2_nadig__shard_00006.h5ad", "study": "hepg2_nadig", "cells": 20000}
{"t": 120.6, "utc": "2026-10-02T15:40:29.914763+00:00", "msg": "first read", "shard": "hepg2_nadig__shard_00007.h5ad", "study": "hepg2_nadig", "cells": 5473}
{"t": 123.0, "utc": "2026-10-02T15:40:32.335949+00:00", "msg": "first read", "shard": "jurkat_nadig__shard_00000.h5ad", "study": "jurkat_nadig", "cells": 20000}
{"t": 147.2, "utc": "2026-10-02T15:40:56.522886+00:00", "msg": "first read", "shard": "jurkat_nadig__shard_00001.h5ad", "study": "jurkat_nadig", "cells": 20000}
{"t": 147.4, "utc": "2026-10-02T15:40:56.728475+00:00", "msg": "first read", "shard": "jurkat_nadig__shard_00002.h5ad", "study": "jurkat_nadig", "cells": 20000}
{"t": 147.6, "utc": "2026-10-02T15:40:56.875980+00:00", "msg": "first read", "shard": "jurkat_nadig__shard_00003.h5ad", "study": "jurkat_nadig", "cells": 20000}
{"t": 148.6, "utc": "2026-10-02T15:40:57.917492+00:00", "msg": "first read", "shard": "jurkat_nadig__shard_00004.h5ad", "study": "jurkat_nadig", "cells": 20000}
{"t": 174.2, "utc": "2026-10-02T15:41:23.560616+00:00", "msg": "first read", "shard": "jurkat_nadig__shard_00005.h5ad", "study": "jurkat_nadig", "cells": 20000}
{"t": 174.5, "utc": "2026-10-02T15:41:23.860979+00:00", "msg": "first read", "shard": "jurkat_nadig__shard_00006.h5ad", "study": "jurkat_nadig", "cells": 20000}
{"t": 174.6, "utc": "2026-10-02T15:41:23.917051+00:00", "msg": "first read", "shard": "jurkat_nadig__shard_00007.h5ad", "study": "jurkat_nadig", "cells": 20000}
{"t": 174.6, "utc": "2026-10-02T15:41:23.937223+00:00", "msg": "first read", "shard": "jurkat_nadig__shard_00008.h5ad", "study": "jurkat_nadig", "cells": 20000}
{"t": 202.2, "utc": "2026-10-02T15:41:51.529103+00:00", "msg": "first read", "shard": "jurkat_nadig__shard_00009.h5ad", "study": "jurkat_nadig", "cells": 20000}
{"t": 203.0, "utc": "2026-10-02T15:41:52.278489+00:00", "msg": "first read", "shard": "jurkat_nadig__shard_00010.h5ad", "study": "jurkat_nadig", "cells": 20000}
{"t": 203.0, "utc": "2026-10-02T15:41:52.281106+00:00", "msg": "first read", "shard": "jurkat_nadig__shard_00011.h5ad", "study": "jurkat_nadig", "cells": 20000}
{"t": 203.0, "utc": "2026-10-02T15:41:52.283814+00:00", "msg": "first read", "shard": "jurkat_nadig__shard_00012.h5ad", "study": "jurkat_nadig", "cells": 20000}
{"t": 206.0, "utc": "2026-10-02T15:41:55.361465+00:00", "msg": "first read", "shard": "jurkat_nadig__shard_00013.h5ad", "study": "jurkat_nadig", "cells": 2956}
{"t": 219.1, "utc": "2026-10-02T15:42:08.388740+00:00", "msg": "first read", "shard": "h1_train__shard_00000.h5ad", "study": "h1_vcc2025", "cells": 5000}
{"t": 219.7, "utc": "2026-10-02T15:42:09.068210+00:00", "msg": "first read", "shard": "h1_train__shard_00001.h5ad", "study": "h1_vcc2025", "cells": 5000}
{"t": 220.1, "utc": "2026-10-02T15:42:09.439447+00:00", "msg": "first read", "shard": "h1_train__shard_00002.h5ad", "study": "h1_vcc2025", "cells": 5000}
{"t": 222.6, "utc": "2026-10-02T15:42:11.884704+00:00", "msg": "first read", "shard": "h1_train__shard_00003.h5ad", "study": "h1_vcc2025", "cells": 5000}
{"t": 236.2, "utc": "2026-10-02T15:42:25.526481+00:00", "msg": "first read", "shard": "h1_train__shard_00004.h5ad", "study": "h1_vcc2025", "cells": 5000}
{"t": 236.6, "utc": "2026-10-02T15:42:25.931722+00:00", "msg": "first read", "shard": "h1_train__shard_00005.h5ad", "study": "h1_vcc2025", "cells": 5000}
{"t": 236.8, "utc": "2026-10-02T15:42:26.080973+00:00", "msg": "first read", "shard": "h1_train__shard_00006.h5ad", "study": "h1_vcc2025", "cells": 5000}
{"t": 239.0, "utc": "2026-10-02T15:42:28.359402+00:00", "msg": "first read", "shard": "h1_train__shard_00007.h5ad", "study": "h1_vcc2025", "cells": 5000}
{"t": 252.8, "utc": "2026-10-02T15:42:42.149843+00:00", "msg": "first read", "shard": "h1_train__shard_00008.h5ad", "study": "h1_vcc2025", "cells": 5000}
{"t": 254.2, "utc": "2026-10-02T15:42:43.502969+00:00", "msg": "first read", "shard": "h1_train__shard_00009.h5ad", "study": "h1_vcc2025", "cells": 5000}
{"t": 254.2, "utc": "2026-10-02T15:42:43.503725+00:00", "msg": "first read", "shard": "h1_train__shard_00010.h5ad", "study": "h1_vcc2025", "cells": 5000}
{"t": 255.0, "utc": "2026-10-02T15:42:44.369185+00:00", "msg": "first read", "shard": "h1_train__shard_00011.h5ad", "study": "h1_vcc2025", "cells": 5000}
{"t": 273.0, "utc": "2026-10-02T15:43:02.299816+00:00", "msg": "first read", "shard": "h1_train__shard_00012.h5ad", "study": "h1_vcc2025", "cells": 5000}
{"t": 273.0, "utc": "2026-10-02T15:43:02.300813+00:00", "msg": "first read", "shard": "h1_train__shard_00013.h5ad", "study": "h1_vcc2025", "cells": 5000}
{"t": 273.0, "utc": "2026-10-02T15:43:02.301683+00:00", "msg": "first read", "shard": "h1_train__shard_00014.h5ad", "study": "h1_vcc2025", "cells": 5000}
{"t": 273.2, "utc": "2026-10-02T15:43:02.501905+00:00", "msg": "first read", "shard": "h1_train__shard_00015.h5ad", "study": "h1_vcc2025", "cells": 5000}
{"t": 290.6, "utc": "2026-10-02T15:43:19.909727+00:00", "msg": "first read", "shard": "h1_train__shard_00016.h5ad", "study": "h1_vcc2025", "cells": 5000}
{"t": 291.1, "utc": "2026-10-02T15:43:20.453629+00:00", "msg": "first read", "shard": "h1_train__shard_00017.h5ad", "study": "h1_vcc2025", "cells": 5000}
{"t": 291.7, "utc": "2026-10-02T15:43:21.008516+00:00", "msg": "first read", "shard": "h1_train__shard_00018.h5ad", "study": "h1_vcc2025", "cells": 5000}
{"t": 291.7, "utc": "2026-10-02T15:43:21.009626+00:00", "msg": "first read", "shard": "h1_train__shard_00019.h5ad", "study": "h1_vcc2025", "cells": 5000}
{"t": 309.6, "utc": "2026-10-02T15:43:38.898836+00:00", "msg": "first read", "shard": "h1_train__shard_00020.h5ad", "study": "h1_vcc2025", "cells": 5000}
{"t": 309.7, "utc": "2026-10-02T15:43:39.024098+00:00", "msg": "first read", "shard": "h1_train__shard_00021.h5ad", "study": "h1_vcc2025", "cells": 5000}
{"t": 310.1, "utc": "2026-10-02T15:43:39.430302+00:00", "msg": "first read", "shard": "h1_train__shard_00022.h5ad", "study": "h1_vcc2025", "cells": 5000}
{"t": 310.2, "utc": "2026-10-02T15:43:39.507952+00:00", "msg": "first read", "shard": "h1_train__shard_00023.h5ad", "study": "h1_vcc2025", "cells": 5000}
{"t": 329.2, "utc": "2026-10-02T15:43:58.475574+00:00", "msg": "first read", "shard": "h1_train__shard_00024.h5ad", "study": "h1_vcc2025", "cells": 5000}
{"t": 329.2, "utc": "2026-10-02T15:43:58.476673+00:00", "msg": "first read", "shard": "h1_train__shard_00025.h5ad", "study": "h1_vcc2025", "cells": 5000}
{"t": 329.2, "utc": "2026-10-02T15:43:58.551000+00:00", "msg": "first read", "shard": "h1_train__shard_00026.h5ad", "study": "h1_vcc2025", "cells": 5000}
{"t": 329.2, "utc": "2026-10-02T15:43:58.552078+00:00", "msg": "first read", "shard": "h1_train__shard_00027.h5ad", "study": "h1_vcc2025", "cells": 5000}
{"t": 348.1, "utc": "2026-10-02T15:44:17.468961+00:00", "msg": "first read", "shard": "h1_train__shard_00028.h5ad", "study": "h1_vcc2025", "cells": 5000}
{"t": 348.1, "utc": "2026-10-02T15:44:17.470062+00:00", "msg": "first read", "shard": "h1_train__shard_00029.h5ad", "study": "h1_vcc2025", "cells": 5000}
{"t": 348.1, "utc": "2026-10-02T15:44:17.471579+00:00", "msg": "first read", "shard": "h1_train__shard_00030.h5ad", "study": "h1_vcc2025", "cells": 5000}
{"t": 348.2, "utc": "2026-10-02T15:44:17.482653+00:00", "msg": "first read", "shard": "h1_train__shard_00031.h5ad", "study": "h1_vcc2025", "cells": 5000}
{"t": 365.3, "utc": "2026-10-02T15:44:34.612424+00:00", "msg": "first read", "shard": "h1_train__shard_00032.h5ad", "study": "h1_vcc2025", "cells": 5000}
{"t": 365.8, "utc": "2026-10-02T15:44:35.133408+00:00", "msg": "first read", "shard": "h1_train__shard_00033.h5ad", "study": "h1_vcc2025", "cells": 5000}
{"t": 365.8, "utc": "2026-10-02T15:44:35.134408+00:00", "msg": "first read", "shard": "h1_train__shard_00034.h5ad", "study": "h1_vcc2025", "cells": 5000}
{"t": 366.3, "utc": "2026-10-02T15:44:35.652514+00:00", "msg": "first read", "shard": "h1_train__shard_00035.h5ad", "study": "h1_vcc2025", "cells": 5000}
{"t": 383.4, "utc": "2026-10-02T15:44:52.716732+00:00", "msg": "first read", "shard": "h1_train__shard_00036.h5ad", "study": "h1_vcc2025", "cells": 5000}
{"t": 384.1, "utc": "2026-10-02T15:44:53.424692+00:00", "msg": "first read", "shard": "h1_train__shard_00037.h5ad", "study": "h1_vcc2025", "cells": 5000}
{"t": 384.1, "utc": "2026-10-02T15:44:53.426121+00:00", "msg": "first read", "shard": "h1_train__shard_00038.h5ad", "study": "h1_vcc2025", "cells": 5000}
{"t": 384.4, "utc": "2026-10-02T15:44:53.772951+00:00", "msg": "first read", "shard": "h1_train__shard_00039.h5ad", "study": "h1_vcc2025", "cells": 5000}
{"t": 401.6, "utc": "2026-10-02T15:45:10.915597+00:00", "msg": "first read", "shard": "h1_train__shard_00040.h5ad", "study": "h1_vcc2025", "cells": 5000}
{"t": 401.7, "utc": "2026-10-02T15:45:11.055606+00:00", "msg": "first read", "shard": "h1_train__shard_00041.h5ad", "study": "h1_vcc2025", "cells": 5000}
{"t": 402.5, "utc": "2026-10-02T15:45:11.804921+00:00", "msg": "first read", "shard": "h1_train__shard_00042.h5ad", "study": "h1_vcc2025", "cells": 5000}
{"t": 402.5, "utc": "2026-10-02T15:45:11.806138+00:00", "msg": "first read", "shard": "h1_train__shard_00043.h5ad", "study": "h1_vcc2025", "cells": 5000}
{"t": 405.8, "utc": "2026-10-02T15:45:15.165739+00:00", "msg": "first read", "shard": "h1_train__shard_00044.h5ad", "study": "h1_vcc2025", "cells": 1273}
{"t": 418.9, "utc": "2026-10-02T15:45:28.251859+00:00", "msg": "first read", "shard": "h1_val__shard_00000.h5ad", "study": "h1_vcc2025", "cells": 5000}
{"t": 419.6, "utc": "2026-10-02T15:45:28.947987+00:00", "msg": "first read", "shard": "h1_val__shard_00001.h5ad", "study": "h1_vcc2025", "cells": 5000}
{"t": 419.6, "utc": "2026-10-02T15:45:28.954424+00:00", "msg": "first read", "shard": "h1_val__shard_00002.h5ad", "study": "h1_vcc2025", "cells": 5000}
{"t": 422.2, "utc": "2026-10-02T15:45:31.509398+00:00", "msg": "first read", "shard": "h1_val__shard_00003.h5ad", "study": "h1_vcc2025", "cells": 5000}
{"t": 435.8, "utc": "2026-10-02T15:45:45.151555+00:00", "msg": "first read", "shard": "h1_val__shard_00004.h5ad", "study": "h1_vcc2025", "cells": 5000}
{"t": 436.7, "utc": "2026-10-02T15:45:46.038319+00:00", "msg": "first read", "shard": "h1_val__shard_00005.h5ad", "study": "h1_vcc2025", "cells": 5000}
{"t": 436.9, "utc": "2026-10-02T15:45:46.256931+00:00", "msg": "first read", "shard": "h1_val__shard_00006.h5ad", "study": "h1_vcc2025", "cells": 5000}
{"t": 441.2, "utc": "2026-10-02T15:45:50.573212+00:00", "msg": "first read", "shard": "h1_val__shard_00007.h5ad", "study": "h1_vcc2025", "cells": 5000}
{"t": 454.6, "utc": "2026-10-02T15:46:03.904681+00:00", "msg": "first read", "shard": "h1_val__shard_00008.h5ad", "study": "h1_vcc2025", "cells": 5000}
{"t": 455.5, "utc": "2026-10-02T15:46:04.782039+00:00", "msg": "first read", "shard": "h1_val__shard_00009.h5ad", "study": "h1_vcc2025", "cells": 5000}
{"t": 455.5, "utc": "2026-10-02T15:46:04.798677+00:00", "msg": "first read", "shard": "h1_val__shard_00010.h5ad", "study": "h1_vcc2025", "cells": 5000}
{"t": 461.0, "utc": "2026-10-02T15:46:10.297386+00:00", "msg": "first read", "shard": "h1_val__shard_00011.h5ad", "study": "h1_vcc2025", "cells": 5000}
{"t": 484.3, "utc": "2026-10-02T15:46:33.610947+00:00", "msg": "first read", "shard": "h1_val__shard_00012.h5ad", "study": "h1_vcc2025", "cells": 5000}
{"t": 484.3, "utc": "2026-10-02T15:46:33.615579+00:00", "msg": "first read", "shard": "h1_val__shard_00013.h5ad", "study": "h1_vcc2025", "cells": 5000}
{"t": 484.5, "utc": "2026-10-02T15:46:33.794312+00:00", "msg": "first read", "shard": "h1_val__shard_00014.h5ad", "study": "h1_vcc2025", "cells": 5000}
{"t": 486.1, "utc": "2026-10-02T15:46:35.464651+00:00", "msg": "first read", "shard": "h1_val__shard_00015.h5ad", "study": "h1_vcc2025", "cells": 5000}
{"t": 504.0, "utc": "2026-10-02T15:46:53.299653+00:00", "msg": "first read", "shard": "h1_val__shard_00016.h5ad", "study": "h1_vcc2025", "cells": 5000}
{"t": 504.7, "utc": "2026-10-02T15:46:54.034700+00:00", "msg": "first read", "shard": "h1_val__shard_00017.h5ad", "study": "h1_vcc2025", "cells": 5000}
{"t": 504.7, "utc": "2026-10-02T15:46:54.040907+00:00", "msg": "first read", "shard": "h1_val__shard_00018.h5ad", "study": "h1_vcc2025", "cells": 5000}
{"t": 504.8, "utc": "2026-10-02T15:46:54.088432+00:00", "msg": "first read", "shard": "h1_val__shard_00019.h5ad", "study": "h1_vcc2025", "cells": 3927}
{"t": 552.4, "utc": "2026-10-02T15:47:41.713312+00:00", "msg": "first read", "shard": "hipsci_gw_fitness__shard_00000.h5ad", "study": "hipsci_gw_fitness", "cells": 20000}
{"t": 556.7, "utc": "2026-10-02T15:47:46.068699+00:00", "msg": "first read", "shard": "hipsci_gw_fitness__shard_00001.h5ad", "study": "hipsci_gw_fitness", "cells": 20000}
{"t": 556.7, "utc": "2026-10-02T15:47:46.069212+00:00", "msg": "first read", "shard": "hipsci_gw_fitness__shard_00002.h5ad", "study": "hipsci_gw_fitness", "cells": 20000}
{"t": 556.7, "utc": "2026-10-02T15:47:46.069970+00:00", "msg": "first read", "shard": "hipsci_gw_fitness__shard_00003.h5ad", "study": "hipsci_gw_fitness", "cells": 20000}
{"t": 600.0, "utc": "2026-10-02T15:48:29.303199+00:00", "msg": "first read", "shard": "hipsci_gw_fitness__shard_00004.h5ad", "study": "hipsci_gw_fitness", "cells": 20000}
{"t": 603.4, "utc": "2026-10-02T15:48:32.684797+00:00", "msg": "first read", "shard": "hipsci_gw_fitness__shard_00005.h5ad", "study": "hipsci_gw_fitness", "cells": 20000}
{"t": 607.8, "utc": "2026-10-02T15:48:37.167505+00:00", "msg": "first read", "shard": "hipsci_gw_fitness__shard_00006.h5ad", "study": "hipsci_gw_fitness", "cells": 20000}
{"t": 608.8, "utc": "2026-10-02T15:48:38.117149+00:00", "msg": "first read", "shard": "hipsci_gw_fitness__shard_00007.h5ad", "study": "hipsci_gw_fitness", "cells": 20000}
{"t": 645.0, "utc": "2026-10-02T15:49:14.351244+00:00", "msg": "first read", "shard": "hipsci_gw_fitness__shard_00008.h5ad", "study": "hipsci_gw_fitness", "cells": 20000}
{"t": 649.0, "utc": "2026-10-02T15:49:18.288075+00:00", "msg": "first read", "shard": "hipsci_gw_fitness__shard_00009.h5ad", "study": "hipsci_gw_fitness", "cells": 20000}
{"t": 651.5, "utc": "2026-10-02T15:49:20.807574+00:00", "msg": "first read", "shard": "hipsci_gw_fitness__shard_00010.h5ad", "study": "hipsci_gw_fitness", "cells": 20000}
{"t": 657.6, "utc": "2026-10-02T15:49:26.974358+00:00", "msg": "first read", "shard": "hipsci_gw_fitness__shard_00011.h5ad", "study": "hipsci_gw_fitness", "cells": 20000}
{"t": 693.2, "utc": "2026-10-02T15:50:02.539618+00:00", "msg": "first read", "shard": "hipsci_gw_fitness__shard_00012.h5ad", "study": "hipsci_gw_fitness", "cells": 20000}
{"t": 702.4, "utc": "2026-10-02T15:50:11.751323+00:00", "msg": "first read", "shard": "hipsci_gw_fitness__shard_00013.h5ad", "study": "hipsci_gw_fitness", "cells": 20000}
{"t": 702.4, "utc": "2026-10-02T15:50:11.751903+00:00", "msg": "first read", "shard": "hipsci_gw_fitness__shard_00014.h5ad", "study": "hipsci_gw_fitness", "cells": 20000}
{"t": 702.4, "utc": "2026-10-02T15:50:11.752222+00:00", "msg": "first read", "shard": "hipsci_gw_fitness__shard_00015.h5ad", "study": "hipsci_gw_fitness", "cells": 20000}
{"t": 702.4, "utc": "2026-10-02T15:50:11.752494+00:00", "msg": "first read", "shard": "hipsci_gw_fitness__shard_00016.h5ad", "study": "hipsci_gw_fitness", "cells": 2746}
{"t": 743.0, "utc": "2026-10-02T15:50:52.348433+00:00", "msg": "first read", "shard": "hipsci_gw_nonfitness__shard_00000.h5ad", "study": "hipsci_gw_nonfitness", "cells": 20000}
{"t": 743.5, "utc": "2026-10-02T15:50:52.851918+00:00", "msg": "first read", "shard": "hipsci_gw_nonfitness__shard_00001.h5ad", "study": "hipsci_gw_nonfitness", "cells": 20000}
{"t": 743.5, "utc": "2026-10-02T15:50:52.852760+00:00", "msg": "first read", "shard": "hipsci_gw_nonfitness__shard_00002.h5ad", "study": "hipsci_gw_nonfitness", "cells": 20000}
{"t": 744.4, "utc": "2026-10-02T15:50:53.772823+00:00", "msg": "first read", "shard": "hipsci_gw_nonfitness__shard_00003.h5ad", "study": "hipsci_gw_nonfitness", "cells": 20000}
{"t": 783.3, "utc": "2026-10-02T15:51:32.600738+00:00", "msg": "first read", "shard": "hipsci_gw_nonfitness__shard_00004.h5ad", "study": "hipsci_gw_nonfitness", "cells": 20000}
{"t": 785.1, "utc": "2026-10-02T15:51:34.439587+00:00", "msg": "first read", "shard": "hipsci_gw_nonfitness__shard_00005.h5ad", "study": "hipsci_gw_nonfitness", "cells": 20000}
{"t": 792.1, "utc": "2026-10-02T15:51:41.390084+00:00", "msg": "first read", "shard": "hipsci_gw_nonfitness__shard_00006.h5ad", "study": "hipsci_gw_nonfitness", "cells": 20000}
{"t": 801.1, "utc": "2026-10-02T15:51:50.444680+00:00", "msg": "first read", "shard": "hipsci_gw_nonfitness__shard_00007.h5ad", "study": "hipsci_gw_nonfitness", "cells": 20000}
{"t": 855.0, "utc": "2026-10-02T15:52:44.284440+00:00", "msg": "first read", "shard": "hipsci_gw_nonfitness__shard_00008.h5ad", "study": "hipsci_gw_nonfitness", "cells": 20000}
{"t": 855.0, "utc": "2026-10-02T15:52:44.284881+00:00", "msg": "first read", "shard": "hipsci_gw_nonfitness__shard_00009.h5ad", "study": "hipsci_gw_nonfitness", "cells": 20000}
{"t": 855.0, "utc": "2026-10-02T15:52:44.285226+00:00", "msg": "first read", "shard": "hipsci_gw_nonfitness__shard_00010.h5ad", "study": "hipsci_gw_nonfitness", "cells": 20000}
{"t": 855.0, "utc": "2026-10-02T15:52:44.287950+00:00", "msg": "first read", "shard": "hipsci_gw_nonfitness__shard_00011.h5ad", "study": "hipsci_gw_nonfitness", "cells": 20000}
{"t": 872.9, "utc": "2026-10-02T15:53:02.264205+00:00", "msg": "first read", "shard": "hipsci_gw_nonfitness__shard_00012.h5ad", "study": "hipsci_gw_nonfitness", "cells": 20000}
{"t": 886.9, "utc": "2026-10-02T15:53:16.245980+00:00", "msg": "first read", "shard": "hipsci_gw_nonfitness__shard_00013.h5ad", "study": "hipsci_gw_nonfitness", "cells": 20000}
{"t": 892.4, "utc": "2026-10-02T15:53:21.735611+00:00", "msg": "first read", "shard": "hipsci_gw_nonfitness__shard_00014.h5ad", "study": "hipsci_gw_nonfitness", "cells": 20000}
{"t": 895.9, "utc": "2026-10-02T15:53:25.192815+00:00", "msg": "first read", "shard": "hipsci_gw_nonfitness__shard_00015.h5ad", "study": "hipsci_gw_nonfitness", "cells": 20000}
{"t": 913.1, "utc": "2026-10-02T15:53:42.467531+00:00", "msg": "first read", "shard": "hipsci_gw_nonfitness__shard_00016.h5ad", "study": "hipsci_gw_nonfitness", "cells": 20000}
{"t": 936.2, "utc": "2026-10-02T15:54:05.488425+00:00", "msg": "first read", "shard": "hipsci_gw_nonfitness__shard_00017.h5ad", "study": "hipsci_gw_nonfitness", "cells": 20000}
{"t": 938.3, "utc": "2026-10-02T15:54:07.631349+00:00", "msg": "first read", "shard": "hipsci_gw_nonfitness__shard_00018.h5ad", "study": "hipsci_gw_nonfitness", "cells": 20000}
{"t": 938.3, "utc": "2026-10-02T15:54:07.631682+00:00", "msg": "first read", "shard": "hipsci_gw_nonfitness__shard_00019.h5ad", "study": "hipsci_gw_nonfitness", "cells": 16458}
{"t": 952.7, "utc": "2026-10-02T15:54:22.011155+00:00", "msg": "first read", "shard": "hipsci_targeted_19__shard_00000.h5ad", "study": "hipsci_targeted_19", "cells": 20000}
{"t": 976.3, "utc": "2026-10-02T15:54:45.608018+00:00", "msg": "first read", "shard": "hipsci_targeted_19__shard_00001.h5ad", "study": "hipsci_targeted_19", "cells": 20000}
{"t": 976.3, "utc": "2026-10-02T15:54:45.612660+00:00", "msg": "first read", "shard": "hipsci_targeted_19__shard_00002.h5ad", "study": "hipsci_targeted_19", "cells": 20000}
{"t": 978.0, "utc": "2026-10-02T15:54:47.332603+00:00", "msg": "first read", "shard": "hipsci_targeted_19__shard_00003.h5ad", "study": "hipsci_targeted_19", "cells": 20000}
{"t": 989.4, "utc": "2026-10-02T15:54:58.739478+00:00", "msg": "first read", "shard": "hipsci_targeted_19__shard_00004.h5ad", "study": "hipsci_targeted_19", "cells": 20000}
{"t": 1014.4, "utc": "2026-10-02T15:55:23.724094+00:00", "msg": "first read", "shard": "hipsci_targeted_19__shard_00005.h5ad", "study": "hipsci_targeted_19", "cells": 20000}
{"t": 1017.4, "utc": "2026-10-02T15:55:26.692697+00:00", "msg": "first read", "shard": "hipsci_targeted_19__shard_00006.h5ad", "study": "hipsci_targeted_19", "cells": 20000}
{"t": 1017.4, "utc": "2026-10-02T15:55:26.727640+00:00", "msg": "first read", "shard": "hipsci_targeted_19__shard_00007.h5ad", "study": "hipsci_targeted_19", "cells": 20000}
{"t": 1020.1, "utc": "2026-10-02T15:55:29.426085+00:00", "msg": "first read", "shard": "hipsci_targeted_19__shard_00008.h5ad", "study": "hipsci_targeted_19", "cells": 20000}
{"t": 1049.2, "utc": "2026-10-02T15:55:58.540398+00:00", "msg": "first read", "shard": "hipsci_targeted_19__shard_00009.h5ad", "study": "hipsci_targeted_19", "cells": 20000}
{"t": 1055.7, "utc": "2026-10-02T15:56:05.030922+00:00", "msg": "first read", "shard": "hipsci_targeted_19__shard_00010.h5ad", "study": "hipsci_targeted_19", "cells": 20000}
{"t": 1058.1, "utc": "2026-10-02T15:56:07.412686+00:00", "msg": "first read", "shard": "hipsci_targeted_19__shard_00011.h5ad", "study": "hipsci_targeted_19", "cells": 20000}
{"t": 1060.5, "utc": "2026-10-02T15:56:09.849519+00:00", "msg": "first read", "shard": "hipsci_targeted_19__shard_00012.h5ad", "study": "hipsci_targeted_19", "cells": 20000}
{"t": 1088.3, "utc": "2026-10-02T15:56:37.620822+00:00", "msg": "first read", "shard": "hipsci_targeted_19__shard_00013.h5ad", "study": "hipsci_targeted_19", "cells": 20000}
{"t": 1100.3, "utc": "2026-10-02T15:56:49.605889+00:00", "msg": "first read", "shard": "hipsci_targeted_19__shard_00014.h5ad", "study": "hipsci_targeted_19", "cells": 20000}
{"t": 1104.7, "utc": "2026-10-02T15:56:54.037470+00:00", "msg": "first read", "shard": "hipsci_targeted_19__shard_00015.h5ad", "study": "hipsci_targeted_19", "cells": 20000}
{"t": 1107.6, "utc": "2026-10-02T15:56:56.878529+00:00", "msg": "first read", "shard": "hipsci_targeted_19__shard_00016.h5ad", "study": "hipsci_targeted_19", "cells": 20000}
{"t": 1134.2, "utc": "2026-10-02T15:57:23.484704+00:00", "msg": "first read", "shard": "hipsci_targeted_19__shard_00017.h5ad", "study": "hipsci_targeted_19", "cells": 20000}
{"t": 1142.7, "utc": "2026-10-02T15:57:31.989994+00:00", "msg": "first read", "shard": "hipsci_targeted_19__shard_00018.h5ad", "study": "hipsci_targeted_19", "cells": 20000}
{"t": 1146.7, "utc": "2026-10-02T15:57:36.037325+00:00", "msg": "first read", "shard": "hipsci_targeted_19__shard_00019.h5ad", "study": "hipsci_targeted_19", "cells": 20000}
{"t": 1146.8, "utc": "2026-10-02T15:57:36.079016+00:00", "msg": "first read", "shard": "hipsci_targeted_19__shard_00020.h5ad", "study": "hipsci_targeted_19", "cells": 20000}
{"t": 1177.9, "utc": "2026-10-02T15:58:07.185775+00:00", "msg": "first read", "shard": "hipsci_targeted_19__shard_00021.h5ad", "study": "hipsci_targeted_19", "cells": 20000}
{"t": 1191.8, "utc": "2026-10-02T15:58:21.147026+00:00", "msg": "first read", "shard": "hipsci_targeted_19__shard_00022.h5ad", "study": "hipsci_targeted_19", "cells": 20000}
{"t": 1193.0, "utc": "2026-10-02T15:58:22.337092+00:00", "msg": "first read", "shard": "hipsci_targeted_19__shard_00023.h5ad", "study": "hipsci_targeted_19", "cells": 20000}
{"t": 1193.0, "utc": "2026-10-02T15:58:22.342382+00:00", "msg": "first read", "shard": "hipsci_targeted_19__shard_00024.h5ad", "study": "hipsci_targeted_19", "cells": 20000}
{"t": 1219.8, "utc": "2026-10-02T15:58:49.118736+00:00", "msg": "first read", "shard": "hipsci_targeted_19__shard_00025.h5ad", "study": "hipsci_targeted_19", "cells": 20000}
{"t": 1227.7, "utc": "2026-10-02T15:58:56.993469+00:00", "msg": "first read", "shard": "hipsci_targeted_19__shard_00026.h5ad", "study": "hipsci_targeted_19", "cells": 20000}
{"t": 1230.3, "utc": "2026-10-02T15:58:59.627084+00:00", "msg": "first read", "shard": "hipsci_targeted_19__shard_00027.h5ad", "study": "hipsci_targeted_19", "cells": 20000}
{"t": 1239.0, "utc": "2026-10-02T15:59:08.331310+00:00", "msg": "first read", "shard": "hipsci_targeted_19__shard_00028.h5ad", "study": "hipsci_targeted_19", "cells": 20000}
{"t": 1264.3, "utc": "2026-10-02T15:59:33.625844+00:00", "msg": "first read", "shard": "hipsci_targeted_19__shard_00029.h5ad", "study": "hipsci_targeted_19", "cells": 20000}
{"t": 1264.3, "utc": "2026-10-02T15:59:33.628482+00:00", "msg": "first read", "shard": "hipsci_targeted_19__shard_00030.h5ad", "study": "hipsci_targeted_19", "cells": 20000}
{"t": 1276.1, "utc": "2026-10-02T15:59:45.467258+00:00", "msg": "first read", "shard": "hipsci_targeted_19__shard_00031.h5ad", "study": "hipsci_targeted_19", "cells": 20000}
{"t": 1280.8, "utc": "2026-10-02T15:59:50.138469+00:00", "msg": "first read", "shard": "hipsci_targeted_19__shard_00032.h5ad", "study": "hipsci_targeted_19", "cells": 20000}
{"t": 1301.1, "utc": "2026-10-02T16:00:10.427835+00:00", "msg": "first read", "shard": "hipsci_targeted_19__shard_00033.h5ad", "study": "hipsci_targeted_19", "cells": 20000}
{"t": 1302.7, "utc": "2026-10-02T16:00:12.052710+00:00", "msg": "first read", "shard": "hipsci_targeted_19__shard_00034.h5ad", "study": "hipsci_targeted_19", "cells": 20000}
{"t": 1314.1, "utc": "2026-10-02T16:00:23.464798+00:00", "msg": "first read", "shard": "hipsci_targeted_19__shard_00035.h5ad", "study": "hipsci_targeted_19", "cells": 20000}
{"t": 1322.1, "utc": "2026-10-02T16:00:31.437145+00:00", "msg": "first read", "shard": "hipsci_targeted_19__shard_00036.h5ad", "study": "hipsci_targeted_19", "cells": 20000}
{"t": 1344.7, "utc": "2026-10-02T16:00:54.050467+00:00", "msg": "first read", "shard": "hipsci_targeted_19__shard_00037.h5ad", "study": "hipsci_targeted_19", "cells": 20000}
{"t": 1345.4, "utc": "2026-10-02T16:00:54.716543+00:00", "msg": "first read", "shard": "hipsci_targeted_19__shard_00038.h5ad", "study": "hipsci_targeted_19", "cells": 20000}
{"t": 1352.2, "utc": "2026-10-02T16:01:01.572375+00:00", "msg": "first read", "shard": "hipsci_targeted_19__shard_00039.h5ad", "study": "hipsci_targeted_19", "cells": 20000}
{"t": 1366.1, "utc": "2026-10-02T16:01:15.376653+00:00", "msg": "first read", "shard": "hipsci_targeted_19__shard_00040.h5ad", "study": "hipsci_targeted_19", "cells": 20000}
{"t": 1385.0, "utc": "2026-10-02T16:01:34.331814+00:00", "msg": "first read", "shard": "hipsci_targeted_19__shard_00041.h5ad", "study": "hipsci_targeted_19", "cells": 20000}
{"t": 1385.0, "utc": "2026-10-02T16:01:34.341468+00:00", "msg": "first read", "shard": "hipsci_targeted_19__shard_00042.h5ad", "study": "hipsci_targeted_19", "cells": 20000}
{"t": 1402.3, "utc": "2026-10-02T16:01:51.599486+00:00", "msg": "first read", "shard": "hipsci_targeted_19__shard_00043.h5ad", "study": "hipsci_targeted_19", "cells": 20000}
{"t": 1413.1, "utc": "2026-10-02T16:02:02.433868+00:00", "msg": "first read", "shard": "hipsci_targeted_19__shard_00044.h5ad", "study": "hipsci_targeted_19", "cells": 20000}
{"t": 1422.2, "utc": "2026-10-02T16:02:11.568375+00:00", "msg": "first read", "shard": "hipsci_targeted_19__shard_00045.h5ad", "study": "hipsci_targeted_19", "cells": 20000}
{"t": 1431.4, "utc": "2026-10-02T16:02:20.715415+00:00", "msg": "first read", "shard": "hipsci_targeted_19__shard_00046.h5ad", "study": "hipsci_targeted_19", "cells": 20000}
{"t": 1441.6, "utc": "2026-10-02T16:02:30.919721+00:00", "msg": "first read", "shard": "hipsci_targeted_19__shard_00047.h5ad", "study": "hipsci_targeted_19", "cells": 20000}
{"t": 1449.7, "utc": "2026-10-02T16:02:39.017604+00:00", "msg": "first read", "shard": "hipsci_targeted_19__shard_00048.h5ad", "study": "hipsci_targeted_19", "cells": 20000}
{"t": 1463.5, "utc": "2026-10-02T16:02:52.796618+00:00", "msg": "first read", "shard": "hipsci_targeted_19__shard_00049.h5ad", "study": "hipsci_targeted_19", "cells": 20000}
{"t": 1471.1, "utc": "2026-10-02T16:03:00.466884+00:00", "msg": "first read", "shard": "hipsci_targeted_19__shard_00050.h5ad", "study": "hipsci_targeted_19", "cells": 20000}
{"t": 1480.2, "utc": "2026-10-02T16:03:09.494193+00:00", "msg": "first read", "shard": "hipsci_targeted_19__shard_00051.h5ad", "study": "hipsci_targeted_19", "cells": 20000}
{"t": 1493.3, "utc": "2026-10-02T16:03:22.671537+00:00", "msg": "first read", "shard": "hipsci_targeted_19__shard_00052.h5ad", "study": "hipsci_targeted_19", "cells": 20000}
{"t": 1511.2, "utc": "2026-10-02T16:03:40.514678+00:00", "msg": "first read", "shard": "hipsci_targeted_19__shard_00053.h5ad", "study": "hipsci_targeted_19", "cells": 20000}
{"t": 1516.7, "utc": "2026-10-02T16:03:46.030761+00:00", "msg": "first read", "shard": "hipsci_targeted_19__shard_00054.h5ad", "study": "hipsci_targeted_19", "cells": 20000}
{"t": 1524.0, "utc": "2026-10-02T16:03:53.337951+00:00", "msg": "first read", "shard": "hipsci_targeted_19__shard_00055.h5ad", "study": "hipsci_targeted_19", "cells": 20000}
{"t": 1531.3, "utc": "2026-10-02T16:04:00.635207+00:00", "msg": "first read", "shard": "hipsci_targeted_19__shard_00056.h5ad", "study": "hipsci_targeted_19", "cells": 20000}
{"t": 1552.2, "utc": "2026-10-02T16:04:21.516975+00:00", "msg": "first read", "shard": "hipsci_targeted_19__shard_00057.h5ad", "study": "hipsci_targeted_19", "cells": 20000}
{"t": 1552.2, "utc": "2026-10-02T16:04:21.518211+00:00", "msg": "first read", "shard": "hipsci_targeted_19__shard_00058.h5ad", "study": "hipsci_targeted_19", "cells": 1865}
{"t": 1603.5, "utc": "2026-10-02T16:05:12.830204+00:00", "msg": "second read", "shard": "hepg2_nadig__shard_00000.h5ad", "training_cells": 0}
{"t": 1603.6, "utc": "2026-10-02T16:05:12.945909+00:00", "msg": "second read", "shard": "hepg2_nadig__shard_00001.h5ad", "training_cells": 0}
{"t": 1603.7, "utc": "2026-10-02T16:05:13.009944+00:00", "msg": "second read", "shard": "hepg2_nadig__shard_00002.h5ad", "training_cells": 0}
{"t": 1603.8, "utc": "2026-10-02T16:05:13.094353+00:00", "msg": "second read", "shard": "hepg2_nadig__shard_00003.h5ad", "training_cells": 0}
{"t": 1617.4, "utc": "2026-10-02T16:05:26.767015+00:00", "msg": "second read", "shard": "hepg2_nadig__shard_00004.h5ad", "training_cells": 0}
{"t": 1618.0, "utc": "2026-10-02T16:05:27.334829+00:00", "msg": "second read", "shard": "hepg2_nadig__shard_00005.h5ad", "training_cells": 0}
{"t": 1618.2, "utc": "2026-10-02T16:05:27.567302+00:00", "msg": "second read", "shard": "hepg2_nadig__shard_00006.h5ad", "training_cells": 0}
{"t": 1618.4, "utc": "2026-10-02T16:05:27.703430+00:00", "msg": "second read", "shard": "hepg2_nadig__shard_00007.h5ad", "training_cells": 0}
{"t": 1626.2, "utc": "2026-10-02T16:05:35.530288+00:00", "msg": "second read", "shard": "jurkat_nadig__shard_00000.h5ad", "training_cells": 18097}
{"t": 1637.8, "utc": "2026-10-02T16:05:47.134637+00:00", "msg": "second read", "shard": "jurkat_nadig__shard_00001.h5ad", "training_cells": 18033}
{"t": 1638.0, "utc": "2026-10-02T16:05:47.366197+00:00", "msg": "second read", "shard": "jurkat_nadig__shard_00002.h5ad", "training_cells": 18163}
{"t": 1638.2, "utc": "2026-10-02T16:05:47.557856+00:00", "msg": "second read", "shard": "jurkat_nadig__shard_00003.h5ad", "training_cells": 18070}
{"t": 1645.1, "utc": "2026-10-02T16:05:54.449758+00:00", "msg": "second read", "shard": "jurkat_nadig__shard_00004.h5ad", "training_cells": 18087}
{"t": 1658.6, "utc": "2026-10-02T16:06:07.930277+00:00", "msg": "second read", "shard": "jurkat_nadig__shard_00005.h5ad", "training_cells": 18117}
{"t": 1658.8, "utc": "2026-10-02T16:06:08.082341+00:00", "msg": "second read", "shard": "jurkat_nadig__shard_00006.h5ad", "training_cells": 18099}
{"t": 1658.9, "utc": "2026-10-02T16:06:08.231423+00:00", "msg": "second read", "shard": "jurkat_nadig__shard_00007.h5ad", "training_cells": 18090}
{"t": 1663.6, "utc": "2026-10-02T16:06:12.966160+00:00", "msg": "second read", "shard": "jurkat_nadig__shard_00008.h5ad", "training_cells": 18085}
{"t": 1676.3, "utc": "2026-10-02T16:06:25.645718+00:00", "msg": "second read", "shard": "jurkat_nadig__shard_00009.h5ad", "training_cells": 18035}
{"t": 1677.4, "utc": "2026-10-02T16:06:26.682120+00:00", "msg": "second read", "shard": "jurkat_nadig__shard_00010.h5ad", "training_cells": 18014}
{"t": 1678.5, "utc": "2026-10-02T16:06:27.872638+00:00", "msg": "second read", "shard": "jurkat_nadig__shard_00011.h5ad", "training_cells": 18120}
{"t": 1682.2, "utc": "2026-10-02T16:06:31.522660+00:00", "msg": "second read", "shard": "jurkat_nadig__shard_00012.h5ad", "training_cells": 18124}
{"t": 1682.4, "utc": "2026-10-02T16:06:31.675325+00:00", "msg": "second read", "shard": "jurkat_nadig__shard_00013.h5ad", "training_cells": 2683}
{"t": 1688.0, "utc": "2026-10-02T16:06:37.295445+00:00", "msg": "second read", "shard": "h1_train__shard_00000.h5ad", "training_cells": 4503}
{"t": 1689.8, "utc": "2026-10-02T16:06:39.135397+00:00", "msg": "second read", "shard": "h1_train__shard_00001.h5ad", "training_cells": 4547}
{"t": 1690.2, "utc": "2026-10-02T16:06:39.542831+00:00", "msg": "second read", "shard": "h1_train__shard_00002.h5ad", "training_cells": 4523}
{"t": 1692.2, "utc": "2026-10-02T16:06:41.518609+00:00", "msg": "second read", "shard": "h1_train__shard_00003.h5ad", "training_cells": 4482}
{"t": 1700.0, "utc": "2026-10-02T16:06:49.325169+00:00", "msg": "second read", "shard": "h1_train__shard_00004.h5ad", "training_cells": 4542}
{"t": 1706.3, "utc": "2026-10-02T16:06:55.590502+00:00", "msg": "second read", "shard": "h1_train__shard_00005.h5ad", "training_cells": 4483}
{"t": 1710.4, "utc": "2026-10-02T16:06:59.704954+00:00", "msg": "second read", "shard": "h1_train__shard_00006.h5ad", "training_cells": 4534}
{"t": 1710.6, "utc": "2026-10-02T16:06:59.961049+00:00", "msg": "second read", "shard": "h1_train__shard_00007.h5ad", "training_cells": 4509}
{"t": 1717.8, "utc": "2026-10-02T16:07:07.096218+00:00", "msg": "second read", "shard": "h1_train__shard_00008.h5ad", "training_cells": 4492}
{"t": 1723.0, "utc": "2026-10-02T16:07:12.288908+00:00", "msg": "second read", "shard": "h1_train__shard_00009.h5ad", "training_cells": 4510}
{"t": 1726.5, "utc": "2026-10-02T16:07:15.868014+00:00", "msg": "second read", "shard": "h1_train__shard_00010.h5ad", "training_cells": 4515}
{"t": 1726.7, "utc": "2026-10-02T16:07:16.001987+00:00", "msg": "second read", "shard": "h1_train__shard_00011.h5ad", "training_cells": 4500}
{"t": 1732.5, "utc": "2026-10-02T16:07:21.800046+00:00", "msg": "second read", "shard": "h1_train__shard_00012.h5ad", "training_cells": 4546}
{"t": 1736.2, "utc": "2026-10-02T16:07:25.489709+00:00", "msg": "second read", "shard": "h1_train__shard_00013.h5ad", "training_cells": 4517}
{"t": 1740.2, "utc": "2026-10-02T16:07:29.504468+00:00", "msg": "second read", "shard": "h1_train__shard_00014.h5ad", "training_cells": 4484}
{"t": 1740.4, "utc": "2026-10-02T16:07:29.732541+00:00", "msg": "second read", "shard": "h1_train__shard_00015.h5ad", "training_cells": 4474}
{"t": 1745.1, "utc": "2026-10-02T16:07:34.425955+00:00", "msg": "second read", "shard": "h1_train__shard_00016.h5ad", "training_cells": 4525}
{"t": 1749.4, "utc": "2026-10-02T16:07:38.704111+00:00", "msg": "second read", "shard": "h1_train__shard_00017.h5ad", "training_cells": 4526}
{"t": 1753.9, "utc": "2026-10-02T16:07:43.183317+00:00", "msg": "second read", "shard": "h1_train__shard_00018.h5ad", "training_cells": 4502}
{"t": 1754.2, "utc": "2026-10-02T16:07:43.539873+00:00", "msg": "second read", "shard": "h1_train__shard_00019.h5ad", "training_cells": 4507}
{"t": 1758.2, "utc": "2026-10-02T16:07:47.536408+00:00", "msg": "second read", "shard": "h1_train__shard_00020.h5ad", "training_cells": 4515}
{"t": 1761.4, "utc": "2026-10-02T16:07:50.769032+00:00", "msg": "second read", "shard": "h1_train__shard_00021.h5ad", "training_cells": 4498}
{"t": 1766.7, "utc": "2026-10-02T16:07:56.036527+00:00", "msg": "second read", "shard": "h1_train__shard_00022.h5ad", "training_cells": 4498}
{"t": 1766.8, "utc": "2026-10-02T16:07:56.098565+00:00", "msg": "second read", "shard": "h1_train__shard_00023.h5ad", "training_cells": 4476}
{"t": 1771.3, "utc": "2026-10-02T16:08:00.647351+00:00", "msg": "second read", "shard": "h1_train__shard_00024.h5ad", "training_cells": 4508}
{"t": 1774.1, "utc": "2026-10-02T16:08:03.402873+00:00", "msg": "second read", "shard": "h1_train__shard_00025.h5ad", "training_cells": 4492}
{"t": 1780.1, "utc": "2026-10-02T16:08:09.391969+00:00", "msg": "second read", "shard": "h1_train__shard_00026.h5ad", "training_cells": 4508}
{"t": 1780.2, "utc": "2026-10-02T16:08:09.495960+00:00", "msg": "second read", "shard": "h1_train__shard_00027.h5ad", "training_cells": 4501}
{"t": 1786.4, "utc": "2026-10-02T16:08:15.692899+00:00", "msg": "second read", "shard": "h1_train__shard_00028.h5ad", "training_cells": 4517}
{"t": 1787.6, "utc": "2026-10-02T16:08:16.964157+00:00", "msg": "second read", "shard": "h1_train__shard_00029.h5ad", "training_cells": 4503}
{"t": 1792.8, "utc": "2026-10-02T16:08:22.143111+00:00", "msg": "second read", "shard": "h1_train__shard_00030.h5ad", "training_cells": 4518}
{"t": 1793.0, "utc": "2026-10-02T16:08:22.287354+00:00", "msg": "second read", "shard": "h1_train__shard_00031.h5ad", "training_cells": 4529}
{"t": 1799.5, "utc": "2026-10-02T16:08:28.852062+00:00", "msg": "second read", "shard": "h1_train__shard_00032.h5ad", "training_cells": 4494}
{"t": 1801.0, "utc": "2026-10-02T16:08:30.305329+00:00", "msg": "second read", "shard": "h1_train__shard_00033.h5ad", "training_cells": 4477}
{"t": 1805.7, "utc": "2026-10-02T16:08:34.988457+00:00", "msg": "second read", "shard": "h1_train__shard_00034.h5ad", "training_cells": 4548}
{"t": 1806.0, "utc": "2026-10-02T16:08:35.342530+00:00", "msg": "second read", "shard": "h1_train__shard_00035.h5ad", "training_cells": 4495}
{"t": 1812.9, "utc": "2026-10-02T16:08:42.184333+00:00", "msg": "second read", "shard": "h1_train__shard_00036.h5ad", "training_cells": 4514}
{"t": 1815.8, "utc": "2026-10-02T16:08:45.085349+00:00", "msg": "second read", "shard": "h1_train__shard_00037.h5ad", "training_cells": 4522}
{"t": 1820.5, "utc": "2026-10-02T16:08:49.809585+00:00", "msg": "second read", "shard": "h1_train__shard_00038.h5ad", "training_cells": 4542}
{"t": 1820.6, "utc": "2026-10-02T16:08:49.931496+00:00", "msg": "second read", "shard": "h1_train__shard_00039.h5ad", "training_cells": 4510}
{"t": 1826.1, "utc": "2026-10-02T16:08:55.440316+00:00", "msg": "second read", "shard": "h1_train__shard_00040.h5ad", "training_cells": 4485}
{"t": 1829.0, "utc": "2026-10-02T16:08:58.368887+00:00", "msg": "second read", "shard": "h1_train__shard_00041.h5ad", "training_cells": 4509}
{"t": 1834.0, "utc": "2026-10-02T16:09:03.299976+00:00", "msg": "second read", "shard": "h1_train__shard_00042.h5ad", "training_cells": 4478}
{"t": 1834.1, "utc": "2026-10-02T16:09:03.411349+00:00", "msg": "second read", "shard": "h1_train__shard_00043.h5ad", "training_cells": 4525}
{"t": 1834.2, "utc": "2026-10-02T16:09:03.522071+00:00", "msg": "second read", "shard": "h1_train__shard_00044.h5ad", "training_cells": 1151}
{"t": 1839.1, "utc": "2026-10-02T16:09:08.423404+00:00", "msg": "second read", "shard": "h1_val__shard_00000.h5ad", "training_cells": 2923}
{"t": 1840.7, "utc": "2026-10-02T16:09:10.042656+00:00", "msg": "second read", "shard": "h1_val__shard_00001.h5ad", "training_cells": 2871}
{"t": 1844.0, "utc": "2026-10-02T16:09:13.304871+00:00", "msg": "second read", "shard": "h1_val__shard_00002.h5ad", "training_cells": 2942}
{"t": 1844.5, "utc": "2026-10-02T16:09:13.816999+00:00", "msg": "second read", "shard": "h1_val__shard_00003.h5ad", "training_cells": 2958}
{"t": 1849.1, "utc": "2026-10-02T16:09:18.376484+00:00", "msg": "second read", "shard": "h1_val__shard_00004.h5ad", "training_cells": 2906}
{"t": 1851.2, "utc": "2026-10-02T16:09:20.529865+00:00", "msg": "second read", "shard": "h1_val__shard_00005.h5ad", "training_cells": 2873}
{"t": 1854.9, "utc": "2026-10-02T16:09:24.215381+00:00", "msg": "second read", "shard": "h1_val__shard_00006.h5ad", "training_cells": 2978}
{"t": 1856.6, "utc": "2026-10-02T16:09:25.930662+00:00", "msg": "second read", "shard": "h1_val__shard_00007.h5ad", "training_cells": 2935}
{"t": 1860.2, "utc": "2026-10-02T16:09:29.529467+00:00", "msg": "second read", "shard": "h1_val__shard_00008.h5ad", "training_cells": 2969}
{"t": 1862.4, "utc": "2026-10-02T16:09:31.720248+00:00", "msg": "second read", "shard": "h1_val__shard_00009.h5ad", "training_cells": 2884}
{"t": 1867.1, "utc": "2026-10-02T16:09:36.381492+00:00", "msg": "second read", "shard": "h1_val__shard_00010.h5ad", "training_cells": 2967}
{"t": 1868.9, "utc": "2026-10-02T16:09:38.232652+00:00", "msg": "second read", "shard": "h1_val__shard_00011.h5ad", "training_cells": 2917}
{"t": 1872.5, "utc": "2026-10-02T16:09:41.793425+00:00", "msg": "second read", "shard": "h1_val__shard_00012.h5ad", "training_cells": 2978}
{"t": 1873.6, "utc": "2026-10-02T16:09:42.896752+00:00", "msg": "second read", "shard": "h1_val__shard_00013.h5ad", "training_cells": 2925}
{"t": 1877.3, "utc": "2026-10-02T16:09:46.575660+00:00", "msg": "second read", "shard": "h1_val__shard_00014.h5ad", "training_cells": 2934}
{"t": 1879.6, "utc": "2026-10-02T16:09:48.921735+00:00", "msg": "second read", "shard": "h1_val__shard_00015.h5ad", "training_cells": 2995}
{"t": 1882.9, "utc": "2026-10-02T16:09:52.184879+00:00", "msg": "second read", "shard": "h1_val__shard_00016.h5ad", "training_cells": 2938}
{"t": 1884.2, "utc": "2026-10-02T16:09:53.532115+00:00", "msg": "second read", "shard": "h1_val__shard_00017.h5ad", "training_cells": 2986}
{"t": 1887.7, "utc": "2026-10-02T16:09:56.981486+00:00", "msg": "second read", "shard": "h1_val__shard_00018.h5ad", "training_cells": 2956}
{"t": 1888.6, "utc": "2026-10-02T16:09:57.933030+00:00", "msg": "second read", "shard": "h1_val__shard_00019.h5ad", "training_cells": 2326}
{"t": 1908.9, "utc": "2026-10-02T16:10:18.195800+00:00", "msg": "second read", "shard": "hipsci_gw_fitness__shard_00000.h5ad", "training_cells": 0}
{"t": 1909.9, "utc": "2026-10-02T16:10:19.204217+00:00", "msg": "second read", "shard": "hipsci_gw_fitness__shard_00001.h5ad", "training_cells": 0}
{"t": 1911.1, "utc": "2026-10-02T16:10:20.436089+00:00", "msg": "second read", "shard": "hipsci_gw_fitness__shard_00002.h5ad", "training_cells": 0}
{"t": 1912.1, "utc": "2026-10-02T16:10:21.474636+00:00", "msg": "second read", "shard": "hipsci_gw_fitness__shard_00003.h5ad", "training_cells": 0}
{"t": 1930.0, "utc": "2026-10-02T16:10:39.303031+00:00", "msg": "second read", "shard": "hipsci_gw_fitness__shard_00004.h5ad", "training_cells": 0}
{"t": 1931.2, "utc": "2026-10-02T16:10:40.567850+00:00", "msg": "second read", "shard": "hipsci_gw_fitness__shard_00005.h5ad", "training_cells": 0}
{"t": 1934.2, "utc": "2026-10-02T16:10:43.547482+00:00", "msg": "second read", "shard": "hipsci_gw_fitness__shard_00006.h5ad", "training_cells": 0}
{"t": 1935.3, "utc": "2026-10-02T16:10:44.590856+00:00", "msg": "second read", "shard": "hipsci_gw_fitness__shard_00007.h5ad", "training_cells": 0}
{"t": 1954.1, "utc": "2026-10-02T16:11:03.381853+00:00", "msg": "second read", "shard": "hipsci_gw_fitness__shard_00008.h5ad", "training_cells": 0}
{"t": 1956.4, "utc": "2026-10-02T16:11:05.687621+00:00", "msg": "second read", "shard": "hipsci_gw_fitness__shard_00009.h5ad", "training_cells": 0}
{"t": 1957.8, "utc": "2026-10-02T16:11:07.086488+00:00", "msg": "second read", "shard": "hipsci_gw_fitness__shard_00010.h5ad", "training_cells": 0}
{"t": 1960.3, "utc": "2026-10-02T16:11:09.648004+00:00", "msg": "second read", "shard": "hipsci_gw_fitness__shard_00011.h5ad", "training_cells": 0}
{"t": 1981.2, "utc": "2026-10-02T16:11:30.529023+00:00", "msg": "second read", "shard": "hipsci_gw_fitness__shard_00012.h5ad", "training_cells": 0}
{"t": 1986.1, "utc": "2026-10-02T16:11:35.433996+00:00", "msg": "second read", "shard": "hipsci_gw_fitness__shard_00013.h5ad", "training_cells": 0}
{"t": 1986.1, "utc": "2026-10-02T16:11:35.434213+00:00", "msg": "second read", "shard": "hipsci_gw_fitness__shard_00014.h5ad", "training_cells": 0}
{"t": 1986.1, "utc": "2026-10-02T16:11:35.434480+00:00", "msg": "second read", "shard": "hipsci_gw_fitness__shard_00015.h5ad", "training_cells": 0}
{"t": 1986.1, "utc": "2026-10-02T16:11:35.434711+00:00", "msg": "second read", "shard": "hipsci_gw_fitness__shard_00016.h5ad", "training_cells": 0}
{"t": 2004.2, "utc": "2026-10-02T16:11:53.478795+00:00", "msg": "second read", "shard": "hipsci_gw_nonfitness__shard_00000.h5ad", "training_cells": 0}
{"t": 2007.3, "utc": "2026-10-02T16:11:56.590532+00:00", "msg": "second read", "shard": "hipsci_gw_nonfitness__shard_00001.h5ad", "training_cells": 0}
{"t": 2008.0, "utc": "2026-10-02T16:11:57.315009+00:00", "msg": "second read", "shard": "hipsci_gw_nonfitness__shard_00002.h5ad", "training_cells": 0}
{"t": 2008.0, "utc": "2026-10-02T16:11:57.315320+00:00", "msg": "second read", "shard": "hipsci_gw_nonfitness__shard_00003.h5ad", "training_cells": 0}
{"t": 2024.4, "utc": "2026-10-02T16:12:13.755482+00:00", "msg": "second read", "shard": "hipsci_gw_nonfitness__shard_00004.h5ad", "training_cells": 0}
{"t": 2028.8, "utc": "2026-10-02T16:12:18.127518+00:00", "msg": "second read", "shard": "hipsci_gw_nonfitness__shard_00005.h5ad", "training_cells": 0}
{"t": 2032.5, "utc": "2026-10-02T16:12:21.836048+00:00", "msg": "second read", "shard": "hipsci_gw_nonfitness__shard_00006.h5ad", "training_cells": 0}
{"t": 2036.7, "utc": "2026-10-02T16:12:26.002263+00:00", "msg": "second read", "shard": "hipsci_gw_nonfitness__shard_00007.h5ad", "training_cells": 0}
{"t": 2065.9, "utc": "2026-10-02T16:12:55.235503+00:00", "msg": "second read", "shard": "hipsci_gw_nonfitness__shard_00008.h5ad", "training_cells": 0}
{"t": 2067.0, "utc": "2026-10-02T16:12:56.359599+00:00", "msg": "second read", "shard": "hipsci_gw_nonfitness__shard_00009.h5ad", "training_cells": 0}
{"t": 2067.0, "utc": "2026-10-02T16:12:56.359839+00:00", "msg": "second read", "shard": "hipsci_gw_nonfitness__shard_00010.h5ad", "training_cells": 0}
{"t": 2067.0, "utc": "2026-10-02T16:12:56.359965+00:00", "msg": "second read", "shard": "hipsci_gw_nonfitness__shard_00011.h5ad", "training_cells": 0}
{"t": 2085.6, "utc": "2026-10-02T16:13:14.929376+00:00", "msg": "second read", "shard": "hipsci_gw_nonfitness__shard_00012.h5ad", "training_cells": 0}
{"t": 2089.9, "utc": "2026-10-02T16:13:19.252235+00:00", "msg": "second read", "shard": "hipsci_gw_nonfitness__shard_00013.h5ad", "training_cells": 0}
{"t": 2089.9, "utc": "2026-10-02T16:13:19.252541+00:00", "msg": "second read", "shard": "hipsci_gw_nonfitness__shard_00014.h5ad", "training_cells": 0}
{"t": 2090.8, "utc": "2026-10-02T16:13:20.092908+00:00", "msg": "second read", "shard": "hipsci_gw_nonfitness__shard_00015.h5ad", "training_cells": 0}
{"t": 2114.1, "utc": "2026-10-02T16:13:43.400963+00:00", "msg": "second read", "shard": "hipsci_gw_nonfitness__shard_00016.h5ad", "training_cells": 0}
{"t": 2118.1, "utc": "2026-10-02T16:13:47.465039+00:00", "msg": "second read", "shard": "hipsci_gw_nonfitness__shard_00017.h5ad", "training_cells": 0}
{"t": 2118.1, "utc": "2026-10-02T16:13:47.465180+00:00", "msg": "second read", "shard": "hipsci_gw_nonfitness__shard_00018.h5ad", "training_cells": 0}
{"t": 2118.1, "utc": "2026-10-02T16:13:47.465245+00:00", "msg": "second read", "shard": "hipsci_gw_nonfitness__shard_00019.h5ad", "training_cells": 0}
{"t": 2153.9, "utc": "2026-10-02T16:14:23.206935+00:00", "msg": "second read", "shard": "hipsci_targeted_19__shard_00000.h5ad", "training_cells": 10505}
{"t": 2155.0, "utc": "2026-10-02T16:14:24.333718+00:00", "msg": "second read", "shard": "hipsci_targeted_19__shard_00001.h5ad", "training_cells": 10006}
{"t": 2155.1, "utc": "2026-10-02T16:14:24.399595+00:00", "msg": "second read", "shard": "hipsci_targeted_19__shard_00002.h5ad", "training_cells": 10245}
{"t": 2155.1, "utc": "2026-10-02T16:14:24.461914+00:00", "msg": "second read", "shard": "hipsci_targeted_19__shard_00003.h5ad", "training_cells": 9652}
{"t": 2186.0, "utc": "2026-10-02T16:14:55.321630+00:00", "msg": "second read", "shard": "hipsci_targeted_19__shard_00004.h5ad", "training_cells": 9608}
{"t": 2187.6, "utc": "2026-10-02T16:14:56.879482+00:00", "msg": "second read", "shard": "hipsci_targeted_19__shard_00005.h5ad", "training_cells": 10765}
{"t": 2189.3, "utc": "2026-10-02T16:14:58.608195+00:00", "msg": "second read", "shard": "hipsci_targeted_19__shard_00006.h5ad", "training_cells": 10472}
{"t": 2189.3, "utc": "2026-10-02T16:14:58.673705+00:00", "msg": "second read", "shard": "hipsci_targeted_19__shard_00007.h5ad", "training_cells": 10687}
{"t": 2209.4, "utc": "2026-10-02T16:15:18.687009+00:00", "msg": "second read", "shard": "hipsci_targeted_19__shard_00008.h5ad", "training_cells": 10746}
{"t": 2213.0, "utc": "2026-10-02T16:15:22.284593+00:00", "msg": "second read", "shard": "hipsci_targeted_19__shard_00009.h5ad", "training_cells": 11221}
{"t": 2216.9, "utc": "2026-10-02T16:15:26.230545+00:00", "msg": "second read", "shard": "hipsci_targeted_19__shard_00010.h5ad", "training_cells": 10820}
{"t": 2217.3, "utc": "2026-10-02T16:15:26.599704+00:00", "msg": "second read", "shard": "hipsci_targeted_19__shard_00011.h5ad", "training_cells": 10498}
{"t": 2241.4, "utc": "2026-10-02T16:15:50.744225+00:00", "msg": "second read", "shard": "hipsci_targeted_19__shard_00012.h5ad", "training_cells": 11209}
{"t": 2241.5, "utc": "2026-10-02T16:15:50.830737+00:00", "msg": "second read", "shard": "hipsci_targeted_19__shard_00013.h5ad", "training_cells": 10947}
{"t": 2244.5, "utc": "2026-10-02T16:15:53.846293+00:00", "msg": "second read", "shard": "hipsci_targeted_19__shard_00014.h5ad", "training_cells": 10960}
{"t": 2245.4, "utc": "2026-10-02T16:15:54.737347+00:00", "msg": "second read", "shard": "hipsci_targeted_19__shard_00015.h5ad", "training_cells": 10509}
{"t": 2269.2, "utc": "2026-10-02T16:16:18.527023+00:00", "msg": "second read", "shard": "hipsci_targeted_19__shard_00016.h5ad", "training_cells": 10536}
{"t": 2269.7, "utc": "2026-10-02T16:16:19.011955+00:00", "msg": "second read", "shard": "hipsci_targeted_19__shard_00017.h5ad", "training_cells": 11695}
{"t": 2269.9, "utc": "2026-10-02T16:16:19.183953+00:00", "msg": "second read", "shard": "hipsci_targeted_19__shard_00018.h5ad", "training_cells": 10089}
{"t": 2270.0, "utc": "2026-10-02T16:16:19.330508+00:00", "msg": "second read", "shard": "hipsci_targeted_19__shard_00019.h5ad", "training_cells": 10060}
{"t": 2293.4, "utc": "2026-10-02T16:16:42.675694+00:00", "msg": "second read", "shard": "hipsci_targeted_19__shard_00020.h5ad", "training_cells": 10575}
{"t": 2296.5, "utc": "2026-10-02T16:16:45.778642+00:00", "msg": "second read", "shard": "hipsci_targeted_19__shard_00021.h5ad", "training_cells": 9752}
{"t": 2298.0, "utc": "2026-10-02T16:16:47.350631+00:00", "msg": "second read", "shard": "hipsci_targeted_19__shard_00022.h5ad", "training_cells": 10424}
{"t": 2298.1, "utc": "2026-10-02T16:16:47.460910+00:00", "msg": "second read", "shard": "hipsci_targeted_19__shard_00023.h5ad", "training_cells": 10508}
{"t": 2324.2, "utc": "2026-10-02T16:17:13.480926+00:00", "msg": "second read", "shard": "hipsci_targeted_19__shard_00024.h5ad", "training_cells": 10993}
{"t": 2325.6, "utc": "2026-10-02T16:17:14.939758+00:00", "msg": "second read", "shard": "hipsci_targeted_19__shard_00025.h5ad", "training_cells": 9726}
{"t": 2325.8, "utc": "2026-10-02T16:17:15.173423+00:00", "msg": "second read", "shard": "hipsci_targeted_19__shard_00026.h5ad", "training_cells": 9791}
{"t": 2326.0, "utc": "2026-10-02T16:17:15.344442+00:00", "msg": "second read", "shard": "hipsci_targeted_19__shard_00027.h5ad", "training_cells": 9679}
{"t": 2359.3, "utc": "2026-10-02T16:17:48.597341+00:00", "msg": "second read", "shard": "hipsci_targeted_19__shard_00028.h5ad", "training_cells": 10476}
{"t": 2361.3, "utc": "2026-10-02T16:17:50.663476+00:00", "msg": "second read", "shard": "hipsci_targeted_19__shard_00029.h5ad", "training_cells": 9375}
{"t": 2361.4, "utc": "2026-10-02T16:17:50.693577+00:00", "msg": "second read", "shard": "hipsci_targeted_19__shard_00030.h5ad", "training_cells": 8370}
{"t": 2361.4, "utc": "2026-10-02T16:17:50.729190+00:00", "msg": "second read", "shard": "hipsci_targeted_19__shard_00031.h5ad", "training_cells": 8673}
{"t": 2382.0, "utc": "2026-10-02T16:18:11.352234+00:00", "msg": "second read", "shard": "hipsci_targeted_19__shard_00032.h5ad", "training_cells": 8011}
{"t": 2386.9, "utc": "2026-10-02T16:18:16.194055+00:00", "msg": "second read", "shard": "hipsci_targeted_19__shard_00033.h5ad", "training_cells": 7970}
{"t": 2387.3, "utc": "2026-10-02T16:18:16.656188+00:00", "msg": "second read", "shard": "hipsci_targeted_19__shard_00034.h5ad", "training_cells": 8061}
{"t": 2387.4, "utc": "2026-10-02T16:18:16.703856+00:00", "msg": "second read", "shard": "hipsci_targeted_19__shard_00035.h5ad", "training_cells": 7779}
{"t": 2410.3, "utc": "2026-10-02T16:18:39.599269+00:00", "msg": "second read", "shard": "hipsci_targeted_19__shard_00036.h5ad", "training_cells": 7367}
{"t": 2415.3, "utc": "2026-10-02T16:18:44.657475+00:00", "msg": "second read", "shard": "hipsci_targeted_19__shard_00037.h5ad", "training_cells": 7809}
{"t": 2415.4, "utc": "2026-10-02T16:18:44.729347+00:00", "msg": "second read", "shard": "hipsci_targeted_19__shard_00038.h5ad", "training_cells": 8138}
{"t": 2416.0, "utc": "2026-10-02T16:18:45.358201+00:00", "msg": "second read", "shard": "hipsci_targeted_19__shard_00039.h5ad", "training_cells": 9465}
{"t": 2440.2, "utc": "2026-10-02T16:19:09.549410+00:00", "msg": "second read", "shard": "hipsci_targeted_19__shard_00040.h5ad", "training_cells": 9452}
{"t": 2441.5, "utc": "2026-10-02T16:19:10.795818+00:00", "msg": "second read", "shard": "hipsci_targeted_19__shard_00041.h5ad", "training_cells": 8662}
{"t": 2441.5, "utc": "2026-10-02T16:19:10.865888+00:00", "msg": "second read", "shard": "hipsci_targeted_19__shard_00042.h5ad", "training_cells": 9756}
{"t": 2446.3, "utc": "2026-10-02T16:19:15.649443+00:00", "msg": "second read", "shard": "hipsci_targeted_19__shard_00043.h5ad", "training_cells": 8724}
{"t": 2464.0, "utc": "2026-10-02T16:19:33.303375+00:00", "msg": "second read", "shard": "hipsci_targeted_19__shard_00044.h5ad", "training_cells": 9626}
{"t": 2467.9, "utc": "2026-10-02T16:19:37.193649+00:00", "msg": "second read", "shard": "hipsci_targeted_19__shard_00045.h5ad", "training_cells": 7869}
{"t": 2470.2, "utc": "2026-10-02T16:19:39.544200+00:00", "msg": "second read", "shard": "hipsci_targeted_19__shard_00046.h5ad", "training_cells": 8445}
{"t": 2470.4, "utc": "2026-10-02T16:19:39.757818+00:00", "msg": "second read", "shard": "hipsci_targeted_19__shard_00047.h5ad", "training_cells": 8660}
{"t": 2485.0, "utc": "2026-10-02T16:19:54.315415+00:00", "msg": "second read", "shard": "hipsci_targeted_19__shard_00048.h5ad", "training_cells": 8300}
{"t": 2493.8, "utc": "2026-10-02T16:20:03.120364+00:00", "msg": "second read", "shard": "hipsci_targeted_19__shard_00049.h5ad", "training_cells": 9547}
{"t": 2494.5, "utc": "2026-10-02T16:20:03.847309+00:00", "msg": "second read", "shard": "hipsci_targeted_19__shard_00050.h5ad", "training_cells": 8724}
{"t": 2494.6, "utc": "2026-10-02T16:20:03.949912+00:00", "msg": "second read", "shard": "hipsci_targeted_19__shard_00051.h5ad", "training_cells": 8808}
{"t": 2516.7, "utc": "2026-10-02T16:20:26.017516+00:00", "msg": "second read", "shard": "hipsci_targeted_19__shard_00052.h5ad", "training_cells": 10171}
{"t": 2522.9, "utc": "2026-10-02T16:20:32.179434+00:00", "msg": "second read", "shard": "hipsci_targeted_19__shard_00053.h5ad", "training_cells": 9182}
{"t": 2524.0, "utc": "2026-10-02T16:20:33.302809+00:00", "msg": "second read", "shard": "hipsci_targeted_19__shard_00054.h5ad", "training_cells": 10026}
{"t": 2524.1, "utc": "2026-10-02T16:20:33.401141+00:00", "msg": "second read", "shard": "hipsci_targeted_19__shard_00055.h5ad", "training_cells": 9296}
{"t": 2537.0, "utc": "2026-10-02T16:20:46.368239+00:00", "msg": "second read", "shard": "hipsci_targeted_19__shard_00056.h5ad", "training_cells": 9686}
{"t": 2545.9, "utc": "2026-10-02T16:20:55.203399+00:00", "msg": "second read", "shard": "hipsci_targeted_19__shard_00057.h5ad", "training_cells": 10413}
{"t": 2546.0, "utc": "2026-10-02T16:20:55.277915+00:00", "msg": "second read", "shard": "hipsci_targeted_19__shard_00058.h5ad", "training_cells": 1015}
{"t": 2563.3, "utc": "2026-10-02T16:21:12.614313+00:00", "msg": "prepass done", "state": "prepass.pkl", "sha256": "8dfa413c8613fa53b4bbfd96b7bec7e4877d689869e000ccaad55af3ac13628d", "bytes": 1375714890, "shards": 183, "cells": 2609698, "admitted_training_cells": 1056046, "evaluation_groups": 1021}
