[{"stream_name":"stdout","time":3.372715923,"data":"{\"cpus\": 4, \"ram_available\": 32642482176}\n"}
,{"stream_name":"stdout","time":22.33215206,"data":"{\"batches\": 1, \"cells\": 128, \"seconds\": 19}\n"}
,{"stream_name":"stdout","time":49.362584918,"data":"{\"batches\": 501, \"cells\": 63380, \"seconds\": 46}\n"}
,{"stream_name":"stdout","time":78.294127392,"data":"{\"batches\": 1001, \"cells\": 126518, \"seconds\": 75}\n"}
,{"stream_name":"stdout","time":107.01819704,"data":"{\"batches\": 1501, \"cells\": 189463, \"seconds\": 104}\n"}
,{"stream_name":"stdout","time":133.967024541,"data":"{\"batches\": 2001, \"cells\": 252584, \"seconds\": 131}\n"}
,{"stream_name":"stdout","time":161.850434563,"data":"{\"batches\": 2501, \"cells\": 315649, \"seconds\": 158}\n"}
,{"stream_name":"stdout","time":190.213802325,"data":"{\"batches\": 3001, \"cells\": 378630, \"seconds\": 187}\n"}
,{"stream_name":"stdout","time":217.108051391,"data":"{\"batches\": 3501, \"cells\": 441594, \"seconds\": 214}\n"}
,{"stream_name":"stdout","time":244.447581116,"data":"{\"batches\": 4001, \"cells\": 504745, \"seconds\": 241}\n"}
,{"stream_name":"stdout","time":271.75200238,"data":"{\"batches\": 4501, \"cells\": 567758, \"seconds\": 268}\n"}
,{"stream_name":"stdout","time":299.073911151,"data":"{\"batches\": 5001, \"cells\": 630874, \"seconds\": 296}\n"}
,{"stream_name":"stdout","time":311.484815458,"data":"{\"complete\": true, \"kind\": \"storage_reader_integration_only\", \"unit\": \"D1_Rest\", \"bank_sha256\": \"bc5d1b3a464e659922b4161f28f463f91cbc478618de2250bd08856402b553e4\", \"sample_sha256\": \"37a882ac2fa895358ba93c19d309872ecc0e70d5c28a2cb814f9d35a5aecff86\", \"population_rows\": 12091, \"sample_rows_covered\": 12092, \"control_cells_read\": 16252, \"bank_files_verified\": [\"mask.npz\", \"mean_proportion.npz\", \"rows.csv\", \"sampled_controls.npz\"], \"environment\": {\"cpus\": 4, \"ram_available\": 32642482176}, \"seconds\": 308, \"training_used\": false, \"gene_names_bound\": false, \"extended_training_ready\": false}\n"}
,{"stream_name":"stderr","time":315.175386152,"data":"/usr/local/lib/python3.13/dist-packages/mistune.py:435: SyntaxWarning: invalid escape sequence '\\|'\n"}
,{"stream_name":"stderr","time":315.175440492,"data":"  cells[i][c] = re.sub('\\\\\\\\\\|', '|', cell)\n"}
,{"stream_name":"stderr","time":315.693435858,"data":"/usr/local/lib/python3.13/dist-packages/nbconvert/filters/filter_links.py:36: SyntaxWarning: invalid escape sequence '\\_'\n"}
,{"stream_name":"stderr","time":315.693474468,"data":"  text = re.sub(r'_', '\\_', text) # Escape underscores in display text\n"}
,{"stream_name":"stderr","time":318.030089543,"data":"[NbConvertApp] Converting notebook __script__.ipynb to html\n"}
,{"stream_name":"stderr","time":319.449622145,"data":"[NbConvertApp] Writing 298934 bytes to __results__.html\n"}
]