job j07_replogle_ess_rpe1_r3 start 2026-09-30T21:01:25Z host=1b601ef68ff9 cpus=2
               total        used        free      shared  buff/cache   available
Mem:              12           1          10           0           0          11
overlay         108G   26G   82G  25% /
/content/drive/MyDrive/vcc2026/runs/rlab_setup_2026-09-30_r4/receipts/j07_replogle_ess_rpe1_r3/environment_manifest_colab.json: scorer ok, roundtrip ok, free RAM 12.09 GB
{"status": "PASS", "receipt": "/content/drive/MyDrive/vcc2026/runs/rlab_setup_2026-09-30_r4/receipts/j07_replogle_ess_rpe1_r3/preflight_runtime.json"}
Traceback (most recent call last):
  File "/content/work/rlab_j07_replogle_ess_rpe1_r3/code/reports/sorgenti/corpus_cellulare_2026-09-30/rlab_job.py", line 281, in <module>
    main()
    ~~~~^^
  File "/content/work/rlab_j07_replogle_ess_rpe1_r3/code/reports/sorgenti/corpus_cellulare_2026-09-30/rlab_job.py", line 267, in main
    units = [run_unit(u, spec, args, table, writer) for u in spec["units"]]
             ~~~~~~~~^^^^^^^^^^^^^^^^^^^^^^^^^^^^^^
  File "/content/work/rlab_j07_replogle_ess_rpe1_r3/code/reports/sorgenti/corpus_cellulare_2026-09-30/rlab_job.py", line 188, in run_unit
    for shard_name, x, obs, var, uns in fn(**kwargs):
                                        ~~^^^^^^^^^^
  File "/content/work/rlab_j07_replogle_ess_rpe1_r3/code/reports/sorgenti/corpus_cellulare_2026-09-30/adapters.py", line 146, in h5rows
    f = _h5_open(path)
  File "/content/work/rlab_j07_replogle_ess_rpe1_r3/code/reports/sorgenti/corpus_cellulare_2026-09-30/adapters.py", line 104, in _h5_open
    return h5py.File(io.BufferedReader(RangeFile(str(path), block=8 << 20), buffer_size=8 << 20), "r")
                                       ~~~~~~~~~^^^^^^^^^^^^^^^^^^^^^^^^^^
  File "/content/work/rlab_j07_replogle_ess_rpe1_r3/code/reports/sorgenti/corpus_cellulare_2026-09-30/inspect_remote.py", line 32, in __init__
    with urllib.request.urlopen(req, timeout=60) as r:
         ~~~~~~~~~~~~~~~~~~~~~~^^^^^^^^^^^^^^^^^
  File "/usr/lib/python3.13/urllib/request.py", line 189, in urlopen
    return opener.open(url, data, timeout)
           ~~~~~~~~~~~^^^^^^^^^^^^^^^^^^^^
  File "/usr/lib/python3.13/urllib/request.py", line 495, in open
    response = meth(req, response)
  File "/usr/lib/python3.13/urllib/request.py", line 604, in http_response
    response = self.parent.error(
        'http', request, response, code, msg, hdrs)
  File "/usr/lib/python3.13/urllib/request.py", line 527, in error
    result = self._call_chain(*args)
  File "/usr/lib/python3.13/urllib/request.py", line 466, in _call_chain
    result = func(*args)
  File "/usr/lib/python3.13/urllib/request.py", line 720, in http_error_302
    return self.parent.open(new, timeout=req.timeout)
           ~~~~~~~~~~~~~~~~^^^^^^^^^^^^^^^^^^^^^^^^^^
  File "/usr/lib/python3.13/urllib/request.py", line 495, in open
    response = meth(req, response)
  File "/usr/lib/python3.13/urllib/request.py", line 604, in http_response
    response = self.parent.error(
        'http', request, response, code, msg, hdrs)
  File "/usr/lib/python3.13/urllib/request.py", line 533, in error
    return self._call_chain(*args)
           ~~~~~~~~~~~~~~~~^^^^^^^
  File "/usr/lib/python3.13/urllib/request.py", line 466, in _call_chain
    result = func(*args)
  File "/usr/lib/python3.13/urllib/request.py", line 613, in http_error_default
    raise HTTPError(req.full_url, code, msg, hdrs, fp)
urllib.error.HTTPError: HTTP Error 403: Forbidden
