job j07_replogle_ess_rpe1_r7 start 2026-09-30T22:50:33Z host=1b601ef68ff9 cpus=2
               total        used        free      shared  buff/cache   available
Mem:              12           1           2           0           9          11
overlay         108G   36G   73G  33% /
/content/drive/MyDrive/vcc2026/runs/rlab_setup_2026-09-30_r8/receipts/j07_replogle_ess_rpe1_r7/environment_manifest_colab.json: scorer ok, roundtrip ok, free RAM 12.46 GB
{"status": "PASS", "receipt": "/content/drive/MyDrive/vcc2026/runs/rlab_setup_2026-09-30_r8/receipts/j07_replogle_ess_rpe1_r7/preflight_runtime.json"}
k562_essential/shard_00000: 10000 cells, 37244440 nnz, 81734786 bytes, 77s
k562_essential/shard_00001: 10000 cells, 36954602 nnz, 81159093 bytes, 144s
k562_essential/shard_00002: 10000 cells, 36718750 nnz, 80714628 bytes, 213s
k562_essential/shard_00003: 10000 cells, 36512624 nnz, 80320053 bytes, 283s
k562_essential/shard_00004: 10000 cells, 36082463 nnz, 79527255 bytes, 350s
k562_essential/shard_00005: 10000 cells, 36355632 nnz, 80043063 bytes, 416s
k562_essential/shard_00006: 10000 cells, 36272952 nnz, 79869628 bytes, 483s
k562_essential/shard_00007: 10000 cells, 36895103 nnz, 81043054 bytes, 552s
k562_essential/shard_00008: 10000 cells, 36727124 nnz, 80689476 bytes, 620s
k562_essential/shard_00009: 10000 cells, 36816085 nnz, 80888467 bytes, 689s
k562_essential/shard_00010: 10000 cells, 36327709 nnz, 79958373 bytes, 757s
k562_essential/shard_00011: 10000 cells, 36132328 nnz, 79616517 bytes, 822s
k562_essential/shard_00012: 10000 cells, 35145476 nnz, 77724844 bytes, 888s
k562_essential/shard_00013: 10000 cells, 36235319 nnz, 79800768 bytes, 953s
k562_essential/shard_00014: 10000 cells, 36008108 nnz, 79359794 bytes, 1022s
k562_essential/shard_00015: 10000 cells, 36750574 nnz, 80794834 bytes, 1088s
k562_essential/shard_00016: 10000 cells, 36447961 nnz, 80216178 bytes, 1156s
k562_essential/shard_00017: 10000 cells, 35740465 nnz, 78873218 bytes, 1222s
k562_essential/shard_00018: 10000 cells, 35909824 nnz, 79228343 bytes, 1290s
k562_essential/shard_00019: 10000 cells, 35969364 nnz, 79314501 bytes, 1355s
k562_essential/shard_00020: 10000 cells, 34369286 nnz, 76257001 bytes, 1421s
k562_essential/shard_00021: 10000 cells, 35407386 nnz, 78262414 bytes, 1488s
k562_essential/shard_00022: 10000 cells, 36549945 nnz, 80394007 bytes, 1556s
k562_essential/shard_00023: 10000 cells, 36292918 nnz, 79913803 bytes, 1621s
k562_essential/shard_00024: 10000 cells, 36563618 nnz, 80403890 bytes, 1690s
k562_essential/shard_00025: 10000 cells, 35299208 nnz, 78007813 bytes, 1758s
k562_essential/shard_00026: 10000 cells, 35586556 nnz, 78556338 bytes, 1825s
k562_essential/shard_00027: 10000 cells, 35974213 nnz, 79346918 bytes, 1892s
k562_essential/shard_00028: 10000 cells, 35432681 nnz, 78363347 bytes, 1958s
k562_essential/shard_00029: 10000 cells, 36043061 nnz, 79394988 bytes, 2024s
k562_essential/shard_00030: 10000 cells, 35542294 nnz, 78497601 bytes, 2090s
k562_essential/shard_00031: 385 cells, 1373146 nnz, 4040903 bytes, 2094s
rpe1/shard_00000: 10000 cells, 35782178 nnz, 80124018 bytes, 75s
rpe1/shard_00001: 10000 cells, 35618060 nnz, 79752812 bytes, 144s
rpe1/shard_00002: 10000 cells, 35403600 nnz, 79380385 bytes, 212s
rpe1/shard_00003: 10000 cells, 34831605 nnz, 78241247 bytes, 278s
rpe1/shard_00004: 10000 cells, 35302571 nnz, 79135012 bytes, 345s
rpe1/shard_00005: 10000 cells, 35002256 nnz, 78560772 bytes, 413s
rpe1/shard_00006: 10000 cells, 35669658 nnz, 79901766 bytes, 481s
rpe1/shard_00007: 10000 cells, 35422758 nnz, 79386330 bytes, 547s
rpe1/shard_00008: 10000 cells, 35193016 nnz, 79004189 bytes, 616s
rpe1/shard_00009: 10000 cells, 34473799 nnz, 77578286 bytes, 685s
rpe1/shard_00010: 10000 cells, 34831839 nnz, 78220839 bytes, 753s
rpe1/shard_00011: 10000 cells, 34669934 nnz, 77935596 bytes, 819s
rpe1/shard_00012: 10000 cells, 35390831 nnz, 79377708 bytes, 887s
rpe1/shard_00013: 10000 cells, 35516113 nnz, 79598331 bytes, 955s
rpe1/shard_00014: 10000 cells, 34541083 nnz, 77680461 bytes, 1021s
rpe1/shard_00015: 10000 cells, 34939917 nnz, 78456999 bytes, 1091s
rpe1/shard_00016: 10000 cells, 33666448 nnz, 75972604 bytes, 1158s
rpe1/shard_00017: 10000 cells, 34774583 nnz, 78162269 bytes, 1225s
rpe1/shard_00018: 10000 cells, 35223289 nnz, 78997231 bytes, 1293s
rpe1/shard_00019: 10000 cells, 35478020 nnz, 79492351 bytes, 1361s
rpe1/shard_00020: 10000 cells, 33850644 nnz, 76332837 bytes, 1428s
rpe1/shard_00021: 10000 cells, 35086119 nnz, 78758740 bytes, 1493s
rpe1/shard_00022: 10000 cells, 34515839 nnz, 77712030 bytes, 1560s
rpe1/shard_00023: 10000 cells, 34798079 nnz, 78193088 bytes, 1628s
rpe1/shard_00024: 7914 cells, 27331401 nnz, 61986570 bytes, 1681s
complete
_essential__shard_00005.h5ad (76MB)
Starting upload for file k562_essential__shard_00006.h5ad
Upload successful: k562_essential__shard_00006.h5ad (76MB)
Starting upload for file k562_essential__shard_00026.h5ad
Upload successful: k562_essential__shard_00026.h5ad (75MB)
Starting upload for file k562_essential__shard_00022.h5ad
Upload successful: k562_essential__shard_00022.h5ad (77MB)
Starting upload for file k562_essential__shard_00009.h5ad
Upload successful: k562_essential__shard_00009.h5ad (77MB)
Starting upload for file k562_essential__shard_00007.h5ad
Upload successful: k562_essential__shard_00007.h5ad (77MB)
Starting upload for file k562_essential__shard_00024.h5ad
Upload successful: k562_essential__shard_00024.h5ad (77MB)
Starting upload for file k562_essential__shard_00020.h5ad
Upload successful: k562_essential__shard_00020.h5ad (73MB)
Starting upload for file k562_essential__shard_00027.h5ad
Upload successful: k562_essential__shard_00027.h5ad (76MB)
Starting upload for file k562_essential__shard_00008.h5ad
Upload successful: k562_essential__shard_00008.h5ad (77MB)
Starting upload for file k562_essential__shard_00002.h5ad
Upload successful: k562_essential__shard_00002.h5ad (77MB)
Starting upload for file k562_essential__shard_00028.h5ad
Upload successful: k562_essential__shard_00028.h5ad (75MB)
Starting upload for file k562_essential__shard_00000.h5ad
Upload successful: k562_essential__shard_00000.h5ad (78MB)
Starting upload for file k562_essential__shard_00003.h5ad
Upload successful: k562_essential__shard_00003.h5ad (77MB)
Starting upload for file k562_essential__shard_00014.h5ad
Upload successful: k562_essential__shard_00014.h5ad (76MB)
Starting upload for file complete.json
Upload successful: complete.json (511B)
Starting upload for file k562_essential__shard_00011.h5ad
Upload successful: k562_essential__shard_00011.h5ad (76MB)
Your private Dataset is being created. Please check progress at https://www.kaggle.com/datasets/davidmaisterx/rlab-k562-essential
 60%|█████▉    | 44.8M/74.7M [00:00<00:00, 116MB/s]
 76%|███████▌  | 56.6M/74.7M [00:00<00:00, 119MB/s]
 91%|█████████▏| 68.3M/74.7M [00:00<00:00, 116MB/s]
100%|██████████| 74.7M/74.7M [00:01<00:00, 73.7MB/s]

  0%|          | 0.00/77.9M [00:00<?, ?B/s]
 11%|█         | 8.25M/77.9M [00:00<00:00, 86.5MB/s]
 26%|██▌       | 20.4M/77.9M [00:00<00:00, 110MB/s] 
 41%|████      | 32.0M/77.9M [00:00<00:00, 113MB/s]
 56%|█████▌    | 43.5M/77.9M [00:00<00:00, 114MB/s]
 70%|██████▉   | 54.3M/77.9M [00:00<00:00, 96.4MB/s]
 83%|████████▎ | 64.4M/77.9M [00:00<00:00, 99.0MB/s]
 95%|█████████▌| 74.1M/77.9M [00:00<00:00, 88.7MB/s]
100%|██████████| 77.9M/77.9M [00:01<00:00, 61.6MB/s]

  0%|          | 0.00/76.6M [00:00<?, ?B/s]
 13%|█▎        | 10.2M/76.6M [00:00<00:00, 101MB/s]
 30%|██▉       | 22.7M/76.6M [00:00<00:00, 119MB/s]
 45%|████▍     | 34.1M/76.6M [00:00<00:00, 119MB/s]
 59%|█████▉    | 45.5M/76.6M [00:00<00:00, 119MB/s]
 74%|███████▍  | 57.0M/76.6M [00:00<00:00, 119MB/s]
 89%|████████▉ | 68.4M/76.6M [00:00<00:00, 117MB/s]
100%|██████████| 76.6M/76.6M [00:01<00:00, 72.4MB/s]

  0%|          | 0.00/75.7M [00:00<?, ?B/s]
 13%|█▎        | 9.72M/75.7M [00:00<00:00, 102MB/s]
 28%|██▊       | 21.4M/75.7M [00:00<00:00, 112MB/s]
 43%|████▎     | 32.8M/75.7M [00:00<00:00, 114MB/s]
 59%|█████▉    | 44.9M/75.7M [00:00<00:00, 116MB/s]
 75%|███████▍  | 56.5M/75.7M [00:00<00:00, 118MB/s]
 89%|████████▉ | 67.7M/75.7M [00:00<00:00, 69.7MB/s]
100%|██████████| 75.7M/75.7M [00:01<00:00, 64.6MB/s]

  0%|          | 0.00/511 [00:00<?, ?B/s]
100%|██████████| 511/511 [00:00<00:00, 1.92kB/s]

  0%|          | 0.00/75.9M [00:00<?, ?B/s]
 12%|█▏        | 8.80M/75.9M [00:00<00:00, 89.1MB/s]
 28%|██▊       | 21.6M/75.9M [00:00<00:00, 111MB/s] 
 43%|████▎     | 32.8M/75.9M [00:00<00:00, 113MB/s]
 58%|█████▊    | 44.1M/75.9M [00:00<00:00, 116MB/s]
 73%|███████▎  | 55.5M/75.9M [00:00<00:00, 116MB/s]
 88%|████████▊ | 66.7M/75.9M [00:00<00:00, 116MB/s]
100%|██████████| 75.9M/75.9M [00:00<00:00, 82.4MB/s]

davidmaisterx/rlab-k562-essential: Warning: Looks like you're using an outdated `kaggle` version (installed: 2.0.2), please consider upgrading to the latest version (2.2.2)
ready; 32 shards
ing upload for file rpe1__shard_00017.h5ad
Upload successful: rpe1__shard_00017.h5ad (75MB)
Starting upload for file rpe1__shard_00020.h5ad
Upload successful: rpe1__shard_00020.h5ad (73MB)
Starting upload for file rpe1__shard_00003.h5ad
Upload successful: rpe1__shard_00003.h5ad (75MB)
Starting upload for file rpe1__shard_00024.h5ad
Upload successful: rpe1__shard_00024.h5ad (59MB)
Starting upload for file files.json
Upload successful: files.json (4KB)
Starting upload for file rpe1__shard_00023.h5ad
Upload successful: rpe1__shard_00023.h5ad (75MB)
Starting upload for file rpe1__shard_00009.h5ad
Upload successful: rpe1__shard_00009.h5ad (74MB)
Starting upload for file rpe1__shard_00001.h5ad
Upload successful: rpe1__shard_00001.h5ad (76MB)
Starting upload for file rpe1__shard_00002.h5ad
Upload successful: rpe1__shard_00002.h5ad (76MB)
Starting upload for file rpe1__shard_00012.h5ad
Upload successful: rpe1__shard_00012.h5ad (76MB)
Starting upload for file rpe1__receipts.json
Upload successful: rpe1__receipts.json (15KB)
Starting upload for file rpe1__shard_00016.h5ad
Upload successful: rpe1__shard_00016.h5ad (72MB)
Starting upload for file rpe1__shard_00015.h5ad
Upload successful: rpe1__shard_00015.h5ad (75MB)
Starting upload for file rpe1__shard_00004.h5ad
Upload successful: rpe1__shard_00004.h5ad (75MB)
Starting upload for file rpe1__shard_00022.h5ad
Upload successful: rpe1__shard_00022.h5ad (74MB)
Starting upload for file rpe1__shard_00013.h5ad
Upload successful: rpe1__shard_00013.h5ad (76MB)
Starting upload for file rpe1__shard_00021.h5ad
Upload successful: rpe1__shard_00021.h5ad (75MB)
Starting upload for file rpe1__shard_00005.h5ad
Upload successful: rpe1__shard_00005.h5ad (75MB)
Starting upload for file complete.json
Upload successful: complete.json (511B)
Starting upload for file rpe1__manifest.json
Upload successful: rpe1__manifest.json (12KB)
Your private Dataset is being created. Please check progress at https://www.kaggle.com/datasets/davidmaisterx/rlab-rpe1
 115MB/s]
 74%|███████▎  | 55.5M/75.5M [00:00<00:00, 113MB/s]
 91%|█████████ | 68.7M/75.5M [00:00<00:00, 121MB/s]
100%|██████████| 75.5M/75.5M [00:00<00:00, 81.0MB/s]

  0%|          | 0.00/74.1M [00:00<?, ?B/s]
 10%|█         | 7.58M/74.1M [00:00<00:00, 77.6MB/s]
 26%|██▌       | 19.2M/74.1M [00:00<00:00, 103MB/s] 
 41%|████▏     | 30.6M/74.1M [00:00<00:00, 111MB/s]
 57%|█████▋    | 42.3M/74.1M [00:00<00:00, 115MB/s]
 73%|███████▎  | 53.9M/74.1M [00:00<00:00, 117MB/s]
 88%|████████▊ | 65.5M/74.1M [00:00<00:00, 118MB/s]
100%|██████████| 74.1M/74.1M [00:01<00:00, 71.4MB/s]

  0%|          | 0.00/75.9M [00:00<?, ?B/s]
 13%|█▎        | 9.86M/75.9M [00:00<00:00, 103MB/s]
 28%|██▊       | 21.6M/75.9M [00:00<00:00, 115MB/s]
 44%|████▍     | 33.4M/75.9M [00:00<00:00, 117MB/s]
 60%|██████    | 45.6M/75.9M [00:00<00:00, 117MB/s]
 76%|███████▌  | 57.8M/75.9M [00:00<00:00, 117MB/s]
 92%|█████████▏| 70.1M/75.9M [00:00<00:00, 117MB/s]
100%|██████████| 75.9M/75.9M [00:00<00:00, 85.6MB/s]

  0%|          | 0.00/75.1M [00:00<?, ?B/s]
 13%|█▎        | 9.98M/75.1M [00:00<00:00, 105MB/s]
 29%|██▉       | 21.8M/75.1M [00:00<00:00, 114MB/s]
 44%|████▍     | 33.0M/75.1M [00:00<00:00, 115MB/s]
 61%|██████    | 45.5M/75.1M [00:00<00:00, 121MB/s]
 76%|███████▌  | 57.1M/75.1M [00:00<00:00, 116MB/s]
 91%|█████████ | 68.3M/75.1M [00:00<00:00, 116MB/s]
100%|██████████| 75.1M/75.1M [00:01<00:00, 71.5MB/s]

  0%|          | 0.00/74.9M [00:00<?, ?B/s]
 13%|█▎        | 9.97M/74.9M [00:00<00:00, 98.9MB/s]
 31%|███       | 22.9M/74.9M [00:00<00:00, 120MB/s] 
 46%|████▌     | 34.3M/74.9M [00:00<00:00, 115MB/s]
 62%|██████▏   | 46.4M/74.9M [00:00<00:00, 115MB/s]
 77%|███████▋  | 58.0M/74.9M [00:00<00:00, 116MB/s]
 93%|█████████▎| 69.6M/74.9M [00:00<00:00, 118MB/s]
100%|██████████| 74.9M/74.9M [00:01<00:00, 69.3MB/s]

  0%|          | 0.00/511 [00:00<?, ?B/s]
100%|██████████| 511/511 [00:00<00:00, 1.66kB/s]

  0%|          | 0.00/12.0k [00:00<?, ?B/s]
100%|██████████| 12.0k/12.0k [00:00<00:00, 42.7kB/s]

davidmaisterx/rlab-rpe1: Warning: Looks like you're using an outdated `kaggle` version (installed: 2.0.2), please consider upgrading to the latest version (2.2.2)
ready; 25 shards
job j07_replogle_ess_rpe1_r7 end 2026-09-30T23:56:19Z
