2026-09-30T20:48:40 dispatcher up; queue = /content/drive/MyDrive/vcc2026/runs/queue2
2026-09-30T20:48:41 started 098_rlab_p03_hepg2_a_r1.sh pid=3986 code=﻿2026-09-27T17:13:52+02:00 head=c46dbad dirty_files=27
2026-09-30T20:48:41 started 099_rlab_p04_jurkat_gse249595_a_r1.sh pid=4001 code=﻿2026-09-27T17:13:52+02:00 head=c46dbad dirty_files=27
2026-09-30T20:50:41 finished 098_rlab_p03_hepg2_a_r1.sh rc=0
2026-09-30T20:50:42 started 100_rlab_j04_h1_trainval_r2.sh pid=4552 code=﻿2026-09-27T17:13:52+02:00 head=c46dbad dirty_files=27
2026-09-30T20:53:42 finished 099_rlab_p04_jurkat_gse249595_a_r1.sh rc=0
2026-09-30T20:53:43 started 101_rlab_j05_jurkat_nadig_r2.sh pid=5317 code=﻿2026-09-27T17:13:52+02:00 head=c46dbad dirty_files=27
2026-09-30T20:54:03 finished 101_rlab_j05_jurkat_nadig_r2.sh rc=1
2026-09-30T20:54:04 started 102_rlab_j07_replogle_ess_rpe1_r2.sh pid=5436 code=﻿2026-09-27T17:13:52+02:00 head=c46dbad dirty_files=27
2026-09-30T20:54:24 finished 102_rlab_j07_replogle_ess_rpe1_r2.sh rc=1
2026-09-30T20:58:44 alive; running=['100_rlab_j04_h1_trainval_r2.sh']; RAM used/total GiB 9/12
2026-09-30T21:00:04 started 103_rlab_j05_jurkat_nadig_r3.sh pid=6917 code=﻿2026-09-27T17:13:52+02:00 head=c46dbad dirty_files=27
2026-09-30T21:01:25 finished 100_rlab_j04_h1_trainval_r2.sh rc=137
2026-09-30T21:01:25 started 104_rlab_j07_replogle_ess_rpe1_r3.sh pid=7282 code=﻿2026-09-27T17:13:52+02:00 head=c46dbad dirty_files=27
2026-09-30T21:01:45 finished 104_rlab_j07_replogle_ess_rpe1_r3.sh rc=1
2026-09-30T21:08:45 alive; running=['103_rlab_j05_jurkat_nadig_r3.sh']; RAM used/total GiB 2/12
2026-09-30T21:14:06 started 105_rlab_j04_h1_trainval_r3.sh pid=10352 code=﻿2026-09-27T17:13:52+02:00 head=c46dbad dirty_files=27
2026-09-30T21:18:46 alive; running=['103_rlab_j05_jurkat_nadig_r3.sh', '105_rlab_j04_h1_trainval_r3.sh']; RAM used/total GiB 8/12
2026-09-30T21:23:26 finished 105_rlab_j04_h1_trainval_r3.sh rc=137
2026-09-30T21:23:27 started 106_rlab_j07_replogle_ess_rpe1_r4.sh pid=12626 code=﻿2026-09-27T17:13:52+02:00 head=c46dbad dirty_files=27
2026-09-30T21:26:47 finished 103_rlab_j05_jurkat_nadig_r3.sh rc=0
2026-09-30T21:28:47 alive; running=['106_rlab_j07_replogle_ess_rpe1_r4.sh']; RAM used/total GiB 2/12
2026-09-30T21:32:48 started 107_rlab_s01_stop_j07_r4.sh pid=14910 code=﻿2026-09-27T17:13:52+02:00 head=c46dbad dirty_files=27
2026-09-30T21:33:08 finished 106_rlab_j07_replogle_ess_rpe1_r4.sh rc=143
2026-09-30T21:33:09 started 108_rlab_j04_h1_trainval_r4.sh pid=15002 code=﻿2026-09-27T17:13:52+02:00 head=c46dbad dirty_files=27
2026-09-30T21:33:29 finished 107_rlab_s01_stop_j07_r4.sh rc=0
2026-09-30T21:33:29 started 109_rlab_j07_replogle_ess_rpe1_r5.sh pid=15129 code=﻿2026-09-27T17:13:52+02:00 head=c46dbad dirty_files=27
