trial          : trial-ext-profile (external_effects)
shape          : 300 perturbations x 400 cells x 3 contexts = 360,000 cells
pilot          : False
disk free      : 81.33 GiB (estimated need 4.19 GiB)
seed           : 20260912

  basal A: 18,400 cells, median UMI 20,109, median detected genes 6,147
  basal B: 18,400 cells, median UMI 19,946, median detected genes 5,756
  basal C: 18,400 cells, median UMI 20,034, median detected genes 6,006
  dispersion A: 13,454 genes overdispersed, median phi 0.165
  dispersion B: 12,962 genes overdispersed, median phi 0.135
  dispersion C: 12,187 genes overdispersed, median phi 0.083
effects A      : C:\Users\39346\vcc2026-data\processed\effects_rete_ponte_2026-10-09\effects_A.npz (13,425 genes observed)
effects B      : C:\Users\39346\vcc2026-data\processed\effects_rete_ponte_2026-10-09\effects_B.npz (13,425 genes observed)
effects C      : C:\Users\39346\vcc2026-data\processed\effects_rete_ponte_2026-10-09\effects_C.npz (13,425 genes observed)
    A 1/300 (1s)
    A 26/300 (25s)
    A 51/300 (51s)
    A 76/300 (79s)
    A 101/300 (105s)
    A 126/300 (130s)
    A 151/300 (156s)
    A 176/300 (181s)
    A 201/300 (206s)
    A 226/300 (231s)
    A 251/300 (255s)
    A 276/300 (280s)
    B 1/300 (304s)
    B 26/300 (327s)
    B 51/300 (350s)
    B 76/300 (373s)
    B 101/300 (396s)
    B 126/300 (419s)
    B 151/300 (442s)
    B 176/300 (465s)
    B 201/300 (488s)
    B 226/300 (511s)
    B 251/300 (534s)
    B 276/300 (557s)
    C 1/300 (579s)
    C 26/300 (603s)
    C 51/300 (626s)
    C 76/300 (649s)
    C 101/300 (673s)
    C 126/300 (695s)
    C 151/300 (718s)
    C 176/300 (742s)
    C 201/300 (765s)
    C 226/300 (788s)
    C 251/300 (811s)
    C 276/300 (834s)

wrote prediction.h5ad: 360,000 cells, 2,083,648,590 stored values, 4015.3 MB
  stored per cell     : 5,788 (budget 13,194)
  context provenance  : OK
  runtime             : basal 10s, generation 856s, total 920s
  peak RSS            : 0.52 GiB
-> C:\Users\39346\vcc2026-data\artifacts\t39gen\prediction.h5ad
-> C:\Users\39346\vcc2026-data\artifacts\t39gen\generation_diagnostics.json
