[{"stream_name":"stderr","time":5.05458676,"data":"Traceback (most recent call last):\n"}
,{"stream_name":"stderr","time":5.05511568,"data":"  File \"/kaggle/src/script.py\", line 5, in \u003cmodule\u003e\n"}
,{"stream_name":"stderr","time":5.05512939,"data":"    runpy.run_path('/kaggle/working/driver.py',run_name='__main__')\n"}
,{"stream_name":"stderr","time":5.05513418,"data":"    ~~~~~~~~~~~~~~^^^^^^^^^^^^^^^^^^^^^^^^^^^^^^^^^^^^^^^^^^^^^^^^^\n"}
,{"stream_name":"stderr","time":5.0551378,"data":"  File \"\u003cfrozen runpy\u003e\", line 294, in run_path\n"}
,{"stream_name":"stderr","time":5.055141329,"data":"  File \"\u003cfrozen runpy\u003e\", line 98, in _run_module_code\n"}
,{"stream_name":"stderr","time":5.05514474,"data":"  File \"\u003cfrozen runpy\u003e\", line 88, in _run_code\n"}
,{"stream_name":"stderr","time":5.055147909,"data":"  File \"/kaggle/working/driver.py\", line 356, in \u003cmodule\u003e\n"}
,{"stream_name":"stderr","time":5.05515098,"data":"    main()\n"}
,{"stream_name":"stderr","time":5.05515366,"data":"    ~~~~^^\n"}
,{"stream_name":"stderr","time":5.055156209,"data":"  File \"/kaggle/working/driver.py\", line 239, in main\n"}
,{"stream_name":"stderr","time":5.05515902,"data":"    voted_cache, origin = _prepare_cache(cache, voted)\n"}
,{"stream_name":"stderr","time":5.055161629,"data":"                          ~~~~~~~~~~~~~~^^^^^^^^^^^^^^\n"}
,{"stream_name":"stderr","time":5.055164909,"data":"  File \"/kaggle/working/driver.py\", line 88, in _prepare_cache\n"}
,{"stream_name":"stderr","time":5.055167829,"data":"    contract.require_table_arrays(name, keys, handle['shrunk'], handle['raw'], handle['se'], meta)\n"}
,{"stream_name":"stderr","time":5.05517108,"data":"    ~~~~~~~~~~~~~~~~~~~~~~~~~~~~~^^^^^^^^^^^^^^^^^^^^^^^^^^^^^^^^^^^^^^^^^^^^^^^^^^^^^^^^^^^^^^^^^\n"}
,{"stream_name":"stderr","time":5.05517456,"data":"  File \"/kaggle/working/generate_contract.py\", line 133, in require_table_arrays\n"}
,{"stream_name":"stderr","time":5.055178009,"data":"    raise ValueError(name + ' has a measured pair without a finite se')\n"}
,{"stream_name":"stderr","time":5.055181009,"data":"ValueError: kolf_chromatin has a measured pair without a finite se\n"}
,{"stream_name":"stderr","time":7.307483432,"data":"/usr/local/lib/python3.13/dist-packages/mistune.py:435: SyntaxWarning: invalid escape sequence '\\|'\n"}
,{"stream_name":"stderr","time":7.307521122,"data":"  cells[i][c] = re.sub('\\\\\\\\\\|', '|', cell)\n"}
,{"stream_name":"stderr","time":7.638108047,"data":"/usr/local/lib/python3.13/dist-packages/nbconvert/filters/filter_links.py:36: SyntaxWarning: invalid escape sequence '\\_'\n"}
,{"stream_name":"stderr","time":7.6381403070000005,"data":"  text = re.sub(r'_', '\\_', text) # Escape underscores in display text\n"}
,{"stream_name":"stderr","time":9.087603776,"data":"[NbConvertApp] Converting notebook __script__.ipynb to html\n"}
,{"stream_name":"stderr","time":10.08421743,"data":"[NbConvertApp] Writing 694543 bytes to __results__.html\n"}
]