[{"stream_name":"stdout","time":7.067003183,"data":"Collecting anndata==0.13.3.post0\n"}
,{"stream_name":"stdout","time":7.164355478,"data":"  Downloading anndata-0.13.3.post0-py3-none-any.whl.metadata (7.2 kB)\n"}
,{"stream_name":"stdout","time":7.197619008,"data":"Requirement already satisfied: zstandard==0.25.0 in /usr/local/lib/python3.13/dist-packages (0.25.0)\n"}
,{"stream_name":"stdout","time":7.270120011,"data":"Collecting array-api-compat\u003e=1.7.1 (from anndata==0.13.3.post0)\n"}
,{"stream_name":"stdout","time":7.299950575,"data":"  Downloading array_api_compat-1.15.0-py3-none-any.whl.metadata (1.4 kB)\n"}
,{"stream_name":"stdout","time":7.323904937,"data":"Requirement already satisfied: h5py\u003e=3.11 in /usr/local/lib/python3.13/dist-packages (from anndata==0.13.3.post0) (3.16.0)\n"}
,{"stream_name":"stdout","time":7.372431205,"data":"Collecting legacy-api-wrap (from anndata==0.13.3.post0)\n"}
,{"stream_name":"stdout","time":7.389775166,"data":"  Downloading legacy_api_wrap-1.5-py3-none-any.whl.metadata (2.2 kB)\n"}
,{"stream_name":"stdout","time":7.413315935,"data":"Requirement already satisfied: natsort in /usr/local/lib/python3.13/dist-packages (from anndata==0.13.3.post0) (8.4.0)\n"}
,{"stream_name":"stdout","time":7.421851771,"data":"Requirement already satisfied: numpy\u003e=2.1 in /usr/local/lib/python3.13/dist-packages (from anndata==0.13.3.post0) (2.1.3)\n"}
,{"stream_name":"stdout","time":7.42356302,"data":"Requirement already satisfied: packaging\u003e=24.2 in /usr/local/lib/python3.13/dist-packages (from anndata==0.13.3.post0) (26.3)\n"}
,{"stream_name":"stdout","time":7.435706204,"data":"Requirement already satisfied: pandas\u003e=2.3 in /usr/local/lib/python3.13/dist-packages (from anndata==0.13.3.post0) (2.3.3)\n"}
,{"stream_name":"stdout","time":7.444263149,"data":"Requirement already satisfied: scipy!=1.17.0,\u003e=1.14 in /usr/local/lib/python3.13/dist-packages (from anndata==0.13.3.post0) (1.16.3)\n"}
,{"stream_name":"stdout","time":7.5096453499999996,"data":"Collecting scverse-misc\u003e=0.1.0 (from scverse-misc[settings]\u003e=0.1.0-\u003eanndata==0.13.3.post0)\n"}
,{"stream_name":"stdout","time":7.530254896,"data":"  Downloading scverse_misc-0.1.6-py3-none-any.whl.metadata (4.9 kB)\n"}
,{"stream_name":"stdout","time":7.560131842,"data":"Requirement already satisfied: typing-extensions\u003e=4.16 in /usr/local/lib/python3.13/dist-packages (from anndata==0.13.3.post0) (4.16.0)\n"}
,{"stream_name":"stdout","time":7.662257487,"data":"Collecting zarr\u003e=3.1 (from anndata==0.13.3.post0)\n"}
,{"stream_name":"stdout","time":7.679655208,"data":"  Downloading zarr-3.4.0-py3-none-any.whl.metadata (5.8 kB)\n"}
,{"stream_name":"stdout","time":7.754405928,"data":"Requirement already satisfied: python-dateutil\u003e=2.8.2 in /usr/local/lib/python3.13/dist-packages (from pandas\u003e=2.3-\u003eanndata==0.13.3.post0) (2.9.0.post0)\n"}
,{"stream_name":"stdout","time":7.757233211,"data":"Requirement already satisfied: pytz\u003e=2020.1 in /usr/local/lib/python3.13/dist-packages (from pandas\u003e=2.3-\u003eanndata==0.13.3.post0) (2025.2)\n"}
,{"stream_name":"stdout","time":7.758878575,"data":"Requirement already satisfied: tzdata\u003e=2022.7 in /usr/local/lib/python3.13/dist-packages (from pandas\u003e=2.3-\u003eanndata==0.13.3.post0) (2026.3)\n"}
,{"stream_name":"stdout","time":7.843700094,"data":"Collecting session-info2 (from scverse-misc\u003e=0.1.0-\u003escverse-misc[settings]\u003e=0.1.0-\u003eanndata==0.13.3.post0)\n"}
,{"stream_name":"stdout","time":7.872091351,"data":"  Downloading session_info2-0.4.2-py3-none-any.whl.metadata (2.4 kB)\n"}
,{"stream_name":"stdout","time":7.962866587,"data":"Collecting pydantic-settings (from scverse-misc[settings]\u003e=0.1.0-\u003eanndata==0.13.3.post0)\n"}
,{"stream_name":"stdout","time":7.979272935,"data":"  Downloading pydantic_settings-2.15.0-py3-none-any.whl.metadata (3.9 kB)\n"}
,{"stream_name":"stdout","time":8.012323688,"data":"Requirement already satisfied: python-dotenv in /usr/local/lib/python3.13/dist-packages (from scverse-misc[settings]\u003e=0.1.0-\u003eanndata==0.13.3.post0) (1.2.3)\n"}
,{"stream_name":"stdout","time":8.072034402,"data":"Collecting donfig\u003e=0.8 (from zarr\u003e=3.1-\u003eanndata==0.13.3.post0)\n"}
,{"stream_name":"stdout","time":8.089794431,"data":"  Downloading donfig-0.8.1.post1-py3-none-any.whl.metadata (5.0 kB)\n"}
,{"stream_name":"stdout","time":8.123083899,"data":"Requirement already satisfied: google-crc32c\u003e=1.5 in /usr/local/lib/python3.13/dist-packages (from zarr\u003e=3.1-\u003eanndata==0.13.3.post0) (1.8.0)\n"}
,{"stream_name":"stdout","time":8.352430371,"data":"Collecting msgspec\u003e=0.19 (from zarr\u003e=3.1-\u003eanndata==0.13.3.post0)\n"}
,{"stream_name":"stdout","time":8.373281783,"data":"  Downloading msgspec-0.22.0-cp313-cp313-manylinux2014_x86_64.manylinux_2_17_x86_64.manylinux_2_28_x86_64.whl.metadata (6.0 kB)\n"}
,{"stream_name":"stdout","time":8.571820972,"data":"Collecting numcodecs\u003e=0.14 (from zarr\u003e=3.1-\u003eanndata==0.13.3.post0)\n"}
,{"stream_name":"stdout","time":8.619879493,"data":"  Downloading numcodecs-0.17.0-cp313-cp313-manylinux2014_x86_64.manylinux_2_17_x86_64.manylinux_2_28_x86_64.whl.metadata (3.2 kB)\n"}
,{"stream_name":"stdout","time":8.656332151,"data":"Requirement already satisfied: pyyaml in /usr/local/lib/python3.13/dist-packages (from donfig\u003e=0.8-\u003ezarr\u003e=3.1-\u003eanndata==0.13.3.post0) (6.0.3)\n"}
,{"stream_name":"stdout","time":8.668587966,"data":"Requirement already satisfied: six\u003e=1.5 in /usr/local/lib/python3.13/dist-packages (from python-dateutil\u003e=2.8.2-\u003epandas\u003e=2.3-\u003eanndata==0.13.3.post0) (1.17.0)\n"}
,{"stream_name":"stdout","time":8.678146136,"data":"Requirement already satisfied: pydantic\u003e=2.7.0 in /usr/local/lib/python3.13/dist-packages (from pydantic-settings-\u003escverse-misc[settings]\u003e=0.1.0-\u003eanndata==0.13.3.post0) (2.13.5)\n"}
,{"stream_name":"stdout","time":8.680631267999999,"data":"Requirement already satisfied: typing-inspection\u003e=0.4.0 in /usr/local/lib/python3.13/dist-packages (from pydantic-settings-\u003escverse-misc[settings]\u003e=0.1.0-\u003eanndata==0.13.3.post0) (0.4.4)\n"}
,{"stream_name":"stdout","time":8.689029927,"data":"Requirement already satisfied: annotated-types\u003e=0.6.0 in /usr/local/lib/python3.13/dist-packages (from pydantic\u003e=2.7.0-\u003epydantic-settings-\u003escverse-misc[settings]\u003e=0.1.0-\u003eanndata==0.13.3.post0) (0.8.0)\n"}
,{"stream_name":"stdout","time":8.690578626,"data":"Requirement already satisfied: pydantic-core==2.46.5 in /usr/local/lib/python3.13/dist-packages (from pydantic\u003e=2.7.0-\u003epydantic-settings-\u003escverse-misc[settings]\u003e=0.1.0-\u003eanndata==0.13.3.post0) (2.46.5)\n"}
,{"stream_name":"stdout","time":8.720290147,"data":"Downloading anndata-0.13.3.post0-py3-none-any.whl (188 kB)\n"}
,{"stream_name":"stdout","time":8.780709841,"data":"   ━━━━━━━━━━━━━━━━━━━━━━━━━━━━━━━━━━━━━━━━ 188.8/188.8 kB 3.2 MB/s eta 0:00:00\n"}
,{"stream_name":"stdout","time":8.796939522,"data":"Downloading array_api_compat-1.15.0-py3-none-any.whl (79 kB)\n"}
,{"stream_name":"stdout","time":8.826753449,"data":"   ━━━━━━━━━━━━━━━━━━━━━━━━━━━━━━━━━━━━━━━━ 79.1/79.1 kB 2.6 MB/s eta 0:00:00\n"}
,{"stream_name":"stdout","time":8.843020108,"data":"Downloading scverse_misc-0.1.6-py3-none-any.whl (28 kB)\n"}
,{"stream_name":"stdout","time":8.888059739,"data":"Downloading zarr-3.4.0-py3-none-any.whl (376 kB)\n"}
,{"stream_name":"stdout","time":8.938785732,"data":"   ━━━━━━━━━━━━━━━━━━━━━━━━━━━━━━━━━━━━━━━━ 376.9/376.9 kB 7.7 MB/s eta 0:00:00\n"}
,{"stream_name":"stdout","time":8.954710899,"data":"Downloading legacy_api_wrap-1.5-py3-none-any.whl (10 kB)\n"}
,{"stream_name":"stdout","time":8.997598274,"data":"Downloading donfig-0.8.1.post1-py3-none-any.whl (21 kB)\n"}
,{"stream_name":"stdout","time":9.041026959,"data":"Downloading msgspec-0.22.0-cp313-cp313-manylinux2014_x86_64.manylinux_2_17_x86_64.manylinux_2_28_x86_64.whl (230 kB)\n"}
,{"stream_name":"stdout","time":9.074269079,"data":"   ━━━━━━━━━━━━━━━━━━━━━━━━━━━━━━━━━━━━━━━━ 230.5/230.5 kB 7.4 MB/s eta 0:00:00\n"}
,{"stream_name":"stdout","time":9.091506913,"data":"Downloading numcodecs-0.17.0-cp313-cp313-manylinux2014_x86_64.manylinux_2_17_x86_64.manylinux_2_28_x86_64.whl (1.4 MB)\n"}
,{"stream_name":"stdout","time":9.143429024,"data":"   ━━━━━━━━━━━━━━━━━━━━━━━━━━━━━━━━━━━━━━━━ 1.4/1.4 MB 29.3 MB/s eta 0:00:00\n"}
,{"stream_name":"stdout","time":9.159598133,"data":"Downloading pydantic_settings-2.15.0-py3-none-any.whl (69 kB)\n"}
,{"stream_name":"stdout","time":9.197602748,"data":"   ━━━━━━━━━━━━━━━━━━━━━━━━━━━━━━━━━━━━━━━━ 69.4/69.4 kB 1.7 MB/s eta 0:00:00\n"}
,{"stream_name":"stdout","time":9.213327253,"data":"Downloading session_info2-0.4.2-py3-none-any.whl (17 kB)\n"}
,{"stream_name":"stdout","time":11.831254215,"data":"Installing collected packages: session-info2, numcodecs, msgspec, legacy-api-wrap, donfig, array-api-compat, zarr, scverse-misc, pydantic-settings, anndata\n"}
,{"stream_name":"stdout","time":13.032278088,"data":"Successfully installed anndata-0.13.3.post0 array-api-compat-1.15.0 donfig-0.8.1.post1 legacy-api-wrap-1.5 msgspec-0.22.0 numcodecs-0.17.0 pydantic-settings-2.15.0 scverse-misc-0.1.6 session-info2-0.4.2 zarr-3.4.0\n"}
,{"stream_name":"stdout","time":39.454990794,"data":"[21:31:02] cache targets NOT verified: 300/300 panel targets in the recipe's tables\n"}
,{"stream_name":"stdout","time":39.584518015,"data":"[21:31:02] cis prior (ln, median by bin, panel targets excluded): 0:-0.332 1000:-0.231 2000:-0.109 5000:-0.087 10000:-0.036\n"}
,{"stream_name":"stdout","time":44.034634887,"data":"[21:31:06] A: cis head on 78 pairs of 77 targets\n"}
,{"stream_name":"stdout","time":46.290270341,"data":"[21:31:08] A: 300/300 targets, median 14964 genes moved, median q99 |ln fc| 0.565\n"}
,{"stream_name":"stdout","time":50.667601183,"data":"[21:31:13] B: cis head on 78 pairs of 77 targets\n"}
,{"stream_name":"stdout","time":52.930168571,"data":"[21:31:15] B: 300/300 targets, median 14964 genes moved, median q99 |ln fc| 0.565\n"}
,{"stream_name":"stdout","time":57.355181604,"data":"[21:31:20] C: cis head on 78 pairs of 77 targets\n"}
,{"stream_name":"stdout","time":59.543887688,"data":"[21:31:22] C: 300/300 targets, median 14964 genes moved, median q99 |ln fc| 0.565\n"}
,{"stream_name":"stdout","time":60.306717266,"data":"[21:31:22] wrote /kaggle/temp/stage100\n"}
,{"stream_name":"stdout","time":60.338743679,"data":"trial          : trial-ext-profile (external_effects)\n"}
,{"stream_name":"stdout","time":60.338784251,"data":"shape          : 300 perturbations x 400 cells x 3 contexts = 360,000 cells\n"}
,{"stream_name":"stdout","time":60.338794062,"data":"pilot          : False\n"}
,{"stream_name":"stdout","time":60.33880127,"data":"disk free      : 1069.86 GiB (estimated need 4.19 GiB)\n"}
,{"stream_name":"stdout","time":60.338998978,"data":"seed           : 20260912\n"}
,{"stream_name":"stdout","time":60.339014681,"data":"\n"}
,{"stream_name":"stdout","time":67.149878118,"data":"  basal A: 18,400 cells, median UMI 20,109, median detected genes 6,147\n"}
,{"stream_name":"stdout","time":73.621799048,"data":"  basal B: 18,400 cells, median UMI 19,946, median detected genes 5,756\n"}
,{"stream_name":"stdout","time":80.397537008,"data":"  basal C: 18,400 cells, median UMI 20,034, median detected genes 6,006\n"}
,{"stream_name":"stdout","time":104.026327996,"data":"  dispersion A: 13,454 genes overdispersed, median phi 0.165\n"}
,{"stream_name":"stdout","time":126.15433675,"data":"  dispersion B: 12,962 genes overdispersed, median phi 0.135\n"}
,{"stream_name":"stdout","time":147.630822731,"data":"  dispersion C: 12,187 genes overdispersed, median phi 0.083\n"}
,{"stream_name":"stdout","time":147.936878759,"data":"effects A      : /kaggle/temp/stage100/effects_A.npz (15,450 genes observed)\n"}
,{"stream_name":"stdout","time":148.20183093,"data":"effects B      : /kaggle/temp/stage100/effects_B.npz (15,450 genes observed)\n"}
,{"stream_name":"stdout","time":148.452664035,"data":"effects C      : /kaggle/temp/stage100/effects_C.npz (15,450 genes observed)\n"}
,{"stream_name":"stdout","time":150.037861747,"data":"    A 1/300 (1s)\n"}
,{"stream_name":"stdout","time":191.574386383,"data":"    A 26/300 (43s)\n"}
,{"stream_name":"stdout","time":233.202730757,"data":"    A 51/300 (85s)\n"}
,{"stream_name":"stdout","time":274.558884225,"data":"    A 76/300 (126s)\n"}
,{"stream_name":"stdout","time":315.951949217,"data":"    A 101/300 (167s)\n"}
,{"stream_name":"stdout","time":357.336197009,"data":"    A 126/300 (209s)\n"}
,{"stream_name":"stdout","time":398.3502828,"data":"    A 151/300 (250s)\n"}
,{"stream_name":"stdout","time":439.370582893,"data":"    A 176/300 (291s)\n"}
,{"stream_name":"stdout","time":479.993371327,"data":"    A 201/300 (331s)\n"}
,{"stream_name":"stdout","time":521.055521822,"data":"    A 226/300 (372s)\n"}
,{"stream_name":"stdout","time":562.007290853,"data":"    A 251/300 (413s)\n"}
,{"stream_name":"stdout","time":602.714029171,"data":"    A 276/300 (454s)\n"}
,{"stream_name":"stdout","time":643.781556437,"data":"    B 1/300 (495s)\n"}
,{"stream_name":"stdout","time":682.577176458,"data":"    B 26/300 (534s)\n"}
,{"stream_name":"stdout","time":721.790145972,"data":"    B 51/300 (573s)\n"}
,{"stream_name":"stdout","time":760.555748733,"data":"    B 76/300 (612s)\n"}
,{"stream_name":"stdout","time":799.134225491,"data":"    B 101/300 (651s)\n"}
,{"stream_name":"stdout","time":838.329279111,"data":"    B 126/300 (690s)\n"}
,{"stream_name":"stdout","time":877.418109733,"data":"    B 151/300 (729s)\n"}
,{"stream_name":"stdout","time":916.179392009,"data":"    B 176/300 (768s)\n"}
,{"stream_name":"stdout","time":955.200133102,"data":"    B 201/300 (807s)\n"}
,{"stream_name":"stdout","time":994.442521442,"data":"    B 226/300 (846s)\n"}
,{"stream_name":"stdout","time":1033.397268389,"data":"    B 251/300 (885s)\n"}
,{"stream_name":"stdout","time":1072.39229939,"data":"    B 276/300 (924s)\n"}
,{"stream_name":"stdout","time":1111.096443364,"data":"    C 1/300 (962s)\n"}
,{"stream_name":"stdout","time":1150.083856508,"data":"    C 26/300 (1001s)\n"}
,{"stream_name":"stdout","time":1188.906822496,"data":"    C 51/300 (1040s)\n"}
,{"stream_name":"stdout","time":1228.379251705,"data":"    C 76/300 (1080s)\n"}
,{"stream_name":"stdout","time":1267.4882576,"data":"    C 101/300 (1119s)\n"}
,{"stream_name":"stdout","time":1306.337023108,"data":"    C 126/300 (1158s)\n"}
,{"stream_name":"stdout","time":1345.367332081,"data":"    C 151/300 (1197s)\n"}
,{"stream_name":"stdout","time":1384.066765465,"data":"    C 176/300 (1235s)\n"}
,{"stream_name":"stdout","time":1422.826332221,"data":"    C 201/300 (1274s)\n"}
,{"stream_name":"stdout","time":1462.14135941,"data":"    C 226/300 (1314s)\n"}
,{"stream_name":"stdout","time":1502.578244806,"data":"    C 251/300 (1354s)\n"}
,{"stream_name":"stdout","time":1542.433662045,"data":"    C 276/300 (1394s)\n"}
,{"stream_name":"stdout","time":1581.8315291,"data":"\n"}
,{"stream_name":"stdout","time":1581.831570619,"data":"wrote prediction.h5ad: 360,000 cells, 2,086,700,757 stored values, 4019.7 MB\n"}
,{"stream_name":"stdout","time":1581.831575844,"data":"  stored per cell     : 5,796 (budget 13,194)\n"}
,{"stream_name":"stdout","time":1581.831579484,"data":"  context provenance  : OK\n"}
,{"stream_name":"stdout","time":1581.831583129,"data":"  runtime             : basal 20s, generation 1432s, total 1521s\n"}
,{"stream_name":"stdout","time":1581.831586631,"data":"  peak RSS            : 0.75 GiB\n"}
,{"stream_name":"stdout","time":1581.831590337,"data":"-\u003e /kaggle/temp/stage45/prediction.h5ad\n"}
,{"stream_name":"stdout","time":1581.831594521,"data":"-\u003e /kaggle/temp/stage45/generation_diagnostics.json\n"}
,{"stream_name":"stdout","time":1581.899145841,"data":"input      : /kaggle/temp/stage45/prediction.h5ad\n"}
,{"stream_name":"stdout","time":1581.899183554,"data":"contexts   : A, B, C (from --contexts; the CLI's own are A, B, C)\n"}
,{"stream_name":"stdout","time":1581.899229659,"data":"hashing input (streamed) ...\n"}
,{"stream_name":"stdout","time":1599.135934717,"data":"  sha256   : 84f07e89c70d9710198bb0153a9f98b768bfb488f3638a3ed8007501fe1756c0  (17s)\n"}
,{"stream_name":"stdout","time":1599.144798741,"data":"layout     : 360,000 x 18,533, 2,086,700,757 stored entries\n"}
,{"stream_name":"stdout","time":1599.144840128,"data":"             data float32/gzip, indices int32, indptr int32\n"}
,{"stream_name":"stdout","time":1599.145026531,"data":"resources  : RAM 31.35 GiB total, 29.99 GiB available; disk 19.50 GiB free\n"}
,{"stream_name":"stdout","time":1599.145042068,"data":"             official vcc prep would peak at ~22.2 GiB; this stage streams instead\n"}
,{"stream_name":"stdout","time":1599.145048348,"data":"             estimated transient disk 9.03 GiB\n"}
,{"stream_name":"stdout","time":1599.145452361,"data":"\n"}
,{"stream_name":"stdout","time":1599.145478851,"data":"validating and packaging (streamed) ...\n"}
,{"stream_name":"stdout","time":2329.262387665,"data":"  PASS  var_names_unique\n"}
,{"stream_name":"stdout","time":2329.262632007,"data":"  PASS  gene_order_matches_list\n"}
,{"stream_name":"stdout","time":2329.262643845,"data":"  PASS  gene_dim_matches_expected\n"}
,{"stream_name":"stdout","time":2329.262649579,"data":"  PASS  has_cells\n"}
,{"stream_name":"stdout","time":2329.262655043,"data":"  PASS  cell_dim_within_cap\n"}
,{"stream_name":"stdout","time":2329.262659817,"data":"  PASS  pert_column_present\n"}
,{"stream_name":"stdout","time":2329.262665957,"data":"  PASS  no_control_rows\n"}
,{"stream_name":"stdout","time":2329.262671207,"data":"  PASS  contexts_complete\n"}
,{"stream_name":"stdout","time":2329.26267669,"data":"  PASS  targets_match_official_list\n"}
,{"stream_name":"stdout","time":2329.262681754,"data":"  PASS  density_within_cap\n"}
,{"stream_name":"stdout","time":2329.26268639,"data":"  PASS  column_indices_in_range\n"}
,{"stream_name":"stdout","time":2329.262691286,"data":"  PASS  counts_finite\n"}
,{"stream_name":"stdout","time":2329.262757218,"data":"  PASS  counts_non_negative\n"}
,{"stream_name":"stdout","time":2329.262762828,"data":"  PASS  counts_are_whole_numbers\n"}
,{"stream_name":"stdout","time":2329.262766824,"data":"  PASS  max_counts_per_cell_within_cap\n"}
,{"stream_name":"stdout","time":2329.262770853,"data":"  PASS  no_all_zero_perturbation\n"}
,{"stream_name":"stdout","time":2329.262774656,"data":"  PASS  csr:indptr_length_is_n_obs_plus_1\n"}
,{"stream_name":"stdout","time":2329.262787978,"data":"  PASS  csr:indptr_starts_at_zero\n"}
,{"stream_name":"stdout","time":2329.262819325,"data":"  PASS  csr:indptr_non_negative\n"}
,{"stream_name":"stdout","time":2329.26282377,"data":"  PASS  csr:indptr_monotonic\n"}
,{"stream_name":"stdout","time":2329.262827594,"data":"  PASS  csr:indptr_end_matches_data_length\n"}
,{"stream_name":"stdout","time":2329.262831789,"data":"  PASS  csr:data_and_indices_same_length\n"}
,{"stream_name":"stdout","time":2329.262835411,"data":"  PASS  csr:nnz_representable_in_indptr_dtype\n"}
,{"stream_name":"stdout","time":2329.262839591,"data":"  PASS  csr:n_vars_representable_in_indices_dtype\n"}
,{"stream_name":"stdout","time":2329.262853265,"data":"\n"}
,{"stream_name":"stdout","time":2329.262857829,"data":"wrote prediction.vcc: 3.88 GiB (730s total)\n"}
,{"stream_name":"stdout","time":2329.262862491,"data":"  meta       : {\"schema\": 1, \"nnz\": 2086700757, \"n_obs\": 360000, \"n_vars\": 18533, \"cli_version\": \"0.2.0\"}\n"}
,{"stream_name":"stdout","time":2329.262868642,"data":"  peak RSS   : 0.94 GiB\n"}
,{"stream_name":"stdout","time":2329.262872985,"data":"  peak disk  : 7.80 GiB\n"}
,{"stream_name":"stdout","time":2329.262897502,"data":"\n"}
,{"stream_name":"stdout","time":2329.262902033,"data":"verifying the archive ...\n"}
,{"stream_name":"stdout","time":2329.27838943,"data":"  PASS  official container validator (vccfile.validate_vcc)\n"}
,{"stream_name":"stdout","time":2329.280738816,"data":"  meta read back: {\"cli_version\": \"0.2.0\", \"n_obs\": 360000, \"n_vars\": 18533, \"nnz\": 2086700757, \"schema\": 1}\n"}
,{"stream_name":"stdout","time":2527.355601687,"data":"  PASS  payload X arrays are bit-identical to the input; gene axis and labels match (198s)\n"}
,{"stream_name":"stdout","time":2527.35565554,"data":"        obs index rewritten by prep's rule: True\n"}
,{"stream_name":"stdout","time":2541.267766197,"data":"  archive sha256: ea41ddf1ba352911e81442f0e07af999450088a8d5e1738fc66656e1595d4af7\n"}
,{"stream_name":"stdout","time":2541.426933357,"data":"\n"}
,{"stream_name":"stdout","time":2541.426968114,"data":"total 959s, peak RSS 0.94 GiB\n"}
,{"stream_name":"stdout","time":2541.426974377,"data":"-\u003e /kaggle/working/packaging.json\n"}
,{"stream_name":"stderr","time":2558.904312599,"data":"/usr/local/lib/python3.13/dist-packages/mistune.py:435: SyntaxWarning: invalid escape sequence '\\|'\n"}
,{"stream_name":"stderr","time":2558.904371464,"data":"  cells[i][c] = re.sub('\\\\\\\\\\|', '|', cell)\n"}
,{"stream_name":"stderr","time":2559.44636887,"data":"/usr/local/lib/python3.13/dist-packages/nbconvert/filters/filter_links.py:36: SyntaxWarning: invalid escape sequence '\\_'\n"}
,{"stream_name":"stderr","time":2559.446414479,"data":"  text = re.sub(r'_', '\\_', text) # Escape underscores in display text\n"}
,{"stream_name":"stderr","time":2560.600111927,"data":"[NbConvertApp] Converting notebook __script__.ipynb to html\n"}
,{"stream_name":"stderr","time":2562.217481398,"data":"[NbConvertApp] Writing 859994 bytes to __results__.html\n"}
]