[{"stream_name":"stdout","time":4.321210464,"data":"Collecting anndata==0.13.3.post0\n"}
,{"stream_name":"stdout","time":4.356628207,"data":"  Downloading anndata-0.13.3.post0-py3-none-any.whl.metadata (7.2 kB)\n"}
,{"stream_name":"stdout","time":4.381634697,"data":"Requirement already satisfied: zstandard==0.25.0 in /usr/local/lib/python3.13/dist-packages (0.25.0)\n"}
,{"stream_name":"stdout","time":4.431897346,"data":"Collecting array-api-compat\u003e=1.7.1 (from anndata==0.13.3.post0)\n"}
,{"stream_name":"stdout","time":4.440978897,"data":"  Downloading array_api_compat-1.15.0-py3-none-any.whl.metadata (1.4 kB)\n"}
,{"stream_name":"stdout","time":4.466729535,"data":"Requirement already satisfied: h5py\u003e=3.11 in /usr/local/lib/python3.13/dist-packages (from anndata==0.13.3.post0) (3.16.0)\n"}
,{"stream_name":"stdout","time":4.512007124,"data":"Collecting legacy-api-wrap (from anndata==0.13.3.post0)\n"}
,{"stream_name":"stdout","time":4.520604114,"data":"  Downloading legacy_api_wrap-1.5-py3-none-any.whl.metadata (2.2 kB)\n"}
,{"stream_name":"stdout","time":4.546919183,"data":"Requirement already satisfied: natsort in /usr/local/lib/python3.13/dist-packages (from anndata==0.13.3.post0) (8.4.0)\n"}
,{"stream_name":"stdout","time":4.555531476,"data":"Requirement already satisfied: numpy\u003e=2.1 in /usr/local/lib/python3.13/dist-packages (from anndata==0.13.3.post0) (2.1.3)\n"}
,{"stream_name":"stdout","time":4.557044638,"data":"Requirement already satisfied: packaging\u003e=24.2 in /usr/local/lib/python3.13/dist-packages (from anndata==0.13.3.post0) (26.3)\n"}
,{"stream_name":"stdout","time":4.568189867,"data":"Requirement already satisfied: pandas\u003e=2.3 in /usr/local/lib/python3.13/dist-packages (from anndata==0.13.3.post0) (2.3.3)\n"}
,{"stream_name":"stdout","time":4.576575059,"data":"Requirement already satisfied: scipy!=1.17.0,\u003e=1.14 in /usr/local/lib/python3.13/dist-packages (from anndata==0.13.3.post0) (1.16.3)\n"}
,{"stream_name":"stdout","time":4.625886123,"data":"Collecting scverse-misc\u003e=0.1.0 (from scverse-misc[settings]\u003e=0.1.0-\u003eanndata==0.13.3.post0)\n"}
,{"stream_name":"stdout","time":4.635650545,"data":"  Downloading scverse_misc-0.1.6-py3-none-any.whl.metadata (4.9 kB)\n"}
,{"stream_name":"stdout","time":4.658535529,"data":"Requirement already satisfied: typing-extensions\u003e=4.16 in /usr/local/lib/python3.13/dist-packages (from anndata==0.13.3.post0) (4.16.0)\n"}
,{"stream_name":"stdout","time":4.759246876,"data":"Collecting zarr\u003e=3.1 (from anndata==0.13.3.post0)\n"}
,{"stream_name":"stdout","time":4.768276141,"data":"  Downloading zarr-3.4.1-py3-none-any.whl.metadata (5.8 kB)\n"}
,{"stream_name":"stdout","time":4.829967597,"data":"Requirement already satisfied: python-dateutil\u003e=2.8.2 in /usr/local/lib/python3.13/dist-packages (from pandas\u003e=2.3-\u003eanndata==0.13.3.post0) (2.9.0.post0)\n"}
,{"stream_name":"stdout","time":4.832386213,"data":"Requirement already satisfied: pytz\u003e=2020.1 in /usr/local/lib/python3.13/dist-packages (from pandas\u003e=2.3-\u003eanndata==0.13.3.post0) (2025.2)\n"}
,{"stream_name":"stdout","time":4.833668051,"data":"Requirement already satisfied: tzdata\u003e=2022.7 in /usr/local/lib/python3.13/dist-packages (from pandas\u003e=2.3-\u003eanndata==0.13.3.post0) (2026.3)\n"}
,{"stream_name":"stdout","time":4.901634514,"data":"Collecting session-info2 (from scverse-misc\u003e=0.1.0-\u003escverse-misc[settings]\u003e=0.1.0-\u003eanndata==0.13.3.post0)\n"}
,{"stream_name":"stdout","time":4.910603227,"data":"  Downloading session_info2-0.4.2-py3-none-any.whl.metadata (2.4 kB)\n"}
,{"stream_name":"stdout","time":5.003724739,"data":"Collecting pydantic-settings (from scverse-misc[settings]\u003e=0.1.0-\u003eanndata==0.13.3.post0)\n"}
,{"stream_name":"stdout","time":5.012114663,"data":"  Downloading pydantic_settings-2.15.0-py3-none-any.whl.metadata (3.9 kB)\n"}
,{"stream_name":"stdout","time":5.040927568,"data":"Requirement already satisfied: python-dotenv in /usr/local/lib/python3.13/dist-packages (from scverse-misc[settings]\u003e=0.1.0-\u003eanndata==0.13.3.post0) (1.2.3)\n"}
,{"stream_name":"stdout","time":5.090530483,"data":"Collecting donfig\u003e=0.8 (from zarr\u003e=3.1-\u003eanndata==0.13.3.post0)\n"}
,{"stream_name":"stdout","time":5.099218199,"data":"  Downloading donfig-0.8.1.post1-py3-none-any.whl.metadata (5.0 kB)\n"}
,{"stream_name":"stdout","time":5.127351581,"data":"Requirement already satisfied: google-crc32c\u003e=1.5 in /usr/local/lib/python3.13/dist-packages (from zarr\u003e=3.1-\u003eanndata==0.13.3.post0) (1.8.0)\n"}
,{"stream_name":"stdout","time":5.350688576,"data":"Collecting msgspec\u003e=0.19 (from zarr\u003e=3.1-\u003eanndata==0.13.3.post0)\n"}
,{"stream_name":"stdout","time":5.359933266,"data":"  Downloading msgspec-0.22.0-cp313-cp313-manylinux2014_x86_64.manylinux_2_17_x86_64.manylinux_2_28_x86_64.whl.metadata (6.0 kB)\n"}
,{"stream_name":"stdout","time":5.539693823,"data":"Collecting numcodecs\u003e=0.16 (from zarr\u003e=3.1-\u003eanndata==0.13.3.post0)\n"}
,{"stream_name":"stdout","time":5.548324658,"data":"  Downloading numcodecs-0.17.0-cp313-cp313-manylinux2014_x86_64.manylinux_2_17_x86_64.manylinux_2_28_x86_64.whl.metadata (3.2 kB)\n"}
,{"stream_name":"stdout","time":5.590957704,"data":"Requirement already satisfied: pyyaml in /usr/local/lib/python3.13/dist-packages (from donfig\u003e=0.8-\u003ezarr\u003e=3.1-\u003eanndata==0.13.3.post0) (6.0.3)\n"}
,{"stream_name":"stdout","time":5.604551524,"data":"Requirement already satisfied: six\u003e=1.5 in /usr/local/lib/python3.13/dist-packages (from python-dateutil\u003e=2.8.2-\u003epandas\u003e=2.3-\u003eanndata==0.13.3.post0) (1.17.0)\n"}
,{"stream_name":"stdout","time":5.614645911,"data":"Requirement already satisfied: pydantic\u003e=2.7.0 in /usr/local/lib/python3.13/dist-packages (from pydantic-settings-\u003escverse-misc[settings]\u003e=0.1.0-\u003eanndata==0.13.3.post0) (2.13.5)\n"}
,{"stream_name":"stdout","time":5.617938073,"data":"Requirement already satisfied: typing-inspection\u003e=0.4.0 in /usr/local/lib/python3.13/dist-packages (from pydantic-settings-\u003escverse-misc[settings]\u003e=0.1.0-\u003eanndata==0.13.3.post0) (0.4.4)\n"}
,{"stream_name":"stdout","time":5.627899245,"data":"Requirement already satisfied: annotated-types\u003e=0.6.0 in /usr/local/lib/python3.13/dist-packages (from pydantic\u003e=2.7.0-\u003epydantic-settings-\u003escverse-misc[settings]\u003e=0.1.0-\u003eanndata==0.13.3.post0) (0.8.0)\n"}
,{"stream_name":"stdout","time":5.629628228,"data":"Requirement already satisfied: pydantic-core==2.46.5 in /usr/local/lib/python3.13/dist-packages (from pydantic\u003e=2.7.0-\u003epydantic-settings-\u003escverse-misc[settings]\u003e=0.1.0-\u003eanndata==0.13.3.post0) (2.46.5)\n"}
,{"stream_name":"stdout","time":5.651530651,"data":"Downloading anndata-0.13.3.post0-py3-none-any.whl (188 kB)\n"}
,{"stream_name":"stdout","time":5.696828883,"data":"   ━━━━━━━━━━━━━━━━━━━━━━━━━━━━━━━━━━━━━━━━ 188.8/188.8 kB 4.4 MB/s eta 0:00:00\n"}
,{"stream_name":"stdout","time":5.705605779,"data":"Downloading array_api_compat-1.15.0-py3-none-any.whl (79 kB)\n"}
,{"stream_name":"stdout","time":5.737414504,"data":"   ━━━━━━━━━━━━━━━━━━━━━━━━━━━━━━━━━━━━━━━━ 79.1/79.1 kB 2.4 MB/s eta 0:00:00\n"}
,{"stream_name":"stdout","time":5.746238624,"data":"Downloading scverse_misc-0.1.6-py3-none-any.whl (28 kB)\n"}
,{"stream_name":"stdout","time":5.780944907,"data":"Downloading zarr-3.4.1-py3-none-any.whl (405 kB)\n"}
,{"stream_name":"stdout","time":5.8155691659999995,"data":"   ━━━━━━━━━━━━━━━━━━━━━━━━━━━━━━━━━━━━━━━━ 405.3/405.3 kB 12.7 MB/s eta 0:00:00\n"}
,{"stream_name":"stdout","time":5.824893242,"data":"Downloading legacy_api_wrap-1.5-py3-none-any.whl (10 kB)\n"}
,{"stream_name":"stdout","time":5.853841769,"data":"Downloading donfig-0.8.1.post1-py3-none-any.whl (21 kB)\n"}
,{"stream_name":"stdout","time":5.887347578,"data":"Downloading msgspec-0.22.0-cp313-cp313-manylinux2014_x86_64.manylinux_2_17_x86_64.manylinux_2_28_x86_64.whl (230 kB)\n"}
,{"stream_name":"stdout","time":5.922044394,"data":"   ━━━━━━━━━━━━━━━━━━━━━━━━━━━━━━━━━━━━━━━━ 230.5/230.5 kB 7.0 MB/s eta 0:00:00\n"}
,{"stream_name":"stdout","time":5.940082454,"data":"Downloading numcodecs-0.17.0-cp313-cp313-manylinux2014_x86_64.manylinux_2_17_x86_64.manylinux_2_28_x86_64.whl (1.4 MB)\n"}
,{"stream_name":"stdout","time":5.990961219,"data":"   ━━━━━━━━━━━━━━━━━━━━━━━━━━━━━━━━━━━━━━━━ 1.4/1.4 MB 30.0 MB/s eta 0:00:00\n"}
,{"stream_name":"stdout","time":5.999319345,"data":"Downloading pydantic_settings-2.15.0-py3-none-any.whl (69 kB)\n"}
,{"stream_name":"stdout","time":6.031219886,"data":"   ━━━━━━━━━━━━━━━━━━━━━━━━━━━━━━━━━━━━━━━━ 69.4/69.4 kB 2.1 MB/s eta 0:00:00\n"}
,{"stream_name":"stdout","time":6.039999041,"data":"Downloading session_info2-0.4.2-py3-none-any.whl (17 kB)\n"}
,{"stream_name":"stdout","time":8.705869462999999,"data":"Installing collected packages: session-info2, numcodecs, msgspec, legacy-api-wrap, donfig, array-api-compat, zarr, scverse-misc, pydantic-settings, anndata\n"}
,{"stream_name":"stdout","time":9.919375476999999,"data":"Successfully installed anndata-0.13.3.post0 array-api-compat-1.15.0 donfig-0.8.1.post1 legacy-api-wrap-1.5 msgspec-0.22.0 numcodecs-0.17.0 pydantic-settings-2.15.0 scverse-misc-0.1.6 session-info2-0.4.2 zarr-3.4.1\n"}
,{"stream_name":"stdout","time":18.395365802,"data":"[13:53:00] cache targets NOT verified: 300/300 panel targets in the recipe's tables\n"}
,{"stream_name":"stdout","time":18.504095712,"data":"[13:53:00] cis prior (ln, median by bin, panel targets excluded): 0:-0.332 1000:-0.231 2000:-0.109 5000:-0.087 10000:-0.036\n"}
,{"stream_name":"stdout","time":22.332127431,"data":"[13:53:04] parity_k562: cis head on 78 pairs of 77 targets\n"}
,{"stream_name":"stdout","time":24.972847573,"data":"[13:53:06] parity_k562: 300/300 targets, median 14802 genes moved, median q99 |ln fc| 0.568\n"}
,{"stream_name":"stdout","time":25.817341469,"data":"[13:53:07] wrote /kaggle/temp/ammi_anchors_r1/parity_k562/out\n"}
,{"stream_name":"stdout","time":28.789611275,"data":"[13:53:10] cache targets NOT verified: 300/300 panel targets in the recipe's tables\n"}
,{"stream_name":"stdout","time":28.87748503,"data":"[13:53:10] cis prior (ln, median by bin, panel targets excluded): 0:-0.332 1000:-0.231 2000:-0.109 5000:-0.087 10000:-0.036\n"}
,{"stream_name":"stdout","time":32.67735226,"data":"[13:53:14] parity_ipsc: cis head on 78 pairs of 77 targets\n"}
,{"stream_name":"stdout","time":35.418708106,"data":"[13:53:17] parity_ipsc: 300/300 targets, median 14167 genes moved, median q99 |ln fc| 0.534\n"}
,{"stream_name":"stdout","time":36.122416709,"data":"[13:53:17] wrote /kaggle/temp/ammi_anchors_r1/parity_ipsc/out\n"}
,{"stream_name":"stdout","time":38.895788292,"data":"[13:53:20] cache targets NOT verified: 300/300 panel targets in the recipe's tables\n"}
,{"stream_name":"stdout","time":38.979765072,"data":"[13:53:20] cis prior (ln, median by bin, panel targets excluded): 0:-0.332 1000:-0.231 2000:-0.109 5000:-0.087 10000:-0.036\n"}
,{"stream_name":"stdout","time":42.527406423,"data":"[13:53:24] anchor_e65ee5969d7d: cis head on 78 pairs of 77 targets\n"}
,{"stream_name":"stdout","time":45.247131093,"data":"[13:53:26] anchor_e65ee5969d7d: 300/300 targets, median 14346 genes moved, median q99 |ln fc| 0.534\n"}
,{"stream_name":"stdout","time":45.987928899,"data":"[13:53:27] wrote /kaggle/temp/ammi_anchors_r1/anchor_e65ee5969d7d/out\n"}
,{"stream_name":"stdout","time":48.715098357,"data":"[13:53:30] cache targets NOT verified: 300/300 panel targets in the recipe's tables\n"}
,{"stream_name":"stdout","time":48.800505335,"data":"[13:53:30] cis prior (ln, median by bin, panel targets excluded): 0:-0.332 1000:-0.231 2000:-0.109 5000:-0.087 10000:-0.036\n"}
,{"stream_name":"stdout","time":52.304330262,"data":"[13:53:34] anchor_62a8061b480a: cis head on 78 pairs of 77 targets\n"}
,{"stream_name":"stdout","time":55.008467329,"data":"[13:53:36] anchor_62a8061b480a: 300/300 targets, median 14338 genes moved, median q99 |ln fc| 0.537\n"}
,{"stream_name":"stdout","time":55.698616014,"data":"[13:53:37] wrote /kaggle/temp/ammi_anchors_r1/anchor_62a8061b480a/out\n"}
,{"stream_name":"stdout","time":58.423788385,"data":"[13:53:40] cache targets NOT verified: 300/300 panel targets in the recipe's tables\n"}
,{"stream_name":"stdout","time":58.510642344,"data":"[13:53:40] cis prior (ln, median by bin, panel targets excluded): 0:-0.332 1000:-0.231 2000:-0.109 5000:-0.087 10000:-0.036\n"}
,{"stream_name":"stdout","time":61.947028646,"data":"[13:53:43] anchor_06187e0c13b5: cis head on 78 pairs of 77 targets\n"}
,{"stream_name":"stdout","time":64.653177329,"data":"[13:53:46] anchor_06187e0c13b5: 300/300 targets, median 14346 genes moved, median q99 |ln fc| 0.534\n"}
,{"stream_name":"stdout","time":65.357595799,"data":"[13:53:47] wrote /kaggle/temp/ammi_anchors_r1/anchor_06187e0c13b5/out\n"}
,{"stream_name":"stdout","time":67.467759463,"data":"[13:53:49] cache targets NOT verified: 299/300 panel targets in the recipe's tables\n"}
,{"stream_name":"stdout","time":67.554466614,"data":"[13:53:49] cis prior (ln, median by bin, panel targets excluded): 0:-0.332 1000:-0.231 2000:-0.109 5000:-0.087 10000:-0.036\n"}
,{"stream_name":"stdout","time":70.61127065,"data":"[13:53:52] anchor_51853c963cce: cis head on 78 pairs of 77 targets\n"}
,{"stream_name":"stdout","time":73.406319026,"data":"[13:53:55] anchor_51853c963cce: 299/300 targets, median 13290 genes moved, median q99 |ln fc| 0.468\n"}
,{"stream_name":"stdout","time":73.83950901,"data":"[13:53:55] wrote /kaggle/temp/ammi_anchors_r1/anchor_51853c963cce/out\n"}
,{"stream_name":"stdout","time":76.53128801,"data":"[13:53:58] cache targets NOT verified: 300/300 panel targets in the recipe's tables\n"}
,{"stream_name":"stdout","time":76.616033607,"data":"[13:53:58] cis prior (ln, median by bin, panel targets excluded): 0:-0.332 1000:-0.231 2000:-0.109 5000:-0.087 10000:-0.036\n"}
,{"stream_name":"stdout","time":80.141956925,"data":"[13:54:01] anchor_37ad3438d4f4: cis head on 78 pairs of 77 targets\n"}
,{"stream_name":"stdout","time":82.83810795,"data":"[13:54:04] anchor_37ad3438d4f4: 300/300 targets, median 14346 genes moved, median q99 |ln fc| 0.534\n"}
,{"stream_name":"stdout","time":83.555709929,"data":"[13:54:05] wrote /kaggle/temp/ammi_anchors_r1/anchor_37ad3438d4f4/out\n"}
,{"stream_name":"stdout","time":85.746306109,"data":"[13:54:07] cache targets NOT verified: 300/300 panel targets in the recipe's tables\n"}
,{"stream_name":"stdout","time":85.830180278,"data":"[13:54:07] cis prior (ln, median by bin, panel targets excluded): 0:-0.332 1000:-0.231 2000:-0.109 5000:-0.087 10000:-0.036\n"}
,{"stream_name":"stdout","time":88.979341051,"data":"[13:54:10] anchor_6c7123645203: cis head on 78 pairs of 77 targets\n"}
,{"stream_name":"stdout","time":91.691172531,"data":"[13:54:13] anchor_6c7123645203: 300/300 targets, median 14138 genes moved, median q99 |ln fc| 0.570\n"}
,{"stream_name":"stdout","time":92.202067724,"data":"[13:54:13] wrote /kaggle/temp/ammi_anchors_r1/anchor_6c7123645203/out\n"}
,{"stream_name":"stdout","time":94.400781177,"data":"[13:54:16] cache targets NOT verified: 299/300 panel targets in the recipe's tables\n"}
,{"stream_name":"stdout","time":94.485293234,"data":"[13:54:16] cis prior (ln, median by bin, panel targets excluded): 0:-0.332 1000:-0.231 2000:-0.109 5000:-0.087 10000:-0.036\n"}
,{"stream_name":"stdout","time":97.52195393,"data":"[13:54:19] anchor_e899cddabe70: cis head on 78 pairs of 77 targets\n"}
,{"stream_name":"stdout","time":100.277186782,"data":"[13:54:22] anchor_e899cddabe70: 299/300 targets, median 14029 genes moved, median q99 |ln fc| 0.628\n"}
,{"stream_name":"stdout","time":100.756908563,"data":"[13:54:22] wrote /kaggle/temp/ammi_anchors_r1/anchor_e899cddabe70/out\n"}
,{"stream_name":"stdout","time":103.508075431,"data":"[13:54:25] cache targets NOT verified: 300/300 panel targets in the recipe's tables\n"}
,{"stream_name":"stdout","time":103.591296669,"data":"[13:54:25] cis prior (ln, median by bin, panel targets excluded): 0:-0.332 1000:-0.231 2000:-0.109 5000:-0.087 10000:-0.036\n"}
,{"stream_name":"stdout","time":107.059111527,"data":"[13:54:28] anchor_6abf152b99ea: cis head on 78 pairs of 77 targets\n"}
,{"stream_name":"stdout","time":109.768873887,"data":"[13:54:31] anchor_6abf152b99ea: 300/300 targets, median 14346 genes moved, median q99 |ln fc| 0.534\n"}
,{"stream_name":"stdout","time":110.490684161,"data":"[13:54:32] wrote /kaggle/temp/ammi_anchors_r1/anchor_6abf152b99ea/out\n"}
,{"stream_name":"stdout","time":113.259480746,"data":"[13:54:35] cache targets NOT verified: 300/300 panel targets in the recipe's tables\n"}
,{"stream_name":"stdout","time":113.344867412,"data":"[13:54:35] cis prior (ln, median by bin, panel targets excluded): 0:-0.332 1000:-0.231 2000:-0.109 5000:-0.087 10000:-0.036\n"}
,{"stream_name":"stdout","time":116.841782388,"data":"[13:54:38] anchor_5be80f46e828: cis head on 78 pairs of 77 targets\n"}
,{"stream_name":"stdout","time":119.538669878,"data":"[13:54:41] anchor_5be80f46e828: 300/300 targets, median 14346 genes moved, median q99 |ln fc| 0.534\n"}
,{"stream_name":"stdout","time":120.245199283,"data":"[13:54:41] wrote /kaggle/temp/ammi_anchors_r1/anchor_5be80f46e828/out\n"}
,{"stream_name":"stdout","time":122.662469377,"data":"[13:54:44] cache targets NOT verified: 299/300 panel targets in the recipe's tables\n"}
,{"stream_name":"stdout","time":122.760059204,"data":"[13:54:44] cis prior (ln, median by bin, panel targets excluded): 0:-0.332 1000:-0.231 2000:-0.109 5000:-0.087 10000:-0.036\n"}
,{"stream_name":"stdout","time":126.175107741,"data":"[13:54:47] anchor_6ba930328be1: cis head on 78 pairs of 77 targets\n"}
,{"stream_name":"stdout","time":128.880282566,"data":"[13:54:50] anchor_6ba930328be1: 299/300 targets, median 13986 genes moved, median q99 |ln fc| 0.532\n"}
,{"stream_name":"stdout","time":129.437131799,"data":"[13:54:51] wrote /kaggle/temp/ammi_anchors_r1/anchor_6ba930328be1/out\n"}
,{"stream_name":"stdout","time":131.827701014,"data":"[13:54:53] cache targets NOT verified: 299/300 panel targets in the recipe's tables\n"}
,{"stream_name":"stdout","time":131.911888993,"data":"[13:54:53] cis prior (ln, median by bin, panel targets excluded): 0:-0.332 1000:-0.231 2000:-0.109 5000:-0.087 10000:-0.036\n"}
,{"stream_name":"stdout","time":135.348060198,"data":"[13:54:57] anchor_c68cc4aeaad0: cis head on 78 pairs of 77 targets\n"}
,{"stream_name":"stdout","time":138.047597907,"data":"[13:54:59] anchor_c68cc4aeaad0: 299/300 targets, median 13985 genes moved, median q99 |ln fc| 0.540\n"}
,{"stream_name":"stdout","time":138.599266083,"data":"[13:55:00] wrote /kaggle/temp/ammi_anchors_r1/anchor_c68cc4aeaad0/out\n"}
,{"stream_name":"stdout","time":141.050610507,"data":"[13:55:02] cache targets NOT verified: 299/300 panel targets in the recipe's tables\n"}
,{"stream_name":"stdout","time":141.136524518,"data":"[13:55:02] cis prior (ln, median by bin, panel targets excluded): 0:-0.332 1000:-0.231 2000:-0.109 5000:-0.087 10000:-0.036\n"}
,{"stream_name":"stdout","time":144.645720676,"data":"[13:55:06] anchor_46d86d486bbf: cis head on 78 pairs of 77 targets\n"}
,{"stream_name":"stdout","time":147.362283909,"data":"[13:55:09] anchor_46d86d486bbf: 299/300 targets, median 13986 genes moved, median q99 |ln fc| 0.532\n"}
,{"stream_name":"stdout","time":147.927599369,"data":"[13:55:09] wrote /kaggle/temp/ammi_anchors_r1/anchor_46d86d486bbf/out\n"}
,{"stream_name":"stdout","time":150.396409277,"data":"[13:55:12] cache targets NOT verified: 299/300 panel targets in the recipe's tables\n"}
,{"stream_name":"stdout","time":150.483799948,"data":"[13:55:12] cis prior (ln, median by bin, panel targets excluded): 0:-0.332 1000:-0.231 2000:-0.109 5000:-0.087 10000:-0.036\n"}
,{"stream_name":"stdout","time":154.008666459,"data":"[13:55:15] anchor_2d6b02f91ebe: cis head on 78 pairs of 77 targets\n"}
,{"stream_name":"stdout","time":156.710796465,"data":"[13:55:18] anchor_2d6b02f91ebe: 299/300 targets, median 13986 genes moved, median q99 |ln fc| 0.532\n"}
,{"stream_name":"stdout","time":157.26819421,"data":"[13:55:19] wrote /kaggle/temp/ammi_anchors_r1/anchor_2d6b02f91ebe/out\n"}
,{"stream_name":"stdout","time":159.169690076,"data":"[13:55:20] cache targets NOT verified: 299/300 panel targets in the recipe's tables\n"}
,{"stream_name":"stdout","time":159.257343843,"data":"[13:55:21] cis prior (ln, median by bin, panel targets excluded): 0:-0.332 1000:-0.231 2000:-0.109 5000:-0.087 10000:-0.036\n"}
,{"stream_name":"stdout","time":162.329068952,"data":"[13:55:24] anchor_645653a0026b: cis head on 78 pairs of 77 targets\n"}
,{"stream_name":"stdout","time":165.150151804,"data":"[13:55:26] anchor_645653a0026b: 299/300 targets, median 13630 genes moved, median q99 |ln fc| 0.562\n"}
,{"stream_name":"stdout","time":165.521025029,"data":"[13:55:27] wrote /kaggle/temp/ammi_anchors_r1/anchor_645653a0026b/out\n"}
,{"stream_name":"stdout","time":167.394492842,"data":"[13:55:29] cache targets NOT verified: 299/300 panel targets in the recipe's tables\n"}
,{"stream_name":"stdout","time":167.481064038,"data":"[13:55:29] cis prior (ln, median by bin, panel targets excluded): 0:-0.332 1000:-0.231 2000:-0.109 5000:-0.087 10000:-0.036\n"}
,{"stream_name":"stdout","time":170.581276162,"data":"[13:55:32] anchor_54d1ee645056: cis head on 78 pairs of 77 targets\n"}
,{"stream_name":"stdout","time":173.422205014,"data":"[13:55:35] anchor_54d1ee645056: 299/300 targets, median 12984 genes moved, median q99 |ln fc| 0.587\n"}
,{"stream_name":"stdout","time":173.786023193,"data":"[13:55:35] wrote /kaggle/temp/ammi_anchors_r1/anchor_54d1ee645056/out\n"}
,{"stream_name":"stdout","time":176.198088702,"data":"[13:55:37] cache targets NOT verified: 299/300 panel targets in the recipe's tables\n"}
,{"stream_name":"stdout","time":176.284832871,"data":"[13:55:38] cis prior (ln, median by bin, panel targets excluded): 0:-0.332 1000:-0.231 2000:-0.109 5000:-0.087 10000:-0.036\n"}
,{"stream_name":"stdout","time":179.716709786,"data":"[13:55:41] anchor_6f765e441a14: cis head on 78 pairs of 77 targets\n"}
,{"stream_name":"stdout","time":182.435156737,"data":"[13:55:44] anchor_6f765e441a14: 299/300 targets, median 13986 genes moved, median q99 |ln fc| 0.532\n"}
,{"stream_name":"stdout","time":183.019086679,"data":"[13:55:44] wrote /kaggle/temp/ammi_anchors_r1/anchor_6f765e441a14/out\n"}
,{"stream_name":"stdout","time":185.440219054,"data":"[13:55:47] cache targets NOT verified: 299/300 panel targets in the recipe's tables\n"}
,{"stream_name":"stdout","time":185.524873211,"data":"[13:55:47] cis prior (ln, median by bin, panel targets excluded): 0:-0.332 1000:-0.231 2000:-0.109 5000:-0.087 10000:-0.036\n"}
,{"stream_name":"stdout","time":188.975130867,"data":"[13:55:50] anchor_6b2c28c927ad: cis head on 78 pairs of 77 targets\n"}
,{"stream_name":"stdout","time":191.684424193,"data":"[13:55:53] anchor_6b2c28c927ad: 299/300 targets, median 13986 genes moved, median q99 |ln fc| 0.532\n"}
,{"stream_name":"stdout","time":192.254523907,"data":"[13:55:54] wrote /kaggle/temp/ammi_anchors_r1/anchor_6b2c28c927ad/out\n"}
,{"stream_name":"stderr","time":195.492129127,"data":"/usr/local/lib/python3.13/dist-packages/mistune.py:435: SyntaxWarning: invalid escape sequence '\\|'\n"}
,{"stream_name":"stderr","time":195.492165283,"data":"  cells[i][c] = re.sub('\\\\\\\\\\|', '|', cell)\n"}
,{"stream_name":"stderr","time":195.839551612,"data":"/usr/local/lib/python3.13/dist-packages/nbconvert/filters/filter_links.py:36: SyntaxWarning: invalid escape sequence '\\_'\n"}
,{"stream_name":"stderr","time":195.839580562,"data":"  text = re.sub(r'_', '\\_', text) # Escape underscores in display text\n"}
,{"stream_name":"stderr","time":197.006184374,"data":"[NbConvertApp] Converting notebook __script__.ipynb to html\n"}
,{"stream_name":"stderr","time":198.29971165,"data":"[NbConvertApp] Writing 735662 bytes to __results__.html\n"}
]