[{"stream_name":"stdout","time":3.587231992,"data":"{\"cpus\": 4, \"ram_available\": 32639787008, \"disk_free\": 20940443648}\n"}
,{"stream_name":"stdout","time":80.755996885,"data":"{\"unit\": \"D4_Rest\", \"shard\": 1, \"of\": 135, \"seconds\": 77}\n"}
,{"stream_name":"stdout","time":107.530919088,"data":"{\"unit\": \"D4_Rest\", \"shard\": 2, \"of\": 135, \"seconds\": 104}\n"}
,{"stream_name":"stdout","time":133.307264448,"data":"{\"unit\": \"D4_Rest\", \"shard\": 3, \"of\": 135, \"seconds\": 130}\n"}
,{"stream_name":"stdout","time":158.551631677,"data":"{\"unit\": \"D4_Rest\", \"shard\": 4, \"of\": 135, \"seconds\": 155}\n"}
,{"stream_name":"stdout","time":183.756809395,"data":"{\"unit\": \"D4_Rest\", \"shard\": 5, \"of\": 135, \"seconds\": 180}\n"}
,{"stream_name":"stdout","time":208.819523991,"data":"{\"unit\": \"D4_Rest\", \"shard\": 6, \"of\": 135, \"seconds\": 205}\n"}
,{"stream_name":"stdout","time":234.587380382,"data":"{\"unit\": \"D4_Rest\", \"shard\": 7, \"of\": 135, \"seconds\": 231}\n"}
,{"stream_name":"stdout","time":260.664421839,"data":"{\"unit\": \"D4_Rest\", \"shard\": 8, \"of\": 135, \"seconds\": 257}\n"}
,{"stream_name":"stdout","time":286.536650794,"data":"{\"unit\": \"D4_Rest\", \"shard\": 9, \"of\": 135, \"seconds\": 283}\n"}
,{"stream_name":"stdout","time":312.489552217,"data":"{\"unit\": \"D4_Rest\", \"shard\": 10, \"of\": 135, \"seconds\": 309}\n"}
,{"stream_name":"stdout","time":337.986232164,"data":"{\"unit\": \"D4_Rest\", \"shard\": 11, \"of\": 135, \"seconds\": 334}\n"}
,{"stream_name":"stdout","time":363.85056315,"data":"{\"unit\": \"D4_Rest\", \"shard\": 12, \"of\": 135, \"seconds\": 360}\n"}
,{"stream_name":"stdout","time":389.589562395,"data":"{\"unit\": \"D4_Rest\", \"shard\": 13, \"of\": 135, \"seconds\": 386}\n"}
,{"stream_name":"stdout","time":415.284273175,"data":"{\"unit\": \"D4_Rest\", \"shard\": 14, \"of\": 135, \"seconds\": 412}\n"}
,{"stream_name":"stdout","time":441.222941388,"data":"{\"unit\": \"D4_Rest\", \"shard\": 15, \"of\": 135, \"seconds\": 438}\n"}
,{"stream_name":"stdout","time":466.317503441,"data":"{\"unit\": \"D4_Rest\", \"shard\": 16, \"of\": 135, \"seconds\": 463}\n"}
,{"stream_name":"stdout","time":492.040286392,"data":"{\"unit\": \"D4_Rest\", \"shard\": 17, \"of\": 135, \"seconds\": 488}\n"}
,{"stream_name":"stdout","time":517.660836089,"data":"{\"unit\": \"D4_Rest\", \"shard\": 18, \"of\": 135, \"seconds\": 514}\n"}
,{"stream_name":"stdout","time":543.509890587,"data":"{\"unit\": \"D4_Rest\", \"shard\": 19, \"of\": 135, \"seconds\": 540}\n"}
,{"stream_name":"stdout","time":569.312354439,"data":"{\"unit\": \"D4_Rest\", \"shard\": 20, \"of\": 135, \"seconds\": 566}\n"}
,{"stream_name":"stdout","time":594.885289889,"data":"{\"unit\": \"D4_Rest\", \"shard\": 21, \"of\": 135, \"seconds\": 591}\n"}
,{"stream_name":"stdout","time":619.876806445,"data":"{\"unit\": \"D4_Rest\", \"shard\": 22, \"of\": 135, \"seconds\": 616}\n"}
,{"stream_name":"stdout","time":645.554638015,"data":"{\"unit\": \"D4_Rest\", \"shard\": 23, \"of\": 135, \"seconds\": 642}\n"}
,{"stream_name":"stdout","time":670.746496202,"data":"{\"unit\": \"D4_Rest\", \"shard\": 24, \"of\": 135, \"seconds\": 667}\n"}
,{"stream_name":"stdout","time":696.215732964,"data":"{\"unit\": \"D4_Rest\", \"shard\": 25, \"of\": 135, \"seconds\": 693}\n"}
,{"stream_name":"stdout","time":723.914501882,"data":"{\"unit\": \"D4_Rest\", \"shard\": 26, \"of\": 135, \"seconds\": 720}\n"}
,{"stream_name":"stdout","time":749.539142944,"data":"{\"unit\": \"D4_Rest\", \"shard\": 27, \"of\": 135, \"seconds\": 746}\n"}
,{"stream_name":"stdout","time":774.389122181,"data":"{\"unit\": \"D4_Rest\", \"shard\": 28, \"of\": 135, \"seconds\": 771}\n"}
,{"stream_name":"stdout","time":799.72757912,"data":"{\"unit\": \"D4_Rest\", \"shard\": 29, \"of\": 135, \"seconds\": 796}\n"}
,{"stream_name":"stdout","time":824.806573005,"data":"{\"unit\": \"D4_Rest\", \"shard\": 30, \"of\": 135, \"seconds\": 821}\n"}
,{"stream_name":"stdout","time":850.15292463,"data":"{\"unit\": \"D4_Rest\", \"shard\": 31, \"of\": 135, \"seconds\": 847}\n"}
,{"stream_name":"stdout","time":875.747136796,"data":"{\"unit\": \"D4_Rest\", \"shard\": 32, \"of\": 135, \"seconds\": 872}\n"}
,{"stream_name":"stdout","time":901.509500769,"data":"{\"unit\": \"D4_Rest\", \"shard\": 33, \"of\": 135, \"seconds\": 898}\n"}
,{"stream_name":"stdout","time":926.551587794,"data":"{\"unit\": \"D4_Rest\", \"shard\": 34, \"of\": 135, \"seconds\": 923}\n"}
,{"stream_name":"stdout","time":951.965417794,"data":"{\"unit\": \"D4_Rest\", \"shard\": 35, \"of\": 135, \"seconds\": 948}\n"}
,{"stream_name":"stdout","time":979.486502726,"data":"{\"unit\": \"D4_Rest\", \"shard\": 36, \"of\": 135, \"seconds\": 976}\n"}
,{"stream_name":"stdout","time":1007.700357111,"data":"{\"unit\": \"D4_Rest\", \"shard\": 37, \"of\": 135, \"seconds\": 1004}\n"}
,{"stream_name":"stdout","time":1035.069274957,"data":"{\"unit\": \"D4_Rest\", \"shard\": 38, \"of\": 135, \"seconds\": 1031}\n"}
,{"stream_name":"stdout","time":1062.014148348,"data":"{\"unit\": \"D4_Rest\", \"shard\": 39, \"of\": 135, \"seconds\": 1058}\n"}
,{"stream_name":"stdout","time":1088.387430733,"data":"{\"unit\": \"D4_Rest\", \"shard\": 40, \"of\": 135, \"seconds\": 1085}\n"}
,{"stream_name":"stdout","time":1114.705001954,"data":"{\"unit\": \"D4_Rest\", \"shard\": 41, \"of\": 135, \"seconds\": 1111}\n"}
,{"stream_name":"stdout","time":1141.070900871,"data":"{\"unit\": \"D4_Rest\", \"shard\": 42, \"of\": 135, \"seconds\": 1137}\n"}
,{"stream_name":"stdout","time":1166.854612651,"data":"{\"unit\": \"D4_Rest\", \"shard\": 43, \"of\": 135, \"seconds\": 1163}\n"}
,{"stream_name":"stdout","time":1192.437969143,"data":"{\"unit\": \"D4_Rest\", \"shard\": 44, \"of\": 135, \"seconds\": 1189}\n"}
,{"stream_name":"stdout","time":1218.309566761,"data":"{\"unit\": \"D4_Rest\", \"shard\": 45, \"of\": 135, \"seconds\": 1215}\n"}
,{"stream_name":"stdout","time":1243.302556436,"data":"{\"unit\": \"D4_Rest\", \"shard\": 46, \"of\": 135, \"seconds\": 1240}\n"}
,{"stream_name":"stdout","time":1268.163393552,"data":"{\"unit\": \"D4_Rest\", \"shard\": 47, \"of\": 135, \"seconds\": 1265}\n"}
,{"stream_name":"stdout","time":1292.856750009,"data":"{\"unit\": \"D4_Rest\", \"shard\": 48, \"of\": 135, \"seconds\": 1289}\n"}
,{"stream_name":"stdout","time":1317.945562161,"data":"{\"unit\": \"D4_Rest\", \"shard\": 49, \"of\": 135, \"seconds\": 1314}\n"}
,{"stream_name":"stdout","time":1342.234287272,"data":"{\"unit\": \"D4_Rest\", \"shard\": 50, \"of\": 135, \"seconds\": 1339}\n"}
,{"stream_name":"stdout","time":1366.966289904,"data":"{\"unit\": \"D4_Rest\", \"shard\": 51, \"of\": 135, \"seconds\": 1363}\n"}
,{"stream_name":"stdout","time":1393.380884874,"data":"{\"unit\": \"D4_Rest\", \"shard\": 52, \"of\": 135, \"seconds\": 1390}\n"}
,{"stream_name":"stdout","time":1419.775092778,"data":"{\"unit\": \"D4_Rest\", \"shard\": 53, \"of\": 135, \"seconds\": 1416}\n"}
,{"stream_name":"stdout","time":1446.333292843,"data":"{\"unit\": \"D4_Rest\", \"shard\": 54, \"of\": 135, \"seconds\": 1443}\n"}
,{"stream_name":"stdout","time":1472.152697039,"data":"{\"unit\": \"D4_Rest\", \"shard\": 55, \"of\": 135, \"seconds\": 1469}\n"}
,{"stream_name":"stdout","time":1498.293657573,"data":"{\"unit\": \"D4_Rest\", \"shard\": 56, \"of\": 135, \"seconds\": 1495}\n"}
,{"stream_name":"stdout","time":1524.079475506,"data":"{\"unit\": \"D4_Rest\", \"shard\": 57, \"of\": 135, \"seconds\": 1520}\n"}
,{"stream_name":"stdout","time":1550.040870651,"data":"{\"unit\": \"D4_Rest\", \"shard\": 58, \"of\": 135, \"seconds\": 1546}\n"}
,{"stream_name":"stdout","time":1576.173287167,"data":"{\"unit\": \"D4_Rest\", \"shard\": 59, \"of\": 135, \"seconds\": 1573}\n"}
,{"stream_name":"stdout","time":1602.277456871,"data":"{\"unit\": \"D4_Rest\", \"shard\": 60, \"of\": 135, \"seconds\": 1599}\n"}
,{"stream_name":"stdout","time":1627.844537026,"data":"{\"unit\": \"D4_Rest\", \"shard\": 61, \"of\": 135, \"seconds\": 1624}\n"}
,{"stream_name":"stdout","time":1653.791998184,"data":"{\"unit\": \"D4_Rest\", \"shard\": 62, \"of\": 135, \"seconds\": 1650}\n"}
,{"stream_name":"stdout","time":1679.275718686,"data":"{\"unit\": \"D4_Rest\", \"shard\": 63, \"of\": 135, \"seconds\": 1676}\n"}
,{"stream_name":"stdout","time":1704.597903631,"data":"{\"unit\": \"D4_Rest\", \"shard\": 64, \"of\": 135, \"seconds\": 1701}\n"}
,{"stream_name":"stdout","time":1729.548822658,"data":"{\"unit\": \"D4_Rest\", \"shard\": 65, \"of\": 135, \"seconds\": 1726}\n"}
,{"stream_name":"stdout","time":1754.745346673,"data":"{\"unit\": \"D4_Rest\", \"shard\": 66, \"of\": 135, \"seconds\": 1751}\n"}
,{"stream_name":"stdout","time":1780.985325398,"data":"{\"unit\": \"D4_Rest\", \"shard\": 67, \"of\": 135, \"seconds\": 1777}\n"}
,{"stream_name":"stdout","time":1811.952020141,"data":"{\"unit\": \"D4_Rest\", \"shard\": 68, \"of\": 135, \"seconds\": 1808}\n"}
,{"stream_name":"stdout","time":1838.304695907,"data":"{\"unit\": \"D4_Rest\", \"shard\": 69, \"of\": 135, \"seconds\": 1835}\n"}
,{"stream_name":"stdout","time":1865.007727855,"data":"{\"unit\": \"D4_Rest\", \"shard\": 70, \"of\": 135, \"seconds\": 1861}\n"}
,{"stream_name":"stdout","time":1891.142441847,"data":"{\"unit\": \"D4_Rest\", \"shard\": 71, \"of\": 135, \"seconds\": 1888}\n"}
,{"stream_name":"stdout","time":1917.243918664,"data":"{\"unit\": \"D4_Rest\", \"shard\": 72, \"of\": 135, \"seconds\": 1914}\n"}
,{"stream_name":"stdout","time":1942.520507714,"data":"{\"unit\": \"D4_Rest\", \"shard\": 73, \"of\": 135, \"seconds\": 1939}\n"}
,{"stream_name":"stdout","time":1968.430549629,"data":"{\"unit\": \"D4_Rest\", \"shard\": 74, \"of\": 135, \"seconds\": 1965}\n"}
,{"stream_name":"stdout","time":1994.038611106,"data":"{\"unit\": \"D4_Rest\", \"shard\": 75, \"of\": 135, \"seconds\": 1990}\n"}
,{"stream_name":"stdout","time":2019.390747665,"data":"{\"unit\": \"D4_Rest\", \"shard\": 76, \"of\": 135, \"seconds\": 2016}\n"}
,{"stream_name":"stdout","time":2045.09776023,"data":"{\"unit\": \"D4_Rest\", \"shard\": 77, \"of\": 135, \"seconds\": 2042}\n"}
,{"stream_name":"stdout","time":2070.824257477,"data":"{\"unit\": \"D4_Rest\", \"shard\": 78, \"of\": 135, \"seconds\": 2067}\n"}
,{"stream_name":"stdout","time":2096.127168692,"data":"{\"unit\": \"D4_Rest\", \"shard\": 79, \"of\": 135, \"seconds\": 2093}\n"}
,{"stream_name":"stdout","time":2121.754705222,"data":"{\"unit\": \"D4_Rest\", \"shard\": 80, \"of\": 135, \"seconds\": 2118}\n"}
,{"stream_name":"stdout","time":2147.841816601,"data":"{\"unit\": \"D4_Rest\", \"shard\": 81, \"of\": 135, \"seconds\": 2144}\n"}
,{"stream_name":"stdout","time":2174.186277876,"data":"{\"unit\": \"D4_Rest\", \"shard\": 82, \"of\": 135, \"seconds\": 2171}\n"}
,{"stream_name":"stdout","time":2200.503727598,"data":"{\"unit\": \"D4_Rest\", \"shard\": 83, \"of\": 135, \"seconds\": 2197}\n"}
,{"stream_name":"stdout","time":2226.436825405,"data":"{\"unit\": \"D4_Rest\", \"shard\": 84, \"of\": 135, \"seconds\": 2223}\n"}
,{"stream_name":"stdout","time":2252.274837194,"data":"{\"unit\": \"D4_Rest\", \"shard\": 85, \"of\": 135, \"seconds\": 2249}\n"}
,{"stream_name":"stdout","time":2278.544004819,"data":"{\"unit\": \"D4_Rest\", \"shard\": 86, \"of\": 135, \"seconds\": 2275}\n"}
,{"stream_name":"stdout","time":2304.955572973,"data":"{\"unit\": \"D4_Rest\", \"shard\": 87, \"of\": 135, \"seconds\": 2301}\n"}
,{"stream_name":"stdout","time":2331.421504665,"data":"{\"unit\": \"D4_Rest\", \"shard\": 88, \"of\": 135, \"seconds\": 2328}\n"}
,{"stream_name":"stdout","time":2357.610193367,"data":"{\"unit\": \"D4_Rest\", \"shard\": 89, \"of\": 135, \"seconds\": 2354}\n"}
,{"stream_name":"stdout","time":2383.638254493,"data":"{\"unit\": \"D4_Rest\", \"shard\": 90, \"of\": 135, \"seconds\": 2380}\n"}
,{"stream_name":"stdout","time":2416.649265706,"data":"{\"unit\": \"D4_Rest\", \"shard\": 91, \"of\": 135, \"seconds\": 2413}\n"}
,{"stream_name":"stdout","time":2442.67185688,"data":"{\"unit\": \"D4_Rest\", \"shard\": 92, \"of\": 135, \"seconds\": 2439}\n"}
,{"stream_name":"stdout","time":2467.808519747,"data":"{\"unit\": \"D4_Rest\", \"shard\": 93, \"of\": 135, \"seconds\": 2464}\n"}
,{"stream_name":"stdout","time":2493.113631453,"data":"{\"unit\": \"D4_Rest\", \"shard\": 94, \"of\": 135, \"seconds\": 2490}\n"}
,{"stream_name":"stdout","time":2518.0764138,"data":"{\"unit\": \"D4_Rest\", \"shard\": 95, \"of\": 135, \"seconds\": 2514}\n"}
,{"stream_name":"stdout","time":2543.519127987,"data":"{\"unit\": \"D4_Rest\", \"shard\": 96, \"of\": 135, \"seconds\": 2540}\n"}
,{"stream_name":"stdout","time":2568.672540842,"data":"{\"unit\": \"D4_Rest\", \"shard\": 97, \"of\": 135, \"seconds\": 2565}\n"}
,{"stream_name":"stdout","time":2594.085155171,"data":"{\"unit\": \"D4_Rest\", \"shard\": 98, \"of\": 135, \"seconds\": 2590}\n"}
,{"stream_name":"stdout","time":2618.702204098,"data":"{\"unit\": \"D4_Rest\", \"shard\": 99, \"of\": 135, \"seconds\": 2615}\n"}
,{"stream_name":"stdout","time":2643.311256252,"data":"{\"unit\": \"D4_Rest\", \"shard\": 100, \"of\": 135, \"seconds\": 2640}\n"}
,{"stream_name":"stdout","time":2668.227530529,"data":"{\"unit\": \"D4_Rest\", \"shard\": 101, \"of\": 135, \"seconds\": 2665}\n"}
,{"stream_name":"stdout","time":2693.705249681,"data":"{\"unit\": \"D4_Rest\", \"shard\": 102, \"of\": 135, \"seconds\": 2690}\n"}
,{"stream_name":"stdout","time":2719.879430313,"data":"{\"unit\": \"D4_Rest\", \"shard\": 103, \"of\": 135, \"seconds\": 2716}\n"}
,{"stream_name":"stdout","time":2746.175551505,"data":"{\"unit\": \"D4_Rest\", \"shard\": 104, \"of\": 135, \"seconds\": 2743}\n"}
,{"stream_name":"stdout","time":2772.433307123,"data":"{\"unit\": \"D4_Rest\", \"shard\": 105, \"of\": 135, \"seconds\": 2769}\n"}
,{"stream_name":"stdout","time":2798.517538655,"data":"{\"unit\": \"D4_Rest\", \"shard\": 106, \"of\": 135, \"seconds\": 2795}\n"}
,{"stream_name":"stdout","time":2824.780084856,"data":"{\"unit\": \"D4_Rest\", \"shard\": 107, \"of\": 135, \"seconds\": 2821}\n"}
,{"stream_name":"stdout","time":2849.843392258,"data":"{\"unit\": \"D4_Rest\", \"shard\": 108, \"of\": 135, \"seconds\": 2846}\n"}
,{"stream_name":"stdout","time":2876.573375425,"data":"{\"unit\": \"D4_Rest\", \"shard\": 109, \"of\": 135, \"seconds\": 2873}\n"}
,{"stream_name":"stdout","time":2902.804240748,"data":"{\"unit\": \"D4_Rest\", \"shard\": 110, \"of\": 135, \"seconds\": 2899}\n"}
,{"stream_name":"stdout","time":2928.192876328,"data":"{\"unit\": \"D4_Rest\", \"shard\": 111, \"of\": 135, \"seconds\": 2925}\n"}
,{"stream_name":"stdout","time":2953.025461903,"data":"{\"unit\": \"D4_Rest\", \"shard\": 112, \"of\": 135, \"seconds\": 2949}\n"}
,{"stream_name":"stdout","time":2979.312556865,"data":"{\"unit\": \"D4_Rest\", \"shard\": 113, \"of\": 135, \"seconds\": 2976}\n"}
,{"stream_name":"stdout","time":3006.775474497,"data":"{\"unit\": \"D4_Rest\", \"shard\": 114, \"of\": 135, \"seconds\": 3003}\n"}
,{"stream_name":"stdout","time":3042.688844991,"data":"{\"unit\": \"D4_Rest\", \"shard\": 115, \"of\": 135, \"seconds\": 3039}\n"}
,{"stream_name":"stdout","time":3070.706645484,"data":"{\"unit\": \"D4_Rest\", \"shard\": 116, \"of\": 135, \"seconds\": 3067}\n"}
,{"stream_name":"stdout","time":3099.134061286,"data":"{\"unit\": \"D4_Rest\", \"shard\": 117, \"of\": 135, \"seconds\": 3096}\n"}
,{"stream_name":"stdout","time":3125.387196751,"data":"{\"unit\": \"D4_Rest\", \"shard\": 118, \"of\": 135, \"seconds\": 3122}\n"}
,{"stream_name":"stdout","time":3151.602269052,"data":"{\"unit\": \"D4_Rest\", \"shard\": 119, \"of\": 135, \"seconds\": 3148}\n"}
,{"stream_name":"stdout","time":3177.518288467,"data":"{\"unit\": \"D4_Rest\", \"shard\": 120, \"of\": 135, \"seconds\": 3174}\n"}
,{"stream_name":"stdout","time":3204.219324147,"data":"{\"unit\": \"D4_Rest\", \"shard\": 121, \"of\": 135, \"seconds\": 3201}\n"}
,{"stream_name":"stdout","time":3234.854395505,"data":"{\"unit\": \"D4_Rest\", \"shard\": 122, \"of\": 135, \"seconds\": 3231}\n"}
,{"stream_name":"stdout","time":3260.705762263,"data":"{\"unit\": \"D4_Rest\", \"shard\": 123, \"of\": 135, \"seconds\": 3257}\n"}
,{"stream_name":"stdout","time":3287.225478104,"data":"{\"unit\": \"D4_Rest\", \"shard\": 124, \"of\": 135, \"seconds\": 3284}\n"}
,{"stream_name":"stdout","time":3314.305091448,"data":"{\"unit\": \"D4_Rest\", \"shard\": 125, \"of\": 135, \"seconds\": 3311}\n"}
,{"stream_name":"stdout","time":3341.266760489,"data":"{\"unit\": \"D4_Rest\", \"shard\": 126, \"of\": 135, \"seconds\": 3338}\n"}
,{"stream_name":"stdout","time":3368.961391268,"data":"{\"unit\": \"D4_Rest\", \"shard\": 127, \"of\": 135, \"seconds\": 3365}\n"}
,{"stream_name":"stdout","time":3394.869504896,"data":"{\"unit\": \"D4_Rest\", \"shard\": 128, \"of\": 135, \"seconds\": 3391}\n"}
,{"stream_name":"stdout","time":3421.428881252,"data":"{\"unit\": \"D4_Rest\", \"shard\": 129, \"of\": 135, \"seconds\": 3418}\n"}
,{"stream_name":"stdout","time":3448.137249345,"data":"{\"unit\": \"D4_Rest\", \"shard\": 130, \"of\": 135, \"seconds\": 3445}\n"}
,{"stream_name":"stdout","time":3475.062291315,"data":"{\"unit\": \"D4_Rest\", \"shard\": 131, \"of\": 135, \"seconds\": 3471}\n"}
,{"stream_name":"stdout","time":3501.730003844,"data":"{\"unit\": \"D4_Rest\", \"shard\": 132, \"of\": 135, \"seconds\": 3498}\n"}
,{"stream_name":"stdout","time":3528.407189178,"data":"{\"unit\": \"D4_Rest\", \"shard\": 133, \"of\": 135, \"seconds\": 3525}\n"}
,{"stream_name":"stdout","time":3555.57818672,"data":"{\"unit\": \"D4_Rest\", \"shard\": 134, \"of\": 135, \"seconds\": 3552}\n"}
,{"stream_name":"stdout","time":3574.55308986,"data":"{\"unit\": \"D4_Rest\", \"shard\": 135, \"of\": 135, \"seconds\": 3571}\n"}
,{"stream_name":"stdout","time":5068.196759913,"data":"{\"unit\": \"D4_Rest\", \"complete\": true, \"cells_used\": 1747709, \"seconds\": 5059}\n"}
,{"stream_name":"stderr","time":5074.250900773,"data":"/usr/local/lib/python3.13/dist-packages/mistune.py:435: SyntaxWarning: invalid escape sequence '\\|'\n"}
,{"stream_name":"stderr","time":5074.250948413,"data":"  cells[i][c] = re.sub('\\\\\\\\\\|', '|', cell)\n"}
,{"stream_name":"stderr","time":5074.797618784,"data":"/usr/local/lib/python3.13/dist-packages/nbconvert/filters/filter_links.py:36: SyntaxWarning: invalid escape sequence '\\_'\n"}
,{"stream_name":"stderr","time":5074.79765543,"data":"  text = re.sub(r'_', '\\_', text) # Escape underscores in display text\n"}
,{"stream_name":"stderr","time":5077.203799278,"data":"[NbConvertApp] Converting notebook __script__.ipynb to html\n"}
,{"stream_name":"stderr","time":5078.790394687,"data":"[NbConvertApp] Writing 302876 bytes to __results__.html\n"}
]