[{"stream_name":"stdout","time":14.394963139,"data":"{\"clone\": \"eipl_1\", \"diagnostics_complete\": true}\n"}
,{"stream_name":"stdout","time":15.668893859,"data":"{\"clone\": \"eipl_3\", \"diagnostics_complete\": true}\n"}
,{"stream_name":"stdout","time":16.954750742999998,"data":"{\"clone\": \"fiaj_1\", \"diagnostics_complete\": true}\n"}
,{"stream_name":"stdout","time":17.917537648,"data":"{\"clone\": \"fiaj_3\", \"diagnostics_complete\": true}\n"}
,{"stream_name":"stdout","time":19.1967316,"data":"{\"clone\": \"iudw_1\", \"diagnostics_complete\": true}\n"}
,{"stream_name":"stdout","time":20.480538178,"data":"{\"clone\": \"iudw_4\", \"diagnostics_complete\": true}\n"}
,{"stream_name":"stdout","time":21.775035734,"data":"{\"clone\": \"jejf_2\", \"diagnostics_complete\": true}\n"}
,{"stream_name":"stdout","time":23.078572915,"data":"{\"clone\": \"jejf_3\", \"diagnostics_complete\": true}\n"}
,{"stream_name":"stdout","time":24.436340313,"data":"{\"clone\": \"kolf_2\", \"diagnostics_complete\": true}\n"}
,{"stream_name":"stdout","time":25.705346126,"data":"{\"clone\": \"kolf_3\", \"diagnostics_complete\": true}\n"}
,{"stream_name":"stdout","time":27.044037642,"data":"{\"clone\": \"oikd_2\", \"diagnostics_complete\": true}\n"}
,{"stream_name":"stdout","time":28.318956857,"data":"{\"clone\": \"oikd_5\", \"diagnostics_complete\": true}\n"}
,{"stream_name":"stdout","time":29.617538538,"data":"{\"clone\": \"paab_3\", \"diagnostics_complete\": true}\n"}
,{"stream_name":"stdout","time":30.961238982,"data":"{\"clone\": \"paab_4\", \"diagnostics_complete\": true}\n"}
,{"stream_name":"stdout","time":32.390313246,"data":"{\"clone\": \"pipw_4\", \"diagnostics_complete\": true}\n"}
,{"stream_name":"stdout","time":33.753351575,"data":"{\"clone\": \"pipw_5\", \"diagnostics_complete\": true}\n"}
,{"stream_name":"stdout","time":35.072632858,"data":"{\"clone\": \"tolg_4\", \"diagnostics_complete\": true}\n"}
,{"stream_name":"stdout","time":36.374705552,"data":"{\"clone\": \"tolg_6\", \"diagnostics_complete\": true}\n"}
,{"stream_name":"stdout","time":37.633917334,"data":"{\"clone\": \"zapk_3\", \"diagnostics_complete\": true}\n"}
,{"stream_name":"stderr","time":40.850957314,"data":"/usr/local/lib/python3.13/dist-packages/mistune.py:435: SyntaxWarning: invalid escape sequence '\\|'\n"}
,{"stream_name":"stderr","time":40.850999719,"data":"  cells[i][c] = re.sub('\\\\\\\\\\|', '|', cell)\n"}
,{"stream_name":"stderr","time":41.360774997,"data":"/usr/local/lib/python3.13/dist-packages/nbconvert/filters/filter_links.py:36: SyntaxWarning: invalid escape sequence '\\_'\n"}
,{"stream_name":"stderr","time":41.360807265,"data":"  text = re.sub(r'_', '\\_', text) # Escape underscores in display text\n"}
,{"stream_name":"stderr","time":43.969756992,"data":"[NbConvertApp] Converting notebook __script__.ipynb to html\n"}
,{"stream_name":"stderr","time":45.562031685,"data":"[NbConvertApp] Writing 471151 bytes to __results__.html\n"}
]