{"msg": "start", "shards": 91, "datasets": {"rlab-hipsci-targeted19": {"files": 59, "chosen": 59, "bytes": 13030135370, "mount": "/kaggle/input/datasets/davidmaisterx/rlab-hipsci-targeted19"}, "rlab-jurkat-nadig": {"files": 14, "chosen": 14, "bytes": 2040433751, "mount": "/kaggle/input/datasets/davidmaisterx/rlab-jurkat-nadig"}, "rlab-hepg2-nadig": {"files": 8, "chosen": 8, "bytes": 1332075491, "mount": "/kaggle/input/datasets/davidmaisterx/rlab-hepg2-nadig"}, "rlab-tian-norman": {"files": 34, "chosen": 10, "bytes": 1323666870, "mount": "/kaggle/input/datasets/davidmaisterx/rlab-tian-norman"}}, "workers": 4}
{"msg": "shard", "name": "hipsci_targeted_19__shard_00000.h5ad", "verified": true, "seconds": {"raw_read_and_sha256": 2.89, "h5py_read_decompress": 8.572, "encode": 45.996, "decode_and_compare": 7.398}, "error": null}
{"msg": "shard", "name": "hipsci_targeted_19__shard_00001.h5ad", "verified": true, "seconds": {"raw_read_and_sha256": 3.03, "h5py_read_decompress": 8.518, "encode": 44.193, "decode_and_compare": 7.079}, "error": null}
{"msg": "shard", "name": "hipsci_targeted_19__shard_00002.h5ad", "verified": true, "seconds": {"raw_read_and_sha256": 3.05, "h5py_read_decompress": 8.154, "encode": 44.385, "decode_and_compare": 6.944}, "error": null}
{"msg": "shard", "name": "hipsci_targeted_19__shard_00003.h5ad", "verified": true, "seconds": {"raw_read_and_sha256": 2.957, "h5py_read_decompress": 8.046, "encode": 44.287, "decode_and_compare": 6.699}, "error": null}
{"msg": "shard", "name": "hipsci_targeted_19__shard_00004.h5ad", "verified": true, "seconds": {"raw_read_and_sha256": 3.585, "h5py_read_decompress": 7.159, "encode": 43.107, "decode_and_compare": 6.775}, "error": null}
{"msg": "shard", "name": "hipsci_targeted_19__shard_00005.h5ad", "verified": true, "seconds": {"raw_read_and_sha256": 3.471, "h5py_read_decompress": 7.82, "encode": 42.852, "decode_and_compare": 6.771}, "error": null}
{"msg": "shard", "name": "hipsci_targeted_19__shard_00006.h5ad", "verified": true, "seconds": {"raw_read_and_sha256": 3.402, "h5py_read_decompress": 7.899, "encode": 46.554, "decode_and_compare": 7.69}, "error": null}
{"msg": "shard", "name": "hipsci_targeted_19__shard_00007.h5ad", "verified": true, "seconds": {"raw_read_and_sha256": 3.368, "h5py_read_decompress": 7.676, "encode": 41.75, "decode_and_compare": 6.521}, "error": null}
{"msg": "shard", "name": "hipsci_targeted_19__shard_00008.h5ad", "verified": true, "seconds": {"raw_read_and_sha256": 2.791, "h5py_read_decompress": 6.388, "encode": 34.607, "decode_and_compare": 5.658}, "error": null}
{"msg": "shard", "name": "hipsci_targeted_19__shard_00009.h5ad", "verified": true, "seconds": {"raw_read_and_sha256": 2.742, "h5py_read_decompress": 6.847, "encode": 37.199, "decode_and_compare": 6.149}, "error": null}
{"msg": "shard", "name": "hipsci_targeted_19__shard_00010.h5ad", "verified": true, "seconds": {"raw_read_and_sha256": 3.177, "h5py_read_decompress": 8.049, "encode": 46.001, "decode_and_compare": 7.167}, "error": null}
{"msg": "shard", "name": "hipsci_targeted_19__shard_00011.h5ad", "verified": true, "seconds": {"raw_read_and_sha256": 2.57, "h5py_read_decompress": 7.694, "encode": 45.092, "decode_and_compare": 7.335}, "error": null}
{"msg": "shard", "name": "hipsci_targeted_19__shard_00012.h5ad", "verified": true, "seconds": {"raw_read_and_sha256": 3.252, "h5py_read_decompress": 7.884, "encode": 48.425, "decode_and_compare": 7.913}, "error": null}
{"msg": "shard", "name": "hipsci_targeted_19__shard_00013.h5ad", "verified": true, "seconds": {"raw_read_and_sha256": 2.651, "h5py_read_decompress": 7.064, "encode": 40.061, "decode_and_compare": 6.336}, "error": null}
{"msg": "shard", "name": "hipsci_targeted_19__shard_00014.h5ad", "verified": true, "seconds": {"raw_read_and_sha256": 3.104, "h5py_read_decompress": 7.028, "encode": 41.494, "decode_and_compare": 6.384}, "error": null}
{"msg": "shard", "name": "hipsci_targeted_19__shard_00015.h5ad", "verified": true, "seconds": {"raw_read_and_sha256": 3.115, "h5py_read_decompress": 7.928, "encode": 45.58, "decode_and_compare": 7.724}, "error": null}
{"msg": "shard", "name": "hipsci_targeted_19__shard_00016.h5ad", "verified": true, "seconds": {"raw_read_and_sha256": 3.219, "h5py_read_decompress": 7.468, "encode": 46.188, "decode_and_compare": 8.675}, "error": null}
{"msg": "shard", "name": "hipsci_targeted_19__shard_00017.h5ad", "verified": true, "seconds": {"raw_read_and_sha256": 3.099, "h5py_read_decompress": 7.548, "encode": 41.009, "decode_and_compare": 6.798}, "error": null}
{"msg": "shard", "name": "hipsci_targeted_19__shard_00018.h5ad", "verified": true, "seconds": {"raw_read_and_sha256": 2.452, "h5py_read_decompress": 6.817, "encode": 40.972, "decode_and_compare": 6.883}, "error": null}
{"msg": "shard", "name": "hipsci_targeted_19__shard_00019.h5ad", "verified": true, "seconds": {"raw_read_and_sha256": 3.288, "h5py_read_decompress": 6.834, "encode": 43.016, "decode_and_compare": 6.377}, "error": null}
{"msg": "shard", "name": "hipsci_targeted_19__shard_00020.h5ad", "verified": true, "seconds": {"raw_read_and_sha256": 2.765, "h5py_read_decompress": 6.696, "encode": 37.399, "decode_and_compare": 5.837}, "error": null}
{"msg": "shard", "name": "hipsci_targeted_19__shard_00021.h5ad", "verified": true, "seconds": {"raw_read_and_sha256": 2.84, "h5py_read_decompress": 7.349, "encode": 42.513, "decode_and_compare": 7.227}, "error": null}
{"msg": "shard", "name": "hipsci_targeted_19__shard_00022.h5ad", "verified": true, "seconds": {"raw_read_and_sha256": 2.9, "h5py_read_decompress": 7.851, "encode": 45.911, "decode_and_compare": 7.807}, "error": null}
{"msg": "shard", "name": "hipsci_targeted_19__shard_00023.h5ad", "verified": true, "seconds": {"raw_read_and_sha256": 3.561, "h5py_read_decompress": 7.46, "encode": 45.73, "decode_and_compare": 7.04}, "error": null}
{"msg": "shard", "name": "hipsci_targeted_19__shard_00024.h5ad", "verified": true, "seconds": {"raw_read_and_sha256": 3.468, "h5py_read_decompress": 7.914, "encode": 42.442, "decode_and_compare": 7.029}, "error": null}
{"msg": "shard", "name": "hipsci_targeted_19__shard_00025.h5ad", "verified": true, "seconds": {"raw_read_and_sha256": 3.265, "h5py_read_decompress": 7.516, "encode": 40.774, "decode_and_compare": 6.523}, "error": null}
{"msg": "shard", "name": "hipsci_targeted_19__shard_00026.h5ad", "verified": true, "seconds": {"raw_read_and_sha256": 2.141, "h5py_read_decompress": 5.646, "encode": 32.805, "decode_and_compare": 5.222}, "error": null}
{"msg": "shard", "name": "hipsci_targeted_19__shard_00027.h5ad", "verified": true, "seconds": {"raw_read_and_sha256": 3.594, "h5py_read_decompress": 6.399, "encode": 36.687, "decode_and_compare": 6.086}, "error": null}
{"msg": "shard", "name": "hipsci_targeted_19__shard_00028.h5ad", "verified": true, "seconds": {"raw_read_and_sha256": 3.615, "h5py_read_decompress": 7.946, "encode": 50.386, "decode_and_compare": 7.484}, "error": null}
{"msg": "shard", "name": "hipsci_targeted_19__shard_00029.h5ad", "verified": true, "seconds": {"raw_read_and_sha256": 3.454, "h5py_read_decompress": 8.459, "encode": 52.489, "decode_and_compare": 7.923}, "error": null}
{"msg": "shard", "name": "hipsci_targeted_19__shard_00030.h5ad", "verified": true, "seconds": {"raw_read_and_sha256": 2.194, "h5py_read_decompress": 6.333, "encode": 30.615, "decode_and_compare": 4.736}, "error": null}
{"msg": "shard", "name": "hipsci_targeted_19__shard_00031.h5ad", "verified": true, "seconds": {"raw_read_and_sha256": 3.277, "h5py_read_decompress": 8.499, "encode": 48.566, "decode_and_compare": 8.153}, "error": null}
{"msg": "shard", "name": "hipsci_targeted_19__shard_00032.h5ad", "verified": true, "seconds": {"raw_read_and_sha256": 3.338, "h5py_read_decompress": 7.728, "encode": 45.944, "decode_and_compare": 7.387}, "error": null}
{"msg": "shard", "name": "hipsci_targeted_19__shard_00033.h5ad", "verified": true, "seconds": {"raw_read_and_sha256": 3.271, "h5py_read_decompress": 7.813, "encode": 43.352, "decode_and_compare": 7.135}, "error": null}
{"msg": "shard", "name": "hipsci_targeted_19__shard_00034.h5ad", "verified": true, "seconds": {"raw_read_and_sha256": 2.61, "h5py_read_decompress": 7.217, "encode": 39.524, "decode_and_compare": 6.852}, "error": null}
{"msg": "shard", "name": "hipsci_targeted_19__shard_00035.h5ad", "verified": true, "seconds": {"raw_read_and_sha256": 2.729, "h5py_read_decompress": 6.897, "encode": 40.44, "decode_and_compare": 6.145}, "error": null}
{"msg": "shard", "name": "hipsci_targeted_19__shard_00036.h5ad", "verified": true, "seconds": {"raw_read_and_sha256": 2.86, "h5py_read_decompress": 7.838, "encode": 43.065, "decode_and_compare": 6.93}, "error": null}
{"msg": "shard", "name": "hipsci_targeted_19__shard_00037.h5ad", "verified": true, "seconds": {"raw_read_and_sha256": 2.871, "h5py_read_decompress": 7.528, "encode": 45.45, "decode_and_compare": 6.839}, "error": null}
{"msg": "shard", "name": "hipsci_targeted_19__shard_00038.h5ad", "verified": true, "seconds": {"raw_read_and_sha256": 2.703, "h5py_read_decompress": 7.638, "encode": 44.472, "decode_and_compare": 7.175}, "error": null}
{"msg": "shard", "name": "hipsci_targeted_19__shard_00039.h5ad", "verified": true, "seconds": {"raw_read_and_sha256": 2.306, "h5py_read_decompress": 7.204, "encode": 40.907, "decode_and_compare": 6.288}, "error": null}
{"msg": "shard", "name": "hipsci_targeted_19__shard_00040.h5ad", "verified": true, "seconds": {"raw_read_and_sha256": 3.273, "h5py_read_decompress": 8.21, "encode": 48.104, "decode_and_compare": 7.738}, "error": null}
{"msg": "shard", "name": "hipsci_targeted_19__shard_00041.h5ad", "verified": true, "seconds": {"raw_read_and_sha256": 3.399, "h5py_read_decompress": 7.278, "encode": 39.915, "decode_and_compare": 6.482}, "error": null}
{"msg": "shard", "name": "hipsci_targeted_19__shard_00042.h5ad", "verified": true, "seconds": {"raw_read_and_sha256": 2.435, "h5py_read_decompress": 5.427, "encode": 30.049, "decode_and_compare": 4.768}, "error": null}
{"msg": "shard", "name": "hipsci_targeted_19__shard_00043.h5ad", "verified": true, "seconds": {"raw_read_and_sha256": 3.201, "h5py_read_decompress": 8.422, "encode": 52.667, "decode_and_compare": 9.078}, "error": null}
{"msg": "shard", "name": "hipsci_targeted_19__shard_00044.h5ad", "verified": true, "seconds": {"raw_read_and_sha256": 4.213, "h5py_read_decompress": 9.8, "encode": 66.463, "decode_and_compare": 7.458}, "error": null}
{"msg": "shard", "name": "hipsci_targeted_19__shard_00045.h5ad", "verified": true, "seconds": {"raw_read_and_sha256": 5.028, "h5py_read_decompress": 13.55, "encode": 48.629, "decode_and_compare": 7.609}, "error": null}
{"msg": "shard", "name": "hipsci_targeted_19__shard_00046.h5ad", "verified": true, "seconds": {"raw_read_and_sha256": 3.063, "h5py_read_decompress": 8.909, "encode": 52.238, "decode_and_compare": 7.779}, "error": null}
{"msg": "shard", "name": "hipsci_targeted_19__shard_00047.h5ad", "verified": true, "seconds": {"raw_read_and_sha256": 2.597, "h5py_read_decompress": 7.124, "encode": 43.125, "decode_and_compare": 6.945}, "error": null}
{"msg": "shard", "name": "hipsci_targeted_19__shard_00048.h5ad", "verified": true, "seconds": {"raw_read_and_sha256": 2.814, "h5py_read_decompress": 6.096, "encode": 37.221, "decode_and_compare": 6.653}, "error": null}
{"msg": "shard", "name": "hipsci_targeted_19__shard_00049.h5ad", "verified": true, "seconds": {"raw_read_and_sha256": 2.375, "h5py_read_decompress": 7.557, "encode": 43.406, "decode_and_compare": 6.425}, "error": null}
{"msg": "shard", "name": "hipsci_targeted_19__shard_00050.h5ad", "verified": true, "seconds": {"raw_read_and_sha256": 2.776, "h5py_read_decompress": 7.157, "encode": 45.065, "decode_and_compare": 6.794}, "error": null}
{"msg": "shard", "name": "hipsci_targeted_19__shard_00051.h5ad", "verified": true, "seconds": {"raw_read_and_sha256": 3.536, "h5py_read_decompress": 7.148, "encode": 42.15, "decode_and_compare": 6.407}, "error": null}
{"msg": "shard", "name": "hipsci_targeted_19__shard_00052.h5ad", "verified": true, "seconds": {"raw_read_and_sha256": 3.94, "h5py_read_decompress": 7.5, "encode": 50.352, "decode_and_compare": 7.613}, "error": null}
{"msg": "shard", "name": "hipsci_targeted_19__shard_00053.h5ad", "verified": true, "seconds": {"raw_read_and_sha256": 2.903, "h5py_read_decompress": 9.222, "encode": 49.222, "decode_and_compare": 7.837}, "error": null}
{"msg": "shard", "name": "hipsci_targeted_19__shard_00054.h5ad", "verified": true, "seconds": {"raw_read_and_sha256": 4.562, "h5py_read_decompress": 7.931, "encode": 47.508, "decode_and_compare": 8.069}, "error": null}
{"msg": "shard", "name": "hipsci_targeted_19__shard_00055.h5ad", "verified": true, "seconds": {"raw_read_and_sha256": 2.972, "h5py_read_decompress": 7.713, "encode": 49.196, "decode_and_compare": 7.64}, "error": null}
{"msg": "shard", "name": "hipsci_targeted_19__shard_00056.h5ad", "verified": true, "seconds": {"raw_read_and_sha256": 2.967, "h5py_read_decompress": 7.953, "encode": 45.853, "decode_and_compare": 6.954}, "error": null}
{"msg": "shard", "name": "hipsci_targeted_19__shard_00057.h5ad", "verified": true, "seconds": {"raw_read_and_sha256": 3.584, "h5py_read_decompress": 9.077, "encode": 57.11, "decode_and_compare": 8.891}, "error": null}
{"msg": "shard", "name": "hipsci_targeted_19__shard_00058.h5ad", "verified": true, "seconds": {"raw_read_and_sha256": 0.379, "h5py_read_decompress": 0.772, "encode": 3.825, "decode_and_compare": 0.681}, "error": null}
{"msg": "shard", "name": "jurkat_nadig__shard_00000.h5ad", "verified": true, "seconds": {"raw_read_and_sha256": 2.198, "h5py_read_decompress": 5.31, "encode": 33.772, "decode_and_compare": 4.414}, "error": null}
{"msg": "shard", "name": "jurkat_nadig__shard_00001.h5ad", "verified": true, "seconds": {"raw_read_and_sha256": 2.033, "h5py_read_decompress": 5.828, "encode": 33.713, "decode_and_compare": 4.631}, "error": null}
{"msg": "shard", "name": "jurkat_nadig__shard_00002.h5ad", "verified": true, "seconds": {"raw_read_and_sha256": 2.641, "h5py_read_decompress": 5.441, "encode": 28.643, "decode_and_compare": 4.946}, "error": null}
{"msg": "shard", "name": "jurkat_nadig__shard_00003.h5ad", "verified": true, "seconds": {"raw_read_and_sha256": 2.312, "h5py_read_decompress": 5.42, "encode": 31.171, "decode_and_compare": 4.737}, "error": null}
{"msg": "shard", "name": "jurkat_nadig__shard_00004.h5ad", "verified": true, "seconds": {"raw_read_and_sha256": 2.238, "h5py_read_decompress": 5.155, "encode": 29.185, "decode_and_compare": 4.365}, "error": null}
{"msg": "shard", "name": "jurkat_nadig__shard_00005.h5ad", "verified": true, "seconds": {"raw_read_and_sha256": 2.598, "h5py_read_decompress": 5.203, "encode": 29.645, "decode_and_compare": 4.322}, "error": null}
{"msg": "shard", "name": "jurkat_nadig__shard_00006.h5ad", "verified": true, "seconds": {"raw_read_and_sha256": 2.179, "h5py_read_decompress": 5.314, "encode": 28.714, "decode_and_compare": 4.975}, "error": null}
{"msg": "shard", "name": "jurkat_nadig__shard_00007.h5ad", "verified": true, "seconds": {"raw_read_and_sha256": 1.945, "h5py_read_decompress": 4.993, "encode": 29.862, "decode_and_compare": 4.5}, "error": null}
{"msg": "shard", "name": "jurkat_nadig__shard_00008.h5ad", "verified": true, "seconds": {"raw_read_and_sha256": 2.168, "h5py_read_decompress": 5.142, "encode": 30.882, "decode_and_compare": 4.511}, "error": null}
{"msg": "shard", "name": "jurkat_nadig__shard_00009.h5ad", "verified": true, "seconds": {"raw_read_and_sha256": 2.206, "h5py_read_decompress": 5.378, "encode": 31.098, "decode_and_compare": 4.032}, "error": null}
{"msg": "shard", "name": "jurkat_nadig__shard_00010.h5ad", "verified": true, "seconds": {"raw_read_and_sha256": 2.109, "h5py_read_decompress": 5.2, "encode": 29.766, "decode_and_compare": 4.848}, "error": null}
{"msg": "shard", "name": "jurkat_nadig__shard_00011.h5ad", "verified": true, "seconds": {"raw_read_and_sha256": 1.876, "h5py_read_decompress": 5.186, "encode": 29.844, "decode_and_compare": 4.305}, "error": null}
{"msg": "shard", "name": "jurkat_nadig__shard_00012.h5ad", "verified": true, "seconds": {"raw_read_and_sha256": 2.002, "h5py_read_decompress": 5.118, "encode": 30.166, "decode_and_compare": 4.822}, "error": null}
{"msg": "shard", "name": "jurkat_nadig__shard_00013.h5ad", "verified": true, "seconds": {"raw_read_and_sha256": 0.333, "h5py_read_decompress": 0.852, "encode": 3.663, "decode_and_compare": 0.678}, "error": null}
{"msg": "shard", "name": "hepg2_nadig__shard_00000.h5ad", "verified": true, "seconds": {"raw_read_and_sha256": 2.566, "h5py_read_decompress": 6.98, "encode": 47.005, "decode_and_compare": 6.096}, "error": null}
{"msg": "shard", "name": "hepg2_nadig__shard_00001.h5ad", "verified": true, "seconds": {"raw_read_and_sha256": 3.113, "h5py_read_decompress": 12.678, "encode": 45.482, "decode_and_compare": 6.137}, "error": null}
{"msg": "shard", "name": "hepg2_nadig__shard_00002.h5ad", "verified": true, "seconds": {"raw_read_and_sha256": 3.039, "h5py_read_decompress": 7.366, "encode": 37.697, "decode_and_compare": 5.258}, "error": null}
{"msg": "shard", "name": "hepg2_nadig__shard_00003.h5ad", "verified": true, "seconds": {"raw_read_and_sha256": 2.62, "h5py_read_decompress": 7.772, "encode": 38.03, "decode_and_compare": 5.6}, "error": null}
{"msg": "shard", "name": "hepg2_nadig__shard_00004.h5ad", "verified": true, "seconds": {"raw_read_and_sha256": 2.047, "h5py_read_decompress": 6.203, "encode": 37.022, "decode_and_compare": 5.255}, "error": null}
{"msg": "shard", "name": "hepg2_nadig__shard_00005.h5ad", "verified": true, "seconds": {"raw_read_and_sha256": 2.288, "h5py_read_decompress": 6.706, "encode": 36.329, "decode_and_compare": 5.311}, "error": null}
{"msg": "shard", "name": "hepg2_nadig__shard_00006.h5ad", "verified": true, "seconds": {"raw_read_and_sha256": 2.299, "h5py_read_decompress": 6.891, "encode": 35.624, "decode_and_compare": 4.606}, "error": null}
{"msg": "shard", "name": "hepg2_nadig__shard_00007.h5ad", "verified": true, "seconds": {"raw_read_and_sha256": 0.7, "h5py_read_decompress": 1.883, "encode": 8.101, "decode_and_compare": 1.689}, "error": null}
{"msg": "shard", "name": "tian2021_crispri__shard_00000.h5ad", "verified": true, "seconds": {"raw_read_and_sha256": 2.625, "h5py_read_decompress": 7.237, "encode": 40.149, "decode_and_compare": 6.136}, "error": null}
{"msg": "shard", "name": "tian2021_crispri__shard_00001.h5ad", "verified": true, "seconds": {"raw_read_and_sha256": 2.377, "h5py_read_decompress": 4.256, "encode": 23.517, "decode_and_compare": 3.871}, "error": null}
{"msg": "shard", "name": "tian2021_crispra__shard_00000.h5ad", "verified": true, "seconds": {"raw_read_and_sha256": 2.032, "h5py_read_decompress": 5.605, "encode": 31.879, "decode_and_compare": 4.25}, "error": null}
{"msg": "shard", "name": "tian2021_crispra__shard_00001.h5ad", "verified": true, "seconds": {"raw_read_and_sha256": 0.175, "h5py_read_decompress": 0.438, "encode": 1.71, "decode_and_compare": 0.277}, "error": null}
{"msg": "shard", "name": "norman2019__shard_00000.h5ad", "verified": true, "seconds": {"raw_read_and_sha256": 3.923, "h5py_read_decompress": 6.347, "encode": 34.255, "decode_and_compare": 4.987}, "error": null}
{"msg": "shard", "name": "norman2019__shard_00001.h5ad", "verified": true, "seconds": {"raw_read_and_sha256": 2.168, "h5py_read_decompress": 5.59, "encode": 31.023, "decode_and_compare": 4.734}, "error": null}
{"msg": "shard", "name": "norman2019__shard_00002.h5ad", "verified": true, "seconds": {"raw_read_and_sha256": 1.831, "h5py_read_decompress": 5.304, "encode": 30.643, "decode_and_compare": 4.18}, "error": null}
{"msg": "shard", "name": "norman2019__shard_00003.h5ad", "verified": true, "seconds": {"raw_read_and_sha256": 1.675, "h5py_read_decompress": 5.018, "encode": 31.428, "decode_and_compare": 5.42}, "error": null}
{"msg": "shard", "name": "norman2019__shard_00004.h5ad", "verified": true, "seconds": {"raw_read_and_sha256": 2.145, "h5py_read_decompress": 4.535, "encode": 30.307, "decode_and_compare": 5.023}, "error": null}
{"msg": "shard", "name": "norman2019__shard_00005.h5ad", "verified": true, "seconds": {"raw_read_and_sha256": 1.291, "h5py_read_decompress": 3.061, "encode": 17.747, "decode_and_compare": 3.106}, "error": null}
{"msg": "done", "verified": 91, "failed": 0, "profile": {"seconds_summed_over_processes": {"raw_read_and_sha256": 248.7, "h5py_read_decompress": 619.6, "encode": 3522.4, "decode_and_compare": 548.9}, "source_mb": 16905.1, "twin_mb": 7198.0, "twin_over_source": 0.4258, "mb_per_s_per_process_of_source": {"raw_read_and_sha256": 67.96, "h5py_read_decompress": 27.28, "encode": 4.8, "decode_and_compare": 30.8}, "values": 8080116129, "cells": 1735232, "wall_seconds": 1970.5, "workers": 4, "cpus": 4, "note": "per-stage seconds summed over the worker processes that ran concurrently; MB/s per process = source MB / summed seconds of the stage"}}
