input      : C:\Users\39346\vcc2026-data\artifacts\t34gen\prediction.h5ad
hashing input (streamed) ...
  sha256   : 54b9e5c363f033f5e8b1f24b5cb0e86bfb3aec1d275e6004500995e8cb482e35  (4s)
layout     : 360,000 x 18,533, 2,158,637,475 stored entries
             data float32/gzip, indices int32, indptr int64
resources  : RAM 15.71 GiB total, 6.40 GiB available; disk 49.88 GiB free
             official vcc prep would peak at ~33.4 GiB; this stage streams instead
             estimated transient disk 9.10 GiB

validating and packaging (streamed) ...
  PASS  var_names_unique
  PASS  gene_order_matches_list
  PASS  gene_dim_matches_expected
  PASS  has_cells
  PASS  cell_dim_within_cap
  PASS  pert_column_present
  PASS  no_control_rows
  PASS  contexts_complete
  PASS  targets_match_official_list
  PASS  density_within_cap
  PASS  column_indices_in_range
  PASS  counts_finite
  PASS  counts_non_negative
  PASS  counts_are_whole_numbers
  PASS  max_counts_per_cell_within_cap
  PASS  no_all_zero_perturbation
  PASS  csr:indptr_length_is_n_obs_plus_1
  PASS  csr:indptr_starts_at_zero
  PASS  csr:indptr_non_negative
  PASS  csr:indptr_monotonic
  PASS  csr:indptr_end_matches_data_length
  PASS  csr:data_and_indices_same_length
  PASS  csr:nnz_representable_in_indptr_dtype
  PASS  csr:n_vars_representable_in_indices_dtype

wrote prediction.vcc: 3.90 GiB (463s total)
  meta       : {"schema": 1, "nnz": 2158637475, "n_obs": 360000, "n_vars": 18533, "cli_version": "0.2.0"}
  peak RSS   : 0.53 GiB
  peak disk  : 7.86 GiB

verifying the archive ...
  PASS  official container validator (vccfile.validate_vcc)
  meta read back: {"cli_version": "0.2.0", "n_obs": 360000, "n_vars": 18533, "nnz": 2158637475, "schema": 1}
  PASS  payload X arrays are bit-identical to the input; gene axis and labels match (113s)
        obs index rewritten by prep's rule: True
  archive sha256: 46149a6ca1b4b76c49b79795ee218804fccdfbe17e88c4bebdf0504ab9082107

total 584s, peak RSS 0.53 GiB
-> C:\Users\39346\vcc2026-data\artifacts\t34pack\packaging.json
