trial          : trial-ext-profile (external_effects)
shape          : 300 perturbations x 400 cells x 3 contexts = 360,000 cells
pilot          : False
disk free      : 54.12 GiB (estimated need 4.19 GiB)
seed           : 20260912

  basal A: 18,400 cells, median UMI 20,109, median detected genes 6,147
  basal B: 18,400 cells, median UMI 19,946, median detected genes 5,756
  basal C: 18,400 cells, median UMI 20,034, median detected genes 6,006
effects A      : C:\Users\39346\vcc2026-data\processed\effects_t34_2026-10-04\effects_A.npz (9,135 genes observed)
effects B      : C:\Users\39346\vcc2026-data\processed\effects_t34_2026-10-04\effects_B.npz (8,668 genes observed)
effects C      : C:\Users\39346\vcc2026-data\processed\effects_t34_2026-10-04\effects_C.npz (9,127 genes observed)
    A 1/300 (0s)
    A 26/300 (15s)
    A 51/300 (29s)
    A 76/300 (43s)
    A 101/300 (58s)
    A 126/300 (72s)
    A 151/300 (86s)
    A 176/300 (100s)
    A 201/300 (114s)
    A 226/300 (128s)
    A 251/300 (142s)
    A 276/300 (156s)
    B 1/300 (172s)
    B 26/300 (186s)
    B 51/300 (199s)
    B 76/300 (213s)
    B 101/300 (227s)
    B 126/300 (240s)
    B 151/300 (254s)
    B 176/300 (268s)
    B 201/300 (281s)
    B 226/300 (295s)
    B 251/300 (309s)
    B 276/300 (322s)
    C 1/300 (336s)
    C 26/300 (351s)
    C 51/300 (365s)
    C 76/300 (380s)
    C 101/300 (395s)
    C 126/300 (409s)
    C 151/300 (423s)
    C 176/300 (438s)
    C 201/300 (452s)
    C 226/300 (467s)
    C 251/300 (481s)
    C 276/300 (495s)

wrote prediction.h5ad: 360,000 cells, 2,158,637,475 stored values, 4050.4 MB
  stored per cell     : 5,996 (budget 13,194)
  context provenance  : OK
  runtime             : basal 7s, generation 509s, total 517s
  peak RSS            : 0.52 GiB
-> C:\Users\39346\vcc2026-data\artifacts\t34gen\prediction.h5ad
-> C:\Users\39346\vcc2026-data\artifacts\t34gen\generation_diagnostics.json
