/tmp/lead_stack_variant_b_scratch_r1/venv/lib/python3.11/site-packages/stack/model_loading.py:47: FutureWarning: You are using `torch.load` with `weights_only=False` (the current default value), which uses the default pickle module implicitly. It is possible to construct malicious pickle data which will execute arbitrary code during unpickling (See https://github.com/pytorch/pytorch/blob/main/SECURITY.md#untrusted-models for more details). In a future release, the default value for `weights_only` will be flipped to `True`. This limits the functions that could be executed during unpickling. Arbitrary objects will no longer be allowed to be loaded via this mode unless they are explicitly allowlisted by the user via `torch.serialization.add_safe_globals`. We recommend you start setting `weights_only=True` for any use case where you don't have full control of the loaded file. Please open an issue on GitHub for any issues related to this experimental feature.
  checkpoint = torch.load(checkpoint_path_obj, map_location=device)
Masking ratio schedule: [0.8        0.6        0.39999998 0.19999999 0.        ]
Context ratio schedule: [0.2  0.25 0.3  0.35 0.4 ]
/tmp/lead_stack_variant_b_scratch_r1/venv/lib/python3.11/site-packages/anndata/_core/anndata.py:1756: UserWarning: Observation names are not unique. To make them unique, call `.obs_names_make_unique`.
  utils.warn_names_duplicates("obs")
/tmp/lead_stack_variant_b_scratch_r1/venv/lib/python3.11/site-packages/anndata/_core/anndata.py:1756: UserWarning: Observation names are not unique. To make them unique, call `.obs_names_make_unique`.
  utils.warn_names_duplicates("obs")
/tmp/lead_stack_variant_b_scratch_r1/venv/lib/python3.11/site-packages/anndata/_core/anndata.py:1756: UserWarning: Observation names are not unique. To make them unique, call `.obs_names_make_unique`.
  utils.warn_names_duplicates("obs")
'organism' column not found in obs, assuming all cells are valid
Generation Step 1
0.072265625
/tmp/lead_stack_variant_b_scratch_r1/venv/lib/python3.11/site-packages/anndata/_core/anndata.py:1756: UserWarning: Observation names are not unique. To make them unique, call `.obs_names_make_unique`.
  utils.warn_names_duplicates("obs")
/tmp/lead_stack_variant_b_scratch_r1/venv/lib/python3.11/site-packages/anndata/_core/anndata.py:1756: UserWarning: Observation names are not unique. To make them unique, call `.obs_names_make_unique`.
  utils.warn_names_duplicates("obs")
/tmp/lead_stack_variant_b_scratch_r1/venv/lib/python3.11/site-packages/anndata/_core/anndata.py:1756: UserWarning: Observation names are not unique. To make them unique, call `.obs_names_make_unique`.
  utils.warn_names_duplicates("obs")
'organism' column not found in obs, assuming all cells are valid
Generation Step 2
0.041015625
/tmp/lead_stack_variant_b_scratch_r1/venv/lib/python3.11/site-packages/anndata/_core/anndata.py:1756: UserWarning: Observation names are not unique. To make them unique, call `.obs_names_make_unique`.
  utils.warn_names_duplicates("obs")
/tmp/lead_stack_variant_b_scratch_r1/venv/lib/python3.11/site-packages/anndata/_core/anndata.py:1756: UserWarning: Observation names are not unique. To make them unique, call `.obs_names_make_unique`.
  utils.warn_names_duplicates("obs")
/tmp/lead_stack_variant_b_scratch_r1/venv/lib/python3.11/site-packages/anndata/_core/anndata.py:1756: UserWarning: Observation names are not unique. To make them unique, call `.obs_names_make_unique`.
  utils.warn_names_duplicates("obs")
/tmp/lead_stack_variant_b_scratch_r1/venv/lib/python3.11/site-packages/anndata/_core/anndata.py:1756: UserWarning: Observation names are not unique. To make them unique, call `.obs_names_make_unique`.
  utils.warn_names_duplicates("obs")
'organism' column not found in obs, assuming all cells are valid
Generation Step 3
0.09375
/tmp/lead_stack_variant_b_scratch_r1/venv/lib/python3.11/site-packages/anndata/_core/anndata.py:1756: UserWarning: Observation names are not unique. To make them unique, call `.obs_names_make_unique`.
  utils.warn_names_duplicates("obs")
/tmp/lead_stack_variant_b_scratch_r1/venv/lib/python3.11/site-packages/anndata/_core/anndata.py:1756: UserWarning: Observation names are not unique. To make them unique, call `.obs_names_make_unique`.
  utils.warn_names_duplicates("obs")
/tmp/lead_stack_variant_b_scratch_r1/venv/lib/python3.11/site-packages/anndata/_core/anndata.py:1756: UserWarning: Observation names are not unique. To make them unique, call `.obs_names_make_unique`.
  utils.warn_names_duplicates("obs")
/tmp/lead_stack_variant_b_scratch_r1/venv/lib/python3.11/site-packages/anndata/_core/anndata.py:1756: UserWarning: Observation names are not unique. To make them unique, call `.obs_names_make_unique`.
  utils.warn_names_duplicates("obs")
'organism' column not found in obs, assuming all cells are valid
Generation Step 4
0.125
/tmp/lead_stack_variant_b_scratch_r1/venv/lib/python3.11/site-packages/anndata/_core/anndata.py:1756: UserWarning: Observation names are not unique. To make them unique, call `.obs_names_make_unique`.
  utils.warn_names_duplicates("obs")
/tmp/lead_stack_variant_b_scratch_r1/venv/lib/python3.11/site-packages/anndata/_core/anndata.py:1756: UserWarning: Observation names are not unique. To make them unique, call `.obs_names_make_unique`.
  utils.warn_names_duplicates("obs")
/tmp/lead_stack_variant_b_scratch_r1/venv/lib/python3.11/site-packages/anndata/_core/anndata.py:1756: UserWarning: Observation names are not unique. To make them unique, call `.obs_names_make_unique`.
  utils.warn_names_duplicates("obs")
/tmp/lead_stack_variant_b_scratch_r1/venv/lib/python3.11/site-packages/anndata/_core/anndata.py:1756: UserWarning: Observation names are not unique. To make them unique, call `.obs_names_make_unique`.
  utils.warn_names_duplicates("obs")
'organism' column not found in obs, assuming all cells are valid
Generation Step 5
0.1484375
Masking ratio schedule: [0.8        0.6        0.39999998 0.19999999 0.        ]
Context ratio schedule: [0.2  0.25 0.3  0.35 0.4 ]
/tmp/lead_stack_variant_b_scratch_r1/venv/lib/python3.11/site-packages/anndata/_core/anndata.py:1756: UserWarning: Observation names are not unique. To make them unique, call `.obs_names_make_unique`.
  utils.warn_names_duplicates("obs")
/tmp/lead_stack_variant_b_scratch_r1/venv/lib/python3.11/site-packages/anndata/_core/anndata.py:1756: UserWarning: Observation names are not unique. To make them unique, call `.obs_names_make_unique`.
  utils.warn_names_duplicates("obs")
/tmp/lead_stack_variant_b_scratch_r1/venv/lib/python3.11/site-packages/anndata/_core/anndata.py:1756: UserWarning: Observation names are not unique. To make them unique, call `.obs_names_make_unique`.
  utils.warn_names_duplicates("obs")
'organism' column not found in obs, assuming all cells are valid
Generation Step 1
0.078125
/tmp/lead_stack_variant_b_scratch_r1/venv/lib/python3.11/site-packages/anndata/_core/anndata.py:1756: UserWarning: Observation names are not unique. To make them unique, call `.obs_names_make_unique`.
  utils.warn_names_duplicates("obs")
/tmp/lead_stack_variant_b_scratch_r1/venv/lib/python3.11/site-packages/anndata/_core/anndata.py:1756: UserWarning: Observation names are not unique. To make them unique, call `.obs_names_make_unique`.
  utils.warn_names_duplicates("obs")
/tmp/lead_stack_variant_b_scratch_r1/venv/lib/python3.11/site-packages/anndata/_core/anndata.py:1756: UserWarning: Observation names are not unique. To make them unique, call `.obs_names_make_unique`.
  utils.warn_names_duplicates("obs")
'organism' column not found in obs, assuming all cells are valid
Generation Step 2
0.04296875
/tmp/lead_stack_variant_b_scratch_r1/venv/lib/python3.11/site-packages/anndata/_core/anndata.py:1756: UserWarning: Observation names are not unique. To make them unique, call `.obs_names_make_unique`.
  utils.warn_names_duplicates("obs")
/tmp/lead_stack_variant_b_scratch_r1/venv/lib/python3.11/site-packages/anndata/_core/anndata.py:1756: UserWarning: Observation names are not unique. To make them unique, call `.obs_names_make_unique`.
  utils.warn_names_duplicates("obs")
/tmp/lead_stack_variant_b_scratch_r1/venv/lib/python3.11/site-packages/anndata/_core/anndata.py:1756: UserWarning: Observation names are not unique. To make them unique, call `.obs_names_make_unique`.
  utils.warn_names_duplicates("obs")
/tmp/lead_stack_variant_b_scratch_r1/venv/lib/python3.11/site-packages/anndata/_core/anndata.py:1756: UserWarning: Observation names are not unique. To make them unique, call `.obs_names_make_unique`.
  utils.warn_names_duplicates("obs")
'organism' column not found in obs, assuming all cells are valid
Generation Step 3
0.080078125
/tmp/lead_stack_variant_b_scratch_r1/venv/lib/python3.11/site-packages/anndata/_core/anndata.py:1756: UserWarning: Observation names are not unique. To make them unique, call `.obs_names_make_unique`.
  utils.warn_names_duplicates("obs")
/tmp/lead_stack_variant_b_scratch_r1/venv/lib/python3.11/site-packages/anndata/_core/anndata.py:1756: UserWarning: Observation names are not unique. To make them unique, call `.obs_names_make_unique`.
  utils.warn_names_duplicates("obs")
/tmp/lead_stack_variant_b_scratch_r1/venv/lib/python3.11/site-packages/anndata/_core/anndata.py:1756: UserWarning: Observation names are not unique. To make them unique, call `.obs_names_make_unique`.
  utils.warn_names_duplicates("obs")
/tmp/lead_stack_variant_b_scratch_r1/venv/lib/python3.11/site-packages/anndata/_core/anndata.py:1756: UserWarning: Observation names are not unique. To make them unique, call `.obs_names_make_unique`.
  utils.warn_names_duplicates("obs")
'organism' column not found in obs, assuming all cells are valid
Generation Step 4
0.1328125
/tmp/lead_stack_variant_b_scratch_r1/venv/lib/python3.11/site-packages/anndata/_core/anndata.py:1756: UserWarning: Observation names are not unique. To make them unique, call `.obs_names_make_unique`.
  utils.warn_names_duplicates("obs")
/tmp/lead_stack_variant_b_scratch_r1/venv/lib/python3.11/site-packages/anndata/_core/anndata.py:1756: UserWarning: Observation names are not unique. To make them unique, call `.obs_names_make_unique`.
  utils.warn_names_duplicates("obs")
/tmp/lead_stack_variant_b_scratch_r1/venv/lib/python3.11/site-packages/anndata/_core/anndata.py:1756: UserWarning: Observation names are not unique. To make them unique, call `.obs_names_make_unique`.
  utils.warn_names_duplicates("obs")
/tmp/lead_stack_variant_b_scratch_r1/venv/lib/python3.11/site-packages/anndata/_core/anndata.py:1756: UserWarning: Observation names are not unique. To make them unique, call `.obs_names_make_unique`.
  utils.warn_names_duplicates("obs")
'organism' column not found in obs, assuming all cells are valid
Generation Step 5
0.169921875
Finished CCDC130
Masking ratio schedule: [0.8        0.6        0.39999998 0.19999999 0.        ]
Context ratio schedule: [0.2  0.25 0.3  0.35 0.4 ]
/tmp/lead_stack_variant_b_scratch_r1/venv/lib/python3.11/site-packages/anndata/_core/anndata.py:1756: UserWarning: Observation names are not unique. To make them unique, call `.obs_names_make_unique`.
  utils.warn_names_duplicates("obs")
/tmp/lead_stack_variant_b_scratch_r1/venv/lib/python3.11/site-packages/anndata/_core/anndata.py:1756: UserWarning: Observation names are not unique. To make them unique, call `.obs_names_make_unique`.
  utils.warn_names_duplicates("obs")
/tmp/lead_stack_variant_b_scratch_r1/venv/lib/python3.11/site-packages/anndata/_core/anndata.py:1756: UserWarning: Observation names are not unique. To make them unique, call `.obs_names_make_unique`.
  utils.warn_names_duplicates("obs")
'organism' column not found in obs, assuming all cells are valid
Generation Step 1
0.146484375
/tmp/lead_stack_variant_b_scratch_r1/venv/lib/python3.11/site-packages/anndata/_core/anndata.py:1756: UserWarning: Observation names are not unique. To make them unique, call `.obs_names_make_unique`.
  utils.warn_names_duplicates("obs")
/tmp/lead_stack_variant_b_scratch_r1/venv/lib/python3.11/site-packages/anndata/_core/anndata.py:1756: UserWarning: Observation names are not unique. To make them unique, call `.obs_names_make_unique`.
  utils.warn_names_duplicates("obs")
/tmp/lead_stack_variant_b_scratch_r1/venv/lib/python3.11/site-packages/anndata/_core/anndata.py:1756: UserWarning: Observation names are not unique. To make them unique, call `.obs_names_make_unique`.
  utils.warn_names_duplicates("obs")
'organism' column not found in obs, assuming all cells are valid
Generation Step 2
0.076171875
/tmp/lead_stack_variant_b_scratch_r1/venv/lib/python3.11/site-packages/anndata/_core/anndata.py:1756: UserWarning: Observation names are not unique. To make them unique, call `.obs_names_make_unique`.
  utils.warn_names_duplicates("obs")
/tmp/lead_stack_variant_b_scratch_r1/venv/lib/python3.11/site-packages/anndata/_core/anndata.py:1756: UserWarning: Observation names are not unique. To make them unique, call `.obs_names_make_unique`.
  utils.warn_names_duplicates("obs")
/tmp/lead_stack_variant_b_scratch_r1/venv/lib/python3.11/site-packages/anndata/_core/anndata.py:1756: UserWarning: Observation names are not unique. To make them unique, call `.obs_names_make_unique`.
  utils.warn_names_duplicates("obs")
/tmp/lead_stack_variant_b_scratch_r1/venv/lib/python3.11/site-packages/anndata/_core/anndata.py:1756: UserWarning: Observation names are not unique. To make them unique, call `.obs_names_make_unique`.
  utils.warn_names_duplicates("obs")
'organism' column not found in obs, assuming all cells are valid
Generation Step 3
0.138671875
/tmp/lead_stack_variant_b_scratch_r1/venv/lib/python3.11/site-packages/anndata/_core/anndata.py:1756: UserWarning: Observation names are not unique. To make them unique, call `.obs_names_make_unique`.
  utils.warn_names_duplicates("obs")
/tmp/lead_stack_variant_b_scratch_r1/venv/lib/python3.11/site-packages/anndata/_core/anndata.py:1756: UserWarning: Observation names are not unique. To make them unique, call `.obs_names_make_unique`.
  utils.warn_names_duplicates("obs")
/tmp/lead_stack_variant_b_scratch_r1/venv/lib/python3.11/site-packages/anndata/_core/anndata.py:1756: UserWarning: Observation names are not unique. To make them unique, call `.obs_names_make_unique`.
  utils.warn_names_duplicates("obs")
/tmp/lead_stack_variant_b_scratch_r1/venv/lib/python3.11/site-packages/anndata/_core/anndata.py:1756: UserWarning: Observation names are not unique. To make them unique, call `.obs_names_make_unique`.
  utils.warn_names_duplicates("obs")
'organism' column not found in obs, assuming all cells are valid
Generation Step 4
0.150390625
/tmp/lead_stack_variant_b_scratch_r1/venv/lib/python3.11/site-packages/anndata/_core/anndata.py:1756: UserWarning: Observation names are not unique. To make them unique, call `.obs_names_make_unique`.
  utils.warn_names_duplicates("obs")
/tmp/lead_stack_variant_b_scratch_r1/venv/lib/python3.11/site-packages/anndata/_core/anndata.py:1756: UserWarning: Observation names are not unique. To make them unique, call `.obs_names_make_unique`.
  utils.warn_names_duplicates("obs")
/tmp/lead_stack_variant_b_scratch_r1/venv/lib/python3.11/site-packages/anndata/_core/anndata.py:1756: UserWarning: Observation names are not unique. To make them unique, call `.obs_names_make_unique`.
  utils.warn_names_duplicates("obs")
/tmp/lead_stack_variant_b_scratch_r1/venv/lib/python3.11/site-packages/anndata/_core/anndata.py:1756: UserWarning: Observation names are not unique. To make them unique, call `.obs_names_make_unique`.
  utils.warn_names_duplicates("obs")
'organism' column not found in obs, assuming all cells are valid
Generation Step 5
0.1640625
Masking ratio schedule: [0.8        0.6        0.39999998 0.19999999 0.        ]
Context ratio schedule: [0.2  0.25 0.3  0.35 0.4 ]
/tmp/lead_stack_variant_b_scratch_r1/venv/lib/python3.11/site-packages/anndata/_core/anndata.py:1756: UserWarning: Observation names are not unique. To make them unique, call `.obs_names_make_unique`.
  utils.warn_names_duplicates("obs")
/tmp/lead_stack_variant_b_scratch_r1/venv/lib/python3.11/site-packages/anndata/_core/anndata.py:1756: UserWarning: Observation names are not unique. To make them unique, call `.obs_names_make_unique`.
  utils.warn_names_duplicates("obs")
/tmp/lead_stack_variant_b_scratch_r1/venv/lib/python3.11/site-packages/anndata/_core/anndata.py:1756: UserWarning: Observation names are not unique. To make them unique, call `.obs_names_make_unique`.
  utils.warn_names_duplicates("obs")
'organism' column not found in obs, assuming all cells are valid
Generation Step 1
0.1171875
/tmp/lead_stack_variant_b_scratch_r1/venv/lib/python3.11/site-packages/anndata/_core/anndata.py:1756: UserWarning: Observation names are not unique. To make them unique, call `.obs_names_make_unique`.
  utils.warn_names_duplicates("obs")
/tmp/lead_stack_variant_b_scratch_r1/venv/lib/python3.11/site-packages/anndata/_core/anndata.py:1756: UserWarning: Observation names are not unique. To make them unique, call `.obs_names_make_unique`.
  utils.warn_names_duplicates("obs")
/tmp/lead_stack_variant_b_scratch_r1/venv/lib/python3.11/site-packages/anndata/_core/anndata.py:1756: UserWarning: Observation names are not unique. To make them unique, call `.obs_names_make_unique`.
  utils.warn_names_duplicates("obs")
'organism' column not found in obs, assuming all cells are valid
Generation Step 2
0.056640625
/tmp/lead_stack_variant_b_scratch_r1/venv/lib/python3.11/site-packages/anndata/_core/anndata.py:1756: UserWarning: Observation names are not unique. To make them unique, call `.obs_names_make_unique`.
  utils.warn_names_duplicates("obs")
/tmp/lead_stack_variant_b_scratch_r1/venv/lib/python3.11/site-packages/anndata/_core/anndata.py:1756: UserWarning: Observation names are not unique. To make them unique, call `.obs_names_make_unique`.
  utils.warn_names_duplicates("obs")
/tmp/lead_stack_variant_b_scratch_r1/venv/lib/python3.11/site-packages/anndata/_core/anndata.py:1756: UserWarning: Observation names are not unique. To make them unique, call `.obs_names_make_unique`.
  utils.warn_names_duplicates("obs")
/tmp/lead_stack_variant_b_scratch_r1/venv/lib/python3.11/site-packages/anndata/_core/anndata.py:1756: UserWarning: Observation names are not unique. To make them unique, call `.obs_names_make_unique`.
  utils.warn_names_duplicates("obs")
'organism' column not found in obs, assuming all cells are valid
Generation Step 3
0.10546875
/tmp/lead_stack_variant_b_scratch_r1/venv/lib/python3.11/site-packages/anndata/_core/anndata.py:1756: UserWarning: Observation names are not unique. To make them unique, call `.obs_names_make_unique`.
  utils.warn_names_duplicates("obs")
/tmp/lead_stack_variant_b_scratch_r1/venv/lib/python3.11/site-packages/anndata/_core/anndata.py:1756: UserWarning: Observation names are not unique. To make them unique, call `.obs_names_make_unique`.
  utils.warn_names_duplicates("obs")
/tmp/lead_stack_variant_b_scratch_r1/venv/lib/python3.11/site-packages/anndata/_core/anndata.py:1756: UserWarning: Observation names are not unique. To make them unique, call `.obs_names_make_unique`.
  utils.warn_names_duplicates("obs")
/tmp/lead_stack_variant_b_scratch_r1/venv/lib/python3.11/site-packages/anndata/_core/anndata.py:1756: UserWarning: Observation names are not unique. To make them unique, call `.obs_names_make_unique`.
  utils.warn_names_duplicates("obs")
'organism' column not found in obs, assuming all cells are valid
Generation Step 4
0.11328125
/tmp/lead_stack_variant_b_scratch_r1/venv/lib/python3.11/site-packages/anndata/_core/anndata.py:1756: UserWarning: Observation names are not unique. To make them unique, call `.obs_names_make_unique`.
  utils.warn_names_duplicates("obs")
/tmp/lead_stack_variant_b_scratch_r1/venv/lib/python3.11/site-packages/anndata/_core/anndata.py:1756: UserWarning: Observation names are not unique. To make them unique, call `.obs_names_make_unique`.
  utils.warn_names_duplicates("obs")
/tmp/lead_stack_variant_b_scratch_r1/venv/lib/python3.11/site-packages/anndata/_core/anndata.py:1756: UserWarning: Observation names are not unique. To make them unique, call `.obs_names_make_unique`.
  utils.warn_names_duplicates("obs")
/tmp/lead_stack_variant_b_scratch_r1/venv/lib/python3.11/site-packages/anndata/_core/anndata.py:1756: UserWarning: Observation names are not unique. To make them unique, call `.obs_names_make_unique`.
  utils.warn_names_duplicates("obs")
'organism' column not found in obs, assuming all cells are valid
Generation Step 5
0.10546875
Finished NRBP1
Masking ratio schedule: [0.8        0.6        0.39999998 0.19999999 0.        ]
Context ratio schedule: [0.2  0.25 0.3  0.35 0.4 ]
/tmp/lead_stack_variant_b_scratch_r1/venv/lib/python3.11/site-packages/anndata/_core/anndata.py:1756: UserWarning: Observation names are not unique. To make them unique, call `.obs_names_make_unique`.
  utils.warn_names_duplicates("obs")
/tmp/lead_stack_variant_b_scratch_r1/venv/lib/python3.11/site-packages/anndata/_core/anndata.py:1756: UserWarning: Observation names are not unique. To make them unique, call `.obs_names_make_unique`.
  utils.warn_names_duplicates("obs")
/tmp/lead_stack_variant_b_scratch_r1/venv/lib/python3.11/site-packages/anndata/_core/anndata.py:1756: UserWarning: Observation names are not unique. To make them unique, call `.obs_names_make_unique`.
  utils.warn_names_duplicates("obs")
'organism' column not found in obs, assuming all cells are valid
Generation Step 1
0.0703125
/tmp/lead_stack_variant_b_scratch_r1/venv/lib/python3.11/site-packages/anndata/_core/anndata.py:1756: UserWarning: Observation names are not unique. To make them unique, call `.obs_names_make_unique`.
  utils.warn_names_duplicates("obs")
/tmp/lead_stack_variant_b_scratch_r1/venv/lib/python3.11/site-packages/anndata/_core/anndata.py:1756: UserWarning: Observation names are not unique. To make them unique, call `.obs_names_make_unique`.
  utils.warn_names_duplicates("obs")
/tmp/lead_stack_variant_b_scratch_r1/venv/lib/python3.11/site-packages/anndata/_core/anndata.py:1756: UserWarning: Observation names are not unique. To make them unique, call `.obs_names_make_unique`.
  utils.warn_names_duplicates("obs")
'organism' column not found in obs, assuming all cells are valid
Generation Step 2
0.0234375
/tmp/lead_stack_variant_b_scratch_r1/venv/lib/python3.11/site-packages/anndata/_core/anndata.py:1756: UserWarning: Observation names are not unique. To make them unique, call `.obs_names_make_unique`.
  utils.warn_names_duplicates("obs")
/tmp/lead_stack_variant_b_scratch_r1/venv/lib/python3.11/site-packages/anndata/_core/anndata.py:1756: UserWarning: Observation names are not unique. To make them unique, call `.obs_names_make_unique`.
  utils.warn_names_duplicates("obs")
/tmp/lead_stack_variant_b_scratch_r1/venv/lib/python3.11/site-packages/anndata/_core/anndata.py:1756: UserWarning: Observation names are not unique. To make them unique, call `.obs_names_make_unique`.
  utils.warn_names_duplicates("obs")
/tmp/lead_stack_variant_b_scratch_r1/venv/lib/python3.11/site-packages/anndata/_core/anndata.py:1756: UserWarning: Observation names are not unique. To make them unique, call `.obs_names_make_unique`.
  utils.warn_names_duplicates("obs")
'organism' column not found in obs, assuming all cells are valid
Generation Step 3
0.0625
/tmp/lead_stack_variant_b_scratch_r1/venv/lib/python3.11/site-packages/anndata/_core/anndata.py:1756: UserWarning: Observation names are not unique. To make them unique, call `.obs_names_make_unique`.
  utils.warn_names_duplicates("obs")
/tmp/lead_stack_variant_b_scratch_r1/venv/lib/python3.11/site-packages/anndata/_core/anndata.py:1756: UserWarning: Observation names are not unique. To make them unique, call `.obs_names_make_unique`.
  utils.warn_names_duplicates("obs")
/tmp/lead_stack_variant_b_scratch_r1/venv/lib/python3.11/site-packages/anndata/_core/anndata.py:1756: UserWarning: Observation names are not unique. To make them unique, call `.obs_names_make_unique`.
  utils.warn_names_duplicates("obs")
/tmp/lead_stack_variant_b_scratch_r1/venv/lib/python3.11/site-packages/anndata/_core/anndata.py:1756: UserWarning: Observation names are not unique. To make them unique, call `.obs_names_make_unique`.
  utils.warn_names_duplicates("obs")
'organism' column not found in obs, assuming all cells are valid
Generation Step 4
0.08984375
/tmp/lead_stack_variant_b_scratch_r1/venv/lib/python3.11/site-packages/anndata/_core/anndata.py:1756: UserWarning: Observation names are not unique. To make them unique, call `.obs_names_make_unique`.
  utils.warn_names_duplicates("obs")
/tmp/lead_stack_variant_b_scratch_r1/venv/lib/python3.11/site-packages/anndata/_core/anndata.py:1756: UserWarning: Observation names are not unique. To make them unique, call `.obs_names_make_unique`.
  utils.warn_names_duplicates("obs")
/tmp/lead_stack_variant_b_scratch_r1/venv/lib/python3.11/site-packages/anndata/_core/anndata.py:1756: UserWarning: Observation names are not unique. To make them unique, call `.obs_names_make_unique`.
  utils.warn_names_duplicates("obs")
/tmp/lead_stack_variant_b_scratch_r1/venv/lib/python3.11/site-packages/anndata/_core/anndata.py:1756: UserWarning: Observation names are not unique. To make them unique, call `.obs_names_make_unique`.
  utils.warn_names_duplicates("obs")
'organism' column not found in obs, assuming all cells are valid
Generation Step 5
0.103515625
Finished MLLT6
Masking ratio schedule: [0.8        0.6        0.39999998 0.19999999 0.        ]
Context ratio schedule: [0.2  0.25 0.3  0.35 0.4 ]
/tmp/lead_stack_variant_b_scratch_r1/venv/lib/python3.11/site-packages/anndata/_core/anndata.py:1756: UserWarning: Observation names are not unique. To make them unique, call `.obs_names_make_unique`.
  utils.warn_names_duplicates("obs")
/tmp/lead_stack_variant_b_scratch_r1/venv/lib/python3.11/site-packages/anndata/_core/anndata.py:1756: UserWarning: Observation names are not unique. To make them unique, call `.obs_names_make_unique`.
  utils.warn_names_duplicates("obs")
/tmp/lead_stack_variant_b_scratch_r1/venv/lib/python3.11/site-packages/anndata/_core/anndata.py:1756: UserWarning: Observation names are not unique. To make them unique, call `.obs_names_make_unique`.
  utils.warn_names_duplicates("obs")
'organism' column not found in obs, assuming all cells are valid
Generation Step 1
0.064453125
/tmp/lead_stack_variant_b_scratch_r1/venv/lib/python3.11/site-packages/anndata/_core/anndata.py:1756: UserWarning: Observation names are not unique. To make them unique, call `.obs_names_make_unique`.
  utils.warn_names_duplicates("obs")
/tmp/lead_stack_variant_b_scratch_r1/venv/lib/python3.11/site-packages/anndata/_core/anndata.py:1756: UserWarning: Observation names are not unique. To make them unique, call `.obs_names_make_unique`.
  utils.warn_names_duplicates("obs")
/tmp/lead_stack_variant_b_scratch_r1/venv/lib/python3.11/site-packages/anndata/_core/anndata.py:1756: UserWarning: Observation names are not unique. To make them unique, call `.obs_names_make_unique`.
  utils.warn_names_duplicates("obs")
'organism' column not found in obs, assuming all cells are valid
Generation Step 2
0.033203125
/tmp/lead_stack_variant_b_scratch_r1/venv/lib/python3.11/site-packages/anndata/_core/anndata.py:1756: UserWarning: Observation names are not unique. To make them unique, call `.obs_names_make_unique`.
  utils.warn_names_duplicates("obs")
/tmp/lead_stack_variant_b_scratch_r1/venv/lib/python3.11/site-packages/anndata/_core/anndata.py:1756: UserWarning: Observation names are not unique. To make them unique, call `.obs_names_make_unique`.
  utils.warn_names_duplicates("obs")
/tmp/lead_stack_variant_b_scratch_r1/venv/lib/python3.11/site-packages/anndata/_core/anndata.py:1756: UserWarning: Observation names are not unique. To make them unique, call `.obs_names_make_unique`.
  utils.warn_names_duplicates("obs")
/tmp/lead_stack_variant_b_scratch_r1/venv/lib/python3.11/site-packages/anndata/_core/anndata.py:1756: UserWarning: Observation names are not unique. To make them unique, call `.obs_names_make_unique`.
  utils.warn_names_duplicates("obs")
'organism' column not found in obs, assuming all cells are valid
Generation Step 3
0.0703125
/tmp/lead_stack_variant_b_scratch_r1/venv/lib/python3.11/site-packages/anndata/_core/anndata.py:1756: UserWarning: Observation names are not unique. To make them unique, call `.obs_names_make_unique`.
  utils.warn_names_duplicates("obs")
/tmp/lead_stack_variant_b_scratch_r1/venv/lib/python3.11/site-packages/anndata/_core/anndata.py:1756: UserWarning: Observation names are not unique. To make them unique, call `.obs_names_make_unique`.
  utils.warn_names_duplicates("obs")
/tmp/lead_stack_variant_b_scratch_r1/venv/lib/python3.11/site-packages/anndata/_core/anndata.py:1756: UserWarning: Observation names are not unique. To make them unique, call `.obs_names_make_unique`.
  utils.warn_names_duplicates("obs")
/tmp/lead_stack_variant_b_scratch_r1/venv/lib/python3.11/site-packages/anndata/_core/anndata.py:1756: UserWarning: Observation names are not unique. To make them unique, call `.obs_names_make_unique`.
  utils.warn_names_duplicates("obs")
'organism' column not found in obs, assuming all cells are valid
Generation Step 4
0.109375
/tmp/lead_stack_variant_b_scratch_r1/venv/lib/python3.11/site-packages/anndata/_core/anndata.py:1756: UserWarning: Observation names are not unique. To make them unique, call `.obs_names_make_unique`.
  utils.warn_names_duplicates("obs")
/tmp/lead_stack_variant_b_scratch_r1/venv/lib/python3.11/site-packages/anndata/_core/anndata.py:1756: UserWarning: Observation names are not unique. To make them unique, call `.obs_names_make_unique`.
  utils.warn_names_duplicates("obs")
/tmp/lead_stack_variant_b_scratch_r1/venv/lib/python3.11/site-packages/anndata/_core/anndata.py:1756: UserWarning: Observation names are not unique. To make them unique, call `.obs_names_make_unique`.
  utils.warn_names_duplicates("obs")
/tmp/lead_stack_variant_b_scratch_r1/venv/lib/python3.11/site-packages/anndata/_core/anndata.py:1756: UserWarning: Observation names are not unique. To make them unique, call `.obs_names_make_unique`.
  utils.warn_names_duplicates("obs")
'organism' column not found in obs, assuming all cells are valid
Generation Step 5
0.13671875
Finished WBP11
Masking ratio schedule: [0.8        0.6        0.39999998 0.19999999 0.        ]
Context ratio schedule: [0.2  0.25 0.3  0.35 0.4 ]
/tmp/lead_stack_variant_b_scratch_r1/venv/lib/python3.11/site-packages/anndata/_core/anndata.py:1756: UserWarning: Observation names are not unique. To make them unique, call `.obs_names_make_unique`.
  utils.warn_names_duplicates("obs")
/tmp/lead_stack_variant_b_scratch_r1/venv/lib/python3.11/site-packages/anndata/_core/anndata.py:1756: UserWarning: Observation names are not unique. To make them unique, call `.obs_names_make_unique`.
  utils.warn_names_duplicates("obs")
/tmp/lead_stack_variant_b_scratch_r1/venv/lib/python3.11/site-packages/anndata/_core/anndata.py:1756: UserWarning: Observation names are not unique. To make them unique, call `.obs_names_make_unique`.
  utils.warn_names_duplicates("obs")
'organism' column not found in obs, assuming all cells are valid
Generation Step 1
0.12109375
/tmp/lead_stack_variant_b_scratch_r1/venv/lib/python3.11/site-packages/anndata/_core/anndata.py:1756: UserWarning: Observation names are not unique. To make them unique, call `.obs_names_make_unique`.
  utils.warn_names_duplicates("obs")
/tmp/lead_stack_variant_b_scratch_r1/venv/lib/python3.11/site-packages/anndata/_core/anndata.py:1756: UserWarning: Observation names are not unique. To make them unique, call `.obs_names_make_unique`.
  utils.warn_names_duplicates("obs")
/tmp/lead_stack_variant_b_scratch_r1/venv/lib/python3.11/site-packages/anndata/_core/anndata.py:1756: UserWarning: Observation names are not unique. To make them unique, call `.obs_names_make_unique`.
  utils.warn_names_duplicates("obs")
'organism' column not found in obs, assuming all cells are valid
Generation Step 2
0.0546875
/tmp/lead_stack_variant_b_scratch_r1/venv/lib/python3.11/site-packages/anndata/_core/anndata.py:1756: UserWarning: Observation names are not unique. To make them unique, call `.obs_names_make_unique`.
  utils.warn_names_duplicates("obs")
/tmp/lead_stack_variant_b_scratch_r1/venv/lib/python3.11/site-packages/anndata/_core/anndata.py:1756: UserWarning: Observation names are not unique. To make them unique, call `.obs_names_make_unique`.
  utils.warn_names_duplicates("obs")
/tmp/lead_stack_variant_b_scratch_r1/venv/lib/python3.11/site-packages/anndata/_core/anndata.py:1756: UserWarning: Observation names are not unique. To make them unique, call `.obs_names_make_unique`.
  utils.warn_names_duplicates("obs")
/tmp/lead_stack_variant_b_scratch_r1/venv/lib/python3.11/site-packages/anndata/_core/anndata.py:1756: UserWarning: Observation names are not unique. To make them unique, call `.obs_names_make_unique`.
  utils.warn_names_duplicates("obs")
'organism' column not found in obs, assuming all cells are valid
Generation Step 3
0.09375
/tmp/lead_stack_variant_b_scratch_r1/venv/lib/python3.11/site-packages/anndata/_core/anndata.py:1756: UserWarning: Observation names are not unique. To make them unique, call `.obs_names_make_unique`.
  utils.warn_names_duplicates("obs")
/tmp/lead_stack_variant_b_scratch_r1/venv/lib/python3.11/site-packages/anndata/_core/anndata.py:1756: UserWarning: Observation names are not unique. To make them unique, call `.obs_names_make_unique`.
  utils.warn_names_duplicates("obs")
/tmp/lead_stack_variant_b_scratch_r1/venv/lib/python3.11/site-packages/anndata/_core/anndata.py:1756: UserWarning: Observation names are not unique. To make them unique, call `.obs_names_make_unique`.
  utils.warn_names_duplicates("obs")
/tmp/lead_stack_variant_b_scratch_r1/venv/lib/python3.11/site-packages/anndata/_core/anndata.py:1756: UserWarning: Observation names are not unique. To make them unique, call `.obs_names_make_unique`.
  utils.warn_names_duplicates("obs")
'organism' column not found in obs, assuming all cells are valid
Generation Step 4
0.130859375
/tmp/lead_stack_variant_b_scratch_r1/venv/lib/python3.11/site-packages/anndata/_core/anndata.py:1756: UserWarning: Observation names are not unique. To make them unique, call `.obs_names_make_unique`.
  utils.warn_names_duplicates("obs")
/tmp/lead_stack_variant_b_scratch_r1/venv/lib/python3.11/site-packages/anndata/_core/anndata.py:1756: UserWarning: Observation names are not unique. To make them unique, call `.obs_names_make_unique`.
  utils.warn_names_duplicates("obs")
/tmp/lead_stack_variant_b_scratch_r1/venv/lib/python3.11/site-packages/anndata/_core/anndata.py:1756: UserWarning: Observation names are not unique. To make them unique, call `.obs_names_make_unique`.
  utils.warn_names_duplicates("obs")
/tmp/lead_stack_variant_b_scratch_r1/venv/lib/python3.11/site-packages/anndata/_core/anndata.py:1756: UserWarning: Observation names are not unique. To make them unique, call `.obs_names_make_unique`.
  utils.warn_names_duplicates("obs")
'organism' column not found in obs, assuming all cells are valid
Generation Step 5
0.140625
Masking ratio schedule: [0.8        0.6        0.39999998 0.19999999 0.        ]
Context ratio schedule: [0.2  0.25 0.3  0.35 0.4 ]
/tmp/lead_stack_variant_b_scratch_r1/venv/lib/python3.11/site-packages/anndata/_core/anndata.py:1756: UserWarning: Observation names are not unique. To make them unique, call `.obs_names_make_unique`.
  utils.warn_names_duplicates("obs")
/tmp/lead_stack_variant_b_scratch_r1/venv/lib/python3.11/site-packages/anndata/_core/anndata.py:1756: UserWarning: Observation names are not unique. To make them unique, call `.obs_names_make_unique`.
  utils.warn_names_duplicates("obs")
/tmp/lead_stack_variant_b_scratch_r1/venv/lib/python3.11/site-packages/anndata/_core/anndata.py:1756: UserWarning: Observation names are not unique. To make them unique, call `.obs_names_make_unique`.
  utils.warn_names_duplicates("obs")
'organism' column not found in obs, assuming all cells are valid
Generation Step 1
0.099609375
/tmp/lead_stack_variant_b_scratch_r1/venv/lib/python3.11/site-packages/anndata/_core/anndata.py:1756: UserWarning: Observation names are not unique. To make them unique, call `.obs_names_make_unique`.
  utils.warn_names_duplicates("obs")
/tmp/lead_stack_variant_b_scratch_r1/venv/lib/python3.11/site-packages/anndata/_core/anndata.py:1756: UserWarning: Observation names are not unique. To make them unique, call `.obs_names_make_unique`.
  utils.warn_names_duplicates("obs")
/tmp/lead_stack_variant_b_scratch_r1/venv/lib/python3.11/site-packages/anndata/_core/anndata.py:1756: UserWarning: Observation names are not unique. To make them unique, call `.obs_names_make_unique`.
  utils.warn_names_duplicates("obs")
'organism' column not found in obs, assuming all cells are valid
Generation Step 2
0.048828125
/tmp/lead_stack_variant_b_scratch_r1/venv/lib/python3.11/site-packages/anndata/_core/anndata.py:1756: UserWarning: Observation names are not unique. To make them unique, call `.obs_names_make_unique`.
  utils.warn_names_duplicates("obs")
/tmp/lead_stack_variant_b_scratch_r1/venv/lib/python3.11/site-packages/anndata/_core/anndata.py:1756: UserWarning: Observation names are not unique. To make them unique, call `.obs_names_make_unique`.
  utils.warn_names_duplicates("obs")
/tmp/lead_stack_variant_b_scratch_r1/venv/lib/python3.11/site-packages/anndata/_core/anndata.py:1756: UserWarning: Observation names are not unique. To make them unique, call `.obs_names_make_unique`.
  utils.warn_names_duplicates("obs")
/tmp/lead_stack_variant_b_scratch_r1/venv/lib/python3.11/site-packages/anndata/_core/anndata.py:1756: UserWarning: Observation names are not unique. To make them unique, call `.obs_names_make_unique`.
  utils.warn_names_duplicates("obs")
'organism' column not found in obs, assuming all cells are valid
Generation Step 3
0.12109375
/tmp/lead_stack_variant_b_scratch_r1/venv/lib/python3.11/site-packages/anndata/_core/anndata.py:1756: UserWarning: Observation names are not unique. To make them unique, call `.obs_names_make_unique`.
  utils.warn_names_duplicates("obs")
/tmp/lead_stack_variant_b_scratch_r1/venv/lib/python3.11/site-packages/anndata/_core/anndata.py:1756: UserWarning: Observation names are not unique. To make them unique, call `.obs_names_make_unique`.
  utils.warn_names_duplicates("obs")
/tmp/lead_stack_variant_b_scratch_r1/venv/lib/python3.11/site-packages/anndata/_core/anndata.py:1756: UserWarning: Observation names are not unique. To make them unique, call `.obs_names_make_unique`.
  utils.warn_names_duplicates("obs")
/tmp/lead_stack_variant_b_scratch_r1/venv/lib/python3.11/site-packages/anndata/_core/anndata.py:1756: UserWarning: Observation names are not unique. To make them unique, call `.obs_names_make_unique`.
  utils.warn_names_duplicates("obs")
'organism' column not found in obs, assuming all cells are valid
Generation Step 4
0.158203125
/tmp/lead_stack_variant_b_scratch_r1/venv/lib/python3.11/site-packages/anndata/_core/anndata.py:1756: UserWarning: Observation names are not unique. To make them unique, call `.obs_names_make_unique`.
  utils.warn_names_duplicates("obs")
/tmp/lead_stack_variant_b_scratch_r1/venv/lib/python3.11/site-packages/anndata/_core/anndata.py:1756: UserWarning: Observation names are not unique. To make them unique, call `.obs_names_make_unique`.
  utils.warn_names_duplicates("obs")
/tmp/lead_stack_variant_b_scratch_r1/venv/lib/python3.11/site-packages/anndata/_core/anndata.py:1756: UserWarning: Observation names are not unique. To make them unique, call `.obs_names_make_unique`.
  utils.warn_names_duplicates("obs")
/tmp/lead_stack_variant_b_scratch_r1/venv/lib/python3.11/site-packages/anndata/_core/anndata.py:1756: UserWarning: Observation names are not unique. To make them unique, call `.obs_names_make_unique`.
  utils.warn_names_duplicates("obs")
'organism' column not found in obs, assuming all cells are valid
Generation Step 5
0.1640625
Finished RPL36A
Masking ratio schedule: [0.8        0.6        0.39999998 0.19999999 0.        ]
Context ratio schedule: [0.2  0.25 0.3  0.35 0.4 ]
/tmp/lead_stack_variant_b_scratch_r1/venv/lib/python3.11/site-packages/anndata/_core/anndata.py:1756: UserWarning: Observation names are not unique. To make them unique, call `.obs_names_make_unique`.
  utils.warn_names_duplicates("obs")
/tmp/lead_stack_variant_b_scratch_r1/venv/lib/python3.11/site-packages/anndata/_core/anndata.py:1756: UserWarning: Observation names are not unique. To make them unique, call `.obs_names_make_unique`.
  utils.warn_names_duplicates("obs")
/tmp/lead_stack_variant_b_scratch_r1/venv/lib/python3.11/site-packages/anndata/_core/anndata.py:1756: UserWarning: Observation names are not unique. To make them unique, call `.obs_names_make_unique`.
  utils.warn_names_duplicates("obs")
'organism' column not found in obs, assuming all cells are valid
Generation Step 1
0.076171875
/tmp/lead_stack_variant_b_scratch_r1/venv/lib/python3.11/site-packages/anndata/_core/anndata.py:1756: UserWarning: Observation names are not unique. To make them unique, call `.obs_names_make_unique`.
  utils.warn_names_duplicates("obs")
/tmp/lead_stack_variant_b_scratch_r1/venv/lib/python3.11/site-packages/anndata/_core/anndata.py:1756: UserWarning: Observation names are not unique. To make them unique, call `.obs_names_make_unique`.
  utils.warn_names_duplicates("obs")
/tmp/lead_stack_variant_b_scratch_r1/venv/lib/python3.11/site-packages/anndata/_core/anndata.py:1756: UserWarning: Observation names are not unique. To make them unique, call `.obs_names_make_unique`.
  utils.warn_names_duplicates("obs")
'organism' column not found in obs, assuming all cells are valid
Generation Step 2
0.05078125
/tmp/lead_stack_variant_b_scratch_r1/venv/lib/python3.11/site-packages/anndata/_core/anndata.py:1756: UserWarning: Observation names are not unique. To make them unique, call `.obs_names_make_unique`.
  utils.warn_names_duplicates("obs")
/tmp/lead_stack_variant_b_scratch_r1/venv/lib/python3.11/site-packages/anndata/_core/anndata.py:1756: UserWarning: Observation names are not unique. To make them unique, call `.obs_names_make_unique`.
  utils.warn_names_duplicates("obs")
/tmp/lead_stack_variant_b_scratch_r1/venv/lib/python3.11/site-packages/anndata/_core/anndata.py:1756: UserWarning: Observation names are not unique. To make them unique, call `.obs_names_make_unique`.
  utils.warn_names_duplicates("obs")
/tmp/lead_stack_variant_b_scratch_r1/venv/lib/python3.11/site-packages/anndata/_core/anndata.py:1756: UserWarning: Observation names are not unique. To make them unique, call `.obs_names_make_unique`.
  utils.warn_names_duplicates("obs")
'organism' column not found in obs, assuming all cells are valid
Generation Step 3
0.0859375
/tmp/lead_stack_variant_b_scratch_r1/venv/lib/python3.11/site-packages/anndata/_core/anndata.py:1756: UserWarning: Observation names are not unique. To make them unique, call `.obs_names_make_unique`.
  utils.warn_names_duplicates("obs")
/tmp/lead_stack_variant_b_scratch_r1/venv/lib/python3.11/site-packages/anndata/_core/anndata.py:1756: UserWarning: Observation names are not unique. To make them unique, call `.obs_names_make_unique`.
  utils.warn_names_duplicates("obs")
/tmp/lead_stack_variant_b_scratch_r1/venv/lib/python3.11/site-packages/anndata/_core/anndata.py:1756: UserWarning: Observation names are not unique. To make them unique, call `.obs_names_make_unique`.
  utils.warn_names_duplicates("obs")
/tmp/lead_stack_variant_b_scratch_r1/venv/lib/python3.11/site-packages/anndata/_core/anndata.py:1756: UserWarning: Observation names are not unique. To make them unique, call `.obs_names_make_unique`.
  utils.warn_names_duplicates("obs")
'organism' column not found in obs, assuming all cells are valid
Generation Step 4
0.11328125
/tmp/lead_stack_variant_b_scratch_r1/venv/lib/python3.11/site-packages/anndata/_core/anndata.py:1756: UserWarning: Observation names are not unique. To make them unique, call `.obs_names_make_unique`.
  utils.warn_names_duplicates("obs")
/tmp/lead_stack_variant_b_scratch_r1/venv/lib/python3.11/site-packages/anndata/_core/anndata.py:1756: UserWarning: Observation names are not unique. To make them unique, call `.obs_names_make_unique`.
  utils.warn_names_duplicates("obs")
/tmp/lead_stack_variant_b_scratch_r1/venv/lib/python3.11/site-packages/anndata/_core/anndata.py:1756: UserWarning: Observation names are not unique. To make them unique, call `.obs_names_make_unique`.
  utils.warn_names_duplicates("obs")
/tmp/lead_stack_variant_b_scratch_r1/venv/lib/python3.11/site-packages/anndata/_core/anndata.py:1756: UserWarning: Observation names are not unique. To make them unique, call `.obs_names_make_unique`.
  utils.warn_names_duplicates("obs")
'organism' column not found in obs, assuming all cells are valid
Generation Step 5
0.154296875
Finished MBTPS1
Masking ratio schedule: [0.8        0.6        0.39999998 0.19999999 0.        ]
Context ratio schedule: [0.2  0.25 0.3  0.35 0.4 ]
/tmp/lead_stack_variant_b_scratch_r1/venv/lib/python3.11/site-packages/anndata/_core/anndata.py:1756: UserWarning: Observation names are not unique. To make them unique, call `.obs_names_make_unique`.
  utils.warn_names_duplicates("obs")
/tmp/lead_stack_variant_b_scratch_r1/venv/lib/python3.11/site-packages/anndata/_core/anndata.py:1756: UserWarning: Observation names are not unique. To make them unique, call `.obs_names_make_unique`.
  utils.warn_names_duplicates("obs")
/tmp/lead_stack_variant_b_scratch_r1/venv/lib/python3.11/site-packages/anndata/_core/anndata.py:1756: UserWarning: Observation names are not unique. To make them unique, call `.obs_names_make_unique`.
  utils.warn_names_duplicates("obs")
'organism' column not found in obs, assuming all cells are valid
Generation Step 1
0.1015625
/tmp/lead_stack_variant_b_scratch_r1/venv/lib/python3.11/site-packages/anndata/_core/anndata.py:1756: UserWarning: Observation names are not unique. To make them unique, call `.obs_names_make_unique`.
  utils.warn_names_duplicates("obs")
/tmp/lead_stack_variant_b_scratch_r1/venv/lib/python3.11/site-packages/anndata/_core/anndata.py:1756: UserWarning: Observation names are not unique. To make them unique, call `.obs_names_make_unique`.
  utils.warn_names_duplicates("obs")
/tmp/lead_stack_variant_b_scratch_r1/venv/lib/python3.11/site-packages/anndata/_core/anndata.py:1756: UserWarning: Observation names are not unique. To make them unique, call `.obs_names_make_unique`.
  utils.warn_names_duplicates("obs")
'organism' column not found in obs, assuming all cells are valid
Generation Step 2
0.05078125
/tmp/lead_stack_variant_b_scratch_r1/venv/lib/python3.11/site-packages/anndata/_core/anndata.py:1756: UserWarning: Observation names are not unique. To make them unique, call `.obs_names_make_unique`.
  utils.warn_names_duplicates("obs")
/tmp/lead_stack_variant_b_scratch_r1/venv/lib/python3.11/site-packages/anndata/_core/anndata.py:1756: UserWarning: Observation names are not unique. To make them unique, call `.obs_names_make_unique`.
  utils.warn_names_duplicates("obs")
/tmp/lead_stack_variant_b_scratch_r1/venv/lib/python3.11/site-packages/anndata/_core/anndata.py:1756: UserWarning: Observation names are not unique. To make them unique, call `.obs_names_make_unique`.
  utils.warn_names_duplicates("obs")
/tmp/lead_stack_variant_b_scratch_r1/venv/lib/python3.11/site-packages/anndata/_core/anndata.py:1756: UserWarning: Observation names are not unique. To make them unique, call `.obs_names_make_unique`.
  utils.warn_names_duplicates("obs")
'organism' column not found in obs, assuming all cells are valid
Generation Step 3
0.068359375
/tmp/lead_stack_variant_b_scratch_r1/venv/lib/python3.11/site-packages/anndata/_core/anndata.py:1756: UserWarning: Observation names are not unique. To make them unique, call `.obs_names_make_unique`.
  utils.warn_names_duplicates("obs")
/tmp/lead_stack_variant_b_scratch_r1/venv/lib/python3.11/site-packages/anndata/_core/anndata.py:1756: UserWarning: Observation names are not unique. To make them unique, call `.obs_names_make_unique`.
  utils.warn_names_duplicates("obs")
/tmp/lead_stack_variant_b_scratch_r1/venv/lib/python3.11/site-packages/anndata/_core/anndata.py:1756: UserWarning: Observation names are not unique. To make them unique, call `.obs_names_make_unique`.
  utils.warn_names_duplicates("obs")
/tmp/lead_stack_variant_b_scratch_r1/venv/lib/python3.11/site-packages/anndata/_core/anndata.py:1756: UserWarning: Observation names are not unique. To make them unique, call `.obs_names_make_unique`.
  utils.warn_names_duplicates("obs")
'organism' column not found in obs, assuming all cells are valid
Generation Step 4
0.1015625
/tmp/lead_stack_variant_b_scratch_r1/venv/lib/python3.11/site-packages/anndata/_core/anndata.py:1756: UserWarning: Observation names are not unique. To make them unique, call `.obs_names_make_unique`.
  utils.warn_names_duplicates("obs")
/tmp/lead_stack_variant_b_scratch_r1/venv/lib/python3.11/site-packages/anndata/_core/anndata.py:1756: UserWarning: Observation names are not unique. To make them unique, call `.obs_names_make_unique`.
  utils.warn_names_duplicates("obs")
/tmp/lead_stack_variant_b_scratch_r1/venv/lib/python3.11/site-packages/anndata/_core/anndata.py:1756: UserWarning: Observation names are not unique. To make them unique, call `.obs_names_make_unique`.
  utils.warn_names_duplicates("obs")
/tmp/lead_stack_variant_b_scratch_r1/venv/lib/python3.11/site-packages/anndata/_core/anndata.py:1756: UserWarning: Observation names are not unique. To make them unique, call `.obs_names_make_unique`.
  utils.warn_names_duplicates("obs")
'organism' column not found in obs, assuming all cells are valid
Generation Step 5
0.109375
Masking ratio schedule: [0.8        0.6        0.39999998 0.19999999 0.        ]
Context ratio schedule: [0.2  0.25 0.3  0.35 0.4 ]
/tmp/lead_stack_variant_b_scratch_r1/venv/lib/python3.11/site-packages/anndata/_core/anndata.py:1756: UserWarning: Observation names are not unique. To make them unique, call `.obs_names_make_unique`.
  utils.warn_names_duplicates("obs")
/tmp/lead_stack_variant_b_scratch_r1/venv/lib/python3.11/site-packages/anndata/_core/anndata.py:1756: UserWarning: Observation names are not unique. To make them unique, call `.obs_names_make_unique`.
  utils.warn_names_duplicates("obs")
/tmp/lead_stack_variant_b_scratch_r1/venv/lib/python3.11/site-packages/anndata/_core/anndata.py:1756: UserWarning: Observation names are not unique. To make them unique, call `.obs_names_make_unique`.
  utils.warn_names_duplicates("obs")
'organism' column not found in obs, assuming all cells are valid
Generation Step 1
0.154296875
/tmp/lead_stack_variant_b_scratch_r1/venv/lib/python3.11/site-packages/anndata/_core/anndata.py:1756: UserWarning: Observation names are not unique. To make them unique, call `.obs_names_make_unique`.
  utils.warn_names_duplicates("obs")
/tmp/lead_stack_variant_b_scratch_r1/venv/lib/python3.11/site-packages/anndata/_core/anndata.py:1756: UserWarning: Observation names are not unique. To make them unique, call `.obs_names_make_unique`.
  utils.warn_names_duplicates("obs")
/tmp/lead_stack_variant_b_scratch_r1/venv/lib/python3.11/site-packages/anndata/_core/anndata.py:1756: UserWarning: Observation names are not unique. To make them unique, call `.obs_names_make_unique`.
  utils.warn_names_duplicates("obs")
'organism' column not found in obs, assuming all cells are valid
Generation Step 2
0.072265625
/tmp/lead_stack_variant_b_scratch_r1/venv/lib/python3.11/site-packages/anndata/_core/anndata.py:1756: UserWarning: Observation names are not unique. To make them unique, call `.obs_names_make_unique`.
  utils.warn_names_duplicates("obs")
/tmp/lead_stack_variant_b_scratch_r1/venv/lib/python3.11/site-packages/anndata/_core/anndata.py:1756: UserWarning: Observation names are not unique. To make them unique, call `.obs_names_make_unique`.
  utils.warn_names_duplicates("obs")
/tmp/lead_stack_variant_b_scratch_r1/venv/lib/python3.11/site-packages/anndata/_core/anndata.py:1756: UserWarning: Observation names are not unique. To make them unique, call `.obs_names_make_unique`.
  utils.warn_names_duplicates("obs")
/tmp/lead_stack_variant_b_scratch_r1/venv/lib/python3.11/site-packages/anndata/_core/anndata.py:1756: UserWarning: Observation names are not unique. To make them unique, call `.obs_names_make_unique`.
  utils.warn_names_duplicates("obs")
'organism' column not found in obs, assuming all cells are valid
Generation Step 3
0.1328125
/tmp/lead_stack_variant_b_scratch_r1/venv/lib/python3.11/site-packages/anndata/_core/anndata.py:1756: UserWarning: Observation names are not unique. To make them unique, call `.obs_names_make_unique`.
  utils.warn_names_duplicates("obs")
/tmp/lead_stack_variant_b_scratch_r1/venv/lib/python3.11/site-packages/anndata/_core/anndata.py:1756: UserWarning: Observation names are not unique. To make them unique, call `.obs_names_make_unique`.
  utils.warn_names_duplicates("obs")
/tmp/lead_stack_variant_b_scratch_r1/venv/lib/python3.11/site-packages/anndata/_core/anndata.py:1756: UserWarning: Observation names are not unique. To make them unique, call `.obs_names_make_unique`.
  utils.warn_names_duplicates("obs")
/tmp/lead_stack_variant_b_scratch_r1/venv/lib/python3.11/site-packages/anndata/_core/anndata.py:1756: UserWarning: Observation names are not unique. To make them unique, call `.obs_names_make_unique`.
  utils.warn_names_duplicates("obs")
'organism' column not found in obs, assuming all cells are valid
Generation Step 4
0.158203125
/tmp/lead_stack_variant_b_scratch_r1/venv/lib/python3.11/site-packages/anndata/_core/anndata.py:1756: UserWarning: Observation names are not unique. To make them unique, call `.obs_names_make_unique`.
  utils.warn_names_duplicates("obs")
/tmp/lead_stack_variant_b_scratch_r1/venv/lib/python3.11/site-packages/anndata/_core/anndata.py:1756: UserWarning: Observation names are not unique. To make them unique, call `.obs_names_make_unique`.
  utils.warn_names_duplicates("obs")
/tmp/lead_stack_variant_b_scratch_r1/venv/lib/python3.11/site-packages/anndata/_core/anndata.py:1756: UserWarning: Observation names are not unique. To make them unique, call `.obs_names_make_unique`.
  utils.warn_names_duplicates("obs")
/tmp/lead_stack_variant_b_scratch_r1/venv/lib/python3.11/site-packages/anndata/_core/anndata.py:1756: UserWarning: Observation names are not unique. To make them unique, call `.obs_names_make_unique`.
  utils.warn_names_duplicates("obs")
'organism' column not found in obs, assuming all cells are valid
Generation Step 5
0.166015625
Finished RPL41
Masking ratio schedule: [0.8        0.6        0.39999998 0.19999999 0.        ]
Context ratio schedule: [0.2  0.25 0.3  0.35 0.4 ]
/tmp/lead_stack_variant_b_scratch_r1/venv/lib/python3.11/site-packages/anndata/_core/anndata.py:1756: UserWarning: Observation names are not unique. To make them unique, call `.obs_names_make_unique`.
  utils.warn_names_duplicates("obs")
/tmp/lead_stack_variant_b_scratch_r1/venv/lib/python3.11/site-packages/anndata/_core/anndata.py:1756: UserWarning: Observation names are not unique. To make them unique, call `.obs_names_make_unique`.
  utils.warn_names_duplicates("obs")
/tmp/lead_stack_variant_b_scratch_r1/venv/lib/python3.11/site-packages/anndata/_core/anndata.py:1756: UserWarning: Observation names are not unique. To make them unique, call `.obs_names_make_unique`.
  utils.warn_names_duplicates("obs")
'organism' column not found in obs, assuming all cells are valid
Generation Step 1
0.0859375
/tmp/lead_stack_variant_b_scratch_r1/venv/lib/python3.11/site-packages/anndata/_core/anndata.py:1756: UserWarning: Observation names are not unique. To make them unique, call `.obs_names_make_unique`.
  utils.warn_names_duplicates("obs")
/tmp/lead_stack_variant_b_scratch_r1/venv/lib/python3.11/site-packages/anndata/_core/anndata.py:1756: UserWarning: Observation names are not unique. To make them unique, call `.obs_names_make_unique`.
  utils.warn_names_duplicates("obs")
/tmp/lead_stack_variant_b_scratch_r1/venv/lib/python3.11/site-packages/anndata/_core/anndata.py:1756: UserWarning: Observation names are not unique. To make them unique, call `.obs_names_make_unique`.
  utils.warn_names_duplicates("obs")
'organism' column not found in obs, assuming all cells are valid
Generation Step 2
0.044921875
/tmp/lead_stack_variant_b_scratch_r1/venv/lib/python3.11/site-packages/anndata/_core/anndata.py:1756: UserWarning: Observation names are not unique. To make them unique, call `.obs_names_make_unique`.
  utils.warn_names_duplicates("obs")
/tmp/lead_stack_variant_b_scratch_r1/venv/lib/python3.11/site-packages/anndata/_core/anndata.py:1756: UserWarning: Observation names are not unique. To make them unique, call `.obs_names_make_unique`.
  utils.warn_names_duplicates("obs")
/tmp/lead_stack_variant_b_scratch_r1/venv/lib/python3.11/site-packages/anndata/_core/anndata.py:1756: UserWarning: Observation names are not unique. To make them unique, call `.obs_names_make_unique`.
  utils.warn_names_duplicates("obs")
/tmp/lead_stack_variant_b_scratch_r1/venv/lib/python3.11/site-packages/anndata/_core/anndata.py:1756: UserWarning: Observation names are not unique. To make them unique, call `.obs_names_make_unique`.
  utils.warn_names_duplicates("obs")
'organism' column not found in obs, assuming all cells are valid
Generation Step 3
0.078125
/tmp/lead_stack_variant_b_scratch_r1/venv/lib/python3.11/site-packages/anndata/_core/anndata.py:1756: UserWarning: Observation names are not unique. To make them unique, call `.obs_names_make_unique`.
  utils.warn_names_duplicates("obs")
/tmp/lead_stack_variant_b_scratch_r1/venv/lib/python3.11/site-packages/anndata/_core/anndata.py:1756: UserWarning: Observation names are not unique. To make them unique, call `.obs_names_make_unique`.
  utils.warn_names_duplicates("obs")
/tmp/lead_stack_variant_b_scratch_r1/venv/lib/python3.11/site-packages/anndata/_core/anndata.py:1756: UserWarning: Observation names are not unique. To make them unique, call `.obs_names_make_unique`.
  utils.warn_names_duplicates("obs")
/tmp/lead_stack_variant_b_scratch_r1/venv/lib/python3.11/site-packages/anndata/_core/anndata.py:1756: UserWarning: Observation names are not unique. To make them unique, call `.obs_names_make_unique`.
  utils.warn_names_duplicates("obs")
'organism' column not found in obs, assuming all cells are valid
Generation Step 4
0.072265625
/tmp/lead_stack_variant_b_scratch_r1/venv/lib/python3.11/site-packages/anndata/_core/anndata.py:1756: UserWarning: Observation names are not unique. To make them unique, call `.obs_names_make_unique`.
  utils.warn_names_duplicates("obs")
/tmp/lead_stack_variant_b_scratch_r1/venv/lib/python3.11/site-packages/anndata/_core/anndata.py:1756: UserWarning: Observation names are not unique. To make them unique, call `.obs_names_make_unique`.
  utils.warn_names_duplicates("obs")
/tmp/lead_stack_variant_b_scratch_r1/venv/lib/python3.11/site-packages/anndata/_core/anndata.py:1756: UserWarning: Observation names are not unique. To make them unique, call `.obs_names_make_unique`.
  utils.warn_names_duplicates("obs")
/tmp/lead_stack_variant_b_scratch_r1/venv/lib/python3.11/site-packages/anndata/_core/anndata.py:1756: UserWarning: Observation names are not unique. To make them unique, call `.obs_names_make_unique`.
  utils.warn_names_duplicates("obs")
'organism' column not found in obs, assuming all cells are valid
Generation Step 5
0.0859375
Finished COG6
Masking ratio schedule: [0.8        0.6        0.39999998 0.19999999 0.        ]
Context ratio schedule: [0.2  0.25 0.3  0.35 0.4 ]
/tmp/lead_stack_variant_b_scratch_r1/venv/lib/python3.11/site-packages/anndata/_core/anndata.py:1756: UserWarning: Observation names are not unique. To make them unique, call `.obs_names_make_unique`.
  utils.warn_names_duplicates("obs")
/tmp/lead_stack_variant_b_scratch_r1/venv/lib/python3.11/site-packages/anndata/_core/anndata.py:1756: UserWarning: Observation names are not unique. To make them unique, call `.obs_names_make_unique`.
  utils.warn_names_duplicates("obs")
/tmp/lead_stack_variant_b_scratch_r1/venv/lib/python3.11/site-packages/anndata/_core/anndata.py:1756: UserWarning: Observation names are not unique. To make them unique, call `.obs_names_make_unique`.
  utils.warn_names_duplicates("obs")
'organism' column not found in obs, assuming all cells are valid
Generation Step 1
0.072265625
/tmp/lead_stack_variant_b_scratch_r1/venv/lib/python3.11/site-packages/anndata/_core/anndata.py:1756: UserWarning: Observation names are not unique. To make them unique, call `.obs_names_make_unique`.
  utils.warn_names_duplicates("obs")
/tmp/lead_stack_variant_b_scratch_r1/venv/lib/python3.11/site-packages/anndata/_core/anndata.py:1756: UserWarning: Observation names are not unique. To make them unique, call `.obs_names_make_unique`.
  utils.warn_names_duplicates("obs")
/tmp/lead_stack_variant_b_scratch_r1/venv/lib/python3.11/site-packages/anndata/_core/anndata.py:1756: UserWarning: Observation names are not unique. To make them unique, call `.obs_names_make_unique`.
  utils.warn_names_duplicates("obs")
'organism' column not found in obs, assuming all cells are valid
Generation Step 2
0.033203125
/tmp/lead_stack_variant_b_scratch_r1/venv/lib/python3.11/site-packages/anndata/_core/anndata.py:1756: UserWarning: Observation names are not unique. To make them unique, call `.obs_names_make_unique`.
  utils.warn_names_duplicates("obs")
/tmp/lead_stack_variant_b_scratch_r1/venv/lib/python3.11/site-packages/anndata/_core/anndata.py:1756: UserWarning: Observation names are not unique. To make them unique, call `.obs_names_make_unique`.
  utils.warn_names_duplicates("obs")
/tmp/lead_stack_variant_b_scratch_r1/venv/lib/python3.11/site-packages/anndata/_core/anndata.py:1756: UserWarning: Observation names are not unique. To make them unique, call `.obs_names_make_unique`.
  utils.warn_names_duplicates("obs")
/tmp/lead_stack_variant_b_scratch_r1/venv/lib/python3.11/site-packages/anndata/_core/anndata.py:1756: UserWarning: Observation names are not unique. To make them unique, call `.obs_names_make_unique`.
  utils.warn_names_duplicates("obs")
'organism' column not found in obs, assuming all cells are valid
Generation Step 3
0.076171875
/tmp/lead_stack_variant_b_scratch_r1/venv/lib/python3.11/site-packages/anndata/_core/anndata.py:1756: UserWarning: Observation names are not unique. To make them unique, call `.obs_names_make_unique`.
  utils.warn_names_duplicates("obs")
/tmp/lead_stack_variant_b_scratch_r1/venv/lib/python3.11/site-packages/anndata/_core/anndata.py:1756: UserWarning: Observation names are not unique. To make them unique, call `.obs_names_make_unique`.
  utils.warn_names_duplicates("obs")
/tmp/lead_stack_variant_b_scratch_r1/venv/lib/python3.11/site-packages/anndata/_core/anndata.py:1756: UserWarning: Observation names are not unique. To make them unique, call `.obs_names_make_unique`.
  utils.warn_names_duplicates("obs")
/tmp/lead_stack_variant_b_scratch_r1/venv/lib/python3.11/site-packages/anndata/_core/anndata.py:1756: UserWarning: Observation names are not unique. To make them unique, call `.obs_names_make_unique`.
  utils.warn_names_duplicates("obs")
'organism' column not found in obs, assuming all cells are valid
Generation Step 4
0.08984375
/tmp/lead_stack_variant_b_scratch_r1/venv/lib/python3.11/site-packages/anndata/_core/anndata.py:1756: UserWarning: Observation names are not unique. To make them unique, call `.obs_names_make_unique`.
  utils.warn_names_duplicates("obs")
/tmp/lead_stack_variant_b_scratch_r1/venv/lib/python3.11/site-packages/anndata/_core/anndata.py:1756: UserWarning: Observation names are not unique. To make them unique, call `.obs_names_make_unique`.
  utils.warn_names_duplicates("obs")
/tmp/lead_stack_variant_b_scratch_r1/venv/lib/python3.11/site-packages/anndata/_core/anndata.py:1756: UserWarning: Observation names are not unique. To make them unique, call `.obs_names_make_unique`.
  utils.warn_names_duplicates("obs")
/tmp/lead_stack_variant_b_scratch_r1/venv/lib/python3.11/site-packages/anndata/_core/anndata.py:1756: UserWarning: Observation names are not unique. To make them unique, call `.obs_names_make_unique`.
  utils.warn_names_duplicates("obs")
'organism' column not found in obs, assuming all cells are valid
Generation Step 5
0.109375
Finished EEF2
Masking ratio schedule: [0.8        0.6        0.39999998 0.19999999 0.        ]
Context ratio schedule: [0.2  0.25 0.3  0.35 0.4 ]
/tmp/lead_stack_variant_b_scratch_r1/venv/lib/python3.11/site-packages/anndata/_core/anndata.py:1756: UserWarning: Observation names are not unique. To make them unique, call `.obs_names_make_unique`.
  utils.warn_names_duplicates("obs")
/tmp/lead_stack_variant_b_scratch_r1/venv/lib/python3.11/site-packages/anndata/_core/anndata.py:1756: UserWarning: Observation names are not unique. To make them unique, call `.obs_names_make_unique`.
  utils.warn_names_duplicates("obs")
/tmp/lead_stack_variant_b_scratch_r1/venv/lib/python3.11/site-packages/anndata/_core/anndata.py:1756: UserWarning: Observation names are not unique. To make them unique, call `.obs_names_make_unique`.
  utils.warn_names_duplicates("obs")
'organism' column not found in obs, assuming all cells are valid
Generation Step 1
0.0703125
/tmp/lead_stack_variant_b_scratch_r1/venv/lib/python3.11/site-packages/anndata/_core/anndata.py:1756: UserWarning: Observation names are not unique. To make them unique, call `.obs_names_make_unique`.
  utils.warn_names_duplicates("obs")
/tmp/lead_stack_variant_b_scratch_r1/venv/lib/python3.11/site-packages/anndata/_core/anndata.py:1756: UserWarning: Observation names are not unique. To make them unique, call `.obs_names_make_unique`.
  utils.warn_names_duplicates("obs")
/tmp/lead_stack_variant_b_scratch_r1/venv/lib/python3.11/site-packages/anndata/_core/anndata.py:1756: UserWarning: Observation names are not unique. To make them unique, call `.obs_names_make_unique`.
  utils.warn_names_duplicates("obs")
'organism' column not found in obs, assuming all cells are valid
Generation Step 2
0.060546875
/tmp/lead_stack_variant_b_scratch_r1/venv/lib/python3.11/site-packages/anndata/_core/anndata.py:1756: UserWarning: Observation names are not unique. To make them unique, call `.obs_names_make_unique`.
  utils.warn_names_duplicates("obs")
/tmp/lead_stack_variant_b_scratch_r1/venv/lib/python3.11/site-packages/anndata/_core/anndata.py:1756: UserWarning: Observation names are not unique. To make them unique, call `.obs_names_make_unique`.
  utils.warn_names_duplicates("obs")
/tmp/lead_stack_variant_b_scratch_r1/venv/lib/python3.11/site-packages/anndata/_core/anndata.py:1756: UserWarning: Observation names are not unique. To make them unique, call `.obs_names_make_unique`.
  utils.warn_names_duplicates("obs")
/tmp/lead_stack_variant_b_scratch_r1/venv/lib/python3.11/site-packages/anndata/_core/anndata.py:1756: UserWarning: Observation names are not unique. To make them unique, call `.obs_names_make_unique`.
  utils.warn_names_duplicates("obs")
'organism' column not found in obs, assuming all cells are valid
Generation Step 3
0.099609375
/tmp/lead_stack_variant_b_scratch_r1/venv/lib/python3.11/site-packages/anndata/_core/anndata.py:1756: UserWarning: Observation names are not unique. To make them unique, call `.obs_names_make_unique`.
  utils.warn_names_duplicates("obs")
/tmp/lead_stack_variant_b_scratch_r1/venv/lib/python3.11/site-packages/anndata/_core/anndata.py:1756: UserWarning: Observation names are not unique. To make them unique, call `.obs_names_make_unique`.
  utils.warn_names_duplicates("obs")
/tmp/lead_stack_variant_b_scratch_r1/venv/lib/python3.11/site-packages/anndata/_core/anndata.py:1756: UserWarning: Observation names are not unique. To make them unique, call `.obs_names_make_unique`.
  utils.warn_names_duplicates("obs")
/tmp/lead_stack_variant_b_scratch_r1/venv/lib/python3.11/site-packages/anndata/_core/anndata.py:1756: UserWarning: Observation names are not unique. To make them unique, call `.obs_names_make_unique`.
  utils.warn_names_duplicates("obs")
'organism' column not found in obs, assuming all cells are valid
Generation Step 4
0.138671875
/tmp/lead_stack_variant_b_scratch_r1/venv/lib/python3.11/site-packages/anndata/_core/anndata.py:1756: UserWarning: Observation names are not unique. To make them unique, call `.obs_names_make_unique`.
  utils.warn_names_duplicates("obs")
/tmp/lead_stack_variant_b_scratch_r1/venv/lib/python3.11/site-packages/anndata/_core/anndata.py:1756: UserWarning: Observation names are not unique. To make them unique, call `.obs_names_make_unique`.
  utils.warn_names_duplicates("obs")
/tmp/lead_stack_variant_b_scratch_r1/venv/lib/python3.11/site-packages/anndata/_core/anndata.py:1756: UserWarning: Observation names are not unique. To make them unique, call `.obs_names_make_unique`.
  utils.warn_names_duplicates("obs")
/tmp/lead_stack_variant_b_scratch_r1/venv/lib/python3.11/site-packages/anndata/_core/anndata.py:1756: UserWarning: Observation names are not unique. To make them unique, call `.obs_names_make_unique`.
  utils.warn_names_duplicates("obs")
'organism' column not found in obs, assuming all cells are valid
Generation Step 5
0.146484375
Finished DCTN1
Masking ratio schedule: [0.8        0.6        0.39999998 0.19999999 0.        ]
Context ratio schedule: [0.2  0.25 0.3  0.35 0.4 ]
/tmp/lead_stack_variant_b_scratch_r1/venv/lib/python3.11/site-packages/anndata/_core/anndata.py:1756: UserWarning: Observation names are not unique. To make them unique, call `.obs_names_make_unique`.
  utils.warn_names_duplicates("obs")
/tmp/lead_stack_variant_b_scratch_r1/venv/lib/python3.11/site-packages/anndata/_core/anndata.py:1756: UserWarning: Observation names are not unique. To make them unique, call `.obs_names_make_unique`.
  utils.warn_names_duplicates("obs")
/tmp/lead_stack_variant_b_scratch_r1/venv/lib/python3.11/site-packages/anndata/_core/anndata.py:1756: UserWarning: Observation names are not unique. To make them unique, call `.obs_names_make_unique`.
  utils.warn_names_duplicates("obs")
'organism' column not found in obs, assuming all cells are valid
Generation Step 1
0.142578125
/tmp/lead_stack_variant_b_scratch_r1/venv/lib/python3.11/site-packages/anndata/_core/anndata.py:1756: UserWarning: Observation names are not unique. To make them unique, call `.obs_names_make_unique`.
  utils.warn_names_duplicates("obs")
/tmp/lead_stack_variant_b_scratch_r1/venv/lib/python3.11/site-packages/anndata/_core/anndata.py:1756: UserWarning: Observation names are not unique. To make them unique, call `.obs_names_make_unique`.
  utils.warn_names_duplicates("obs")
/tmp/lead_stack_variant_b_scratch_r1/venv/lib/python3.11/site-packages/anndata/_core/anndata.py:1756: UserWarning: Observation names are not unique. To make them unique, call `.obs_names_make_unique`.
  utils.warn_names_duplicates("obs")
'organism' column not found in obs, assuming all cells are valid
Generation Step 2
0.060546875
/tmp/lead_stack_variant_b_scratch_r1/venv/lib/python3.11/site-packages/anndata/_core/anndata.py:1756: UserWarning: Observation names are not unique. To make them unique, call `.obs_names_make_unique`.
  utils.warn_names_duplicates("obs")
/tmp/lead_stack_variant_b_scratch_r1/venv/lib/python3.11/site-packages/anndata/_core/anndata.py:1756: UserWarning: Observation names are not unique. To make them unique, call `.obs_names_make_unique`.
  utils.warn_names_duplicates("obs")
/tmp/lead_stack_variant_b_scratch_r1/venv/lib/python3.11/site-packages/anndata/_core/anndata.py:1756: UserWarning: Observation names are not unique. To make them unique, call `.obs_names_make_unique`.
  utils.warn_names_duplicates("obs")
/tmp/lead_stack_variant_b_scratch_r1/venv/lib/python3.11/site-packages/anndata/_core/anndata.py:1756: UserWarning: Observation names are not unique. To make them unique, call `.obs_names_make_unique`.
  utils.warn_names_duplicates("obs")
'organism' column not found in obs, assuming all cells are valid
Generation Step 3
0.109375
/tmp/lead_stack_variant_b_scratch_r1/venv/lib/python3.11/site-packages/anndata/_core/anndata.py:1756: UserWarning: Observation names are not unique. To make them unique, call `.obs_names_make_unique`.
  utils.warn_names_duplicates("obs")
/tmp/lead_stack_variant_b_scratch_r1/venv/lib/python3.11/site-packages/anndata/_core/anndata.py:1756: UserWarning: Observation names are not unique. To make them unique, call `.obs_names_make_unique`.
  utils.warn_names_duplicates("obs")
/tmp/lead_stack_variant_b_scratch_r1/venv/lib/python3.11/site-packages/anndata/_core/anndata.py:1756: UserWarning: Observation names are not unique. To make them unique, call `.obs_names_make_unique`.
  utils.warn_names_duplicates("obs")
/tmp/lead_stack_variant_b_scratch_r1/venv/lib/python3.11/site-packages/anndata/_core/anndata.py:1756: UserWarning: Observation names are not unique. To make them unique, call `.obs_names_make_unique`.
  utils.warn_names_duplicates("obs")
'organism' column not found in obs, assuming all cells are valid
Generation Step 4
0.12890625
/tmp/lead_stack_variant_b_scratch_r1/venv/lib/python3.11/site-packages/anndata/_core/anndata.py:1756: UserWarning: Observation names are not unique. To make them unique, call `.obs_names_make_unique`.
  utils.warn_names_duplicates("obs")
/tmp/lead_stack_variant_b_scratch_r1/venv/lib/python3.11/site-packages/anndata/_core/anndata.py:1756: UserWarning: Observation names are not unique. To make them unique, call `.obs_names_make_unique`.
  utils.warn_names_duplicates("obs")
/tmp/lead_stack_variant_b_scratch_r1/venv/lib/python3.11/site-packages/anndata/_core/anndata.py:1756: UserWarning: Observation names are not unique. To make them unique, call `.obs_names_make_unique`.
  utils.warn_names_duplicates("obs")
/tmp/lead_stack_variant_b_scratch_r1/venv/lib/python3.11/site-packages/anndata/_core/anndata.py:1756: UserWarning: Observation names are not unique. To make them unique, call `.obs_names_make_unique`.
  utils.warn_names_duplicates("obs")
'organism' column not found in obs, assuming all cells are valid
Generation Step 5
0.15234375
Finished HAUS8
Masking ratio schedule: [0.8        0.6        0.39999998 0.19999999 0.        ]
Context ratio schedule: [0.2  0.25 0.3  0.35 0.4 ]
/tmp/lead_stack_variant_b_scratch_r1/venv/lib/python3.11/site-packages/anndata/_core/anndata.py:1756: UserWarning: Observation names are not unique. To make them unique, call `.obs_names_make_unique`.
  utils.warn_names_duplicates("obs")
/tmp/lead_stack_variant_b_scratch_r1/venv/lib/python3.11/site-packages/anndata/_core/anndata.py:1756: UserWarning: Observation names are not unique. To make them unique, call `.obs_names_make_unique`.
  utils.warn_names_duplicates("obs")
/tmp/lead_stack_variant_b_scratch_r1/venv/lib/python3.11/site-packages/anndata/_core/anndata.py:1756: UserWarning: Observation names are not unique. To make them unique, call `.obs_names_make_unique`.
  utils.warn_names_duplicates("obs")
'organism' column not found in obs, assuming all cells are valid
Generation Step 1
0.109375
/tmp/lead_stack_variant_b_scratch_r1/venv/lib/python3.11/site-packages/anndata/_core/anndata.py:1756: UserWarning: Observation names are not unique. To make them unique, call `.obs_names_make_unique`.
  utils.warn_names_duplicates("obs")
/tmp/lead_stack_variant_b_scratch_r1/venv/lib/python3.11/site-packages/anndata/_core/anndata.py:1756: UserWarning: Observation names are not unique. To make them unique, call `.obs_names_make_unique`.
  utils.warn_names_duplicates("obs")
/tmp/lead_stack_variant_b_scratch_r1/venv/lib/python3.11/site-packages/anndata/_core/anndata.py:1756: UserWarning: Observation names are not unique. To make them unique, call `.obs_names_make_unique`.
  utils.warn_names_duplicates("obs")
'organism' column not found in obs, assuming all cells are valid
Generation Step 2
0.05078125
/tmp/lead_stack_variant_b_scratch_r1/venv/lib/python3.11/site-packages/anndata/_core/anndata.py:1756: UserWarning: Observation names are not unique. To make them unique, call `.obs_names_make_unique`.
  utils.warn_names_duplicates("obs")
/tmp/lead_stack_variant_b_scratch_r1/venv/lib/python3.11/site-packages/anndata/_core/anndata.py:1756: UserWarning: Observation names are not unique. To make them unique, call `.obs_names_make_unique`.
  utils.warn_names_duplicates("obs")
/tmp/lead_stack_variant_b_scratch_r1/venv/lib/python3.11/site-packages/anndata/_core/anndata.py:1756: UserWarning: Observation names are not unique. To make them unique, call `.obs_names_make_unique`.
  utils.warn_names_duplicates("obs")
/tmp/lead_stack_variant_b_scratch_r1/venv/lib/python3.11/site-packages/anndata/_core/anndata.py:1756: UserWarning: Observation names are not unique. To make them unique, call `.obs_names_make_unique`.
  utils.warn_names_duplicates("obs")
'organism' column not found in obs, assuming all cells are valid
Generation Step 3
0.10546875
/tmp/lead_stack_variant_b_scratch_r1/venv/lib/python3.11/site-packages/anndata/_core/anndata.py:1756: UserWarning: Observation names are not unique. To make them unique, call `.obs_names_make_unique`.
  utils.warn_names_duplicates("obs")
/tmp/lead_stack_variant_b_scratch_r1/venv/lib/python3.11/site-packages/anndata/_core/anndata.py:1756: UserWarning: Observation names are not unique. To make them unique, call `.obs_names_make_unique`.
  utils.warn_names_duplicates("obs")
/tmp/lead_stack_variant_b_scratch_r1/venv/lib/python3.11/site-packages/anndata/_core/anndata.py:1756: UserWarning: Observation names are not unique. To make them unique, call `.obs_names_make_unique`.
  utils.warn_names_duplicates("obs")
/tmp/lead_stack_variant_b_scratch_r1/venv/lib/python3.11/site-packages/anndata/_core/anndata.py:1756: UserWarning: Observation names are not unique. To make them unique, call `.obs_names_make_unique`.
  utils.warn_names_duplicates("obs")
'organism' column not found in obs, assuming all cells are valid
Generation Step 4
0.130859375
/tmp/lead_stack_variant_b_scratch_r1/venv/lib/python3.11/site-packages/anndata/_core/anndata.py:1756: UserWarning: Observation names are not unique. To make them unique, call `.obs_names_make_unique`.
  utils.warn_names_duplicates("obs")
/tmp/lead_stack_variant_b_scratch_r1/venv/lib/python3.11/site-packages/anndata/_core/anndata.py:1756: UserWarning: Observation names are not unique. To make them unique, call `.obs_names_make_unique`.
  utils.warn_names_duplicates("obs")
/tmp/lead_stack_variant_b_scratch_r1/venv/lib/python3.11/site-packages/anndata/_core/anndata.py:1756: UserWarning: Observation names are not unique. To make them unique, call `.obs_names_make_unique`.
  utils.warn_names_duplicates("obs")
/tmp/lead_stack_variant_b_scratch_r1/venv/lib/python3.11/site-packages/anndata/_core/anndata.py:1756: UserWarning: Observation names are not unique. To make them unique, call `.obs_names_make_unique`.
  utils.warn_names_duplicates("obs")
'organism' column not found in obs, assuming all cells are valid
Generation Step 5
0.130859375
Masking ratio schedule: [0.8        0.6        0.39999998 0.19999999 0.        ]
Context ratio schedule: [0.2  0.25 0.3  0.35 0.4 ]
/tmp/lead_stack_variant_b_scratch_r1/venv/lib/python3.11/site-packages/anndata/_core/anndata.py:1756: UserWarning: Observation names are not unique. To make them unique, call `.obs_names_make_unique`.
  utils.warn_names_duplicates("obs")
/tmp/lead_stack_variant_b_scratch_r1/venv/lib/python3.11/site-packages/anndata/_core/anndata.py:1756: UserWarning: Observation names are not unique. To make them unique, call `.obs_names_make_unique`.
  utils.warn_names_duplicates("obs")
/tmp/lead_stack_variant_b_scratch_r1/venv/lib/python3.11/site-packages/anndata/_core/anndata.py:1756: UserWarning: Observation names are not unique. To make them unique, call `.obs_names_make_unique`.
  utils.warn_names_duplicates("obs")
'organism' column not found in obs, assuming all cells are valid
Generation Step 1
0.06640625
/tmp/lead_stack_variant_b_scratch_r1/venv/lib/python3.11/site-packages/anndata/_core/anndata.py:1756: UserWarning: Observation names are not unique. To make them unique, call `.obs_names_make_unique`.
  utils.warn_names_duplicates("obs")
/tmp/lead_stack_variant_b_scratch_r1/venv/lib/python3.11/site-packages/anndata/_core/anndata.py:1756: UserWarning: Observation names are not unique. To make them unique, call `.obs_names_make_unique`.
  utils.warn_names_duplicates("obs")
/tmp/lead_stack_variant_b_scratch_r1/venv/lib/python3.11/site-packages/anndata/_core/anndata.py:1756: UserWarning: Observation names are not unique. To make them unique, call `.obs_names_make_unique`.
  utils.warn_names_duplicates("obs")
'organism' column not found in obs, assuming all cells are valid
Generation Step 2
0.02734375
/tmp/lead_stack_variant_b_scratch_r1/venv/lib/python3.11/site-packages/anndata/_core/anndata.py:1756: UserWarning: Observation names are not unique. To make them unique, call `.obs_names_make_unique`.
  utils.warn_names_duplicates("obs")
/tmp/lead_stack_variant_b_scratch_r1/venv/lib/python3.11/site-packages/anndata/_core/anndata.py:1756: UserWarning: Observation names are not unique. To make them unique, call `.obs_names_make_unique`.
  utils.warn_names_duplicates("obs")
/tmp/lead_stack_variant_b_scratch_r1/venv/lib/python3.11/site-packages/anndata/_core/anndata.py:1756: UserWarning: Observation names are not unique. To make them unique, call `.obs_names_make_unique`.
  utils.warn_names_duplicates("obs")
/tmp/lead_stack_variant_b_scratch_r1/venv/lib/python3.11/site-packages/anndata/_core/anndata.py:1756: UserWarning: Observation names are not unique. To make them unique, call `.obs_names_make_unique`.
  utils.warn_names_duplicates("obs")
'organism' column not found in obs, assuming all cells are valid
Generation Step 3
0.0546875
/tmp/lead_stack_variant_b_scratch_r1/venv/lib/python3.11/site-packages/anndata/_core/anndata.py:1756: UserWarning: Observation names are not unique. To make them unique, call `.obs_names_make_unique`.
  utils.warn_names_duplicates("obs")
/tmp/lead_stack_variant_b_scratch_r1/venv/lib/python3.11/site-packages/anndata/_core/anndata.py:1756: UserWarning: Observation names are not unique. To make them unique, call `.obs_names_make_unique`.
  utils.warn_names_duplicates("obs")
/tmp/lead_stack_variant_b_scratch_r1/venv/lib/python3.11/site-packages/anndata/_core/anndata.py:1756: UserWarning: Observation names are not unique. To make them unique, call `.obs_names_make_unique`.
  utils.warn_names_duplicates("obs")
/tmp/lead_stack_variant_b_scratch_r1/venv/lib/python3.11/site-packages/anndata/_core/anndata.py:1756: UserWarning: Observation names are not unique. To make them unique, call `.obs_names_make_unique`.
  utils.warn_names_duplicates("obs")
'organism' column not found in obs, assuming all cells are valid
Generation Step 4
0.08984375
/tmp/lead_stack_variant_b_scratch_r1/venv/lib/python3.11/site-packages/anndata/_core/anndata.py:1756: UserWarning: Observation names are not unique. To make them unique, call `.obs_names_make_unique`.
  utils.warn_names_duplicates("obs")
/tmp/lead_stack_variant_b_scratch_r1/venv/lib/python3.11/site-packages/anndata/_core/anndata.py:1756: UserWarning: Observation names are not unique. To make them unique, call `.obs_names_make_unique`.
  utils.warn_names_duplicates("obs")
/tmp/lead_stack_variant_b_scratch_r1/venv/lib/python3.11/site-packages/anndata/_core/anndata.py:1756: UserWarning: Observation names are not unique. To make them unique, call `.obs_names_make_unique`.
  utils.warn_names_duplicates("obs")
/tmp/lead_stack_variant_b_scratch_r1/venv/lib/python3.11/site-packages/anndata/_core/anndata.py:1756: UserWarning: Observation names are not unique. To make them unique, call `.obs_names_make_unique`.
  utils.warn_names_duplicates("obs")
'organism' column not found in obs, assuming all cells are valid
Generation Step 5
0.111328125
Finished SETD1A
/tmp/lead_stack_variant_b_scratch_r1/venv/lib/python3.11/site-packages/anndata/_core/aligned_df.py:68: ImplicitModificationWarning: Transforming to str index.
  warnings.warn("Transforming to str index.", ImplicitModificationWarning)
/tmp/lead_stack_variant_b_scratch_r1/venv/lib/python3.11/site-packages/anndata/_core/aligned_df.py:68: ImplicitModificationWarning: Transforming to str index.
  warnings.warn("Transforming to str index.", ImplicitModificationWarning)
