[10:14:11] model: 18533 genes, 10467 symbols; 300 panel targets
[10:14:56] anchors: 300 with support, 230 targets corrected; sources ['CD4T', 'H1', 'HCT116', 'HEK293T', 'Jurkat', 'K562', 'Neuron', 'RPE1', 'iPSC']
[10:16:04] context A: reading the controls
[10:17:02]   50 targets, 36 s
[10:17:36]   100 targets, 71 s
[10:18:11]   150 targets, 106 s
[10:18:49]   200 targets, 143 s
[10:20:31] context A: 230 targets moved, mean w (corrected) 0.276
[10:20:31] context B: reading the controls
[10:21:43]   50 targets, 41 s
[10:22:29]   100 targets, 88 s
[10:23:11]   150 targets, 130 s
[10:23:55]   200 targets, 174 s
[10:25:48] context B: 230 targets moved, mean w (corrected) 0.278
[10:25:48] context C: reading the controls
[10:27:09]   50 targets, 43 s
[10:27:49]   100 targets, 83 s
[10:28:22]   150 targets, 116 s
[10:28:55]   200 targets, 149 s
[10:30:22] context C: 230 targets moved, mean w (corrected) 0.278
[10:30:22] wrote C:\Users\ferra\vcc2026-data\processed\ibrido_selettivo_2026-10-04\export_abc_r2
