{"t": 6.3, "utc": "2026-10-01T00:10:29.046122+00:00", "msg": "model", "parameters": 8589305, "target_code": "identity", "symbols": 7490, "descriptors": {"sha256": "7313ba892ba8aaaa8c967be15ac5fe1f17578811ecfa5e55c58fb914a1c81c80", "dims": 284, "symbols_with_descriptors": 7128, "symbols": 7490}, "device": "cuda:1", "roles": 2, "workers": 2}
{"t": 27.3, "utc": "2026-10-01T00:10:50.012150+00:00", "msg": "evaluation priced", "cells": 124553, "shards": 146, "probe_cells": 1024, "probe_seconds": 20.5, "reserve_seconds": 3862.1}
{"t": 104.5, "utc": "2026-10-01T00:12:07.192002+00:00", "msg": "step", "step": 1, "epoch": 0.0, "loss": 2.37211, "pert_gain": 0.0, "pi_mean": 0.47921058535575867, "cells_per_s": 3.3, "data_wait_fraction": 0.993, "rss_peak_mb": 6269.3, "rss_mb": 3053.0, "children_rss_mb": 6228.3, "system_available_mb": 19681.9, "gpu_peak_mb": 1438.3, "gpu_reserved_mb": 1578.0}
{"t": 110.2, "utc": "2026-10-01T00:12:12.940623+00:00", "msg": "plan", "measured_steps": 60, "seconds": 4.11, "steps_per_second": 14.588, "cells_per_second": 3734.4, "data_wait_fraction": 0.029, "budget_minutes": 100.0, "evaluation_reserve_seconds": 3862.1, "export_reserve_seconds": 300.0, "train_until_utc": "2026-10-01T00:41:00.673568+00:00", "steps_needed_for_epochs": 41575, "steps_that_fit": 25203, "planned_steps": 25203, "epochs_expected": 6.07, "admitted_training_cells": 1066336, "step_at_plan": 80, "memory": {"rss_peak_mb": 6269.3, "rss_mb": 3158.1, "children_rss_mb": 6228.5, "system_available_mb": 19251.2, "gpu_peak_mb": 1478.8, "gpu_reserved_mb": 1580.0}, "roles": {"batches": [256, 256], "training_cells": [533194, 533142]}}
{"t": 111.7, "utc": "2026-10-01T00:12:14.429896+00:00", "msg": "step", "step": 100, "epoch": 0.024, "loss": 1.08067, "pert_gain": 0.01730925403535366, "pi_mean": 0.4253867268562317, "cells_per_s": 303.7, "data_wait_fraction": 0.909, "rss_peak_mb": 6269.3, "rss_mb": 3158.1, "children_rss_mb": 6244.3, "system_available_mb": 19202.5, "gpu_peak_mb": 1478.8, "gpu_reserved_mb": 1580.0}
{"t": 158.9, "utc": "2026-10-01T00:13:01.585651+00:00", "msg": "step", "step": 200, "epoch": 0.048, "loss": 1.00865, "pert_gain": 0.016359461471438408, "pi_mean": 0.5190548300743103, "cells_per_s": 389.5, "data_wait_fraction": 0.892, "rss_peak_mb": 6269.3, "rss_mb": 3018.3, "children_rss_mb": 7259.1, "system_available_mb": 17384.2, "gpu_peak_mb": 1481.4, "gpu_reserved_mb": 1580.0}
{"t": 210.0, "utc": "2026-10-01T00:13:52.731411+00:00", "msg": "step", "step": 300, "epoch": 0.072, "loss": 0.974, "pert_gain": 0.00014325564552564174, "pi_mean": 0.32170572876930237, "cells_per_s": 420.6, "data_wait_fraction": 0.885, "rss_peak_mb": 6269.3, "rss_mb": 3007.3, "children_rss_mb": 7538.4, "system_available_mb": 16370.3, "gpu_peak_mb": 1491.0, "gpu_reserved_mb": 1660.0}
{"t": 277.8, "utc": "2026-10-01T00:15:00.566917+00:00", "msg": "step", "step": 400, "epoch": 0.096, "loss": 0.78854, "pert_gain": 0.006899573840200901, "pi_mean": 0.06066851690411568, "cells_per_s": 408.9, "data_wait_fraction": 0.891, "rss_peak_mb": 6269.3, "rss_mb": 3036.8, "children_rss_mb": 7719.8, "system_available_mb": 15859.5, "gpu_peak_mb": 1498.0, "gpu_reserved_mb": 1660.0}
{"t": 307.9, "utc": "2026-10-01T00:15:30.637708+00:00", "msg": "step", "step": 500, "epoch": 0.12, "loss": 0.94646, "pert_gain": 0.004692229442298412, "pi_mean": 0.8001581430435181, "cells_per_s": 456.3, "data_wait_fraction": 0.882, "rss_peak_mb": 6269.3, "rss_mb": 3025.4, "children_rss_mb": 7609.8, "system_available_mb": 16074.8, "gpu_peak_mb": 1508.5, "gpu_reserved_mb": 1952.0}
{"t": 336.3, "utc": "2026-10-01T00:15:59.009416+00:00", "msg": "step", "step": 600, "epoch": 0.144, "loss": 0.92143, "pert_gain": 0.002874931786209345, "pi_mean": 0.42296430468559265, "cells_per_s": 497.3, "data_wait_fraction": 0.875, "rss_peak_mb": 6269.3, "rss_mb": 3040.3, "children_rss_mb": 7847.1, "system_available_mb": 15571.9, "gpu_peak_mb": 1517.9, "gpu_reserved_mb": 2204.0}
{"t": 393.5, "utc": "2026-10-01T00:16:56.220895+00:00", "msg": "step", "step": 700, "epoch": 0.168, "loss": 1.25507, "pert_gain": 0.0010583448456600308, "pi_mean": 0.4355885982513428, "cells_per_s": 489.5, "data_wait_fraction": 0.88, "rss_peak_mb": 6269.3, "rss_mb": 3063.8, "children_rss_mb": 7835.1, "system_available_mb": 14808.7, "gpu_peak_mb": 1517.9, "gpu_reserved_mb": 2204.0}
{"t": 429.6, "utc": "2026-10-01T00:17:32.302091+00:00", "msg": "step", "step": 800, "epoch": 0.192, "loss": 0.9168, "pert_gain": 0.00447356142103672, "pi_mean": 0.47129693627357483, "cells_per_s": 509.2, "data_wait_fraction": 0.878, "rss_peak_mb": 6269.3, "rss_mb": 3072.0, "children_rss_mb": 7903.3, "system_available_mb": 15092.1, "gpu_peak_mb": 1517.9, "gpu_reserved_mb": 2204.0}
{"t": 470.9, "utc": "2026-10-01T00:18:13.608101+00:00", "msg": "step", "step": 900, "epoch": 0.216, "loss": 0.61097, "pert_gain": 0.0022814269177615643, "pi_mean": 0.6084951162338257, "cells_per_s": 519.5, "data_wait_fraction": 0.879, "rss_peak_mb": 6269.3, "rss_mb": 3071.7, "children_rss_mb": 8086.5, "system_available_mb": 10786.6, "gpu_peak_mb": 1517.9, "gpu_reserved_mb": 2204.0}
{"t": 516.2, "utc": "2026-10-01T00:18:58.919547+00:00", "msg": "step", "step": 1000, "epoch": 0.24, "loss": 1.04404, "pert_gain": 0.003051580162718892, "pi_mean": 0.4784719944000244, "cells_per_s": 523.7, "data_wait_fraction": 0.88, "rss_peak_mb": 6269.3, "rss_mb": 3103.9, "children_rss_mb": 8223.1, "system_available_mb": 12399.6, "gpu_peak_mb": 1517.9, "gpu_reserved_mb": 2204.0}
{"t": 551.2, "utc": "2026-10-01T00:19:33.943945+00:00", "msg": "step", "step": 1100, "epoch": 0.264, "loss": 1.00586, "pert_gain": 0.004750199615955353, "pi_mean": 0.36186012625694275, "cells_per_s": 537.6, "data_wait_fraction": 0.878, "rss_peak_mb": 6269.3, "rss_mb": 3113.6, "children_rss_mb": 7504.8, "system_available_mb": 13194.4, "gpu_peak_mb": 1517.9, "gpu_reserved_mb": 2204.0}
{"t": 603.6, "utc": "2026-10-01T00:20:26.376981+00:00", "msg": "step", "step": 1200, "epoch": 0.288, "loss": 0.61635, "pert_gain": 0.004362453240901232, "pi_mean": 0.43052440881729126, "cells_per_s": 533.1, "data_wait_fraction": 0.881, "rss_peak_mb": 6269.3, "rss_mb": 3108.0, "children_rss_mb": 13136.7, "system_available_mb": 9153.6, "gpu_peak_mb": 1517.9, "gpu_reserved_mb": 2204.0}
{"t": 634.0, "utc": "2026-10-01T00:20:56.766878+00:00", "msg": "step", "step": 1300, "epoch": 0.312, "loss": 0.93969, "pert_gain": 0.004928597714751959, "pi_mean": 0.34811243414878845, "cells_per_s": 548.6, "data_wait_fraction": 0.878, "rss_peak_mb": 6269.3, "rss_mb": 3109.2, "children_rss_mb": 7817.3, "system_available_mb": 9881.9, "gpu_peak_mb": 1517.9, "gpu_reserved_mb": 2204.0}
{"t": 664.3, "utc": "2026-10-01T00:21:27.015964+00:00", "msg": "step", "step": 1400, "epoch": 0.336, "loss": 0.95084, "pert_gain": 0.004288969095796347, "pi_mean": 0.348452627658844, "cells_per_s": 562.7, "data_wait_fraction": 0.876, "rss_peak_mb": 6269.3, "rss_mb": 3104.4, "children_rss_mb": 8202.9, "system_available_mb": 9473.5, "gpu_peak_mb": 1525.2, "gpu_reserved_mb": 2294.0}
{"t": 704.0, "utc": "2026-10-01T00:22:06.710335+00:00", "msg": "step", "step": 1500, "epoch": 0.36, "loss": 0.91637, "pert_gain": 0.0039061452262103558, "pi_mean": 0.5001825094223022, "cells_per_s": 567.6, "data_wait_fraction": 0.876, "rss_peak_mb": 6269.3, "rss_mb": 3104.4, "children_rss_mb": 7849.8, "system_available_mb": 13582.9, "gpu_peak_mb": 1525.2, "gpu_reserved_mb": 2294.0}
{"t": 737.6, "utc": "2026-10-01T00:22:40.312357+00:00", "msg": "step", "step": 1600, "epoch": 0.384, "loss": 0.45945, "pert_gain": 0.0009047645144164562, "pi_mean": 0.5316033363342285, "cells_per_s": 576.7, "data_wait_fraction": 0.875, "rss_peak_mb": 6269.3, "rss_mb": 3104.5, "children_rss_mb": 7903.9, "system_available_mb": 13888.5, "gpu_peak_mb": 1525.2, "gpu_reserved_mb": 2294.0}
{"t": 780.3, "utc": "2026-10-01T00:23:22.993883+00:00", "msg": "step", "step": 1700, "epoch": 0.408, "loss": 0.87583, "pert_gain": 0.002583864377811551, "pi_mean": 0.4640885293483734, "cells_per_s": 578.1, "data_wait_fraction": 0.876, "rss_peak_mb": 6269.3, "rss_mb": 3104.5, "children_rss_mb": 8169.8, "system_available_mb": 14422.5, "gpu_peak_mb": 1525.2, "gpu_reserved_mb": 2294.0}
{"t": 807.0, "utc": "2026-10-01T00:23:49.767511+00:00", "msg": "step", "step": 1800, "epoch": 0.432, "loss": 0.97047, "pert_gain": 0.0031009193044155836, "pi_mean": 0.3691593110561371, "cells_per_s": 591.0, "data_wait_fraction": 0.874, "rss_peak_mb": 6269.3, "rss_mb": 3143.9, "children_rss_mb": 8388.7, "system_available_mb": 14012.5, "gpu_peak_mb": 1525.2, "gpu_reserved_mb": 2294.0}
{"t": 854.7, "utc": "2026-10-01T00:24:37.456191+00:00", "msg": "step", "step": 1900, "epoch": 0.456, "loss": 0.74246, "pert_gain": 0.002773187356069684, "pi_mean": 0.5507252216339111, "cells_per_s": 587.9, "data_wait_fraction": 0.875, "rss_peak_mb": 6269.3, "rss_mb": 3136.6, "children_rss_mb": 8362.2, "system_available_mb": 11748.4, "gpu_peak_mb": 1536.1, "gpu_reserved_mb": 2392.0}
{"t": 859.6, "utc": "2026-10-01T00:24:42.321402+00:00", "msg": "step", "step": 2000, "epoch": 0.48, "loss": 0.76528, "pert_gain": 0.004129768814891577, "pi_mean": 0.5720575451850891, "cells_per_s": 615.2, "data_wait_fraction": 0.87, "rss_peak_mb": 6269.3, "rss_mb": 3136.6, "children_rss_mb": 8479.1, "system_available_mb": 12549.6, "gpu_peak_mb": 1536.1, "gpu_reserved_mb": 2392.0}
{"t": 906.4, "utc": "2026-10-01T00:25:29.125597+00:00", "msg": "step", "step": 2100, "epoch": 0.504, "loss": 0.68291, "pert_gain": 0.0032714535482227802, "pi_mean": 0.5778887867927551, "cells_per_s": 611.6, "data_wait_fraction": 0.871, "rss_peak_mb": 6269.3, "rss_mb": 3136.7, "children_rss_mb": 8366.6, "system_available_mb": 9520.9, "gpu_peak_mb": 1536.1, "gpu_reserved_mb": 2392.0}
{"t": 932.0, "utc": "2026-10-01T00:25:54.738979+00:00", "msg": "checkpoint", "step": 2140, "path": "ckpt_0002140.pt", "reason": "periodic", "seen": 547840, "batch_chain": "8920c8926edde465"}
{"t": 951.8, "utc": "2026-10-01T00:26:14.558139+00:00", "msg": "step", "step": 2200, "epoch": 0.528, "loss": 0.87458, "pert_gain": 0.0031288571190088987, "pi_mean": 0.4407949149608612, "cells_per_s": 609.2, "data_wait_fraction": 0.871, "rss_peak_mb": 6269.3, "rss_mb": 3145.1, "children_rss_mb": 7863.2, "system_available_mb": 14926.3, "gpu_peak_mb": 1553.4, "gpu_reserved_mb": 2506.0}
{"t": 964.0, "utc": "2026-10-01T00:26:26.722809+00:00", "msg": "step", "step": 2300, "epoch": 0.552, "loss": 1.05148, "pert_gain": 0.006023242138326168, "pi_mean": 0.36312028765678406, "cells_per_s": 628.7, "data_wait_fraction": 0.868, "rss_peak_mb": 6269.3, "rss_mb": 3152.5, "children_rss_mb": 7753.4, "system_available_mb": 15371.1, "gpu_peak_mb": 1553.4, "gpu_reserved_mb": 2506.0}
{"t": 981.2, "utc": "2026-10-01T00:26:43.896769+00:00", "msg": "step", "step": 2400, "epoch": 0.576, "loss": 1.05396, "pert_gain": 0.0034537657629698515, "pi_mean": 0.46228593587875366, "cells_per_s": 644.2, "data_wait_fraction": 0.865, "rss_peak_mb": 6269.3, "rss_mb": 3145.1, "children_rss_mb": 7531.1, "system_available_mb": 13320.3, "gpu_peak_mb": 1553.4, "gpu_reserved_mb": 2506.0}
{"t": 1043.7, "utc": "2026-10-01T00:27:46.390513+00:00", "msg": "step", "step": 2500, "epoch": 0.6, "loss": 0.62512, "pert_gain": 0.003448405535891652, "pi_mean": 0.5234712362289429, "cells_per_s": 629.8, "data_wait_fraction": 0.868, "rss_peak_mb": 6269.3, "rss_mb": 3145.1, "children_rss_mb": 8118.1, "system_available_mb": 14862.2, "gpu_peak_mb": 1553.4, "gpu_reserved_mb": 2506.0}
{"t": 1073.9, "utc": "2026-10-01T00:28:16.649572+00:00", "msg": "step", "step": 2600, "epoch": 0.624, "loss": 0.63118, "pert_gain": 0.00434788316488266, "pi_mean": 0.5197791457176208, "cells_per_s": 636.0, "data_wait_fraction": 0.867, "rss_peak_mb": 6269.3, "rss_mb": 3160.2, "children_rss_mb": 8110.2, "system_available_mb": 14726.2, "gpu_peak_mb": 1553.4, "gpu_reserved_mb": 2506.0}
{"t": 1137.6, "utc": "2026-10-01T00:29:20.319160+00:00", "msg": "step", "step": 2700, "epoch": 0.648, "loss": 0.60017, "pert_gain": 0.004164140205830336, "pi_mean": 0.6026090979576111, "cells_per_s": 622.6, "data_wait_fraction": 0.871, "rss_peak_mb": 6269.3, "rss_mb": 3145.2, "children_rss_mb": 8037.5, "system_available_mb": 10446.1, "gpu_peak_mb": 1553.4, "gpu_reserved_mb": 2506.0}
{"t": 1166.9, "utc": "2026-10-01T00:29:49.650776+00:00", "msg": "step", "step": 2800, "epoch": 0.672, "loss": 0.61081, "pert_gain": 0.0034309113398194313, "pi_mean": 0.521710991859436, "cells_per_s": 629.0, "data_wait_fraction": 0.87, "rss_peak_mb": 6269.3, "rss_mb": 3145.2, "children_rss_mb": 8025.2, "system_available_mb": 12938.2, "gpu_peak_mb": 1553.4, "gpu_reserved_mb": 2506.0}
Traceback (most recent call last):
  File "/usr/local/lib/python3.12/dist-packages/torch/utils/data/dataloader.py", line 1310, in _try_get_data
    data = self._data_queue.get(timeout=timeout)
           ^^^^^^^^^^^^^^^^^^^^^^^^^^^^^^^^^^^^^
  File "/usr/lib/python3.12/queue.py", line 180, in get
    self.not_empty.wait(remaining)
  File "/usr/lib/python3.12/threading.py", line 359, in wait
    gotit = waiter.acquire(True, timeout)
            ^^^^^^^^^^^^^^^^^^^^^^^^^^^^^
  File "/usr/local/lib/python3.12/dist-packages/torch/utils/data/_utils/signal_handling.py", line 73, in handler
    _error_if_any_worker_fails()
RuntimeError: DataLoader worker (pid 120) is killed by signal: Killed. 

The above exception was the direct cause of the following exception:

Traceback (most recent call last):
  File "/kaggle/input/datasets/davidmaisterx/rlab-cellnet-code/train_cellnet.py", line 1262, in <module>
    main()
  File "/kaggle/input/datasets/davidmaisterx/rlab-cellnet-code/train_cellnet.py", line 1258, in main
    prepass(a) if a.cmd == "prepass" else train(a)
                                          ^^^^^^^^
  File "/kaggle/input/datasets/davidmaisterx/rlab-cellnet-code/train_cellnet.py", line 1021, in train
    b = next(it)
        ^^^^^^^^
  File "/usr/local/lib/python3.12/dist-packages/torch/utils/data/dataloader.py", line 741, in __next__
    data = self._next_data()
           ^^^^^^^^^^^^^^^^^
  File "/usr/local/lib/python3.12/dist-packages/torch/utils/data/dataloader.py", line 1524, in _next_data
    idx, data = self._get_data()
                ^^^^^^^^^^^^^^^^
  File "/usr/local/lib/python3.12/dist-packages/torch/utils/data/dataloader.py", line 1473, in _get_data
    success, data = self._try_get_data()
                    ^^^^^^^^^^^^^^^^^^^^
  File "/usr/local/lib/python3.12/dist-packages/torch/utils/data/dataloader.py", line 1323, in _try_get_data
    raise RuntimeError(
RuntimeError: DataLoader worker (pid(s) 120) exited unexpectedly
