job start 2026-09-27T20:43:35Z host=ac8a28671f0c cpus=2 code=/content/code_1790541814_5808 ﻿2026-09-27T17:13:52+02:00 head=c46dbad dirty_files=27
               total        used        free      shared  buff/cache   available
Mem:              12           1           7           0           4          11
overlay         113G   48G   66G  43% /
Sun Sep 27 20:43:35 2026       
+-----------------------------------------------------------------------------------------+
| NVIDIA-SMI 580.82.07              Driver Version: 580.82.07      CUDA Version: 13.0     |
+-----------------------------------------+------------------------+----------------------+
| GPU  Name                 Persistence-M | Bus-Id          Disp.A | Volatile Uncorr. ECC |
| Fan  Temp   Perf          Pwr:Usage/Cap |           Memory-Usage | GPU-Util  Compute M. |
|                                         |                        |               MIG M. |
|=========================================+========================+======================|
|   0  Tesla T4                       Off |   00000000:00:04.0 Off |                    0 |
| N/A   35C    P8              9W /   70W |       0MiB /  15360MiB |      0%      Default |
|                                         |                        |                  N/A |
+-----------------------------------------+------------------------+----------------------+

+-----------------------------------------------------------------------------------------+
| Processes:                                                                              |
|  GPU   GI   CI              PID   Type   Process name                        GPU Memory |
|        ID   ID                                                               Usage      |
|=========================================================================================|
|  No running processes found                                                             |
+-----------------------------------------------------------------------------------------+
20:43:35 waiting for raw.npy
20:44:35 waiting for raw.npy
20:45:35 waiting for raw.npy
20:46:35 waiting for raw.npy
20:47:35 waiting for raw.npy
20:48:35 waiting for raw.npy
20:49:35 waiting for raw.npy
20:50:35 waiting for raw.npy
20:51:35 waiting for raw.npy
20:52:35 waiting for raw.npy
20:53:35 waiting for raw.npy
20:54:35 waiting for raw.npy
20:55:35 waiting for raw.npy
20:56:35 waiting for raw.npy
20:57:35 waiting for raw.npy
20:58:35 waiting for raw.npy
20:59:35 waiting for raw.npy
21:00:35 waiting for raw.npy
21:01:35 waiting for raw.npy
21:02:35 waiting for raw.npy
21:03:35 waiting for raw.npy
21:04:35 waiting for raw.npy
21:05:36 waiting for raw.npy
21:06:36 waiting for se.npy
21:07:36 waiting for se.npy
total 6722016
drwxr-xr-x 2 root root       4096 Sep 27 21:11 .
drwxr-xr-x 5 root root       4096 Sep 27 21:08 ..
-rw------- 1 root root     137824 Sep 27 21:11 axis.csv
-rw------- 1 root root     815580 Sep 27 21:11 basal.npy
-rw------- 1 root root      12764 Sep 27 21:11 cis_index.npy
-rw------- 1 root root     150920 Sep 27 21:11 cis_indptr.npy
-rw------- 1 root root        912 Sep 27 21:11 contexts.csv
-rw------- 1 root root     183041 Sep 27 21:11 genes.csv
-rw------- 1 root root       8518 Sep 27 21:11 manifest.json
-rw------- 1 root root     444028 Sep 27 21:11 partner_index.npy
-rw------- 1 root root     150920 Sep 27 21:11 partner_indptr.npy
-rw------- 1 root root     444028 Sep 27 21:11 partner_score.npy
-rw------- 1 root root 2292274568 Sep 27 21:10 raw.npy
-rw------- 1 root root     367568 Sep 27 21:11 row_context.npy
-rw------- 1 root root     367568 Sep 27 21:11 row_ncells.npy
-rw------- 1 root root     735008 Sep 27 21:11 row_own.npy
-rw------- 1 root root     367568 Sep 27 21:11 row_target.npy
-rw------- 1 root root 2292274568 Sep 27 21:11 se.npy
-rw------- 1 root root 2292274568 Sep 27 21:09 shrunk.npy
-rw------- 1 root root    2275985 Sep 27 21:11 targets.csv
2.11.0+cu128 True Tesla T4
[     0.3s] dataset: 91860 rows, 12477 stored genes, 8 contexts, 18848 targets; device cuda; torch 2.11.0+cu128
[     0.4s] design C: truth [], hidden [], visible ['k562', 'cd4_Rest', 'cd4_Stim8hr', 'cd4_Stim48hr', 'orion_hct116', 'orion_hek293t', 'kolf']; 90860 visible rows; 0 test targets, 0 targets hidden everywhere; validation family (orion)
/content/code_1790541814_5808/reports/rete_contesti_2026-09-27/pool.py:606: UserWarning: The given NumPy array is not writable, and PyTorch does not support non-writable tensors. This means writing to this tensor will result in undefined behavior. You may want to copy the array to protect its data or make it writable before converting it to a tensor. This type of warning will be suppressed for the rest of this program. (Triggered internally at /pytorch/torch/csrc/utils/tensor_numpy.cpp:213.)
  self.consts = {"genes_axis": torch.from_numpy(self.pool.genes_axis).to(d),
[   156.4s] phase: 57152 visible rows in 5 contexts, 3 families (cd4, k562, kolf); 9749 of 12477 genes estimated by >= 2 families; profiles 33089 (family, target) rows, partner profiles 28093
[   166.0s] calibration: A 0.01563 (used 0.01563), A_q 0.02048 (used 0.02048), mean row weight 2.994e+05 on 4000 rows; parameters 450402
[   227.7s] step step 250, train_loss 0.010773, amplitude 0.01556, amplitude_q 0.020677, val_loss 0.0094149
[   283.3s] step step 500, train_loss 0.010674, amplitude 0.014668, amplitude_q 0.020831, val_loss 0.0095163
[   338.7s] step step 750, train_loss 0.010537, amplitude 0.01437, amplitude_q 0.021492, val_loss 0.0096099
[   393.9s] step step 1000, train_loss 0.010307, amplitude 0.014356, amplitude_q 0.022681, val_loss 0.0096085
[   449.7s] step step 1250, train_loss 0.010071, amplitude 0.014302, amplitude_q 0.022752, val_loss 0.0096663
[   505.0s] step step 1500, train_loss 0.0098843, amplitude 0.014174, amplitude_q 0.023105, val_loss 0.0096943
[   560.3s] step step 1750, train_loss 0.0098023, amplitude 0.014238, amplitude_q 0.024368, val_loss 0.0096766
[   616.0s] step step 2000, train_loss 0.0097432, amplitude 0.014053, amplitude_q 0.025193, val_loss 0.0096538
[   672.9s] step step 2250, train_loss 0.0096967, amplitude 0.014028, amplitude_q 0.026206, val_loss 0.0096577
[   672.9s] early stop at step 2250: no validation gain in 8 evaluations; best step 250
[   904.2s] phase: 90860 visible rows in 7 contexts, 4 families (cd4, k562, kolf, orion); 11913 of 12477 genes estimated by >= 2 families; profiles 50496 (family, target) rows, partner profiles 38346
[   904.2s] refit on every visible row for 250 steps
[   919.5s] calibration: A 0.02814 (used 0.02814), A_q 0.03458 (used 0.03458), mean row weight 3.217e+05 on 4000 rows; parameters 450402
[  1088.3s] step step 250, train_loss 0.010915, amplitude 0.028242, amplitude_q 0.034859
[  1095.4s] predicted 300 targets in A
[  1100.7s] predicted 300 targets in B
[  1106.6s] predicted 300 targets in C
[  1106.8s] done: /content/drive/MyDrive/vcc2026/runs/rete_prod_r1
job end 2026-09-27T21:30:19Z
