job start 2026-09-17T18:41:18Z host=640f066649c0 cpus=2 code=/content/code_1789670477_53249 ﻿2026-09-17T19:29:46+02:00 head=1479d75 dirty_files=36
               total        used        free      shared  buff/cache   available
Mem:              12           1           0           0          11          11
overlay         108G   41G   68G  38% /
18:41:18 local copy ready
total 1443632
drwxr-xr-x 2 root root       4096 Sep 17 18:40 .
drwxr-xr-x 7 root root       4096 Sep 17 18:40 ..
-rw------- 1 root root     712985 Sep 17 18:40 groups.csv
-rw------- 1 root root 1476596260 Sep 17 18:40 group_stats.npz
-rw-r--r-- 1 root root          0 Sep 17 18:40 READY
-rw------- 1 root root       3461 Sep 17 18:40 report.json
-rw------- 1 root root     944986 Sep 17 18:40 var.csv
[18:41:28] transfer covers 269/300 targets; cis bins 0:-0.332 1000:-0.231 2000:-0.109 5000:-0.087 10000:-0.036
[18:41:57]   fit: 18400 cells, 3000 HVG, PCA var 0.225, state=kde
[18:42:23]   dispersion: 11831 genes zero-matched, median phi (mean>0.05) 0.12967124979365818
[18:42:25]   A 1/300 nnz/cell 5915 (57s)
[18:44:18]   A 51/300 nnz/cell 5865 (169s)
[18:46:12]   A 101/300 nnz/cell 5953 (283s)
[18:48:13]   A 151/300 nnz/cell 5977 (405s)
[18:50:04]   A 201/300 nnz/cell 5872 (516s)
[18:51:57]   A 251/300 nnz/cell 5983 (629s)
[18:53:47] A: done in 739s, nnz/cell 5937 (controls 5973)
[18:54:12]   fit: 18400 cells, 3000 HVG, PCA var 0.251, state=kde
[18:54:37]   dispersion: 11897 genes zero-matched, median phi (mean>0.05) 0.04835432363564958
[18:54:39]   B 1/300 nnz/cell 5619 (52s)
[18:56:22]   B 51/300 nnz/cell 5508 (155s)
[18:58:10]   B 101/300 nnz/cell 5565 (264s)
[18:59:51]   B 151/300 nnz/cell 5366 (364s)
[19:01:31]   B 201/300 nnz/cell 5485 (464s)
[19:03:14]   B 251/300 nnz/cell 5538 (567s)
[19:04:54] B: done in 667s, nnz/cell 5546 (controls 5519)
[19:05:20]   fit: 18400 cells, 3000 HVG, PCA var 0.310, state=kde
[19:05:45]   dispersion: 12260 genes zero-matched, median phi (mean>0.05) 0.03793930254371829
[19:05:47]   C 1/300 nnz/cell 5867 (54s)
[19:07:39]   C 51/300 nnz/cell 5809 (166s)
[19:09:26]   C 101/300 nnz/cell 5821 (272s)
[19:11:12]   C 151/300 nnz/cell 5829 (379s)
[19:12:59]   C 201/300 nnz/cell 6029 (486s)
[19:14:45]   C 251/300 nnz/cell 5939 (592s)
[19:16:31] C: done in 698s, nnz/cell 5896 (controls 5881)
[19:16:33] wrote /content/work/t03/gen/prediction.h5ad (360000 cells, 2085498621 values) in 2110s
19:16:34 generation done, packaging
input      : /content/work/t03/gen/prediction.h5ad
hashing input (streamed) ...
  sha256   : 4b0b3f44c6ab43a78188162c74e4c7682823e00d657b5aaaddb8d9cd4208800a  (30s)
layout     : 360,000 x 18,533, 2,085,498,621 stored entries
             data float32/gzip, indices int32, indptr int32
resources  : RAM 12.67 GiB total, 11.50 GiB available; disk 63.69 GiB free
             official vcc prep would peak at ~22.2 GiB; this stage streams instead
             estimated transient disk 9.04 GiB

validating and packaging (streamed) ...
  PASS  var_names_unique
  PASS  gene_order_matches_list
  PASS  gene_dim_matches_expected
  PASS  has_cells
  PASS  cell_dim_within_cap
  PASS  pert_column_present
  PASS  no_control_rows
  PASS  contexts_complete
  PASS  targets_match_official_list
  PASS  density_within_cap
  PASS  column_indices_in_range
  PASS  counts_finite
  PASS  counts_non_negative
  PASS  counts_are_whole_numbers
  PASS  max_counts_per_cell_within_cap
  PASS  no_all_zero_perturbation
  PASS  csr:indptr_length_is_n_obs_plus_1
  PASS  csr:indptr_starts_at_zero
  PASS  csr:indptr_non_negative
  PASS  csr:indptr_monotonic
  PASS  csr:indptr_end_matches_data_length
  PASS  csr:data_and_indices_same_length
  PASS  csr:nnz_representable_in_indptr_dtype
  PASS  csr:n_vars_representable_in_indices_dtype

wrote prediction.vcc: 3.88 GiB (897s total)
  meta       : {"schema": 1, "nnz": 2085498621, "n_obs": 360000, "n_vars": 18533, "cli_version": "0.2.0"}
  peak RSS   : 0.68 GiB
  peak disk  : 7.81 GiB

verifying the archive ...
  PASS  official container validator (vccfile.validate_vcc)
  meta read back: {"cli_version": "0.2.0", "n_obs": 360000, "n_vars": 18533, "nnz": 2085498621, "schema": 1}
  PASS  payload X arrays are bit-identical to the input; gene axis and labels match (257s)
        obs index rewritten by prep's rule: True
  archive sha256: 9b97dcf90c4b1668dc6120e60fb26a89b5b8f3c40d4366bb36696d88cd77f378

total 1214s, peak RSS 0.68 GiB
-> /content/work/t03/pack/packaging.json
9b97dcf90c4b1668dc6120e60fb26a89b5b8f3c40d4366bb36696d88cd77f378  /content/drive/MyDrive/vcc2026/runs/trials_2026-09-17/t03/prediction.vcc
job end 2026-09-17T19:38:19Z
