[{"stream_name":"stdout","time":2.935560549,"data":"{\"cpus\": 4, \"ram_available\": 32647077888, \"disk_free\": 20940443648}\n"}
,{"stream_name":"stdout","time":67.264853074,"data":"{\"unit\": \"D4_Stim8hr\", \"shard\": 1, \"of\": 137, \"seconds\": 64}\n"}
,{"stream_name":"stdout","time":83.607156996,"data":"{\"unit\": \"D4_Stim8hr\", \"shard\": 2, \"of\": 137, \"seconds\": 81}\n"}
,{"stream_name":"stdout","time":98.516436267,"data":"{\"unit\": \"D4_Stim8hr\", \"shard\": 3, \"of\": 137, \"seconds\": 96}\n"}
,{"stream_name":"stdout","time":113.006837156,"data":"{\"unit\": \"D4_Stim8hr\", \"shard\": 4, \"of\": 137, \"seconds\": 110}\n"}
,{"stream_name":"stdout","time":126.876103083,"data":"{\"unit\": \"D4_Stim8hr\", \"shard\": 5, \"of\": 137, \"seconds\": 124}\n"}
,{"stream_name":"stdout","time":141.328959894,"data":"{\"unit\": \"D4_Stim8hr\", \"shard\": 6, \"of\": 137, \"seconds\": 138}\n"}
,{"stream_name":"stdout","time":155.986198597,"data":"{\"unit\": \"D4_Stim8hr\", \"shard\": 7, \"of\": 137, \"seconds\": 153}\n"}
,{"stream_name":"stdout","time":173.039860676,"data":"{\"unit\": \"D4_Stim8hr\", \"shard\": 8, \"of\": 137, \"seconds\": 170}\n"}
,{"stream_name":"stdout","time":190.320546884,"data":"{\"unit\": \"D4_Stim8hr\", \"shard\": 9, \"of\": 137, \"seconds\": 187}\n"}
,{"stream_name":"stdout","time":205.226014803,"data":"{\"unit\": \"D4_Stim8hr\", \"shard\": 10, \"of\": 137, \"seconds\": 202}\n"}
,{"stream_name":"stdout","time":219.751372168,"data":"{\"unit\": \"D4_Stim8hr\", \"shard\": 11, \"of\": 137, \"seconds\": 217}\n"}
,{"stream_name":"stdout","time":236.461135319,"data":"{\"unit\": \"D4_Stim8hr\", \"shard\": 12, \"of\": 137, \"seconds\": 234}\n"}
,{"stream_name":"stdout","time":252.704618707,"data":"{\"unit\": \"D4_Stim8hr\", \"shard\": 13, \"of\": 137, \"seconds\": 250}\n"}
,{"stream_name":"stdout","time":269.765131953,"data":"{\"unit\": \"D4_Stim8hr\", \"shard\": 14, \"of\": 137, \"seconds\": 267}\n"}
,{"stream_name":"stdout","time":284.934208587,"data":"{\"unit\": \"D4_Stim8hr\", \"shard\": 15, \"of\": 137, \"seconds\": 282}\n"}
,{"stream_name":"stdout","time":299.993808292,"data":"{\"unit\": \"D4_Stim8hr\", \"shard\": 16, \"of\": 137, \"seconds\": 297}\n"}
,{"stream_name":"stdout","time":315.346246076,"data":"{\"unit\": \"D4_Stim8hr\", \"shard\": 17, \"of\": 137, \"seconds\": 312}\n"}
,{"stream_name":"stdout","time":329.846668626,"data":"{\"unit\": \"D4_Stim8hr\", \"shard\": 18, \"of\": 137, \"seconds\": 327}\n"}
,{"stream_name":"stdout","time":344.303013566,"data":"{\"unit\": \"D4_Stim8hr\", \"shard\": 19, \"of\": 137, \"seconds\": 341}\n"}
,{"stream_name":"stdout","time":358.956287078,"data":"{\"unit\": \"D4_Stim8hr\", \"shard\": 20, \"of\": 137, \"seconds\": 356}\n"}
,{"stream_name":"stdout","time":373.59834644,"data":"{\"unit\": \"D4_Stim8hr\", \"shard\": 21, \"of\": 137, \"seconds\": 371}\n"}
,{"stream_name":"stdout","time":387.887939418,"data":"{\"unit\": \"D4_Stim8hr\", \"shard\": 22, \"of\": 137, \"seconds\": 385}\n"}
,{"stream_name":"stdout","time":402.897556744,"data":"{\"unit\": \"D4_Stim8hr\", \"shard\": 23, \"of\": 137, \"seconds\": 400}\n"}
,{"stream_name":"stdout","time":417.004502341,"data":"{\"unit\": \"D4_Stim8hr\", \"shard\": 24, \"of\": 137, \"seconds\": 414}\n"}
,{"stream_name":"stdout","time":432.022041313,"data":"{\"unit\": \"D4_Stim8hr\", \"shard\": 25, \"of\": 137, \"seconds\": 429}\n"}
,{"stream_name":"stdout","time":446.924432541,"data":"{\"unit\": \"D4_Stim8hr\", \"shard\": 26, \"of\": 137, \"seconds\": 444}\n"}
,{"stream_name":"stdout","time":461.249128859,"data":"{\"unit\": \"D4_Stim8hr\", \"shard\": 27, \"of\": 137, \"seconds\": 458}\n"}
,{"stream_name":"stdout","time":475.302869947,"data":"{\"unit\": \"D4_Stim8hr\", \"shard\": 28, \"of\": 137, \"seconds\": 472}\n"}
,{"stream_name":"stdout","time":488.89281801,"data":"{\"unit\": \"D4_Stim8hr\", \"shard\": 29, \"of\": 137, \"seconds\": 486}\n"}
,{"stream_name":"stdout","time":503.071600051,"data":"{\"unit\": \"D4_Stim8hr\", \"shard\": 30, \"of\": 137, \"seconds\": 500}\n"}
,{"stream_name":"stdout","time":517.888086853,"data":"{\"unit\": \"D4_Stim8hr\", \"shard\": 31, \"of\": 137, \"seconds\": 515}\n"}
,{"stream_name":"stdout","time":532.651696221,"data":"{\"unit\": \"D4_Stim8hr\", \"shard\": 32, \"of\": 137, \"seconds\": 530}\n"}
,{"stream_name":"stdout","time":547.833175698,"data":"{\"unit\": \"D4_Stim8hr\", \"shard\": 33, \"of\": 137, \"seconds\": 545}\n"}
,{"stream_name":"stdout","time":562.730236653,"data":"{\"unit\": \"D4_Stim8hr\", \"shard\": 34, \"of\": 137, \"seconds\": 560}\n"}
,{"stream_name":"stdout","time":578.416969089,"data":"{\"unit\": \"D4_Stim8hr\", \"shard\": 35, \"of\": 137, \"seconds\": 575}\n"}
,{"stream_name":"stdout","time":592.912542194,"data":"{\"unit\": \"D4_Stim8hr\", \"shard\": 36, \"of\": 137, \"seconds\": 590}\n"}
,{"stream_name":"stdout","time":607.379397773,"data":"{\"unit\": \"D4_Stim8hr\", \"shard\": 37, \"of\": 137, \"seconds\": 604}\n"}
,{"stream_name":"stdout","time":621.645230417,"data":"{\"unit\": \"D4_Stim8hr\", \"shard\": 38, \"of\": 137, \"seconds\": 619}\n"}
,{"stream_name":"stdout","time":635.633885201,"data":"{\"unit\": \"D4_Stim8hr\", \"shard\": 39, \"of\": 137, \"seconds\": 633}\n"}
,{"stream_name":"stdout","time":649.928005765,"data":"{\"unit\": \"D4_Stim8hr\", \"shard\": 40, \"of\": 137, \"seconds\": 647}\n"}
,{"stream_name":"stdout","time":665.798698337,"data":"{\"unit\": \"D4_Stim8hr\", \"shard\": 41, \"of\": 137, \"seconds\": 663}\n"}
,{"stream_name":"stdout","time":680.53162289,"data":"{\"unit\": \"D4_Stim8hr\", \"shard\": 42, \"of\": 137, \"seconds\": 678}\n"}
,{"stream_name":"stdout","time":696.748527561,"data":"{\"unit\": \"D4_Stim8hr\", \"shard\": 43, \"of\": 137, \"seconds\": 694}\n"}
,{"stream_name":"stdout","time":711.402824814,"data":"{\"unit\": \"D4_Stim8hr\", \"shard\": 44, \"of\": 137, \"seconds\": 708}\n"}
,{"stream_name":"stdout","time":725.395244483,"data":"{\"unit\": \"D4_Stim8hr\", \"shard\": 45, \"of\": 137, \"seconds\": 722}\n"}
,{"stream_name":"stdout","time":739.866898725,"data":"{\"unit\": \"D4_Stim8hr\", \"shard\": 46, \"of\": 137, \"seconds\": 737}\n"}
,{"stream_name":"stdout","time":754.751577409,"data":"{\"unit\": \"D4_Stim8hr\", \"shard\": 47, \"of\": 137, \"seconds\": 752}\n"}
,{"stream_name":"stdout","time":769.577152453,"data":"{\"unit\": \"D4_Stim8hr\", \"shard\": 48, \"of\": 137, \"seconds\": 767}\n"}
,{"stream_name":"stdout","time":786.787946236,"data":"{\"unit\": \"D4_Stim8hr\", \"shard\": 49, \"of\": 137, \"seconds\": 784}\n"}
,{"stream_name":"stdout","time":801.635282044,"data":"{\"unit\": \"D4_Stim8hr\", \"shard\": 50, \"of\": 137, \"seconds\": 799}\n"}
,{"stream_name":"stdout","time":816.106808511,"data":"{\"unit\": \"D4_Stim8hr\", \"shard\": 51, \"of\": 137, \"seconds\": 813}\n"}
,{"stream_name":"stdout","time":830.670009215,"data":"{\"unit\": \"D4_Stim8hr\", \"shard\": 52, \"of\": 137, \"seconds\": 828}\n"}
,{"stream_name":"stdout","time":845.446122707,"data":"{\"unit\": \"D4_Stim8hr\", \"shard\": 53, \"of\": 137, \"seconds\": 843}\n"}
,{"stream_name":"stdout","time":861.816204764,"data":"{\"unit\": \"D4_Stim8hr\", \"shard\": 54, \"of\": 137, \"seconds\": 859}\n"}
,{"stream_name":"stdout","time":878.41780565,"data":"{\"unit\": \"D4_Stim8hr\", \"shard\": 55, \"of\": 137, \"seconds\": 875}\n"}
,{"stream_name":"stdout","time":894.009336309,"data":"{\"unit\": \"D4_Stim8hr\", \"shard\": 56, \"of\": 137, \"seconds\": 891}\n"}
,{"stream_name":"stdout","time":909.033784938,"data":"{\"unit\": \"D4_Stim8hr\", \"shard\": 57, \"of\": 137, \"seconds\": 906}\n"}
,{"stream_name":"stdout","time":923.337466051,"data":"{\"unit\": \"D4_Stim8hr\", \"shard\": 58, \"of\": 137, \"seconds\": 920}\n"}
,{"stream_name":"stdout","time":937.384815624,"data":"{\"unit\": \"D4_Stim8hr\", \"shard\": 59, \"of\": 137, \"seconds\": 934}\n"}
,{"stream_name":"stdout","time":952.738303821,"data":"{\"unit\": \"D4_Stim8hr\", \"shard\": 60, \"of\": 137, \"seconds\": 950}\n"}
,{"stream_name":"stdout","time":966.688226949,"data":"{\"unit\": \"D4_Stim8hr\", \"shard\": 61, \"of\": 137, \"seconds\": 964}\n"}
,{"stream_name":"stdout","time":981.50755249,"data":"{\"unit\": \"D4_Stim8hr\", \"shard\": 62, \"of\": 137, \"seconds\": 979}\n"}
,{"stream_name":"stdout","time":996.876401912,"data":"{\"unit\": \"D4_Stim8hr\", \"shard\": 63, \"of\": 137, \"seconds\": 994}\n"}
,{"stream_name":"stdout","time":1011.955245822,"data":"{\"unit\": \"D4_Stim8hr\", \"shard\": 64, \"of\": 137, \"seconds\": 1009}\n"}
,{"stream_name":"stdout","time":1027.183219478,"data":"{\"unit\": \"D4_Stim8hr\", \"shard\": 65, \"of\": 137, \"seconds\": 1024}\n"}
,{"stream_name":"stdout","time":1042.485422908,"data":"{\"unit\": \"D4_Stim8hr\", \"shard\": 66, \"of\": 137, \"seconds\": 1040}\n"}
,{"stream_name":"stdout","time":1057.736361569,"data":"{\"unit\": \"D4_Stim8hr\", \"shard\": 67, \"of\": 137, \"seconds\": 1055}\n"}
,{"stream_name":"stdout","time":1072.790383656,"data":"{\"unit\": \"D4_Stim8hr\", \"shard\": 68, \"of\": 137, \"seconds\": 1070}\n"}
,{"stream_name":"stdout","time":1087.904228459,"data":"{\"unit\": \"D4_Stim8hr\", \"shard\": 69, \"of\": 137, \"seconds\": 1085}\n"}
,{"stream_name":"stdout","time":1104.154723684,"data":"{\"unit\": \"D4_Stim8hr\", \"shard\": 70, \"of\": 137, \"seconds\": 1101}\n"}
,{"stream_name":"stdout","time":1122.087611119,"data":"{\"unit\": \"D4_Stim8hr\", \"shard\": 71, \"of\": 137, \"seconds\": 1119}\n"}
,{"stream_name":"stdout","time":1138.987371073,"data":"{\"unit\": \"D4_Stim8hr\", \"shard\": 72, \"of\": 137, \"seconds\": 1136}\n"}
,{"stream_name":"stdout","time":1154.028913971,"data":"{\"unit\": \"D4_Stim8hr\", \"shard\": 73, \"of\": 137, \"seconds\": 1151}\n"}
,{"stream_name":"stdout","time":1169.135717314,"data":"{\"unit\": \"D4_Stim8hr\", \"shard\": 74, \"of\": 137, \"seconds\": 1166}\n"}
,{"stream_name":"stdout","time":1184.035545032,"data":"{\"unit\": \"D4_Stim8hr\", \"shard\": 75, \"of\": 137, \"seconds\": 1181}\n"}
,{"stream_name":"stdout","time":1198.867274988,"data":"{\"unit\": \"D4_Stim8hr\", \"shard\": 76, \"of\": 137, \"seconds\": 1196}\n"}
,{"stream_name":"stdout","time":1213.826029829,"data":"{\"unit\": \"D4_Stim8hr\", \"shard\": 77, \"of\": 137, \"seconds\": 1211}\n"}
,{"stream_name":"stdout","time":1228.315877269,"data":"{\"unit\": \"D4_Stim8hr\", \"shard\": 78, \"of\": 137, \"seconds\": 1225}\n"}
,{"stream_name":"stdout","time":1242.828613381,"data":"{\"unit\": \"D4_Stim8hr\", \"shard\": 79, \"of\": 137, \"seconds\": 1240}\n"}
,{"stream_name":"stdout","time":1258.220080775,"data":"{\"unit\": \"D4_Stim8hr\", \"shard\": 80, \"of\": 137, \"seconds\": 1255}\n"}
,{"stream_name":"stdout","time":1274.201034338,"data":"{\"unit\": \"D4_Stim8hr\", \"shard\": 81, \"of\": 137, \"seconds\": 1271}\n"}
,{"stream_name":"stdout","time":1289.92946834,"data":"{\"unit\": \"D4_Stim8hr\", \"shard\": 82, \"of\": 137, \"seconds\": 1287}\n"}
,{"stream_name":"stdout","time":1305.907819174,"data":"{\"unit\": \"D4_Stim8hr\", \"shard\": 83, \"of\": 137, \"seconds\": 1303}\n"}
,{"stream_name":"stdout","time":1321.190212237,"data":"{\"unit\": \"D4_Stim8hr\", \"shard\": 84, \"of\": 137, \"seconds\": 1318}\n"}
,{"stream_name":"stdout","time":1336.62146538,"data":"{\"unit\": \"D4_Stim8hr\", \"shard\": 85, \"of\": 137, \"seconds\": 1334}\n"}
,{"stream_name":"stdout","time":1352.205491143,"data":"{\"unit\": \"D4_Stim8hr\", \"shard\": 86, \"of\": 137, \"seconds\": 1349}\n"}
,{"stream_name":"stdout","time":1367.71000277,"data":"{\"unit\": \"D4_Stim8hr\", \"shard\": 87, \"of\": 137, \"seconds\": 1365}\n"}
,{"stream_name":"stdout","time":1382.979613085,"data":"{\"unit\": \"D4_Stim8hr\", \"shard\": 88, \"of\": 137, \"seconds\": 1380}\n"}
,{"stream_name":"stdout","time":1398.110521918,"data":"{\"unit\": \"D4_Stim8hr\", \"shard\": 89, \"of\": 137, \"seconds\": 1395}\n"}
,{"stream_name":"stdout","time":1412.930829922,"data":"{\"unit\": \"D4_Stim8hr\", \"shard\": 90, \"of\": 137, \"seconds\": 1410}\n"}
,{"stream_name":"stdout","time":1428.687710563,"data":"{\"unit\": \"D4_Stim8hr\", \"shard\": 91, \"of\": 137, \"seconds\": 1426}\n"}
,{"stream_name":"stdout","time":1443.115265384,"data":"{\"unit\": \"D4_Stim8hr\", \"shard\": 92, \"of\": 137, \"seconds\": 1440}\n"}
,{"stream_name":"stdout","time":1457.862913413,"data":"{\"unit\": \"D4_Stim8hr\", \"shard\": 93, \"of\": 137, \"seconds\": 1455}\n"}
,{"stream_name":"stdout","time":1472.727500205,"data":"{\"unit\": \"D4_Stim8hr\", \"shard\": 94, \"of\": 137, \"seconds\": 1470}\n"}
,{"stream_name":"stdout","time":1487.581542237,"data":"{\"unit\": \"D4_Stim8hr\", \"shard\": 95, \"of\": 137, \"seconds\": 1485}\n"}
,{"stream_name":"stdout","time":1501.942381292,"data":"{\"unit\": \"D4_Stim8hr\", \"shard\": 96, \"of\": 137, \"seconds\": 1499}\n"}
,{"stream_name":"stdout","time":1516.654352114,"data":"{\"unit\": \"D4_Stim8hr\", \"shard\": 97, \"of\": 137, \"seconds\": 1514}\n"}
,{"stream_name":"stdout","time":1531.383810015,"data":"{\"unit\": \"D4_Stim8hr\", \"shard\": 98, \"of\": 137, \"seconds\": 1528}\n"}
,{"stream_name":"stdout","time":1546.607883862,"data":"{\"unit\": \"D4_Stim8hr\", \"shard\": 99, \"of\": 137, \"seconds\": 1544}\n"}
,{"stream_name":"stdout","time":1563.777703987,"data":"{\"unit\": \"D4_Stim8hr\", \"shard\": 100, \"of\": 137, \"seconds\": 1561}\n"}
,{"stream_name":"stdout","time":1578.865353825,"data":"{\"unit\": \"D4_Stim8hr\", \"shard\": 101, \"of\": 137, \"seconds\": 1576}\n"}
,{"stream_name":"stdout","time":1594.204484411,"data":"{\"unit\": \"D4_Stim8hr\", \"shard\": 102, \"of\": 137, \"seconds\": 1591}\n"}
,{"stream_name":"stdout","time":1608.690403677,"data":"{\"unit\": \"D4_Stim8hr\", \"shard\": 103, \"of\": 137, \"seconds\": 1606}\n"}
,{"stream_name":"stdout","time":1623.376230158,"data":"{\"unit\": \"D4_Stim8hr\", \"shard\": 104, \"of\": 137, \"seconds\": 1620}\n"}
,{"stream_name":"stdout","time":1637.86934612,"data":"{\"unit\": \"D4_Stim8hr\", \"shard\": 105, \"of\": 137, \"seconds\": 1635}\n"}
,{"stream_name":"stdout","time":1651.72991281,"data":"{\"unit\": \"D4_Stim8hr\", \"shard\": 106, \"of\": 137, \"seconds\": 1649}\n"}
,{"stream_name":"stdout","time":1666.09185966,"data":"{\"unit\": \"D4_Stim8hr\", \"shard\": 107, \"of\": 137, \"seconds\": 1663}\n"}
,{"stream_name":"stdout","time":1680.192916541,"data":"{\"unit\": \"D4_Stim8hr\", \"shard\": 108, \"of\": 137, \"seconds\": 1677}\n"}
,{"stream_name":"stdout","time":1695.648634283,"data":"{\"unit\": \"D4_Stim8hr\", \"shard\": 109, \"of\": 137, \"seconds\": 1693}\n"}
,{"stream_name":"stdout","time":1711.771497512,"data":"{\"unit\": \"D4_Stim8hr\", \"shard\": 110, \"of\": 137, \"seconds\": 1709}\n"}
,{"stream_name":"stdout","time":1728.959501125,"data":"{\"unit\": \"D4_Stim8hr\", \"shard\": 111, \"of\": 137, \"seconds\": 1726}\n"}
,{"stream_name":"stdout","time":1748.487329861,"data":"{\"unit\": \"D4_Stim8hr\", \"shard\": 112, \"of\": 137, \"seconds\": 1746}\n"}
,{"stream_name":"stdout","time":1764.48841452,"data":"{\"unit\": \"D4_Stim8hr\", \"shard\": 113, \"of\": 137, \"seconds\": 1762}\n"}
,{"stream_name":"stdout","time":1779.731851799,"data":"{\"unit\": \"D4_Stim8hr\", \"shard\": 114, \"of\": 137, \"seconds\": 1777}\n"}
,{"stream_name":"stdout","time":1795.694452381,"data":"{\"unit\": \"D4_Stim8hr\", \"shard\": 115, \"of\": 137, \"seconds\": 1793}\n"}
,{"stream_name":"stdout","time":1810.746111046,"data":"{\"unit\": \"D4_Stim8hr\", \"shard\": 116, \"of\": 137, \"seconds\": 1808}\n"}
,{"stream_name":"stdout","time":1825.865524502,"data":"{\"unit\": \"D4_Stim8hr\", \"shard\": 117, \"of\": 137, \"seconds\": 1823}\n"}
,{"stream_name":"stdout","time":1840.642281602,"data":"{\"unit\": \"D4_Stim8hr\", \"shard\": 118, \"of\": 137, \"seconds\": 1838}\n"}
,{"stream_name":"stdout","time":1855.682991014,"data":"{\"unit\": \"D4_Stim8hr\", \"shard\": 119, \"of\": 137, \"seconds\": 1853}\n"}
,{"stream_name":"stdout","time":1871.102179416,"data":"{\"unit\": \"D4_Stim8hr\", \"shard\": 120, \"of\": 137, \"seconds\": 1868}\n"}
,{"stream_name":"stdout","time":1886.450099775,"data":"{\"unit\": \"D4_Stim8hr\", \"shard\": 121, \"of\": 137, \"seconds\": 1884}\n"}
,{"stream_name":"stdout","time":1901.612854557,"data":"{\"unit\": \"D4_Stim8hr\", \"shard\": 122, \"of\": 137, \"seconds\": 1899}\n"}
,{"stream_name":"stdout","time":1916.857443682,"data":"{\"unit\": \"D4_Stim8hr\", \"shard\": 123, \"of\": 137, \"seconds\": 1914}\n"}
,{"stream_name":"stdout","time":1931.745953176,"data":"{\"unit\": \"D4_Stim8hr\", \"shard\": 124, \"of\": 137, \"seconds\": 1929}\n"}
,{"stream_name":"stdout","time":1946.471169531,"data":"{\"unit\": \"D4_Stim8hr\", \"shard\": 125, \"of\": 137, \"seconds\": 1944}\n"}
,{"stream_name":"stdout","time":1960.818715484,"data":"{\"unit\": \"D4_Stim8hr\", \"shard\": 126, \"of\": 137, \"seconds\": 1958}\n"}
,{"stream_name":"stdout","time":1975.533282319,"data":"{\"unit\": \"D4_Stim8hr\", \"shard\": 127, \"of\": 137, \"seconds\": 1973}\n"}
,{"stream_name":"stdout","time":1990.17316459,"data":"{\"unit\": \"D4_Stim8hr\", \"shard\": 128, \"of\": 137, \"seconds\": 1987}\n"}
,{"stream_name":"stdout","time":2004.894193176,"data":"{\"unit\": \"D4_Stim8hr\", \"shard\": 129, \"of\": 137, \"seconds\": 2002}\n"}
,{"stream_name":"stdout","time":2018.943300362,"data":"{\"unit\": \"D4_Stim8hr\", \"shard\": 130, \"of\": 137, \"seconds\": 2016}\n"}
,{"stream_name":"stdout","time":2033.129486546,"data":"{\"unit\": \"D4_Stim8hr\", \"shard\": 131, \"of\": 137, \"seconds\": 2030}\n"}
,{"stream_name":"stdout","time":2047.491157809,"data":"{\"unit\": \"D4_Stim8hr\", \"shard\": 132, \"of\": 137, \"seconds\": 2045}\n"}
,{"stream_name":"stdout","time":2062.137574059,"data":"{\"unit\": \"D4_Stim8hr\", \"shard\": 133, \"of\": 137, \"seconds\": 2059}\n"}
,{"stream_name":"stdout","time":2076.843385797,"data":"{\"unit\": \"D4_Stim8hr\", \"shard\": 134, \"of\": 137, \"seconds\": 2074}\n"}
,{"stream_name":"stdout","time":2091.333453044,"data":"{\"unit\": \"D4_Stim8hr\", \"shard\": 135, \"of\": 137, \"seconds\": 2088}\n"}
,{"stream_name":"stdout","time":2105.689114241,"data":"{\"unit\": \"D4_Stim8hr\", \"shard\": 136, \"of\": 137, \"seconds\": 2103}\n"}
,{"stream_name":"stdout","time":2111.047933645,"data":"{\"unit\": \"D4_Stim8hr\", \"shard\": 137, \"of\": 137, \"seconds\": 2108}\n"}
,{"stream_name":"stdout","time":3367.196022187,"data":"{\"unit\": \"D4_Stim8hr\", \"complete\": true, \"cells_used\": 1755121, \"seconds\": 3362}\n"}
,{"stream_name":"stderr","time":3372.471498938,"data":"/usr/local/lib/python3.13/dist-packages/mistune.py:435: SyntaxWarning: invalid escape sequence '\\|'\n"}
,{"stream_name":"stderr","time":3372.471539218,"data":"  cells[i][c] = re.sub('\\\\\\\\\\|', '|', cell)\n"}
,{"stream_name":"stderr","time":3373.022641574,"data":"/usr/local/lib/python3.13/dist-packages/nbconvert/filters/filter_links.py:36: SyntaxWarning: invalid escape sequence '\\_'\n"}
,{"stream_name":"stderr","time":3373.022684084,"data":"  text = re.sub(r'_', '\\_', text) # Escape underscores in display text\n"}
,{"stream_name":"stderr","time":3375.549880084,"data":"[NbConvertApp] Converting notebook __script__.ipynb to html\n"}
,{"stream_name":"stderr","time":3377.110698246,"data":"[NbConvertApp] Writing 302896 bytes to __results__.html\n"}
]