[{"stream_name":"stdout","time":6.349831994,"data":"Collecting anndata==0.13.3.post0\n"}
,{"stream_name":"stdout","time":6.399570309,"data":"  Downloading anndata-0.13.3.post0-py3-none-any.whl.metadata (7.2 kB)\n"}
,{"stream_name":"stdout","time":6.428567808,"data":"Requirement already satisfied: zstandard==0.25.0 in /usr/local/lib/python3.13/dist-packages (0.25.0)\n"}
,{"stream_name":"stdout","time":6.489488738,"data":"Collecting array-api-compat\u003e=1.7.1 (from anndata==0.13.3.post0)\n"}
,{"stream_name":"stdout","time":6.5026771100000005,"data":"  Downloading array_api_compat-1.15.0-py3-none-any.whl.metadata (1.4 kB)\n"}
,{"stream_name":"stdout","time":6.537158219,"data":"Requirement already satisfied: h5py\u003e=3.11 in /usr/local/lib/python3.13/dist-packages (from anndata==0.13.3.post0) (3.16.0)\n"}
,{"stream_name":"stdout","time":6.590057844,"data":"Collecting legacy-api-wrap (from anndata==0.13.3.post0)\n"}
,{"stream_name":"stdout","time":6.60282303,"data":"  Downloading legacy_api_wrap-1.5-py3-none-any.whl.metadata (2.2 kB)\n"}
,{"stream_name":"stdout","time":6.634942817,"data":"Requirement already satisfied: natsort in /usr/local/lib/python3.13/dist-packages (from anndata==0.13.3.post0) (8.4.0)\n"}
,{"stream_name":"stdout","time":6.6433878360000005,"data":"Requirement already satisfied: numpy\u003e=2.1 in /usr/local/lib/python3.13/dist-packages (from anndata==0.13.3.post0) (2.1.3)\n"}
,{"stream_name":"stdout","time":6.644847208,"data":"Requirement already satisfied: packaging\u003e=24.2 in /usr/local/lib/python3.13/dist-packages (from anndata==0.13.3.post0) (26.3)\n"}
,{"stream_name":"stdout","time":6.655852843,"data":"Requirement already satisfied: pandas\u003e=2.3 in /usr/local/lib/python3.13/dist-packages (from anndata==0.13.3.post0) (2.3.3)\n"}
,{"stream_name":"stdout","time":6.664472527,"data":"Requirement already satisfied: scipy!=1.17.0,\u003e=1.14 in /usr/local/lib/python3.13/dist-packages (from anndata==0.13.3.post0) (1.16.3)\n"}
,{"stream_name":"stdout","time":6.732844756,"data":"Collecting scverse-misc\u003e=0.1.0 (from scverse-misc[settings]\u003e=0.1.0-\u003eanndata==0.13.3.post0)\n"}
,{"stream_name":"stdout","time":6.746905145,"data":"  Downloading scverse_misc-0.1.6-py3-none-any.whl.metadata (4.9 kB)\n"}
,{"stream_name":"stdout","time":6.775059419,"data":"Requirement already satisfied: typing-extensions\u003e=4.16 in /usr/local/lib/python3.13/dist-packages (from anndata==0.13.3.post0) (4.16.0)\n"}
,{"stream_name":"stdout","time":6.874891417,"data":"Collecting zarr\u003e=3.1 (from anndata==0.13.3.post0)\n"}
,{"stream_name":"stdout","time":6.8883525389999996,"data":"  Downloading zarr-3.4.1-py3-none-any.whl.metadata (5.8 kB)\n"}
,{"stream_name":"stdout","time":6.949910154,"data":"Requirement already satisfied: python-dateutil\u003e=2.8.2 in /usr/local/lib/python3.13/dist-packages (from pandas\u003e=2.3-\u003eanndata==0.13.3.post0) (2.9.0.post0)\n"}
,{"stream_name":"stdout","time":6.952286323,"data":"Requirement already satisfied: pytz\u003e=2020.1 in /usr/local/lib/python3.13/dist-packages (from pandas\u003e=2.3-\u003eanndata==0.13.3.post0) (2025.2)\n"}
,{"stream_name":"stdout","time":6.953570012,"data":"Requirement already satisfied: tzdata\u003e=2022.7 in /usr/local/lib/python3.13/dist-packages (from pandas\u003e=2.3-\u003eanndata==0.13.3.post0) (2026.3)\n"}
,{"stream_name":"stdout","time":7.028752671,"data":"Collecting session-info2 (from scverse-misc\u003e=0.1.0-\u003escverse-misc[settings]\u003e=0.1.0-\u003eanndata==0.13.3.post0)\n"}
,{"stream_name":"stdout","time":7.043311517,"data":"  Downloading session_info2-0.4.2-py3-none-any.whl.metadata (2.4 kB)\n"}
,{"stream_name":"stdout","time":7.148713496,"data":"Collecting pydantic-settings (from scverse-misc[settings]\u003e=0.1.0-\u003eanndata==0.13.3.post0)\n"}
,{"stream_name":"stdout","time":7.163188526,"data":"  Downloading pydantic_settings-2.15.0-py3-none-any.whl.metadata (3.9 kB)\n"}
,{"stream_name":"stdout","time":7.195143919,"data":"Requirement already satisfied: python-dotenv in /usr/local/lib/python3.13/dist-packages (from scverse-misc[settings]\u003e=0.1.0-\u003eanndata==0.13.3.post0) (1.2.3)\n"}
,{"stream_name":"stdout","time":7.253871841,"data":"Collecting donfig\u003e=0.8 (from zarr\u003e=3.1-\u003eanndata==0.13.3.post0)\n"}
,{"stream_name":"stdout","time":7.26593561,"data":"  Downloading donfig-0.8.1.post1-py3-none-any.whl.metadata (5.0 kB)\n"}
,{"stream_name":"stdout","time":7.299316682,"data":"Requirement already satisfied: google-crc32c\u003e=1.5 in /usr/local/lib/python3.13/dist-packages (from zarr\u003e=3.1-\u003eanndata==0.13.3.post0) (1.8.0)\n"}
,{"stream_name":"stdout","time":7.512663616,"data":"Collecting msgspec\u003e=0.19 (from zarr\u003e=3.1-\u003eanndata==0.13.3.post0)\n"}
,{"stream_name":"stdout","time":7.52561572,"data":"  Downloading msgspec-0.22.0-cp313-cp313-manylinux2014_x86_64.manylinux_2_17_x86_64.manylinux_2_28_x86_64.whl.metadata (6.0 kB)\n"}
,{"stream_name":"stdout","time":7.699769309,"data":"Collecting numcodecs\u003e=0.16 (from zarr\u003e=3.1-\u003eanndata==0.13.3.post0)\n"}
,{"stream_name":"stdout","time":7.716519712,"data":"  Downloading numcodecs-0.17.0-cp313-cp313-manylinux2014_x86_64.manylinux_2_17_x86_64.manylinux_2_28_x86_64.whl.metadata (3.2 kB)\n"}
,{"stream_name":"stdout","time":7.754643822,"data":"Requirement already satisfied: pyyaml in /usr/local/lib/python3.13/dist-packages (from donfig\u003e=0.8-\u003ezarr\u003e=3.1-\u003eanndata==0.13.3.post0) (6.0.3)\n"}
,{"stream_name":"stdout","time":7.766683622,"data":"Requirement already satisfied: six\u003e=1.5 in /usr/local/lib/python3.13/dist-packages (from python-dateutil\u003e=2.8.2-\u003epandas\u003e=2.3-\u003eanndata==0.13.3.post0) (1.17.0)\n"}
,{"stream_name":"stdout","time":7.776428979,"data":"Requirement already satisfied: pydantic\u003e=2.7.0 in /usr/local/lib/python3.13/dist-packages (from pydantic-settings-\u003escverse-misc[settings]\u003e=0.1.0-\u003eanndata==0.13.3.post0) (2.13.5)\n"}
,{"stream_name":"stdout","time":7.7789776790000005,"data":"Requirement already satisfied: typing-inspection\u003e=0.4.0 in /usr/local/lib/python3.13/dist-packages (from pydantic-settings-\u003escverse-misc[settings]\u003e=0.1.0-\u003eanndata==0.13.3.post0) (0.4.4)\n"}
,{"stream_name":"stdout","time":7.787597399,"data":"Requirement already satisfied: annotated-types\u003e=0.6.0 in /usr/local/lib/python3.13/dist-packages (from pydantic\u003e=2.7.0-\u003epydantic-settings-\u003escverse-misc[settings]\u003e=0.1.0-\u003eanndata==0.13.3.post0) (0.8.0)\n"}
,{"stream_name":"stdout","time":7.789112856,"data":"Requirement already satisfied: pydantic-core==2.46.5 in /usr/local/lib/python3.13/dist-packages (from pydantic\u003e=2.7.0-\u003epydantic-settings-\u003escverse-misc[settings]\u003e=0.1.0-\u003eanndata==0.13.3.post0) (2.46.5)\n"}
,{"stream_name":"stdout","time":7.815177998,"data":"Downloading anndata-0.13.3.post0-py3-none-any.whl (188 kB)\n"}
,{"stream_name":"stdout","time":7.8618109,"data":"   ━━━━━━━━━━━━━━━━━━━━━━━━━━━━━━━━━━━━━━━━ 188.8/188.8 kB 4.2 MB/s eta 0:00:00\n"}
,{"stream_name":"stdout","time":7.87399742,"data":"Downloading array_api_compat-1.15.0-py3-none-any.whl (79 kB)\n"}
,{"stream_name":"stdout","time":7.9130973650000005,"data":"   ━━━━━━━━━━━━━━━━━━━━━━━━━━━━━━━━━━━━━━━━ 79.1/79.1 kB 1.9 MB/s eta 0:00:00\n"}
,{"stream_name":"stdout","time":7.9283892,"data":"Downloading scverse_misc-0.1.6-py3-none-any.whl (28 kB)\n"}
,{"stream_name":"stdout","time":7.972773664,"data":"Downloading zarr-3.4.1-py3-none-any.whl (405 kB)\n"}
,{"stream_name":"stdout","time":8.022321953,"data":"   ━━━━━━━━━━━━━━━━━━━━━━━━━━━━━━━━━━━━━━━━ 405.3/405.3 kB 8.6 MB/s eta 0:00:00\n"}
,{"stream_name":"stdout","time":8.034905248,"data":"Downloading legacy_api_wrap-1.5-py3-none-any.whl (10 kB)\n"}
,{"stream_name":"stdout","time":8.074907195,"data":"Downloading donfig-0.8.1.post1-py3-none-any.whl (21 kB)\n"}
,{"stream_name":"stdout","time":8.117932686,"data":"Downloading msgspec-0.22.0-cp313-cp313-manylinux2014_x86_64.manylinux_2_17_x86_64.manylinux_2_28_x86_64.whl (230 kB)\n"}
,{"stream_name":"stdout","time":8.150843343,"data":"   ━━━━━━━━━━━━━━━━━━━━━━━━━━━━━━━━━━━━━━━━ 230.5/230.5 kB 7.4 MB/s eta 0:00:00\n"}
,{"stream_name":"stdout","time":8.164717714,"data":"Downloading numcodecs-0.17.0-cp313-cp313-manylinux2014_x86_64.manylinux_2_17_x86_64.manylinux_2_28_x86_64.whl (1.4 MB)\n"}
,{"stream_name":"stdout","time":8.214266474,"data":"   ━━━━━━━━━━━━━━━━━━━━━━━━━━━━━━━━━━━━━━━━ 1.4/1.4 MB 30.6 MB/s eta 0:00:00\n"}
,{"stream_name":"stdout","time":8.228447597,"data":"Downloading pydantic_settings-2.15.0-py3-none-any.whl (69 kB)\n"}
,{"stream_name":"stdout","time":8.267866327,"data":"   ━━━━━━━━━━━━━━━━━━━━━━━━━━━━━━━━━━━━━━━━ 69.4/69.4 kB 1.6 MB/s eta 0:00:00\n"}
,{"stream_name":"stdout","time":8.281648397,"data":"Downloading session_info2-0.4.2-py3-none-any.whl (17 kB)\n"}
,{"stream_name":"stdout","time":10.823053206,"data":"Installing collected packages: session-info2, numcodecs, msgspec, legacy-api-wrap, donfig, array-api-compat, zarr, scverse-misc, pydantic-settings, anndata\n"}
,{"stream_name":"stdout","time":12.109020626,"data":"Successfully installed anndata-0.13.3.post0 array-api-compat-1.15.0 donfig-0.8.1.post1 legacy-api-wrap-1.5 msgspec-0.22.0 numcodecs-0.17.0 pydantic-settings-2.15.0 scverse-misc-0.1.6 session-info2-0.4.2 zarr-3.4.1\n"}
,{"stream_name":"stderr","time":19.840913351,"data":"recipe contexts ['A', 'B', 'C'] differ from --contexts ['A']\n"}
,{"stream_name":"stderr","time":20.08232932,"data":"Traceback (most recent call last):\n"}
,{"stream_name":"stderr","time":20.083841464,"data":"  File \"/kaggle/src/script.py\", line 13, in \u003cmodule\u003e\n"}
,{"stream_name":"stderr","time":20.083876597,"data":"    runpy.run_path('panel_anchor_worker.py',run_name=\"__main__\")\n"}
,{"stream_name":"stderr","time":20.083880759,"data":"    ~~~~~~~~~~~~~~^^^^^^^^^^^^^^^^^^^^^^^^^^^^^^^^^^^^^^^^^^^^^^\n"}
,{"stream_name":"stderr","time":20.083883646,"data":"  File \"\u003cfrozen runpy\u003e\", line 294, in run_path\n"}
,{"stream_name":"stderr","time":20.083886687,"data":"  File \"\u003cfrozen runpy\u003e\", line 98, in _run_module_code\n"}
,{"stream_name":"stderr","time":20.083889652,"data":"  File \"\u003cfrozen runpy\u003e\", line 88, in _run_code\n"}
,{"stream_name":"stderr","time":20.083892461,"data":"  File \"panel_anchor_worker.py\", line 64, in \u003cmodule\u003e\n"}
,{"stream_name":"stderr","time":20.083895612,"data":"    if __name__=='__main__':main()\n"}
,{"stream_name":"stderr","time":20.083898251,"data":"                            ~~~~^^\n"}
,{"stream_name":"stderr","time":20.083900813,"data":"  File \"panel_anchor_worker.py\", line 41, in main\n"}
,{"stream_name":"stderr","time":20.083903913,"data":"    subprocess.run([sys.executable,str(work/'repo/scripts/100_build_context_effects.py'),\n"}
,{"stream_name":"stderr","time":20.083906622,"data":"    ~~~~~~~~~~~~~~^^^^^^^^^^^^^^^^^^^^^^^^^^^^^^^^^^^^^^^^^^^^^^^^^^^^^^^^^^^^^^^^^^^^^^^\n"}
,{"stream_name":"stderr","time":20.083922282,"data":"        '--recipe',str(recipe),'--cache',str(cache),'--targets-csv',str(work/'data/raw/controls/pert_counts.csv'),\n"}
,{"stream_name":"stderr","time":20.083925407,"data":"        ^^^^^^^^^^^^^^^^^^^^^^^^^^^^^^^^^^^^^^^^^^^^^^^^^^^^^^^^^^^^^^^^^^^^^^^^^^^^^^^^^^^^^^^^^^^^^^^^^^^^^^^^^^\n"}
,{"stream_name":"stderr","time":20.083928207,"data":"        '--coords',str(coords[0]),'--contexts',ident,'--out',str(folder/'out')],env=env,check=True)\n"}
,{"stream_name":"stderr","time":20.083930881,"data":"        ^^^^^^^^^^^^^^^^^^^^^^^^^^^^^^^^^^^^^^^^^^^^^^^^^^^^^^^^^^^^^^^^^^^^^^^^^^^^^^^^^^^^^^^^^^^\n"}
,{"stream_name":"stderr","time":20.083933584,"data":"  File \"/usr/lib/python3.13/subprocess.py\", line 577, in run\n"}
,{"stream_name":"stderr","time":20.083936302,"data":"    raise CalledProcessError(retcode, process.args,\n"}
,{"stream_name":"stderr","time":20.083939044,"data":"                             output=stdout, stderr=stderr)\n"}
,{"stream_name":"stderr","time":20.083942753,"data":"subprocess.CalledProcessError: Command '['/usr/bin/python3', '/kaggle/working/repo/scripts/100_build_context_effects.py', '--recipe', '/kaggle/working/recipes/A.json', '--cache', '/kaggle/temp/ammi_anchors_r1/A/cache', '--targets-csv', '/kaggle/working/data/raw/controls/pert_counts.csv', '--coords', '/kaggle/input/datasets/davideferrante11/vcc-k562-t25-cache-r1/gene_coordinates_gencode_v50.tsv', '--contexts', 'A', '--out', '/kaggle/temp/ammi_anchors_r1/A/out']' returned non-zero exit status 1.\n"}
,{"stream_name":"stderr","time":23.368581951,"data":"/usr/local/lib/python3.13/dist-packages/mistune.py:435: SyntaxWarning: invalid escape sequence '\\|'\n"}
,{"stream_name":"stderr","time":23.368625523,"data":"  cells[i][c] = re.sub('\\\\\\\\\\|', '|', cell)\n"}
,{"stream_name":"stderr","time":23.916740538,"data":"/usr/local/lib/python3.13/dist-packages/nbconvert/filters/filter_links.py:36: SyntaxWarning: invalid escape sequence '\\_'\n"}
,{"stream_name":"stderr","time":23.916774327,"data":"  text = re.sub(r'_', '\\_', text) # Escape underscores in display text\n"}
,{"stream_name":"stderr","time":25.409264826,"data":"[NbConvertApp] Converting notebook __script__.ipynb to html\n"}
,{"stream_name":"stderr","time":27.145308549,"data":"[NbConvertApp] Writing 725626 bytes to __results__.html\n"}
]