[{"stream_name":"stdout","time":7.911722171,"data":"{\"gpu\": \"Tesla T4\", \"gpu_memory\": 15636037632, \"cuda\": \"12.8\", \"rows\": 36751, \"genes\": 13425, \"parameters\": {\"held\": \"HepG2\", \"seed\": 20261004, \"steps\": 3000, \"width\": 64, \"rank\": 32, \"lr\": 0.0003, \"residual_bound\": 0.5, \"batch\": 64, \"residual_l2\": 0.01, \"cohort\": \"aggregate-first-cohort\", \"fit_dataset\": \"vcc-hybrid-fit-hepg2-r1\", \"seeds\": [0, 1, 2]}, \"fit\": {\"complete\": true, \"held\": \"HepG2\", \"regime\": \"C\", \"rows\": 36751, \"genes\": 13425, \"source_policy\": \"all\", \"cohort\": \"current cube r2 aggregates; CD4 donor-resolved bank being built separately; NOT complete catalogue\", \"truth\": \"legacy pseudobulk log effects; not claimed as mean per-cell proportions\", \"tables_expected\": [\"k562_gwps\", \"k562_essential\", \"k562_viperturb\", \"rpe1\", \"cd4_rest\", \"cd4_stim8hr\", \"cd4_stim48hr\", \"hct116\", \"hek293t\", \"kolf21j\", \"hipsci_eipl_1\", \"hipsci_eipl_3\", \"hipsci_fiaj_1\", \"hipsci_fiaj_3\", \"hipsci_iudw_1\", \"hipsci_iudw_4\", \"hipsci_jejf_2\", \"hipsci_jejf_3\", \"hipsci_kolf_2\", \"hipsci_kolf_3\", \"hipsci_oikd_2\", \"hipsci_oikd_5\", \"hipsci_paab_3\", \"hipsci_paab_4\", \"hipsci_pipw_4\", \"hipsci_pipw_5\", \"hipsci_tolg_4\", \"hipsci_tolg_6\", \"hipsci_zapk_3\", \"jurkat_nadig\", \"h1_train\", \"h1_val\", \"tian2021_neuron\"], \"tables_used\": [\"k562_gwps\", \"k562_essential\", \"k562_viperturb\", \"rpe1\", \"cd4_rest\", \"cd4_stim8hr\", \"cd4_stim48hr\", \"hct116\", \"hek293t\", \"kolf21j\", \"hipsci_eipl_1\", \"hipsci_eipl_3\", \"hipsci_fiaj_1\", \"hipsci_fiaj_3\", \"hipsci_iudw_1\", \"hipsci_iudw_4\", \"hipsci_jejf_2\", \"hipsci_jejf_3\", \"hipsci_kolf_2\", \"hipsci_kolf_3\", \"hipsci_oikd_2\", \"hipsci_oikd_5\", \"hipsci_paab_3\", \"hipsci_paab_4\", \"hipsci_pipw_4\", \"hipsci_pipw_5\", \"hipsci_tolg_4\", \"hipsci_tolg_6\", \"hipsci_zapk_3\", \"jurkat_nadig\", \"h1_train\", \"h1_val\", \"tian2021_neuron\"], \"groups\": [\"CD4T\", \"H1\", \"HCT116\", \"HEK293T\", \"Jurkat\", \"K562\", \"Neuron\", \"RPE1\", \"iPSC\"], \"held_fit_reads\": [], \"unknown_target_descriptors\": 2676, \"seconds\": 150, \"parameters\": {\"held\": \"HepG2\", \"seed\": 20261004, \"steps\": 3000, \"width\": 64, \"rank\": 32, \"lr\": 0.0003, \"residual_bound\": 0.5, \"batch\": 64, \"residual_l2\": 0.01, \"cohort\": \"aggregate-first-cohort\"}, \"cube_manifest_sha256\": \"c7fb76628b8246b9e00c789582ba3e512a8018e9469c5e8f3344001375fe1099\"}}\n"}
,{"stream_name":"stdout","time":50.451229771,"data":"{\"arm\": \"no_context_s0\", \"step\": 100, \"loss\": 0.09102246910333633, \"seconds\": 43}\n"}
,{"stream_name":"stdout","time":62.531352917,"data":"{\"arm\": \"no_context_s0\", \"step\": 200, \"loss\": 0.06375323981046677, \"seconds\": 55}\n"}
,{"stream_name":"stdout","time":69.308555437,"data":"{\"arm\": \"no_context_s0\", \"step\": 300, \"loss\": 0.10438496619462967, \"seconds\": 62}\n"}
,{"stream_name":"stdout","time":74.216129582,"data":"{\"arm\": \"no_context_s0\", \"step\": 400, \"loss\": 0.06440119445323944, \"seconds\": 67}\n"}
,{"stream_name":"stdout","time":76.352003932,"data":"{\"arm\": \"no_context_s0\", \"step\": 500, \"loss\": 0.09238477051258087, \"seconds\": 69}\n"}
,{"stream_name":"stdout","time":77.869870464,"data":"{\"arm\": \"no_context_s0\", \"step\": 600, \"loss\": 0.07340195775032043, \"seconds\": 71}\n"}
,{"stream_name":"stdout","time":79.248119926,"data":"{\"arm\": \"no_context_s0\", \"step\": 700, \"loss\": 0.06367923319339752, \"seconds\": 72}\n"}
,{"stream_name":"stdout","time":80.622139185,"data":"{\"arm\": \"no_context_s0\", \"step\": 800, \"loss\": 0.1296353042125702, \"seconds\": 73}\n"}
,{"stream_name":"stdout","time":81.979506413,"data":"{\"arm\": \"no_context_s0\", \"step\": 900, \"loss\": 0.06095854192972183, \"seconds\": 75}\n"}
,{"stream_name":"stdout","time":83.358569298,"data":"{\"arm\": \"no_context_s0\", \"step\": 1000, \"loss\": 0.07598382979631424, \"seconds\": 76}\n"}
,{"stream_name":"stdout","time":84.726497271,"data":"{\"arm\": \"no_context_s0\", \"step\": 1100, \"loss\": 0.08174848556518555, \"seconds\": 77}\n"}
,{"stream_name":"stdout","time":86.095568625,"data":"{\"arm\": \"no_context_s0\", \"step\": 1200, \"loss\": 0.05496615916490555, \"seconds\": 79}\n"}
,{"stream_name":"stdout","time":87.501547393,"data":"{\"arm\": \"no_context_s0\", \"step\": 1300, \"loss\": 0.11110922694206238, \"seconds\": 80}\n"}
,{"stream_name":"stdout","time":88.929477636,"data":"{\"arm\": \"no_context_s0\", \"step\": 1400, \"loss\": 0.07115601748228073, \"seconds\": 82}\n"}
,{"stream_name":"stdout","time":90.373325569,"data":"{\"arm\": \"no_context_s0\", \"step\": 1500, \"loss\": 0.12079010158777237, \"seconds\": 83}\n"}
,{"stream_name":"stdout","time":91.802886603,"data":"{\"arm\": \"no_context_s0\", \"step\": 1600, \"loss\": 0.07002850621938705, \"seconds\": 84}\n"}
,{"stream_name":"stdout","time":93.236035488,"data":"{\"arm\": \"no_context_s0\", \"step\": 1700, \"loss\": 0.06476685404777527, \"seconds\": 86}\n"}
,{"stream_name":"stdout","time":94.626474961,"data":"{\"arm\": \"no_context_s0\", \"step\": 1800, \"loss\": 0.09721142798662186, \"seconds\": 87}\n"}
,{"stream_name":"stdout","time":96.021770693,"data":"{\"arm\": \"no_context_s0\", \"step\": 1900, \"loss\": 0.06150275468826294, \"seconds\": 89}\n"}
,{"stream_name":"stdout","time":97.410794317,"data":"{\"arm\": \"no_context_s0\", \"step\": 2000, \"loss\": 0.08005362749099731, \"seconds\": 90}\n"}
,{"stream_name":"stdout","time":98.791147688,"data":"{\"arm\": \"no_context_s0\", \"step\": 2100, \"loss\": 0.18637782335281372, \"seconds\": 91}\n"}
,{"stream_name":"stdout","time":100.183126661,"data":"{\"arm\": \"no_context_s0\", \"step\": 2200, \"loss\": 0.068358413875103, \"seconds\": 93}\n"}
,{"stream_name":"stdout","time":101.558830999,"data":"{\"arm\": \"no_context_s0\", \"step\": 2300, \"loss\": 0.04992733895778656, \"seconds\": 94}\n"}
,{"stream_name":"stdout","time":102.982555327,"data":"{\"arm\": \"no_context_s0\", \"step\": 2400, \"loss\": 0.06435362994670868, \"seconds\": 96}\n"}
,{"stream_name":"stdout","time":104.37677681,"data":"{\"arm\": \"no_context_s0\", \"step\": 2500, \"loss\": 0.0876113772392273, \"seconds\": 97}\n"}
,{"stream_name":"stdout","time":105.74946351,"data":"{\"arm\": \"no_context_s0\", \"step\": 2600, \"loss\": 0.0639682486653328, \"seconds\": 98}\n"}
,{"stream_name":"stdout","time":107.117539429,"data":"{\"arm\": \"no_context_s0\", \"step\": 2700, \"loss\": 0.06584508717060089, \"seconds\": 100}\n"}
,{"stream_name":"stdout","time":108.49467397,"data":"{\"arm\": \"no_context_s0\", \"step\": 2800, \"loss\": 0.05918220058083534, \"seconds\": 101}\n"}
,{"stream_name":"stdout","time":109.878789301,"data":"{\"arm\": \"no_context_s0\", \"step\": 2900, \"loss\": 0.06593168526887894, \"seconds\": 103}\n"}
,{"stream_name":"stdout","time":111.263008783,"data":"{\"arm\": \"no_context_s0\", \"step\": 3000, \"loss\": 0.10233093798160553, \"seconds\": 104}\n"}
,{"stream_name":"stdout","time":112.925015596,"data":"{\"arm\": \"context_s0\", \"step\": 100, \"loss\": 0.08866190165281296, \"seconds\": 106}\n"}
,{"stream_name":"stdout","time":114.363199127,"data":"{\"arm\": \"context_s0\", \"step\": 200, \"loss\": 0.06338448077440262, \"seconds\": 107}\n"}
,{"stream_name":"stdout","time":115.800945104,"data":"{\"arm\": \"context_s0\", \"step\": 300, \"loss\": 0.10396692901849747, \"seconds\": 108}\n"}
,{"stream_name":"stdout","time":117.230511965,"data":"{\"arm\": \"context_s0\", \"step\": 400, \"loss\": 0.06392958760261536, \"seconds\": 110}\n"}
,{"stream_name":"stdout","time":118.655682197,"data":"{\"arm\": \"context_s0\", \"step\": 500, \"loss\": 0.09211978316307068, \"seconds\": 111}\n"}
,{"stream_name":"stdout","time":120.088307296,"data":"{\"arm\": \"context_s0\", \"step\": 600, \"loss\": 0.07345668226480484, \"seconds\": 113}\n"}
,{"stream_name":"stdout","time":121.523225948,"data":"{\"arm\": \"context_s0\", \"step\": 700, \"loss\": 0.0630519837141037, \"seconds\": 114}\n"}
,{"stream_name":"stdout","time":122.995261668,"data":"{\"arm\": \"context_s0\", \"step\": 800, \"loss\": 0.12478762865066528, \"seconds\": 116}\n"}
,{"stream_name":"stdout","time":124.432978858,"data":"{\"arm\": \"context_s0\", \"step\": 900, \"loss\": 0.06038980931043625, \"seconds\": 117}\n"}
,{"stream_name":"stdout","time":125.872990958,"data":"{\"arm\": \"context_s0\", \"step\": 1000, \"loss\": 0.07617917656898499, \"seconds\": 119}\n"}
,{"stream_name":"stdout","time":127.286669123,"data":"{\"arm\": \"context_s0\", \"step\": 1100, \"loss\": 0.08015105128288269, \"seconds\": 120}\n"}
,{"stream_name":"stdout","time":128.712580798,"data":"{\"arm\": \"context_s0\", \"step\": 1200, \"loss\": 0.05571414530277252, \"seconds\": 121}\n"}
,{"stream_name":"stdout","time":130.159455592,"data":"{\"arm\": \"context_s0\", \"step\": 1300, \"loss\": 0.10768124461174011, \"seconds\": 123}\n"}
,{"stream_name":"stdout","time":131.597081877,"data":"{\"arm\": \"context_s0\", \"step\": 1400, \"loss\": 0.07209887355566025, \"seconds\": 124}\n"}
,{"stream_name":"stdout","time":133.053216372,"data":"{\"arm\": \"context_s0\", \"step\": 1500, \"loss\": 0.11710435897111893, \"seconds\": 126}\n"}
,{"stream_name":"stdout","time":134.495840618,"data":"{\"arm\": \"context_s0\", \"step\": 1600, \"loss\": 0.07018768787384033, \"seconds\": 127}\n"}
,{"stream_name":"stdout","time":135.935950545,"data":"{\"arm\": \"context_s0\", \"step\": 1700, \"loss\": 0.06419005990028381, \"seconds\": 129}\n"}
,{"stream_name":"stdout","time":137.359606489,"data":"{\"arm\": \"context_s0\", \"step\": 1800, \"loss\": 0.0975862443447113, \"seconds\": 130}\n"}
,{"stream_name":"stdout","time":138.786216931,"data":"{\"arm\": \"context_s0\", \"step\": 1900, \"loss\": 0.06053604558110237, \"seconds\": 131}\n"}
,{"stream_name":"stdout","time":140.211585629,"data":"{\"arm\": \"context_s0\", \"step\": 2000, \"loss\": 0.08039209246635437, \"seconds\": 133}\n"}
,{"stream_name":"stdout","time":141.650888057,"data":"{\"arm\": \"context_s0\", \"step\": 2100, \"loss\": 0.18209674954414368, \"seconds\": 134}\n"}
,{"stream_name":"stdout","time":143.124339707,"data":"{\"arm\": \"context_s0\", \"step\": 2200, \"loss\": 0.06781593710184097, \"seconds\": 136}\n"}
,{"stream_name":"stdout","time":144.581048674,"data":"{\"arm\": \"context_s0\", \"step\": 2300, \"loss\": 0.049672193825244904, \"seconds\": 137}\n"}
,{"stream_name":"stdout","time":146.043803651,"data":"{\"arm\": \"context_s0\", \"step\": 2400, \"loss\": 0.06425793468952179, \"seconds\": 139}\n"}
,{"stream_name":"stdout","time":147.473573571,"data":"{\"arm\": \"context_s0\", \"step\": 2500, \"loss\": 0.08602377027273178, \"seconds\": 140}\n"}
,{"stream_name":"stdout","time":148.915606524,"data":"{\"arm\": \"context_s0\", \"step\": 2600, \"loss\": 0.06279140710830688, \"seconds\": 142}\n"}
,{"stream_name":"stdout","time":150.349458143,"data":"{\"arm\": \"context_s0\", \"step\": 2700, \"loss\": 0.06585777550935745, \"seconds\": 143}\n"}
,{"stream_name":"stdout","time":151.787729299,"data":"{\"arm\": \"context_s0\", \"step\": 2800, \"loss\": 0.057391054928302765, \"seconds\": 144}\n"}
,{"stream_name":"stdout","time":153.241310652,"data":"{\"arm\": \"context_s0\", \"step\": 2900, \"loss\": 0.06342102587223053, \"seconds\": 146}\n"}
,{"stream_name":"stdout","time":154.670434916,"data":"{\"arm\": \"context_s0\", \"step\": 3000, \"loss\": 0.10218455642461777, \"seconds\": 147}\n"}
,{"stream_name":"stdout","time":156.167381669,"data":"{\"arm\": \"no_context_s1\", \"step\": 100, \"loss\": 0.13642370700836182, \"seconds\": 149}\n"}
,{"stream_name":"stdout","time":157.54165786,"data":"{\"arm\": \"no_context_s1\", \"step\": 200, \"loss\": 0.09078039973974228, \"seconds\": 150}\n"}
,{"stream_name":"stdout","time":158.921407267,"data":"{\"arm\": \"no_context_s1\", \"step\": 300, \"loss\": 0.08758324384689331, \"seconds\": 152}\n"}
,{"stream_name":"stdout","time":160.289950396,"data":"{\"arm\": \"no_context_s1\", \"step\": 400, \"loss\": 0.06829150766134262, \"seconds\": 153}\n"}
,{"stream_name":"stdout","time":161.654979224,"data":"{\"arm\": \"no_context_s1\", \"step\": 500, \"loss\": 0.14361707866191864, \"seconds\": 154}\n"}
,{"stream_name":"stdout","time":163.047488503,"data":"{\"arm\": \"no_context_s1\", \"step\": 600, \"loss\": 0.05223291739821434, \"seconds\": 156}\n"}
,{"stream_name":"stdout","time":164.427814565,"data":"{\"arm\": \"no_context_s1\", \"step\": 700, \"loss\": 0.08224385976791382, \"seconds\": 157}\n"}
,{"stream_name":"stdout","time":165.825910314,"data":"{\"arm\": \"no_context_s1\", \"step\": 800, \"loss\": 0.05556438863277435, \"seconds\": 159}\n"}
,{"stream_name":"stdout","time":167.206603414,"data":"{\"arm\": \"no_context_s1\", \"step\": 900, \"loss\": 0.06723634898662567, \"seconds\": 160}\n"}
,{"stream_name":"stdout","time":168.583684434,"data":"{\"arm\": \"no_context_s1\", \"step\": 1000, \"loss\": 0.10797558724880219, \"seconds\": 161}\n"}
,{"stream_name":"stdout","time":169.955241888,"data":"{\"arm\": \"no_context_s1\", \"step\": 1100, \"loss\": 0.13107749819755554, \"seconds\": 163}\n"}
,{"stream_name":"stdout","time":171.32387983,"data":"{\"arm\": \"no_context_s1\", \"step\": 1200, \"loss\": 0.05831232666969299, \"seconds\": 164}\n"}
,{"stream_name":"stdout","time":172.739811448,"data":"{\"arm\": \"no_context_s1\", \"step\": 1300, \"loss\": 0.059266265481710434, \"seconds\": 165}\n"}
,{"stream_name":"stdout","time":174.124769648,"data":"{\"arm\": \"no_context_s1\", \"step\": 1400, \"loss\": 0.07019618153572083, \"seconds\": 167}\n"}
,{"stream_name":"stdout","time":175.50045229,"data":"{\"arm\": \"no_context_s1\", \"step\": 1500, \"loss\": 0.09651324152946472, \"seconds\": 168}\n"}
,{"stream_name":"stdout","time":176.875177054,"data":"{\"arm\": \"no_context_s1\", \"step\": 1600, \"loss\": 0.14172911643981934, \"seconds\": 170}\n"}
,{"stream_name":"stdout","time":178.249628324,"data":"{\"arm\": \"no_context_s1\", \"step\": 1700, \"loss\": 0.05942004919052124, \"seconds\": 171}\n"}
,{"stream_name":"stdout","time":179.631171142,"data":"{\"arm\": \"no_context_s1\", \"step\": 1800, \"loss\": 0.08678244054317474, \"seconds\": 172}\n"}
,{"stream_name":"stdout","time":181.011175695,"data":"{\"arm\": \"no_context_s1\", \"step\": 1900, \"loss\": 0.12691538035869598, \"seconds\": 174}\n"}
,{"stream_name":"stdout","time":182.420849241,"data":"{\"arm\": \"no_context_s1\", \"step\": 2000, \"loss\": 0.1209210678935051, \"seconds\": 175}\n"}
,{"stream_name":"stdout","time":183.802630831,"data":"{\"arm\": \"no_context_s1\", \"step\": 2100, \"loss\": 0.05374513193964958, \"seconds\": 176}\n"}
,{"stream_name":"stdout","time":185.173871925,"data":"{\"arm\": \"no_context_s1\", \"step\": 2200, \"loss\": 0.07895755767822266, \"seconds\": 178}\n"}
,{"stream_name":"stdout","time":186.547394984,"data":"{\"arm\": \"no_context_s1\", \"step\": 2300, \"loss\": 0.056169293820858, \"seconds\": 179}\n"}
,{"stream_name":"stdout","time":187.917341373,"data":"{\"arm\": \"no_context_s1\", \"step\": 2400, \"loss\": 0.11782427132129669, \"seconds\": 181}\n"}
,{"stream_name":"stdout","time":189.296150324,"data":"{\"arm\": \"no_context_s1\", \"step\": 2500, \"loss\": 0.08198120445013046, \"seconds\": 182}\n"}
,{"stream_name":"stdout","time":190.658058878,"data":"{\"arm\": \"no_context_s1\", \"step\": 2600, \"loss\": 0.06563365459442139, \"seconds\": 183}\n"}
,{"stream_name":"stdout","time":192.031938142,"data":"{\"arm\": \"no_context_s1\", \"step\": 2700, \"loss\": 0.13971273601055145, \"seconds\": 185}\n"}
,{"stream_name":"stdout","time":193.42573174,"data":"{\"arm\": \"no_context_s1\", \"step\": 2800, \"loss\": 0.16498154401779175, \"seconds\": 186}\n"}
,{"stream_name":"stdout","time":194.794949499,"data":"{\"arm\": \"no_context_s1\", \"step\": 2900, \"loss\": 0.06865379214286804, \"seconds\": 187}\n"}
,{"stream_name":"stdout","time":196.173082345,"data":"{\"arm\": \"no_context_s1\", \"step\": 3000, \"loss\": 0.04898151755332947, \"seconds\": 189}\n"}
,{"stream_name":"stdout","time":197.71495207,"data":"{\"arm\": \"context_s1\", \"step\": 100, \"loss\": 0.1316872239112854, \"seconds\": 190}\n"}
,{"stream_name":"stdout","time":199.132517184,"data":"{\"arm\": \"context_s1\", \"step\": 200, \"loss\": 0.09080745279788971, \"seconds\": 192}\n"}
,{"stream_name":"stdout","time":200.535163413,"data":"{\"arm\": \"context_s1\", \"step\": 300, \"loss\": 0.0819811224937439, \"seconds\": 193}\n"}
,{"stream_name":"stdout","time":201.932207089,"data":"{\"arm\": \"context_s1\", \"step\": 400, \"loss\": 0.067375048995018, \"seconds\": 195}\n"}
,{"stream_name":"stdout","time":203.340441631,"data":"{\"arm\": \"context_s1\", \"step\": 500, \"loss\": 0.143172949552536, \"seconds\": 196}\n"}
,{"stream_name":"stdout","time":204.729458759,"data":"{\"arm\": \"context_s1\", \"step\": 600, \"loss\": 0.05189652368426323, \"seconds\": 197}\n"}
,{"stream_name":"stdout","time":206.121024112,"data":"{\"arm\": \"context_s1\", \"step\": 700, \"loss\": 0.08022205531597137, \"seconds\": 199}\n"}
,{"stream_name":"stdout","time":207.502311188,"data":"{\"arm\": \"context_s1\", \"step\": 800, \"loss\": 0.05542714148759842, \"seconds\": 200}\n"}
,{"stream_name":"stdout","time":208.911113789,"data":"{\"arm\": \"context_s1\", \"step\": 900, \"loss\": 0.06733845174312592, \"seconds\": 202}\n"}
,{"stream_name":"stdout","time":210.305220852,"data":"{\"arm\": \"context_s1\", \"step\": 1000, \"loss\": 0.10622577369213104, \"seconds\": 203}\n"}
,{"stream_name":"stdout","time":211.707969811,"data":"{\"arm\": \"context_s1\", \"step\": 1100, \"loss\": 0.13171589374542236, \"seconds\": 204}\n"}
,{"stream_name":"stdout","time":213.120229679,"data":"{\"arm\": \"context_s1\", \"step\": 1200, \"loss\": 0.05883501097559929, \"seconds\": 206}\n"}
,{"stream_name":"stdout","time":214.498878298,"data":"{\"arm\": \"context_s1\", \"step\": 1300, \"loss\": 0.058295540511608124, \"seconds\": 207}\n"}
,{"stream_name":"stdout","time":215.889356341,"data":"{\"arm\": \"context_s1\", \"step\": 1400, \"loss\": 0.06976631283760071, \"seconds\": 209}\n"}
,{"stream_name":"stdout","time":217.262907019,"data":"{\"arm\": \"context_s1\", \"step\": 1500, \"loss\": 0.09469658881425858, \"seconds\": 210}\n"}
,{"stream_name":"stdout","time":218.640029869,"data":"{\"arm\": \"context_s1\", \"step\": 1600, \"loss\": 0.14172875881195068, \"seconds\": 211}\n"}
,{"stream_name":"stdout","time":220.024838081,"data":"{\"arm\": \"context_s1\", \"step\": 1700, \"loss\": 0.05879411846399307, \"seconds\": 213}\n"}
,{"stream_name":"stdout","time":221.406727864,"data":"{\"arm\": \"context_s1\", \"step\": 1800, \"loss\": 0.08467940986156464, \"seconds\": 214}\n"}
,{"stream_name":"stdout","time":222.817141565,"data":"{\"arm\": \"context_s1\", \"step\": 1900, \"loss\": 0.12512990832328796, \"seconds\": 216}\n"}
,{"stream_name":"stdout","time":224.200167033,"data":"{\"arm\": \"context_s1\", \"step\": 2000, \"loss\": 0.12151150405406952, \"seconds\": 217}\n"}
,{"stream_name":"stdout","time":225.578015998,"data":"{\"arm\": \"context_s1\", \"step\": 2100, \"loss\": 0.053803764283657074, \"seconds\": 218}\n"}
,{"stream_name":"stdout","time":226.953009777,"data":"{\"arm\": \"context_s1\", \"step\": 2200, \"loss\": 0.07736284285783768, \"seconds\": 220}\n"}
,{"stream_name":"stdout","time":228.316101,"data":"{\"arm\": \"context_s1\", \"step\": 2300, \"loss\": 0.05234374850988388, \"seconds\": 221}\n"}
,{"stream_name":"stdout","time":229.688364246,"data":"{\"arm\": \"context_s1\", \"step\": 2400, \"loss\": 0.11783747375011444, \"seconds\": 222}\n"}
,{"stream_name":"stdout","time":231.069788496,"data":"{\"arm\": \"context_s1\", \"step\": 2500, \"loss\": 0.08145783096551895, \"seconds\": 224}\n"}
,{"stream_name":"stdout","time":232.483558996,"data":"{\"arm\": \"context_s1\", \"step\": 2600, \"loss\": 0.06521743535995483, \"seconds\": 225}\n"}
,{"stream_name":"stdout","time":233.890059857,"data":"{\"arm\": \"context_s1\", \"step\": 2700, \"loss\": 0.14164456725120544, \"seconds\": 227}\n"}
,{"stream_name":"stdout","time":235.273072687,"data":"{\"arm\": \"context_s1\", \"step\": 2800, \"loss\": 0.1679195612668991, \"seconds\": 228}\n"}
,{"stream_name":"stdout","time":236.648361626,"data":"{\"arm\": \"context_s1\", \"step\": 2900, \"loss\": 0.06757503002882004, \"seconds\": 229}\n"}
,{"stream_name":"stdout","time":238.033133517,"data":"{\"arm\": \"context_s1\", \"step\": 3000, \"loss\": 0.04838566109538078, \"seconds\": 231}\n"}
,{"stream_name":"stdout","time":239.507859632,"data":"{\"arm\": \"no_context_s2\", \"step\": 100, \"loss\": 0.1593732237815857, \"seconds\": 232}\n"}
,{"stream_name":"stdout","time":240.872683951,"data":"{\"arm\": \"no_context_s2\", \"step\": 200, \"loss\": 0.07405788451433182, \"seconds\": 234}\n"}
,{"stream_name":"stdout","time":242.294079608,"data":"{\"arm\": \"no_context_s2\", \"step\": 300, \"loss\": 0.17771659791469574, \"seconds\": 235}\n"}
,{"stream_name":"stdout","time":243.677340402,"data":"{\"arm\": \"no_context_s2\", \"step\": 400, \"loss\": 0.13350069522857666, \"seconds\": 236}\n"}
,{"stream_name":"stdout","time":245.067725722,"data":"{\"arm\": \"no_context_s2\", \"step\": 500, \"loss\": 0.12989695370197296, \"seconds\": 238}\n"}
,{"stream_name":"stdout","time":246.43779195,"data":"{\"arm\": \"no_context_s2\", \"step\": 600, \"loss\": 0.06602288037538528, \"seconds\": 239}\n"}
,{"stream_name":"stdout","time":247.810892411,"data":"{\"arm\": \"no_context_s2\", \"step\": 700, \"loss\": 0.13113486766815186, \"seconds\": 240}\n"}
,{"stream_name":"stdout","time":249.182348252,"data":"{\"arm\": \"no_context_s2\", \"step\": 800, \"loss\": 0.09627940505743027, \"seconds\": 242}\n"}
,{"stream_name":"stdout","time":250.558516102,"data":"{\"arm\": \"no_context_s2\", \"step\": 900, \"loss\": 0.10554172098636627, \"seconds\": 243}\n"}
,{"stream_name":"stdout","time":251.92879174,"data":"{\"arm\": \"no_context_s2\", \"step\": 1000, \"loss\": 0.07152513414621353, \"seconds\": 245}\n"}
,{"stream_name":"stdout","time":253.336424649,"data":"{\"arm\": \"no_context_s2\", \"step\": 1100, \"loss\": 0.12391768395900726, \"seconds\": 246}\n"}
,{"stream_name":"stdout","time":254.70226099,"data":"{\"arm\": \"no_context_s2\", \"step\": 1200, \"loss\": 0.16323010623455048, \"seconds\": 247}\n"}
,{"stream_name":"stdout","time":256.078024979,"data":"{\"arm\": \"no_context_s2\", \"step\": 1300, \"loss\": 0.1346033662557602, \"seconds\": 249}\n"}
,{"stream_name":"stdout","time":257.445439545,"data":"{\"arm\": \"no_context_s2\", \"step\": 1400, \"loss\": 0.21671070158481598, \"seconds\": 250}\n"}
,{"stream_name":"stdout","time":258.817114992,"data":"{\"arm\": \"no_context_s2\", \"step\": 1500, \"loss\": 0.057666804641485214, \"seconds\": 252}\n"}
,{"stream_name":"stdout","time":260.198031715,"data":"{\"arm\": \"no_context_s2\", \"step\": 1600, \"loss\": 0.07260557264089584, \"seconds\": 253}\n"}
,{"stream_name":"stdout","time":261.590210705,"data":"{\"arm\": \"no_context_s2\", \"step\": 1700, \"loss\": 0.06701339781284332, \"seconds\": 254}\n"}
,{"stream_name":"stdout","time":262.988618684,"data":"{\"arm\": \"no_context_s2\", \"step\": 1800, \"loss\": 0.12778204679489136, \"seconds\": 256}\n"}
,{"stream_name":"stdout","time":264.362859758,"data":"{\"arm\": \"no_context_s2\", \"step\": 1900, \"loss\": 0.0790104866027832, \"seconds\": 257}\n"}
,{"stream_name":"stdout","time":265.744604937,"data":"{\"arm\": \"no_context_s2\", \"step\": 2000, \"loss\": 0.08917117118835449, \"seconds\": 258}\n"}
,{"stream_name":"stdout","time":267.114628377,"data":"{\"arm\": \"no_context_s2\", \"step\": 2100, \"loss\": 0.06384850293397903, \"seconds\": 260}\n"}
,{"stream_name":"stdout","time":268.494047375,"data":"{\"arm\": \"no_context_s2\", \"step\": 2200, \"loss\": 0.07551548629999161, \"seconds\": 261}\n"}
,{"stream_name":"stdout","time":269.865738012,"data":"{\"arm\": \"no_context_s2\", \"step\": 2300, \"loss\": 0.06873215734958649, \"seconds\": 263}\n"}
,{"stream_name":"stdout","time":271.243401082,"data":"{\"arm\": \"no_context_s2\", \"step\": 2400, \"loss\": 0.0575399249792099, \"seconds\": 264}\n"}
,{"stream_name":"stdout","time":272.656638182,"data":"{\"arm\": \"no_context_s2\", \"step\": 2500, \"loss\": 0.05421382188796997, \"seconds\": 265}\n"}
,{"stream_name":"stdout","time":274.032818115,"data":"{\"arm\": \"no_context_s2\", \"step\": 2600, \"loss\": 0.08270461857318878, \"seconds\": 267}\n"}
,{"stream_name":"stdout","time":275.429033702,"data":"{\"arm\": \"no_context_s2\", \"step\": 2700, \"loss\": 0.08380356431007385, \"seconds\": 268}\n"}
,{"stream_name":"stdout","time":276.800708562,"data":"{\"arm\": \"no_context_s2\", \"step\": 2800, \"loss\": 0.07508847117424011, \"seconds\": 269}\n"}
,{"stream_name":"stdout","time":278.189084016,"data":"{\"arm\": \"no_context_s2\", \"step\": 2900, \"loss\": 0.07300400733947754, \"seconds\": 271}\n"}
,{"stream_name":"stdout","time":279.561782351,"data":"{\"arm\": \"no_context_s2\", \"step\": 3000, \"loss\": 0.06532299518585205, \"seconds\": 272}\n"}
,{"stream_name":"stdout","time":281.101015411,"data":"{\"arm\": \"context_s2\", \"step\": 100, \"loss\": 0.15429389476776123, \"seconds\": 274}\n"}
,{"stream_name":"stdout","time":282.537656954,"data":"{\"arm\": \"context_s2\", \"step\": 200, \"loss\": 0.07505558431148529, \"seconds\": 275}\n"}
,{"stream_name":"stdout","time":283.938429297,"data":"{\"arm\": \"context_s2\", \"step\": 300, \"loss\": 0.17717838287353516, \"seconds\": 277}\n"}
,{"stream_name":"stdout","time":285.331347616,"data":"{\"arm\": \"context_s2\", \"step\": 400, \"loss\": 0.13180378079414368, \"seconds\": 278}\n"}
,{"stream_name":"stdout","time":286.721112106,"data":"{\"arm\": \"context_s2\", \"step\": 500, \"loss\": 0.12100756168365479, \"seconds\": 279}\n"}
,{"stream_name":"stdout","time":288.104899545,"data":"{\"arm\": \"context_s2\", \"step\": 600, \"loss\": 0.06598624587059021, \"seconds\": 281}\n"}
,{"stream_name":"stdout","time":289.500130725,"data":"{\"arm\": \"context_s2\", \"step\": 700, \"loss\": 0.13379395008087158, \"seconds\": 282}\n"}
,{"stream_name":"stdout","time":290.883408033,"data":"{\"arm\": \"context_s2\", \"step\": 800, \"loss\": 0.09359517693519592, \"seconds\": 284}\n"}
,{"stream_name":"stdout","time":292.298934002,"data":"{\"arm\": \"context_s2\", \"step\": 900, \"loss\": 0.10381083190441132, \"seconds\": 285}\n"}
,{"stream_name":"stdout","time":293.692977082,"data":"{\"arm\": \"context_s2\", \"step\": 1000, \"loss\": 0.0698535293340683, \"seconds\": 286}\n"}
,{"stream_name":"stdout","time":295.071565066,"data":"{\"arm\": \"context_s2\", \"step\": 1100, \"loss\": 0.11497092247009277, \"seconds\": 288}\n"}
,{"stream_name":"stdout","time":296.441768573,"data":"{\"arm\": \"context_s2\", \"step\": 1200, \"loss\": 0.1563439965248108, \"seconds\": 289}\n"}
,{"stream_name":"stdout","time":297.826711399,"data":"{\"arm\": \"context_s2\", \"step\": 1300, \"loss\": 0.13955196738243103, \"seconds\": 291}\n"}
,{"stream_name":"stdout","time":299.205147504,"data":"{\"arm\": \"context_s2\", \"step\": 1400, \"loss\": 0.2089795023202896, \"seconds\": 292}\n"}
,{"stream_name":"stdout","time":300.59530527,"data":"{\"arm\": \"context_s2\", \"step\": 1500, \"loss\": 0.05805342644453049, \"seconds\": 293}\n"}
,{"stream_name":"stdout","time":301.992815616,"data":"{\"arm\": \"context_s2\", \"step\": 1600, \"loss\": 0.07127778232097626, \"seconds\": 295}\n"}
,{"stream_name":"stdout","time":303.401079606,"data":"{\"arm\": \"context_s2\", \"step\": 1700, \"loss\": 0.06532912701368332, \"seconds\": 296}\n"}
,{"stream_name":"stdout","time":304.79314243,"data":"{\"arm\": \"context_s2\", \"step\": 1800, \"loss\": 0.12417325377464294, \"seconds\": 297}\n"}
,{"stream_name":"stdout","time":306.186084273,"data":"{\"arm\": \"context_s2\", \"step\": 1900, \"loss\": 0.07866977155208588, \"seconds\": 299}\n"}
,{"stream_name":"stdout","time":307.57793946,"data":"{\"arm\": \"context_s2\", \"step\": 2000, \"loss\": 0.08886991441249847, \"seconds\": 300}\n"}
,{"stream_name":"stdout","time":309.000342089,"data":"{\"arm\": \"context_s2\", \"step\": 2100, \"loss\": 0.06327411532402039, \"seconds\": 302}\n"}
,{"stream_name":"stdout","time":310.418761821,"data":"{\"arm\": \"context_s2\", \"step\": 2200, \"loss\": 0.07573631405830383, \"seconds\": 303}\n"}
,{"stream_name":"stdout","time":311.814097558,"data":"{\"arm\": \"context_s2\", \"step\": 2300, \"loss\": 0.06862049549818039, \"seconds\": 305}\n"}
,{"stream_name":"stdout","time":313.245609907,"data":"{\"arm\": \"context_s2\", \"step\": 2400, \"loss\": 0.05748310312628746, \"seconds\": 306}\n"}
,{"stream_name":"stdout","time":314.645055392,"data":"{\"arm\": \"context_s2\", \"step\": 2500, \"loss\": 0.053999386727809906, \"seconds\": 307}\n"}
,{"stream_name":"stdout","time":316.052892866,"data":"{\"arm\": \"context_s2\", \"step\": 2600, \"loss\": 0.08324804902076721, \"seconds\": 309}\n"}
,{"stream_name":"stdout","time":317.446170639,"data":"{\"arm\": \"context_s2\", \"step\": 2700, \"loss\": 0.08370200544595718, \"seconds\": 310}\n"}
,{"stream_name":"stdout","time":318.846971812,"data":"{\"arm\": \"context_s2\", \"step\": 2800, \"loss\": 0.07521315664052963, \"seconds\": 312}\n"}
,{"stream_name":"stdout","time":320.247059489,"data":"{\"arm\": \"context_s2\", \"step\": 2900, \"loss\": 0.07310144603252411, \"seconds\": 313}\n"}
,{"stream_name":"stdout","time":321.640610313,"data":"{\"arm\": \"context_s2\", \"step\": 3000, \"loss\": 0.06588016450405121, \"seconds\": 314}\n"}
,{"stream_name":"stderr","time":326.375342005,"data":"/usr/local/lib/python3.13/dist-packages/mistune.py:435: SyntaxWarning: invalid escape sequence '\\|'\n"}
,{"stream_name":"stderr","time":326.375364944,"data":"  cells[i][c] = re.sub('\\\\\\\\\\|', '|', cell)\n"}
,{"stream_name":"stderr","time":326.606206226,"data":"/usr/local/lib/python3.13/dist-packages/nbconvert/filters/filter_links.py:36: SyntaxWarning: invalid escape sequence '\\_'\n"}
,{"stream_name":"stderr","time":326.606233081,"data":"  text = re.sub(r'_', '\\_', text) # Escape underscores in display text\n"}
,{"stream_name":"stderr","time":327.359140601,"data":"[NbConvertApp] Converting notebook __script__.ipynb to html\n"}
,{"stream_name":"stderr","time":328.238662817,"data":"[NbConvertApp] Writing 288657 bytes to __results__.html\n"}
]