[{"stream_name":"stdout","time":2.812141093,"data":"{\"cpus\": 4, \"ram_available\": 32657149952, \"disk_free\": 20940443648}\n"}
,{"stream_name":"stdout","time":89.113300739,"data":"{\"unit\": \"D4_Stim48hr\", \"shard\": 1, \"of\": 141, \"seconds\": 86}\n"}
,{"stream_name":"stdout","time":121.754251974,"data":"{\"unit\": \"D4_Stim48hr\", \"shard\": 2, \"of\": 141, \"seconds\": 119}\n"}
,{"stream_name":"stdout","time":153.563289489,"data":"{\"unit\": \"D4_Stim48hr\", \"shard\": 3, \"of\": 141, \"seconds\": 151}\n"}
,{"stream_name":"stdout","time":186.496619862,"data":"{\"unit\": \"D4_Stim48hr\", \"shard\": 4, \"of\": 141, \"seconds\": 184}\n"}
,{"stream_name":"stdout","time":217.863957563,"data":"{\"unit\": \"D4_Stim48hr\", \"shard\": 5, \"of\": 141, \"seconds\": 215}\n"}
,{"stream_name":"stdout","time":249.202355658,"data":"{\"unit\": \"D4_Stim48hr\", \"shard\": 6, \"of\": 141, \"seconds\": 246}\n"}
,{"stream_name":"stdout","time":277.997398426,"data":"{\"unit\": \"D4_Stim48hr\", \"shard\": 7, \"of\": 141, \"seconds\": 275}\n"}
,{"stream_name":"stdout","time":307.525175537,"data":"{\"unit\": \"D4_Stim48hr\", \"shard\": 8, \"of\": 141, \"seconds\": 305}\n"}
,{"stream_name":"stdout","time":336.900977384,"data":"{\"unit\": \"D4_Stim48hr\", \"shard\": 9, \"of\": 141, \"seconds\": 334}\n"}
,{"stream_name":"stdout","time":365.459692633,"data":"{\"unit\": \"D4_Stim48hr\", \"shard\": 10, \"of\": 141, \"seconds\": 363}\n"}
,{"stream_name":"stdout","time":392.808226297,"data":"{\"unit\": \"D4_Stim48hr\", \"shard\": 11, \"of\": 141, \"seconds\": 390}\n"}
,{"stream_name":"stdout","time":420.764183928,"data":"{\"unit\": \"D4_Stim48hr\", \"shard\": 12, \"of\": 141, \"seconds\": 418}\n"}
,{"stream_name":"stdout","time":451.369985506,"data":"{\"unit\": \"D4_Stim48hr\", \"shard\": 13, \"of\": 141, \"seconds\": 449}\n"}
,{"stream_name":"stdout","time":482.230992721,"data":"{\"unit\": \"D4_Stim48hr\", \"shard\": 14, \"of\": 141, \"seconds\": 479}\n"}
,{"stream_name":"stdout","time":513.464077841,"data":"{\"unit\": \"D4_Stim48hr\", \"shard\": 15, \"of\": 141, \"seconds\": 511}\n"}
,{"stream_name":"stdout","time":544.40698547,"data":"{\"unit\": \"D4_Stim48hr\", \"shard\": 16, \"of\": 141, \"seconds\": 542}\n"}
,{"stream_name":"stdout","time":573.947553398,"data":"{\"unit\": \"D4_Stim48hr\", \"shard\": 17, \"of\": 141, \"seconds\": 571}\n"}
,{"stream_name":"stdout","time":604.660773768,"data":"{\"unit\": \"D4_Stim48hr\", \"shard\": 18, \"of\": 141, \"seconds\": 602}\n"}
,{"stream_name":"stdout","time":633.344970912,"data":"{\"unit\": \"D4_Stim48hr\", \"shard\": 19, \"of\": 141, \"seconds\": 631}\n"}
,{"stream_name":"stdout","time":661.836194567,"data":"{\"unit\": \"D4_Stim48hr\", \"shard\": 20, \"of\": 141, \"seconds\": 659}\n"}
,{"stream_name":"stdout","time":690.136871147,"data":"{\"unit\": \"D4_Stim48hr\", \"shard\": 21, \"of\": 141, \"seconds\": 687}\n"}
,{"stream_name":"stdout","time":718.797296166,"data":"{\"unit\": \"D4_Stim48hr\", \"shard\": 22, \"of\": 141, \"seconds\": 716}\n"}
,{"stream_name":"stdout","time":746.541738662,"data":"{\"unit\": \"D4_Stim48hr\", \"shard\": 23, \"of\": 141, \"seconds\": 744}\n"}
,{"stream_name":"stdout","time":774.866501102,"data":"{\"unit\": \"D4_Stim48hr\", \"shard\": 24, \"of\": 141, \"seconds\": 772}\n"}
,{"stream_name":"stdout","time":804.154721627,"data":"{\"unit\": \"D4_Stim48hr\", \"shard\": 25, \"of\": 141, \"seconds\": 801}\n"}
,{"stream_name":"stdout","time":833.562394542,"data":"{\"unit\": \"D4_Stim48hr\", \"shard\": 26, \"of\": 141, \"seconds\": 831}\n"}
,{"stream_name":"stdout","time":862.366008929,"data":"{\"unit\": \"D4_Stim48hr\", \"shard\": 27, \"of\": 141, \"seconds\": 860}\n"}
,{"stream_name":"stdout","time":891.800238623,"data":"{\"unit\": \"D4_Stim48hr\", \"shard\": 28, \"of\": 141, \"seconds\": 889}\n"}
,{"stream_name":"stdout","time":919.660404916,"data":"{\"unit\": \"D4_Stim48hr\", \"shard\": 29, \"of\": 141, \"seconds\": 917}\n"}
,{"stream_name":"stdout","time":948.918888365,"data":"{\"unit\": \"D4_Stim48hr\", \"shard\": 30, \"of\": 141, \"seconds\": 946}\n"}
,{"stream_name":"stdout","time":979.96908156,"data":"{\"unit\": \"D4_Stim48hr\", \"shard\": 31, \"of\": 141, \"seconds\": 977}\n"}
,{"stream_name":"stdout","time":1011.047112604,"data":"{\"unit\": \"D4_Stim48hr\", \"shard\": 32, \"of\": 141, \"seconds\": 1008}\n"}
,{"stream_name":"stdout","time":1042.02484733,"data":"{\"unit\": \"D4_Stim48hr\", \"shard\": 33, \"of\": 141, \"seconds\": 1039}\n"}
,{"stream_name":"stdout","time":1073.212580004,"data":"{\"unit\": \"D4_Stim48hr\", \"shard\": 34, \"of\": 141, \"seconds\": 1070}\n"}
,{"stream_name":"stdout","time":1103.236465426,"data":"{\"unit\": \"D4_Stim48hr\", \"shard\": 35, \"of\": 141, \"seconds\": 1100}\n"}
,{"stream_name":"stdout","time":1134.226070262,"data":"{\"unit\": \"D4_Stim48hr\", \"shard\": 36, \"of\": 141, \"seconds\": 1131}\n"}
,{"stream_name":"stdout","time":1165.529977689,"data":"{\"unit\": \"D4_Stim48hr\", \"shard\": 37, \"of\": 141, \"seconds\": 1163}\n"}
,{"stream_name":"stdout","time":1196.922414619,"data":"{\"unit\": \"D4_Stim48hr\", \"shard\": 38, \"of\": 141, \"seconds\": 1194}\n"}
,{"stream_name":"stdout","time":1228.203721994,"data":"{\"unit\": \"D4_Stim48hr\", \"shard\": 39, \"of\": 141, \"seconds\": 1225}\n"}
,{"stream_name":"stdout","time":1259.611843813,"data":"{\"unit\": \"D4_Stim48hr\", \"shard\": 40, \"of\": 141, \"seconds\": 1257}\n"}
,{"stream_name":"stdout","time":1289.85927954,"data":"{\"unit\": \"D4_Stim48hr\", \"shard\": 41, \"of\": 141, \"seconds\": 1287}\n"}
,{"stream_name":"stdout","time":1320.523968204,"data":"{\"unit\": \"D4_Stim48hr\", \"shard\": 42, \"of\": 141, \"seconds\": 1318}\n"}
,{"stream_name":"stdout","time":1350.131993265,"data":"{\"unit\": \"D4_Stim48hr\", \"shard\": 43, \"of\": 141, \"seconds\": 1347}\n"}
,{"stream_name":"stdout","time":1380.728316086,"data":"{\"unit\": \"D4_Stim48hr\", \"shard\": 44, \"of\": 141, \"seconds\": 1378}\n"}
,{"stream_name":"stdout","time":1410.860682089,"data":"{\"unit\": \"D4_Stim48hr\", \"shard\": 45, \"of\": 141, \"seconds\": 1408}\n"}
,{"stream_name":"stdout","time":1439.739073916,"data":"{\"unit\": \"D4_Stim48hr\", \"shard\": 46, \"of\": 141, \"seconds\": 1437}\n"}
,{"stream_name":"stdout","time":1469.689220055,"data":"{\"unit\": \"D4_Stim48hr\", \"shard\": 47, \"of\": 141, \"seconds\": 1467}\n"}
,{"stream_name":"stdout","time":1500.634650165,"data":"{\"unit\": \"D4_Stim48hr\", \"shard\": 48, \"of\": 141, \"seconds\": 1498}\n"}
,{"stream_name":"stdout","time":1531.261293727,"data":"{\"unit\": \"D4_Stim48hr\", \"shard\": 49, \"of\": 141, \"seconds\": 1528}\n"}
,{"stream_name":"stdout","time":1561.940018672,"data":"{\"unit\": \"D4_Stim48hr\", \"shard\": 50, \"of\": 141, \"seconds\": 1559}\n"}
,{"stream_name":"stdout","time":1592.894912855,"data":"{\"unit\": \"D4_Stim48hr\", \"shard\": 51, \"of\": 141, \"seconds\": 1590}\n"}
,{"stream_name":"stdout","time":1622.706847022,"data":"{\"unit\": \"D4_Stim48hr\", \"shard\": 52, \"of\": 141, \"seconds\": 1620}\n"}
,{"stream_name":"stdout","time":1653.646088843,"data":"{\"unit\": \"D4_Stim48hr\", \"shard\": 53, \"of\": 141, \"seconds\": 1651}\n"}
,{"stream_name":"stdout","time":1685.155648699,"data":"{\"unit\": \"D4_Stim48hr\", \"shard\": 54, \"of\": 141, \"seconds\": 1682}\n"}
,{"stream_name":"stdout","time":1722.893616932,"data":"{\"unit\": \"D4_Stim48hr\", \"shard\": 55, \"of\": 141, \"seconds\": 1720}\n"}
,{"stream_name":"stdout","time":1755.573229786,"data":"{\"unit\": \"D4_Stim48hr\", \"shard\": 56, \"of\": 141, \"seconds\": 1753}\n"}
,{"stream_name":"stdout","time":1787.975592296,"data":"{\"unit\": \"D4_Stim48hr\", \"shard\": 57, \"of\": 141, \"seconds\": 1785}\n"}
,{"stream_name":"stdout","time":1819.325312012,"data":"{\"unit\": \"D4_Stim48hr\", \"shard\": 58, \"of\": 141, \"seconds\": 1817}\n"}
,{"stream_name":"stdout","time":1851.177476146,"data":"{\"unit\": \"D4_Stim48hr\", \"shard\": 59, \"of\": 141, \"seconds\": 1848}\n"}
,{"stream_name":"stdout","time":1882.722266196,"data":"{\"unit\": \"D4_Stim48hr\", \"shard\": 60, \"of\": 141, \"seconds\": 1880}\n"}
,{"stream_name":"stdout","time":1914.472407502,"data":"{\"unit\": \"D4_Stim48hr\", \"shard\": 61, \"of\": 141, \"seconds\": 1912}\n"}
,{"stream_name":"stdout","time":1946.027983328,"data":"{\"unit\": \"D4_Stim48hr\", \"shard\": 62, \"of\": 141, \"seconds\": 1943}\n"}
,{"stream_name":"stdout","time":1977.048266274,"data":"{\"unit\": \"D4_Stim48hr\", \"shard\": 63, \"of\": 141, \"seconds\": 1974}\n"}
,{"stream_name":"stdout","time":2007.579482418,"data":"{\"unit\": \"D4_Stim48hr\", \"shard\": 64, \"of\": 141, \"seconds\": 2005}\n"}
,{"stream_name":"stdout","time":2038.565091718,"data":"{\"unit\": \"D4_Stim48hr\", \"shard\": 65, \"of\": 141, \"seconds\": 2036}\n"}
,{"stream_name":"stdout","time":2069.536429251,"data":"{\"unit\": \"D4_Stim48hr\", \"shard\": 66, \"of\": 141, \"seconds\": 2067}\n"}
,{"stream_name":"stdout","time":2102.019131834,"data":"{\"unit\": \"D4_Stim48hr\", \"shard\": 67, \"of\": 141, \"seconds\": 2099}\n"}
,{"stream_name":"stdout","time":2133.403613983,"data":"{\"unit\": \"D4_Stim48hr\", \"shard\": 68, \"of\": 141, \"seconds\": 2131}\n"}
,{"stream_name":"stdout","time":2164.44216684,"data":"{\"unit\": \"D4_Stim48hr\", \"shard\": 69, \"of\": 141, \"seconds\": 2162}\n"}
,{"stream_name":"stdout","time":2194.566477582,"data":"{\"unit\": \"D4_Stim48hr\", \"shard\": 70, \"of\": 141, \"seconds\": 2192}\n"}
,{"stream_name":"stdout","time":2225.883777883,"data":"{\"unit\": \"D4_Stim48hr\", \"shard\": 71, \"of\": 141, \"seconds\": 2223}\n"}
,{"stream_name":"stdout","time":2257.702295664,"data":"{\"unit\": \"D4_Stim48hr\", \"shard\": 72, \"of\": 141, \"seconds\": 2255}\n"}
,{"stream_name":"stdout","time":2289.711878514,"data":"{\"unit\": \"D4_Stim48hr\", \"shard\": 73, \"of\": 141, \"seconds\": 2287}\n"}
,{"stream_name":"stdout","time":2322.881166387,"data":"{\"unit\": \"D4_Stim48hr\", \"shard\": 74, \"of\": 141, \"seconds\": 2320}\n"}
,{"stream_name":"stdout","time":2361.047576888,"data":"{\"unit\": \"D4_Stim48hr\", \"shard\": 75, \"of\": 141, \"seconds\": 2358}\n"}
,{"stream_name":"stdout","time":2392.900129135,"data":"{\"unit\": \"D4_Stim48hr\", \"shard\": 76, \"of\": 141, \"seconds\": 2390}\n"}
,{"stream_name":"stdout","time":2424.033386487,"data":"{\"unit\": \"D4_Stim48hr\", \"shard\": 77, \"of\": 141, \"seconds\": 2421}\n"}
,{"stream_name":"stdout","time":2455.253732557,"data":"{\"unit\": \"D4_Stim48hr\", \"shard\": 78, \"of\": 141, \"seconds\": 2452}\n"}
,{"stream_name":"stdout","time":2486.762107116,"data":"{\"unit\": \"D4_Stim48hr\", \"shard\": 79, \"of\": 141, \"seconds\": 2484}\n"}
,{"stream_name":"stdout","time":2518.313669014,"data":"{\"unit\": \"D4_Stim48hr\", \"shard\": 80, \"of\": 141, \"seconds\": 2516}\n"}
,{"stream_name":"stdout","time":2548.462524854,"data":"{\"unit\": \"D4_Stim48hr\", \"shard\": 81, \"of\": 141, \"seconds\": 2546}\n"}
,{"stream_name":"stdout","time":2579.032084918,"data":"{\"unit\": \"D4_Stim48hr\", \"shard\": 82, \"of\": 141, \"seconds\": 2576}\n"}
,{"stream_name":"stdout","time":2610.1445072,"data":"{\"unit\": \"D4_Stim48hr\", \"shard\": 83, \"of\": 141, \"seconds\": 2607}\n"}
,{"stream_name":"stdout","time":2641.134617878,"data":"{\"unit\": \"D4_Stim48hr\", \"shard\": 84, \"of\": 141, \"seconds\": 2638}\n"}
,{"stream_name":"stdout","time":2672.24352545,"data":"{\"unit\": \"D4_Stim48hr\", \"shard\": 85, \"of\": 141, \"seconds\": 2669}\n"}
,{"stream_name":"stdout","time":2702.95483283,"data":"{\"unit\": \"D4_Stim48hr\", \"shard\": 86, \"of\": 141, \"seconds\": 2700}\n"}
,{"stream_name":"stdout","time":2732.941187283,"data":"{\"unit\": \"D4_Stim48hr\", \"shard\": 87, \"of\": 141, \"seconds\": 2730}\n"}
,{"stream_name":"stdout","time":2763.337468919,"data":"{\"unit\": \"D4_Stim48hr\", \"shard\": 88, \"of\": 141, \"seconds\": 2761}\n"}
,{"stream_name":"stdout","time":2794.604783725,"data":"{\"unit\": \"D4_Stim48hr\", \"shard\": 89, \"of\": 141, \"seconds\": 2792}\n"}
,{"stream_name":"stdout","time":2825.474366724,"data":"{\"unit\": \"D4_Stim48hr\", \"shard\": 90, \"of\": 141, \"seconds\": 2823}\n"}
,{"stream_name":"stdout","time":2856.107094968,"data":"{\"unit\": \"D4_Stim48hr\", \"shard\": 91, \"of\": 141, \"seconds\": 2853}\n"}
,{"stream_name":"stdout","time":2886.712126802,"data":"{\"unit\": \"D4_Stim48hr\", \"shard\": 92, \"of\": 141, \"seconds\": 2884}\n"}
,{"stream_name":"stdout","time":2916.208107601,"data":"{\"unit\": \"D4_Stim48hr\", \"shard\": 93, \"of\": 141, \"seconds\": 2913}\n"}
,{"stream_name":"stdout","time":2951.240641979,"data":"{\"unit\": \"D4_Stim48hr\", \"shard\": 94, \"of\": 141, \"seconds\": 2948}\n"}
,{"stream_name":"stdout","time":2983.577271894,"data":"{\"unit\": \"D4_Stim48hr\", \"shard\": 95, \"of\": 141, \"seconds\": 2981}\n"}
,{"stream_name":"stdout","time":3014.895157615,"data":"{\"unit\": \"D4_Stim48hr\", \"shard\": 96, \"of\": 141, \"seconds\": 3012}\n"}
,{"stream_name":"stdout","time":3046.184207924,"data":"{\"unit\": \"D4_Stim48hr\", \"shard\": 97, \"of\": 141, \"seconds\": 3043}\n"}
,{"stream_name":"stdout","time":3077.647136822,"data":"{\"unit\": \"D4_Stim48hr\", \"shard\": 98, \"of\": 141, \"seconds\": 3075}\n"}
,{"stream_name":"stdout","time":3107.704254615,"data":"{\"unit\": \"D4_Stim48hr\", \"shard\": 99, \"of\": 141, \"seconds\": 3105}\n"}
,{"stream_name":"stdout","time":3139.088973006,"data":"{\"unit\": \"D4_Stim48hr\", \"shard\": 100, \"of\": 141, \"seconds\": 3136}\n"}
,{"stream_name":"stdout","time":3169.912835041,"data":"{\"unit\": \"D4_Stim48hr\", \"shard\": 101, \"of\": 141, \"seconds\": 3167}\n"}
,{"stream_name":"stdout","time":3200.769762614,"data":"{\"unit\": \"D4_Stim48hr\", \"shard\": 102, \"of\": 141, \"seconds\": 3198}\n"}
,{"stream_name":"stdout","time":3231.680989939,"data":"{\"unit\": \"D4_Stim48hr\", \"shard\": 103, \"of\": 141, \"seconds\": 3229}\n"}
,{"stream_name":"stdout","time":3262.682754618,"data":"{\"unit\": \"D4_Stim48hr\", \"shard\": 104, \"of\": 141, \"seconds\": 3260}\n"}
,{"stream_name":"stdout","time":3292.898292941,"data":"{\"unit\": \"D4_Stim48hr\", \"shard\": 105, \"of\": 141, \"seconds\": 3290}\n"}
,{"stream_name":"stdout","time":3323.489871364,"data":"{\"unit\": \"D4_Stim48hr\", \"shard\": 106, \"of\": 141, \"seconds\": 3321}\n"}
,{"stream_name":"stdout","time":3354.331455406,"data":"{\"unit\": \"D4_Stim48hr\", \"shard\": 107, \"of\": 141, \"seconds\": 3352}\n"}
,{"stream_name":"stdout","time":3385.511866488,"data":"{\"unit\": \"D4_Stim48hr\", \"shard\": 108, \"of\": 141, \"seconds\": 3383}\n"}
,{"stream_name":"stdout","time":3416.539096263,"data":"{\"unit\": \"D4_Stim48hr\", \"shard\": 109, \"of\": 141, \"seconds\": 3414}\n"}
,{"stream_name":"stdout","time":3447.220720077,"data":"{\"unit\": \"D4_Stim48hr\", \"shard\": 110, \"of\": 141, \"seconds\": 3444}\n"}
,{"stream_name":"stdout","time":3476.913439005,"data":"{\"unit\": \"D4_Stim48hr\", \"shard\": 111, \"of\": 141, \"seconds\": 3474}\n"}
,{"stream_name":"stdout","time":3507.780753968,"data":"{\"unit\": \"D4_Stim48hr\", \"shard\": 112, \"of\": 141, \"seconds\": 3505}\n"}
,{"stream_name":"stdout","time":3541.105812231,"data":"{\"unit\": \"D4_Stim48hr\", \"shard\": 113, \"of\": 141, \"seconds\": 3538}\n"}
,{"stream_name":"stdout","time":3582.147364075,"data":"{\"unit\": \"D4_Stim48hr\", \"shard\": 114, \"of\": 141, \"seconds\": 3579}\n"}
,{"stream_name":"stdout","time":3614.388407727,"data":"{\"unit\": \"D4_Stim48hr\", \"shard\": 115, \"of\": 141, \"seconds\": 3612}\n"}
,{"stream_name":"stdout","time":3646.496461746,"data":"{\"unit\": \"D4_Stim48hr\", \"shard\": 116, \"of\": 141, \"seconds\": 3644}\n"}
,{"stream_name":"stdout","time":3677.458346903,"data":"{\"unit\": \"D4_Stim48hr\", \"shard\": 117, \"of\": 141, \"seconds\": 3675}\n"}
,{"stream_name":"stdout","time":3709.191481497,"data":"{\"unit\": \"D4_Stim48hr\", \"shard\": 118, \"of\": 141, \"seconds\": 3706}\n"}
,{"stream_name":"stdout","time":3740.64630494,"data":"{\"unit\": \"D4_Stim48hr\", \"shard\": 119, \"of\": 141, \"seconds\": 3738}\n"}
,{"stream_name":"stdout","time":3772.769865039,"data":"{\"unit\": \"D4_Stim48hr\", \"shard\": 120, \"of\": 141, \"seconds\": 3770}\n"}
,{"stream_name":"stdout","time":3805.000172067,"data":"{\"unit\": \"D4_Stim48hr\", \"shard\": 121, \"of\": 141, \"seconds\": 3802}\n"}
,{"stream_name":"stdout","time":3836.101214351,"data":"{\"unit\": \"D4_Stim48hr\", \"shard\": 122, \"of\": 141, \"seconds\": 3833}\n"}
,{"stream_name":"stdout","time":3867.470158723,"data":"{\"unit\": \"D4_Stim48hr\", \"shard\": 123, \"of\": 141, \"seconds\": 3865}\n"}
,{"stream_name":"stdout","time":3897.920401744,"data":"{\"unit\": \"D4_Stim48hr\", \"shard\": 124, \"of\": 141, \"seconds\": 3895}\n"}
,{"stream_name":"stdout","time":3927.468304333,"data":"{\"unit\": \"D4_Stim48hr\", \"shard\": 125, \"of\": 141, \"seconds\": 3925}\n"}
,{"stream_name":"stdout","time":3957.244427316,"data":"{\"unit\": \"D4_Stim48hr\", \"shard\": 126, \"of\": 141, \"seconds\": 3954}\n"}
,{"stream_name":"stdout","time":3986.696529193,"data":"{\"unit\": \"D4_Stim48hr\", \"shard\": 127, \"of\": 141, \"seconds\": 3984}\n"}
,{"stream_name":"stdout","time":4015.207433619,"data":"{\"unit\": \"D4_Stim48hr\", \"shard\": 128, \"of\": 141, \"seconds\": 4012}\n"}
,{"stream_name":"stdout","time":4044.128139488,"data":"{\"unit\": \"D4_Stim48hr\", \"shard\": 129, \"of\": 141, \"seconds\": 4041}\n"}
,{"stream_name":"stdout","time":4073.638773858,"data":"{\"unit\": \"D4_Stim48hr\", \"shard\": 130, \"of\": 141, \"seconds\": 4071}\n"}
,{"stream_name":"stdout","time":4102.859480655,"data":"{\"unit\": \"D4_Stim48hr\", \"shard\": 131, \"of\": 141, \"seconds\": 4100}\n"}
,{"stream_name":"stdout","time":4133.478340323,"data":"{\"unit\": \"D4_Stim48hr\", \"shard\": 132, \"of\": 141, \"seconds\": 4131}\n"}
,{"stream_name":"stdout","time":4163.411954234,"data":"{\"unit\": \"D4_Stim48hr\", \"shard\": 133, \"of\": 141, \"seconds\": 4161}\n"}
,{"stream_name":"stdout","time":4200.715559764,"data":"{\"unit\": \"D4_Stim48hr\", \"shard\": 134, \"of\": 141, \"seconds\": 4198}\n"}
,{"stream_name":"stdout","time":4230.551098246,"data":"{\"unit\": \"D4_Stim48hr\", \"shard\": 135, \"of\": 141, \"seconds\": 4228}\n"}
,{"stream_name":"stdout","time":4261.204224949,"data":"{\"unit\": \"D4_Stim48hr\", \"shard\": 136, \"of\": 141, \"seconds\": 4258}\n"}
,{"stream_name":"stdout","time":4292.019058252,"data":"{\"unit\": \"D4_Stim48hr\", \"shard\": 137, \"of\": 141, \"seconds\": 4289}\n"}
,{"stream_name":"stdout","time":4323.020510348,"data":"{\"unit\": \"D4_Stim48hr\", \"shard\": 138, \"of\": 141, \"seconds\": 4320}\n"}
,{"stream_name":"stdout","time":4353.909844781,"data":"{\"unit\": \"D4_Stim48hr\", \"shard\": 139, \"of\": 141, \"seconds\": 4351}\n"}
,{"stream_name":"stdout","time":4383.958980095,"data":"{\"unit\": \"D4_Stim48hr\", \"shard\": 140, \"of\": 141, \"seconds\": 4381}\n"}
,{"stream_name":"stdout","time":4407.622278239,"data":"{\"unit\": \"D4_Stim48hr\", \"shard\": 141, \"of\": 141, \"seconds\": 4405}\n"}
,{"stream_name":"stdout","time":6117.651101142,"data":"{\"unit\": \"D4_Stim48hr\", \"complete\": true, \"cells_used\": 1878125, \"seconds\": 6107}\n"}
,{"stream_name":"stderr","time":6123.285000527,"data":"/usr/local/lib/python3.13/dist-packages/mistune.py:435: SyntaxWarning: invalid escape sequence '\\|'\n"}
,{"stream_name":"stderr","time":6123.285056415,"data":"  cells[i][c] = re.sub('\\\\\\\\\\|', '|', cell)\n"}
,{"stream_name":"stderr","time":6123.702690776,"data":"/usr/local/lib/python3.13/dist-packages/nbconvert/filters/filter_links.py:36: SyntaxWarning: invalid escape sequence '\\_'\n"}
,{"stream_name":"stderr","time":6123.702727273,"data":"  text = re.sub(r'_', '\\_', text) # Escape underscores in display text\n"}
,{"stream_name":"stderr","time":6125.427305986,"data":"[NbConvertApp] Converting notebook __script__.ipynb to html\n"}
,{"stream_name":"stderr","time":6126.689467694,"data":"[NbConvertApp] Writing 302904 bytes to __results__.html\n"}
]