[{"stream_name":"stdout","time":4.66865705,"data":"Collecting anndata==0.13.3.post0\n"}
,{"stream_name":"stdout","time":4.8518773060000004,"data":"  Downloading anndata-0.13.3.post0-py3-none-any.whl.metadata (7.2 kB)\n"}
,{"stream_name":"stdout","time":4.882254553,"data":"Requirement already satisfied: zstandard==0.25.0 in /usr/local/lib/python3.13/dist-packages (0.25.0)\n"}
,{"stream_name":"stdout","time":4.995131588,"data":"Collecting array-api-compat\u003e=1.7.1 (from anndata==0.13.3.post0)\n"}
,{"stream_name":"stdout","time":5.049076711,"data":"  Downloading array_api_compat-1.15.0-py3-none-any.whl.metadata (1.4 kB)\n"}
,{"stream_name":"stdout","time":5.069964822,"data":"Requirement already satisfied: h5py\u003e=3.11 in /usr/local/lib/python3.13/dist-packages (from anndata==0.13.3.post0) (3.16.0)\n"}
,{"stream_name":"stdout","time":5.158319828,"data":"Collecting legacy-api-wrap (from anndata==0.13.3.post0)\n"}
,{"stream_name":"stdout","time":5.212847356,"data":"  Downloading legacy_api_wrap-1.5-py3-none-any.whl.metadata (2.2 kB)\n"}
,{"stream_name":"stdout","time":5.244019054,"data":"Requirement already satisfied: natsort in /usr/local/lib/python3.13/dist-packages (from anndata==0.13.3.post0) (8.4.0)\n"}
,{"stream_name":"stdout","time":5.252577554,"data":"Requirement already satisfied: numpy\u003e=2.1 in /usr/local/lib/python3.13/dist-packages (from anndata==0.13.3.post0) (2.1.3)\n"}
,{"stream_name":"stdout","time":5.254102566,"data":"Requirement already satisfied: packaging\u003e=24.2 in /usr/local/lib/python3.13/dist-packages (from anndata==0.13.3.post0) (26.3)\n"}
,{"stream_name":"stdout","time":5.265351464,"data":"Requirement already satisfied: pandas\u003e=2.3 in /usr/local/lib/python3.13/dist-packages (from anndata==0.13.3.post0) (2.3.3)\n"}
,{"stream_name":"stdout","time":5.273848199,"data":"Requirement already satisfied: scipy!=1.17.0,\u003e=1.14 in /usr/local/lib/python3.13/dist-packages (from anndata==0.13.3.post0) (1.16.3)\n"}
,{"stream_name":"stdout","time":5.373741489,"data":"Collecting scverse-misc\u003e=0.1.0 (from scverse-misc[settings]\u003e=0.1.0-\u003eanndata==0.13.3.post0)\n"}
,{"stream_name":"stdout","time":5.447410759,"data":"  Downloading scverse_misc-0.1.6-py3-none-any.whl.metadata (4.9 kB)\n"}
,{"stream_name":"stdout","time":5.476933024,"data":"Requirement already satisfied: typing-extensions\u003e=4.16 in /usr/local/lib/python3.13/dist-packages (from anndata==0.13.3.post0) (4.16.0)\n"}
,{"stream_name":"stdout","time":5.638630423,"data":"Collecting zarr\u003e=3.1 (from anndata==0.13.3.post0)\n"}
,{"stream_name":"stdout","time":5.694703399,"data":"  Downloading zarr-3.4.1-py3-none-any.whl.metadata (5.8 kB)\n"}
,{"stream_name":"stdout","time":5.7678811119999995,"data":"Requirement already satisfied: python-dateutil\u003e=2.8.2 in /usr/local/lib/python3.13/dist-packages (from pandas\u003e=2.3-\u003eanndata==0.13.3.post0) (2.9.0.post0)\n"}
,{"stream_name":"stdout","time":5.770436342,"data":"Requirement already satisfied: pytz\u003e=2020.1 in /usr/local/lib/python3.13/dist-packages (from pandas\u003e=2.3-\u003eanndata==0.13.3.post0) (2025.2)\n"}
,{"stream_name":"stdout","time":5.772477949,"data":"Requirement already satisfied: tzdata\u003e=2022.7 in /usr/local/lib/python3.13/dist-packages (from pandas\u003e=2.3-\u003eanndata==0.13.3.post0) (2026.3)\n"}
,{"stream_name":"stdout","time":5.895749294,"data":"Collecting session-info2 (from scverse-misc\u003e=0.1.0-\u003escverse-misc[settings]\u003e=0.1.0-\u003eanndata==0.13.3.post0)\n"}
,{"stream_name":"stdout","time":5.950821418,"data":"  Downloading session_info2-0.4.2-py3-none-any.whl.metadata (2.4 kB)\n"}
,{"stream_name":"stdout","time":6.092011035,"data":"Collecting pydantic-settings (from scverse-misc[settings]\u003e=0.1.0-\u003eanndata==0.13.3.post0)\n"}
,{"stream_name":"stdout","time":6.146765757,"data":"  Downloading pydantic_settings-2.15.0-py3-none-any.whl.metadata (3.9 kB)\n"}
,{"stream_name":"stdout","time":6.171822846,"data":"Requirement already satisfied: python-dotenv in /usr/local/lib/python3.13/dist-packages (from scverse-misc[settings]\u003e=0.1.0-\u003eanndata==0.13.3.post0) (1.2.3)\n"}
,{"stream_name":"stdout","time":6.272754235,"data":"Collecting donfig\u003e=0.8 (from zarr\u003e=3.1-\u003eanndata==0.13.3.post0)\n"}
,{"stream_name":"stdout","time":6.32793967,"data":"  Downloading donfig-0.8.1.post1-py3-none-any.whl.metadata (5.0 kB)\n"}
,{"stream_name":"stdout","time":6.35524322,"data":"Requirement already satisfied: google-crc32c\u003e=1.5 in /usr/local/lib/python3.13/dist-packages (from zarr\u003e=3.1-\u003eanndata==0.13.3.post0) (1.8.0)\n"}
,{"stream_name":"stdout","time":6.682045558,"data":"Collecting msgspec\u003e=0.19 (from zarr\u003e=3.1-\u003eanndata==0.13.3.post0)\n"}
,{"stream_name":"stdout","time":6.738487706,"data":"  Downloading msgspec-0.22.0-cp313-cp313-manylinux2014_x86_64.manylinux_2_17_x86_64.manylinux_2_28_x86_64.whl.metadata (6.0 kB)\n"}
,{"stream_name":"stdout","time":6.966854965,"data":"Collecting numcodecs\u003e=0.16 (from zarr\u003e=3.1-\u003eanndata==0.13.3.post0)\n"}
,{"stream_name":"stdout","time":7.021537212,"data":"  Downloading numcodecs-0.17.0-cp313-cp313-manylinux2014_x86_64.manylinux_2_17_x86_64.manylinux_2_28_x86_64.whl.metadata (3.2 kB)\n"}
,{"stream_name":"stdout","time":7.057472028,"data":"Requirement already satisfied: pyyaml in /usr/local/lib/python3.13/dist-packages (from donfig\u003e=0.8-\u003ezarr\u003e=3.1-\u003eanndata==0.13.3.post0) (6.0.3)\n"}
,{"stream_name":"stdout","time":7.070969863,"data":"Requirement already satisfied: six\u003e=1.5 in /usr/local/lib/python3.13/dist-packages (from python-dateutil\u003e=2.8.2-\u003epandas\u003e=2.3-\u003eanndata==0.13.3.post0) (1.17.0)\n"}
,{"stream_name":"stdout","time":7.081201949,"data":"Requirement already satisfied: pydantic\u003e=2.7.0 in /usr/local/lib/python3.13/dist-packages (from pydantic-settings-\u003escverse-misc[settings]\u003e=0.1.0-\u003eanndata==0.13.3.post0) (2.13.5)\n"}
,{"stream_name":"stdout","time":7.083845864,"data":"Requirement already satisfied: typing-inspection\u003e=0.4.0 in /usr/local/lib/python3.13/dist-packages (from pydantic-settings-\u003escverse-misc[settings]\u003e=0.1.0-\u003eanndata==0.13.3.post0) (0.4.4)\n"}
,{"stream_name":"stdout","time":7.093431285,"data":"Requirement already satisfied: annotated-types\u003e=0.6.0 in /usr/local/lib/python3.13/dist-packages (from pydantic\u003e=2.7.0-\u003epydantic-settings-\u003escverse-misc[settings]\u003e=0.1.0-\u003eanndata==0.13.3.post0) (0.8.0)\n"}
,{"stream_name":"stdout","time":7.095195068,"data":"Requirement already satisfied: pydantic-core==2.46.5 in /usr/local/lib/python3.13/dist-packages (from pydantic\u003e=2.7.0-\u003epydantic-settings-\u003escverse-misc[settings]\u003e=0.1.0-\u003eanndata==0.13.3.post0) (2.46.5)\n"}
,{"stream_name":"stdout","time":7.165146917,"data":"Downloading anndata-0.13.3.post0-py3-none-any.whl (188 kB)\n"}
,{"stream_name":"stdout","time":7.309950148,"data":"   ━━━━━━━━━━━━━━━━━━━━━━━━━━━━━━━━━━━━━━━━ 188.8/188.8 kB 1.3 MB/s eta 0:00:00\n"}
,{"stream_name":"stdout","time":7.366999422,"data":"Downloading array_api_compat-1.15.0-py3-none-any.whl (79 kB)\n"}
,{"stream_name":"stdout","time":7.408689453,"data":"   ━━━━━━━━━━━━━━━━━━━━━━━━━━━━━━━━━━━━━━━━ 79.1/79.1 kB 1.8 MB/s eta 0:00:00\n"}
,{"stream_name":"stdout","time":7.466018697,"data":"Downloading scverse_misc-0.1.6-py3-none-any.whl (28 kB)\n"}
,{"stream_name":"stdout","time":7.548622963,"data":"Downloading zarr-3.4.1-py3-none-any.whl (405 kB)\n"}
,{"stream_name":"stdout","time":7.654253705,"data":"   ━━━━━━━━━━━━━━━━━━━━━━━━━━━━━━━━━━━━━━━━ 405.3/405.3 kB 3.9 MB/s eta 0:00:00\n"}
,{"stream_name":"stdout","time":7.711030548,"data":"Downloading legacy_api_wrap-1.5-py3-none-any.whl (10 kB)\n"}
,{"stream_name":"stdout","time":7.79308466,"data":"Downloading donfig-0.8.1.post1-py3-none-any.whl (21 kB)\n"}
,{"stream_name":"stdout","time":7.879026597,"data":"Downloading msgspec-0.22.0-cp313-cp313-manylinux2014_x86_64.manylinux_2_17_x86_64.manylinux_2_28_x86_64.whl (230 kB)\n"}
,{"stream_name":"stdout","time":7.913635026,"data":"   ━━━━━━━━━━━━━━━━━━━━━━━━━━━━━━━━━━━━━━━━ 230.5/230.5 kB 7.1 MB/s eta 0:00:00\n"}
,{"stream_name":"stdout","time":7.969655698,"data":"Downloading numcodecs-0.17.0-cp313-cp313-manylinux2014_x86_64.manylinux_2_17_x86_64.manylinux_2_28_x86_64.whl (1.4 MB)\n"}
,{"stream_name":"stdout","time":8.072974463,"data":"   ━━━━━━━━━━━━━━━━━━━━━━━━━━━━━━━━━━━━━━━━ 1.4/1.4 MB 14.2 MB/s eta 0:00:00\n"}
,{"stream_name":"stdout","time":8.129259955,"data":"Downloading pydantic_settings-2.15.0-py3-none-any.whl (69 kB)\n"}
,{"stream_name":"stdout","time":8.154376975,"data":"   ━━━━━━━━━━━━━━━━━━━━━━━━━━━━━━━━━━━━━━━━ 69.4/69.4 kB 2.7 MB/s eta 0:00:00\n"}
,{"stream_name":"stdout","time":8.210879614,"data":"Downloading session_info2-0.4.2-py3-none-any.whl (17 kB)\n"}
,{"stream_name":"stdout","time":10.909599311000001,"data":"Installing collected packages: session-info2, numcodecs, msgspec, legacy-api-wrap, donfig, array-api-compat, zarr, scverse-misc, pydantic-settings, anndata\n"}
,{"stream_name":"stdout","time":12.105489128,"data":"Successfully installed anndata-0.13.3.post0 array-api-compat-1.15.0 donfig-0.8.1.post1 legacy-api-wrap-1.5 msgspec-0.22.0 numcodecs-0.17.0 pydantic-settings-2.15.0 scverse-misc-0.1.6 session-info2-0.4.2 zarr-3.4.1\n"}
,{"stream_name":"stdout","time":20.822623663999998,"data":"[15:41:43] cache targets NOT verified: 300/300 panel targets in the recipe's tables\n"}
,{"stream_name":"stdout","time":20.932700202,"data":"[15:41:43] cis prior (ln, median by bin, panel targets excluded): 0:-0.332 1000:-0.231 2000:-0.109 5000:-0.087 10000:-0.036\n"}
,{"stream_name":"stdout","time":25.220275528,"data":"[15:41:48] A: cis head on 78 pairs of 77 targets\n"}
,{"stream_name":"stdout","time":27.829511456,"data":"[15:41:50] A: 300/300 targets, median 14964 genes moved, median q99 |ln fc| 0.565\n"}
,{"stream_name":"stdout","time":32.03765333,"data":"[15:41:55] B: cis head on 78 pairs of 77 targets\n"}
,{"stream_name":"stdout","time":34.679265962,"data":"[15:41:57] B: 300/300 targets, median 14964 genes moved, median q99 |ln fc| 0.565\n"}
,{"stream_name":"stdout","time":38.92624692,"data":"[15:42:01] C: cis head on 78 pairs of 77 targets\n"}
,{"stream_name":"stdout","time":41.561431482,"data":"[15:42:04] C: 300/300 targets, median 14964 genes moved, median q99 |ln fc| 0.565\n"}
,{"stream_name":"stdout","time":42.56988038,"data":"[15:42:05] wrote /kaggle/temp/ammi_anchors_r1/A/out\n"}
,{"stream_name":"stdout","time":45.839539783,"data":"[15:42:08] cache targets NOT verified: 300/300 panel targets in the recipe's tables\n"}
,{"stream_name":"stdout","time":45.925647967,"data":"[15:42:08] cis prior (ln, median by bin, panel targets excluded): 0:-0.332 1000:-0.231 2000:-0.109 5000:-0.087 10000:-0.036\n"}
,{"stream_name":"stdout","time":49.892514966,"data":"[15:42:12] production_without_CD4T: cis head on 78 pairs of 77 targets\n"}
,{"stream_name":"stdout","time":52.610054212,"data":"[15:42:15] production_without_CD4T: 300/300 targets, median 14532 genes moved, median q99 |ln fc| 0.532\n"}
,{"stream_name":"stdout","time":53.458035196,"data":"[15:42:16] wrote /kaggle/temp/ammi_anchors_r1/production_without_CD4T/out\n"}
,{"stream_name":"stdout","time":56.992836544,"data":"[15:42:20] cache targets NOT verified: 300/300 panel targets in the recipe's tables\n"}
,{"stream_name":"stdout","time":57.080200293,"data":"[15:42:20] cis prior (ln, median by bin, panel targets excluded): 0:-0.332 1000:-0.231 2000:-0.109 5000:-0.087 10000:-0.036\n"}
,{"stream_name":"stdout","time":61.337518549,"data":"[15:42:24] production_without_H1: cis head on 78 pairs of 77 targets\n"}
,{"stream_name":"stdout","time":63.969307029,"data":"[15:42:27] production_without_H1: 300/300 targets, median 14963 genes moved, median q99 |ln fc| 0.568\n"}
,{"stream_name":"stdout","time":64.91519037,"data":"[15:42:27] wrote /kaggle/temp/ammi_anchors_r1/production_without_H1/out\n"}
,{"stream_name":"stdout","time":67.924656904,"data":"[15:42:30] cache targets NOT verified: 300/300 panel targets in the recipe's tables\n"}
,{"stream_name":"stdout","time":68.011504704,"data":"[15:42:31] cis prior (ln, median by bin, panel targets excluded): 0:-0.332 1000:-0.231 2000:-0.109 5000:-0.087 10000:-0.036\n"}
,{"stream_name":"stdout","time":71.868747183,"data":"[15:42:34] production_without_HCT116: cis head on 78 pairs of 77 targets\n"}
,{"stream_name":"stdout","time":74.523601574,"data":"[15:42:37] production_without_HCT116: 300/300 targets, median 14806 genes moved, median q99 |ln fc| 0.586\n"}
,{"stream_name":"stdout","time":75.296008069,"data":"[15:42:38] wrote /kaggle/temp/ammi_anchors_r1/production_without_HCT116/out\n"}
,{"stream_name":"stdout","time":78.298142806,"data":"[15:42:41] cache targets NOT verified: 300/300 panel targets in the recipe's tables\n"}
,{"stream_name":"stdout","time":78.383457686,"data":"[15:42:41] cis prior (ln, median by bin, panel targets excluded): 0:-0.332 1000:-0.231 2000:-0.109 5000:-0.087 10000:-0.036\n"}
,{"stream_name":"stdout","time":82.233939212,"data":"[15:42:45] production_without_HEK293: cis head on 78 pairs of 77 targets\n"}
,{"stream_name":"stdout","time":84.917139901,"data":"[15:42:47] production_without_HEK293: 300/300 targets, median 14703 genes moved, median q99 |ln fc| 0.631\n"}
,{"stream_name":"stdout","time":85.692877287,"data":"[15:42:48] wrote /kaggle/temp/ammi_anchors_r1/production_without_HEK293/out\n"}
,{"stream_name":"stdout","time":89.238652846,"data":"[15:42:52] cache targets NOT verified: 300/300 panel targets in the recipe's tables\n"}
,{"stream_name":"stdout","time":89.323328765,"data":"[15:42:52] cis prior (ln, median by bin, panel targets excluded): 0:-0.332 1000:-0.231 2000:-0.109 5000:-0.087 10000:-0.036\n"}
,{"stream_name":"stdout","time":93.580631246,"data":"[15:42:56] production_without_HepG2: cis head on 78 pairs of 77 targets\n"}
,{"stream_name":"stdout","time":96.20249778,"data":"[15:42:59] production_without_HepG2: 300/300 targets, median 14964 genes moved, median q99 |ln fc| 0.565\n"}
,{"stream_name":"stdout","time":97.158398211,"data":"[15:43:00] wrote /kaggle/temp/ammi_anchors_r1/production_without_HepG2/out\n"}
,{"stream_name":"stdout","time":100.653474345,"data":"[15:43:03] cache targets NOT verified: 300/300 panel targets in the recipe's tables\n"}
,{"stream_name":"stdout","time":100.737208238,"data":"[15:43:03] cis prior (ln, median by bin, panel targets excluded): 0:-0.332 1000:-0.231 2000:-0.109 5000:-0.087 10000:-0.036\n"}
,{"stream_name":"stdout","time":105.079075033,"data":"[15:43:08] production_without_Jurkat: cis head on 78 pairs of 77 targets\n"}
,{"stream_name":"stdout","time":107.676814087,"data":"[15:43:10] production_without_Jurkat: 300/300 targets, median 14964 genes moved, median q99 |ln fc| 0.565\n"}
,{"stream_name":"stdout","time":108.637857108,"data":"[15:43:11] wrote /kaggle/temp/ammi_anchors_r1/production_without_Jurkat/out\n"}
,{"stream_name":"stdout","time":111.755784925,"data":"[15:43:14] cache targets NOT verified: 300/300 panel targets in the recipe's tables\n"}
,{"stream_name":"stdout","time":111.842026156,"data":"[15:43:14] cis prior (ln, median by bin, panel targets excluded): 0:-0.332 1000:-0.231 2000:-0.109 5000:-0.087 10000:-0.036\n"}
,{"stream_name":"stdout","time":115.814537848,"data":"[15:43:18] production_without_K562: cis head on 78 pairs of 77 targets\n"}
,{"stream_name":"stdout","time":118.427839688,"data":"[15:43:21] production_without_K562: 300/300 targets, median 14802 genes moved, median q99 |ln fc| 0.568\n"}
,{"stream_name":"stdout","time":119.278347577,"data":"[15:43:22] wrote /kaggle/temp/ammi_anchors_r1/production_without_K562/out\n"}
,{"stream_name":"stdout","time":122.759327432,"data":"[15:43:25] cache targets NOT verified: 300/300 panel targets in the recipe's tables\n"}
,{"stream_name":"stdout","time":122.844847095,"data":"[15:43:25] cis prior (ln, median by bin, panel targets excluded): 0:-0.332 1000:-0.231 2000:-0.109 5000:-0.087 10000:-0.036\n"}
,{"stream_name":"stdout","time":127.169541484,"data":"[15:43:30] production_without_RPE1: cis head on 78 pairs of 77 targets\n"}
,{"stream_name":"stdout","time":129.767893105,"data":"[15:43:32] production_without_RPE1: 300/300 targets, median 14964 genes moved, median q99 |ln fc| 0.565\n"}
,{"stream_name":"stdout","time":130.720371078,"data":"[15:43:33] wrote /kaggle/temp/ammi_anchors_r1/production_without_RPE1/out\n"}
,{"stream_name":"stdout","time":133.561442424,"data":"[15:43:36] cache targets NOT verified: 300/300 panel targets in the recipe's tables\n"}
,{"stream_name":"stdout","time":133.646659332,"data":"[15:43:36] cis prior (ln, median by bin, panel targets excluded): 0:-0.332 1000:-0.231 2000:-0.109 5000:-0.087 10000:-0.036\n"}
,{"stream_name":"stdout","time":137.500071938,"data":"[15:43:40] production_without_iPSC: cis head on 78 pairs of 77 targets\n"}
,{"stream_name":"stdout","time":140.196927883,"data":"[15:43:43] production_without_iPSC: 300/300 targets, median 14167 genes moved, median q99 |ln fc| 0.534\n"}
,{"stream_name":"stdout","time":140.886089762,"data":"[15:43:43] wrote /kaggle/temp/ammi_anchors_r1/production_without_iPSC/out\n"}
,{"stream_name":"stdout","time":144.414858129,"data":"[15:43:47] cache targets NOT verified: 300/300 panel targets in the recipe's tables\n"}
,{"stream_name":"stdout","time":144.49844919,"data":"[15:43:47] cis prior (ln, median by bin, panel targets excluded): 0:-0.332 1000:-0.231 2000:-0.109 5000:-0.087 10000:-0.036\n"}
,{"stream_name":"stdout","time":148.767937691,"data":"[15:43:51] production_without_neuron: cis head on 78 pairs of 77 targets\n"}
,{"stream_name":"stdout","time":151.364011724,"data":"[15:43:54] production_without_neuron: 300/300 targets, median 14964 genes moved, median q99 |ln fc| 0.565\n"}
,{"stream_name":"stdout","time":152.321585728,"data":"[15:43:55] wrote /kaggle/temp/ammi_anchors_r1/production_without_neuron/out\n"}
,{"stream_name":"stdout","time":155.857587774,"data":"[15:43:58] cache targets NOT verified: 300/300 panel targets in the recipe's tables\n"}
,{"stream_name":"stdout","time":155.943583443,"data":"[15:43:59] cis prior (ln, median by bin, panel targets excluded): 0:-0.332 1000:-0.231 2000:-0.109 5000:-0.087 10000:-0.036\n"}
,{"stream_name":"stdout","time":160.27654082,"data":"[15:44:03] production_query: cis head on 78 pairs of 77 targets\n"}
,{"stream_name":"stdout","time":162.889594848,"data":"[15:44:05] production_query: 300/300 targets, median 14964 genes moved, median q99 |ln fc| 0.565\n"}
,{"stream_name":"stdout","time":163.852567965,"data":"[15:44:06] wrote /kaggle/temp/ammi_anchors_r1/production_query/out\n"}
,{"stream_name":"stderr","time":167.056245883,"data":"/usr/local/lib/python3.13/dist-packages/mistune.py:435: SyntaxWarning: invalid escape sequence '\\|'\n"}
,{"stream_name":"stderr","time":167.056313169,"data":"  cells[i][c] = re.sub('\\\\\\\\\\|', '|', cell)\n"}
,{"stream_name":"stderr","time":167.428646245,"data":"/usr/local/lib/python3.13/dist-packages/nbconvert/filters/filter_links.py:36: SyntaxWarning: invalid escape sequence '\\_'\n"}
,{"stream_name":"stderr","time":167.428747943,"data":"  text = re.sub(r'_', '\\_', text) # Escape underscores in display text\n"}
,{"stream_name":"stderr","time":168.605815756,"data":"[NbConvertApp] Converting notebook __script__.ipynb to html\n"}
,{"stream_name":"stderr","time":170.036352251,"data":"[NbConvertApp] Writing 725650 bytes to __results__.html\n"}
]