[0.0s] data 109586 rows; outer ipsc; inner orion; regime C
[38.9s] true step=0 validation_rank=0.542231
[45.9s] true {"step": 50, "loss": 1.6321091651916504, "usable_rows": 12, "skipped_batches": 0, "validation_rank": 0.542107529527559}
[52.5s] true {"step": 100, "loss": 1.6840578317642212, "usable_rows": 14, "skipped_batches": 0, "validation_rank": 0.5442913385826772}
[58.9s] true {"step": 150, "loss": 1.4515019655227661, "usable_rows": 16, "skipped_batches": 0, "validation_rank": 0.5467212106299213}
[65.5s] true {"step": 200, "loss": 1.5381284952163696, "usable_rows": 16, "skipped_batches": 0, "validation_rank": 0.546998031496063}
[72.0s] true {"step": 250, "loss": 1.6464565992355347, "usable_rows": 15, "skipped_batches": 0, "validation_rank": 0.5465981791338582}
[78.7s] true {"step": 300, "loss": 1.6817647218704224, "usable_rows": 16, "skipped_batches": 0, "validation_rank": 0.5463521161417323}
[85.2s] true {"step": 350, "loss": 1.523280382156372, "usable_rows": 16, "skipped_batches": 0, "validation_rank": 0.5462906003937007}
[91.9s] true {"step": 400, "loss": 1.4125347137451172, "usable_rows": 16, "skipped_batches": 0, "validation_rank": 0.547121062992126}
[98.5s] true {"step": 450, "loss": 1.6777338981628418, "usable_rows": 15, "skipped_batches": 0, "validation_rank": 0.5476439468503937}
[105.3s] true {"step": 500, "loss": 1.4683741331100464, "usable_rows": 16, "skipped_batches": 0, "validation_rank": 0.5452448326771654}
[111.9s] true {"step": 550, "loss": 1.5777091979980469, "usable_rows": 16, "skipped_batches": 0, "validation_rank": 0.5449987696850394}
[118.6s] true {"step": 600, "loss": 1.6948087215423584, "usable_rows": 12, "skipped_batches": 0, "validation_rank": 0.54419906496063}
[125.3s] true {"step": 650, "loss": 1.4893975257873535, "usable_rows": 16, "skipped_batches": 0, "validation_rank": 0.5438914862204725}
[131.9s] true {"step": 700, "loss": 1.5853294134140015, "usable_rows": 16, "skipped_batches": 0, "validation_rank": 0.5441683070866142}
[134.7s] blind step=0 validation_rank=0.542231
[141.3s] blind {"step": 50, "loss": 1.6321301460266113, "usable_rows": 12, "skipped_batches": 0, "validation_rank": 0.5421690452755905}
[147.9s] blind {"step": 100, "loss": 1.6833300590515137, "usable_rows": 14, "skipped_batches": 0, "validation_rank": 0.5445374015748032}
[154.4s] blind {"step": 150, "loss": 1.4518712759017944, "usable_rows": 16, "skipped_batches": 0, "validation_rank": 0.5467827263779528}
[161.2s] blind {"step": 200, "loss": 1.5367555618286133, "usable_rows": 16, "skipped_batches": 0, "validation_rank": 0.5462906003937008}
[167.7s] blind {"step": 250, "loss": 1.6457743644714355, "usable_rows": 15, "skipped_batches": 0, "validation_rank": 0.5465059055118111}
[174.2s] blind {"step": 300, "loss": 1.6836386919021606, "usable_rows": 16, "skipped_batches": 0, "validation_rank": 0.5463213582677166}
[180.7s] blind {"step": 350, "loss": 1.521950364112854, "usable_rows": 16, "skipped_batches": 0, "validation_rank": 0.5469365157480315}
[187.4s] blind {"step": 400, "loss": 1.4138400554656982, "usable_rows": 16, "skipped_batches": 0, "validation_rank": 0.5475209153543307}
[194.1s] blind {"step": 450, "loss": 1.6773267984390259, "usable_rows": 15, "skipped_batches": 0, "validation_rank": 0.5480130413385826}
[200.9s] blind {"step": 500, "loss": 1.4676467180252075, "usable_rows": 16, "skipped_batches": 0, "validation_rank": 0.5466596948818898}
[207.5s] blind {"step": 550, "loss": 1.5739727020263672, "usable_rows": 16, "skipped_batches": 0, "validation_rank": 0.5465059055118111}
[214.2s] blind {"step": 600, "loss": 1.6803396940231323, "usable_rows": 12, "skipped_batches": 0, "validation_rank": 0.5450602854330708}
[221.0s] blind {"step": 650, "loss": 1.4943807125091553, "usable_rows": 16, "skipped_batches": 0, "validation_rank": 0.545398622047244}
[227.6s] blind {"step": 700, "loss": 1.5931771993637085, "usable_rows": 16, "skipped_batches": 0, "validation_rank": 0.5420460137795275}
[250.4s] true {"step": 50, "loss": 1.7083390951156616, "usable_rows": 15, "skipped_batches": 0}
[255.8s] true {"step": 100, "loss": 1.7225432395935059, "usable_rows": 16, "skipped_batches": 0}
[261.0s] true {"step": 150, "loss": 1.427159070968628, "usable_rows": 16, "skipped_batches": 0}
[266.4s] true {"step": 200, "loss": 1.541813611984253, "usable_rows": 16, "skipped_batches": 0}
[271.4s] true {"step": 250, "loss": 1.528121829032898, "usable_rows": 16, "skipped_batches": 0}
[276.6s] true {"step": 300, "loss": 1.6728689670562744, "usable_rows": 16, "skipped_batches": 0}
[281.8s] true {"step": 350, "loss": 1.5016041994094849, "usable_rows": 16, "skipped_batches": 0}
[286.9s] true {"step": 400, "loss": 1.474687099456787, "usable_rows": 16, "skipped_batches": 0}
[292.2s] true {"step": 450, "loss": 1.59565269947052, "usable_rows": 16, "skipped_batches": 0}
[297.3s] blind {"step": 50, "loss": 1.7083202600479126, "usable_rows": 15, "skipped_batches": 0}
[302.8s] blind {"step": 100, "loss": 1.722376823425293, "usable_rows": 16, "skipped_batches": 0}
[308.0s] blind {"step": 150, "loss": 1.4312770366668701, "usable_rows": 16, "skipped_batches": 0}
[313.4s] blind {"step": 200, "loss": 1.5346267223358154, "usable_rows": 16, "skipped_batches": 0}
[318.4s] blind {"step": 250, "loss": 1.5353902578353882, "usable_rows": 16, "skipped_batches": 0}
[323.6s] blind {"step": 300, "loss": 1.6737080812454224, "usable_rows": 16, "skipped_batches": 0}
[328.9s] blind {"step": 350, "loss": 1.5008574724197388, "usable_rows": 16, "skipped_batches": 0}
[334.1s] blind {"step": 400, "loss": 1.4731327295303345, "usable_rows": 16, "skipped_batches": 0}
[339.4s] blind {"step": 450, "loss": 1.6039973497390747, "usable_rows": 16, "skipped_batches": 0}
[1135.2s] complete {"scope": "one outer family; not the cross-family promotion verdict", "contexts": {"kolf": {"transfer": {"mean": 0.0003248838062622286, "ci95": [-0.00696799321183953, 0.007694490735078276], "targets": 512}, "blind": {"mean": -0.0007682546477495115, "ci95": [-0.004602456886007831, 0.003088402794765164], "targets": 512}, "swap": {"mean": 0.00046630381604696085, "ci95": [-0.000657411937377696, 0.0015212206457925583], "targets": 512}, "prior_permuted": {"mean": -0.00020257460861056805, "ci95": [-0.0011084271037182015, 0.0006306568003913902], "targets": 512}, "null": {"mean": 0.051838077910958916, "ci95": [0.02742444540423191, 0.07652657167318984], "targets": 512}}, "hipsci_fit": {"transfer": {"mean": 0.006876070205479448, "ci95": [0.0015013454011741651, 0.012295896526418774], "targets": 512}, "blind": {"mean": -0.0014944655088062644, "ci95": [-0.004747221287915857, 0.0018884349009295474], "targets": 512}, "swap": {"mean": -0.0015097541585127193, "ci95": [-0.0021367799045988226, -0.0009134012659001944], "targets": 512}, "prior_permuted": {"mean": 6.497676125244629e-05, "ci95": [-0.0007033734405577318, 0.000890563845401174], "targets": 512}, "null": {"mean": 0.18780768407534248, "ci95": [0.16169118265349805, 0.21365371972847358], "targets": 512}}, "hipsci_nonfit": {"transfer": {"mean": 0.0026334699119373774, "ci95": [-0.00488940573018591, 0.010098153131115457], "targets": 512}, "blind": {"mean": -0.001345401174168298, "ci95": [-0.006013025929549903, 0.0029821466793052793], "targets": 512}, "swap": {"mean": -0.0009708292563600815, "ci95": [-0.0019493983916340548, 1.958858243639246e-05], "targets": 512}, "prior_permuted": {"mean": -0.00021786325831702424, "ci95": [-0.0012383806262230913, 0.0008944815618884548], "targets": 512}, "null": {"mean": 0.06729490276418787, "ci95": [0.04194765930772996, 0.09255251651174168], "targets": 512}}}, "rank_delta_macro_context": 0.0032781413078930184, "ci95_stratified_targets": [-0.0006945506156229616, 0.0071640701443248505], "not_vcc_score": true, "seconds_measured": 1135.1795148849487, "best_steps": {"true": 450, "blind": 450}, "parameters": 3314}
