[0.0s] data 109586 rows; outer rpe1; inner orion; regime C
[45.1s] true step=0 validation_rank=0.536879
[53.1s] true {"step": 50, "loss": 1.674691081047058, "usable_rows": 13, "skipped_batches": 0, "validation_rank": 0.5368786909448819}
[60.8s] true {"step": 100, "loss": 1.6718456745147705, "usable_rows": 16, "skipped_batches": 0, "validation_rank": 0.5370939960629921}
[68.4s] true {"step": 150, "loss": 1.6395137310028076, "usable_rows": 16, "skipped_batches": 0, "validation_rank": 0.5379244586614174}
[76.1s] true {"step": 200, "loss": 1.6611361503601074, "usable_rows": 14, "skipped_batches": 0, "validation_rank": 0.5399544783464567}
[83.8s] true {"step": 250, "loss": 1.711965799331665, "usable_rows": 16, "skipped_batches": 0, "validation_rank": 0.5433686023622047}
[91.1s] true {"step": 300, "loss": 1.702631950378418, "usable_rows": 15, "skipped_batches": 0, "validation_rank": 0.5411847933070866}
[98.6s] true {"step": 350, "loss": 1.6501660346984863, "usable_rows": 15, "skipped_batches": 0, "validation_rank": 0.5470903051181102}
[106.2s] true {"step": 400, "loss": 1.7124394178390503, "usable_rows": 15, "skipped_batches": 0, "validation_rank": 0.5487819881889764}
[113.8s] true {"step": 450, "loss": 1.5900993347167969, "usable_rows": 16, "skipped_batches": 0, "validation_rank": 0.5514579232283465}
[121.1s] true {"step": 500, "loss": 1.730522632598877, "usable_rows": 16, "skipped_batches": 0, "validation_rank": 0.5481668307086613}
[128.6s] true {"step": 550, "loss": 1.6416974067687988, "usable_rows": 16, "skipped_batches": 0, "validation_rank": 0.5483821358267716}
[136.1s] true {"step": 600, "loss": 1.5750797986984253, "usable_rows": 15, "skipped_batches": 0, "validation_rank": 0.5493048720472442}
[143.7s] true {"step": 650, "loss": 1.6706554889678955, "usable_rows": 16, "skipped_batches": 0, "validation_rank": 0.5503198818897639}
[151.1s] true {"step": 700, "loss": 1.6715576648712158, "usable_rows": 15, "skipped_batches": 0, "validation_rank": 0.549181840551181}
[154.3s] blind step=0 validation_rank=0.536879
[161.8s] blind {"step": 50, "loss": 1.6746758222579956, "usable_rows": 13, "skipped_batches": 0, "validation_rank": 0.5368786909448819}
[169.4s] blind {"step": 100, "loss": 1.6717499494552612, "usable_rows": 16, "skipped_batches": 0, "validation_rank": 0.5373400590551181}
[176.9s] blind {"step": 150, "loss": 1.6380466222763062, "usable_rows": 16, "skipped_batches": 0, "validation_rank": 0.5404466043307086}
[184.5s] blind {"step": 200, "loss": 1.6604541540145874, "usable_rows": 14, "skipped_batches": 0, "validation_rank": 0.5440145177165354}
[192.0s] blind {"step": 250, "loss": 1.7121909856796265, "usable_rows": 16, "skipped_batches": 0, "validation_rank": 0.5435223917322836}
[199.4s] blind {"step": 300, "loss": 1.7030911445617676, "usable_rows": 15, "skipped_batches": 0, "validation_rank": 0.5434301181102362}
[207.0s] blind {"step": 350, "loss": 1.650669813156128, "usable_rows": 15, "skipped_batches": 0, "validation_rank": 0.5481360728346457}
[214.7s] blind {"step": 400, "loss": 1.7145894765853882, "usable_rows": 15, "skipped_batches": 0, "validation_rank": 0.5480437992125984}
[222.5s] blind {"step": 450, "loss": 1.5936834812164307, "usable_rows": 16, "skipped_batches": 0, "validation_rank": 0.5506889763779528}
[230.4s] blind {"step": 500, "loss": 1.7300835847854614, "usable_rows": 16, "skipped_batches": 0, "validation_rank": 0.5480437992125984}
[238.4s] blind {"step": 550, "loss": 1.6415040493011475, "usable_rows": 16, "skipped_batches": 0, "validation_rank": 0.5437684547244095}
[246.7s] blind {"step": 600, "loss": 1.5738482475280762, "usable_rows": 15, "skipped_batches": 0, "validation_rank": 0.5494279035433072}
[254.8s] blind {"step": 650, "loss": 1.6696572303771973, "usable_rows": 16, "skipped_batches": 0, "validation_rank": 0.5500123031496063}
[262.9s] blind {"step": 700, "loss": 1.6683788299560547, "usable_rows": 15, "skipped_batches": 0, "validation_rank": 0.5475516732283465}
[286.7s] true {"step": 50, "loss": 1.6222326755523682, "usable_rows": 13, "skipped_batches": 0}
[292.7s] true {"step": 100, "loss": 1.6368653774261475, "usable_rows": 15, "skipped_batches": 0}
[298.8s] true {"step": 150, "loss": 1.6265184879302979, "usable_rows": 16, "skipped_batches": 0}
[304.9s] true {"step": 200, "loss": 1.6403751373291016, "usable_rows": 16, "skipped_batches": 0}
[311.2s] true {"step": 250, "loss": 1.6685298681259155, "usable_rows": 15, "skipped_batches": 0}
[317.5s] true {"step": 300, "loss": 1.672939658164978, "usable_rows": 16, "skipped_batches": 0}
[323.6s] true {"step": 350, "loss": 1.655650019645691, "usable_rows": 15, "skipped_batches": 0}
[329.7s] true {"step": 400, "loss": 1.661428451538086, "usable_rows": 15, "skipped_batches": 0}
[335.9s] true {"step": 450, "loss": 1.68345046043396, "usable_rows": 16, "skipped_batches": 0}
[342.1s] blind {"step": 50, "loss": 1.6222151517868042, "usable_rows": 13, "skipped_batches": 0}
[348.4s] blind {"step": 100, "loss": 1.6365511417388916, "usable_rows": 15, "skipped_batches": 0}
[354.9s] blind {"step": 150, "loss": 1.6260321140289307, "usable_rows": 16, "skipped_batches": 0}
[361.1s] blind {"step": 200, "loss": 1.6416865587234497, "usable_rows": 16, "skipped_batches": 0}
[367.2s] blind {"step": 250, "loss": 1.6699011325836182, "usable_rows": 15, "skipped_batches": 0}
[373.2s] blind {"step": 300, "loss": 1.6705888509750366, "usable_rows": 16, "skipped_batches": 0}
[379.4s] blind {"step": 350, "loss": 1.6547913551330566, "usable_rows": 15, "skipped_batches": 0}
[385.7s] blind {"step": 400, "loss": 1.6607563495635986, "usable_rows": 15, "skipped_batches": 0}
[392.3s] blind {"step": 450, "loss": 1.6860806941986084, "usable_rows": 16, "skipped_batches": 0}
[757.7s] complete {"scope": "one outer family; not the cross-family promotion verdict", "contexts": {"rpe1": {"transfer": {"mean": 0.011218046722113502, "ci95": [0.007246628852739725, 0.015541007980675143], "targets": 512}, "blind": {"mean": 0.0013759784735812134, "ci95": [0.0003935871758806248, 0.002365918542074362], "targets": 512}, "swap": {"mean": -4.9688111545987713e-05, "ci95": [-0.0006612340998043047, 0.0005544046599804266], "targets": 512}, "prior_permuted": {"mean": -0.0007567881604696677, "ci95": [-0.0014829990215264168, -5.733243639921731e-05], "targets": 512}, "null": {"mean": 0.2839981347847358, "ci95": [0.2605443905944227, 0.3075609061582681], "targets": 512}}}, "rank_delta_macro_context": 0.011218046722113502, "ci95_stratified_targets": [0.006715443829500976, 0.015705552073140897], "not_vcc_score": true, "seconds_measured": 757.6841998100281, "best_steps": {"true": 450, "blind": 450}, "parameters": 3314}
