Traceback (most recent call last):
  File "/usr/local/lib/python3.12/dist-packages/pandas/core/indexes/base.py", line 3812, in get_loc
    return self._engine.get_loc(casted_key)
           ^^^^^^^^^^^^^^^^^^^^^^^^^^^^^^^^
  File "pandas/_libs/index.pyx", line 167, in pandas._libs.index.IndexEngine.get_loc
  File "pandas/_libs/index.pyx", line 196, in pandas._libs.index.IndexEngine.get_loc
  File "pandas/_libs/hashtable_class_helper.pxi", line 7088, in pandas._libs.hashtable.PyObjectHashTable.get_item
  File "pandas/_libs/hashtable_class_helper.pxi", line 7096, in pandas._libs.hashtable.PyObjectHashTable.get_item
KeyError: 'null'

The above exception was the direct cause of the following exception:

Traceback (most recent call last):
  File "/kaggle/working/neural_sources_r1/code/reports/analisi/lead_scientist_2026-09-29/read_neural_sources.py", line 62, in <module>
    result, rows = readout(args.runs)
                   ^^^^^^^^^^^^^^^^^^
  File "/kaggle/working/neural_sources_r1/code/reports/analisi/lead_scientist_2026-09-29/read_neural_sources.py", line 34, in readout
    delta = pivot["net"] - pivot[reference]
                           ~~~~~^^^^^^^^^^^
  File "/usr/local/lib/python3.12/dist-packages/pandas/core/frame.py", line 4113, in __getitem__
    indexer = self.columns.get_loc(key)
              ^^^^^^^^^^^^^^^^^^^^^^^^^
  File "/usr/local/lib/python3.12/dist-packages/pandas/core/indexes/base.py", line 3819, in get_loc
    raise KeyError(key) from err
KeyError: 'null'
