[{"stream_name":"stdout","time":1.049691144,"data":"{\"preflight\": \"12 files of the unpacked snapshot equal the members of the tar, by sha256\", \"tmp_free_bytes\": 1148829962240}\n"}
,{"stream_name":"stdout","time":19.232205365,"data":"[runtime] /kaggle/working/vcc_cd4_d4_rest_p0of2_r1/environment_manifest_kaggle.json: scorer MISSING, roundtrip ok, free RAM 32.71 GB\n"}
,{"stream_name":"stdout","time":19.958183594,"data":"{\"runtime\": {\"returncode\": 1, \"seconds\": 9.1}}\n"}
,{"stream_name":"stdout","time":19.958471138,"data":"{\"runtime\": {\"cpus\": 4, \"memory\": {\"total_bytes\": 33658318848, \"available_bytes\": 32714911744}, \"sparse_roundtrip\": {\"ok\": true, \"csr_kept\": true, \"integer_counts_kept\": true, \"counts_equal\": true, \"sum_equal\": true, \"cell_identity_kept\": true, \"measured_mask_kept\": true, \"zero_vs_unmeasured_distinct\": true, \"backed_read_rows\": true}, \"python\": \"3.13.15\", \"packages\": {\"numpy\": \"2.1.3\", \"scipy\": \"1.16.3\", \"pandas\": \"2.3.3\", \"anndata\": \"0.13.4\", \"h5py\": \"3.16.0\"}}}\n"}
,{"stream_name":"stdout","time":29.32522748,"data":"[shards] precheck: {'shape': [2693903, 18130], 'genes_on_official_axis': 17772, 'rows_read': [0, 1000], 'eligible_in_rows_read': 652, 'controls_in_rows_read': 23}\n"}
,{"stream_name":"stdout","time":87.904888465,"data":"[shards] cd4_D4_Rest/D4_Rest_000000000_000020000: 13022 cells, 42914162 nnz, 102175980 bytes, 59s\n"}
,{"stream_name":"stdout","time":141.234999154,"data":"[shards] http: 3.33 GB in 399 ranges, 27.8 MB/s now, 120s\n"}
,{"stream_name":"stdout","time":144.460237536,"data":"[shards] cd4_D4_Rest/D4_Rest_000020000_000040000: 13012 cells, 42931516 nnz, 102102056 bytes, 115s\n"}
,{"stream_name":"stdout","time":227.439711728,"data":"[shards] cd4_D4_Rest/D4_Rest_000040000_000060000: 13004 cells, 43061947 nnz, 102370074 bytes, 198s\n"}
,{"stream_name":"stdout","time":261.235242396,"data":"[shards] http: 7.36 GB in 880 ranges, 33.5 MB/s now, 240s\n"}
,{"stream_name":"stdout","time":283.327427729,"data":"[shards] cd4_D4_Rest/D4_Rest_000060000_000080000: 12954 cells, 43240468 nnz, 102675125 bytes, 254s\n"}
,{"stream_name":"stdout","time":330.153004725,"data":"[shards] cd4_D4_Rest/D4_Rest_000080000_000100000: 13013 cells, 41270344 nnz, 98749331 bytes, 301s\n"}
,{"stream_name":"stdout","time":381.235451834,"data":"[shards] http: 10.50 GB in 1256 ranges, 26.2 MB/s now, 360s\n"}
,{"stream_name":"stdout","time":386.827586099,"data":"[shards] cd4_D4_Rest/D4_Rest_000100000_000120000: 12930 cells, 43619268 nnz, 103391657 bytes, 357s\n"}
,{"stream_name":"stdout","time":442.010670108,"data":"[shards] cd4_D4_Rest/D4_Rest_000120000_000140000: 13082 cells, 47010659 nnz, 110264099 bytes, 413s\n"}
,{"stream_name":"stdout","time":501.235718496,"data":"[shards] http: 14.09 GB in 1685 ranges, 29.9 MB/s now, 480s\n"}
,{"stream_name":"stdout","time":512.997585343,"data":"[shards] cd4_D4_Rest/D4_Rest_000140000_000160000: 13001 cells, 47661211 nnz, 111441164 bytes, 484s\n"}
,{"stream_name":"stdout","time":573.852388063,"data":"[shards] cd4_D4_Rest/D4_Rest_000160000_000180000: 12976 cells, 46749637 nnz, 109572689 bytes, 545s\n"}
,{"stream_name":"stdout","time":621.235907597,"data":"[shards] http: 17.53 GB in 2096 ranges, 28.6 MB/s now, 600s\n"}
,{"stream_name":"stdout","time":634.050241148,"data":"[shards] cd4_D4_Rest/D4_Rest_000180000_000200000: 13005 cells, 46711761 nnz, 109593825 bytes, 605s\n"}
,{"stream_name":"stdout","time":689.029984313,"data":"[shards] cd4_D4_Rest/D4_Rest_000200000_000220000: 12987 cells, 44967937 nnz, 106075084 bytes, 660s\n"}
,{"stream_name":"stdout","time":741.236142948,"data":"[shards] http: 20.94 GB in 2504 ranges, 28.4 MB/s now, 720s\n"}
,{"stream_name":"stdout","time":751.493099659,"data":"[shards] cd4_D4_Rest/D4_Rest_000220000_000240000: 12959 cells, 46623888 nnz, 109413885 bytes, 722s\n"}
,{"stream_name":"stdout","time":811.703283974,"data":"[shards] cd4_D4_Rest/D4_Rest_000240000_000260000: 12992 cells, 46536780 nnz, 109276811 bytes, 782s\n"}
,{"stream_name":"stdout","time":861.23634429,"data":"[shards] http: 24.26 GB in 2901 ranges, 27.7 MB/s now, 840s\n"}
,{"stream_name":"stdout","time":873.306694962,"data":"[shards] cd4_D4_Rest/D4_Rest_000260000_000280000: 12860 cells, 47032034 nnz, 110103200 bytes, 844s\n"}
,{"stream_name":"stdout","time":951.11885908,"data":"[shards] cd4_D4_Rest/D4_Rest_000280000_000300000: 12929 cells, 46760136 nnz, 109647973 bytes, 922s\n"}
,{"stream_name":"stdout","time":981.236557817,"data":"[shards] http: 27.95 GB in 3342 ranges, 30.7 MB/s now, 960s\n"}
,{"stream_name":"stdout","time":1007.464143333,"data":"[shards] cd4_D4_Rest/D4_Rest_000300000_000320000: 12811 cells, 44816478 nnz, 105606478 bytes, 978s\n"}
,{"stream_name":"stdout","time":1066.300441954,"data":"[shards] cd4_D4_Rest/D4_Rest_000320000_000340000: 12997 cells, 46059219 nnz, 108246736 bytes, 1037s\n"}
,{"stream_name":"stdout","time":1101.236694424,"data":"[shards] http: 31.41 GB in 3756 ranges, 28.9 MB/s now, 1080s\n"}
,{"stream_name":"stdout","time":1125.417213181,"data":"[shards] cd4_D4_Rest/D4_Rest_000340000_000360000: 12924 cells, 46354468 nnz, 108849086 bytes, 1096s\n"}
,{"stream_name":"stdout","time":1178.295239408,"data":"[shards] cd4_D4_Rest/D4_Rest_000360000_000380000: 13003 cells, 46561836 nnz, 109346764 bytes, 1149s\n"}
,{"stream_name":"stdout","time":1221.236868395,"data":"[shards] http: 35.29 GB in 4220 ranges, 32.4 MB/s now, 1200s\n"}
,{"stream_name":"stdout","time":1253.671311199,"data":"[shards] cd4_D4_Rest/D4_Rest_000380000_000400000: 12945 cells, 46914950 nnz, 109915429 bytes, 1224s\n"}
,{"stream_name":"stdout","time":1341.237163094,"data":"[shards] http: 37.25 GB in 4454 ranges, 16.3 MB/s now, 1320s\n"}
,{"stream_name":"stdout","time":1398.59827714,"data":"[shards] cd4_D4_Rest/D4_Rest_000400000_000420000: 12813 cells, 46198017 nnz, 108397976 bytes, 1369s\n"}
,{"stream_name":"stdout","time":1447.983707617,"data":"[shards] cd4_D4_Rest/D4_Rest_000420000_000440000: 12881 cells, 44495171 nnz, 104974695 bytes, 1419s\n"}
,{"stream_name":"stdout","time":1461.237299024,"data":"[shards] http: 39.88 GB in 4769 ranges, 21.9 MB/s now, 1440s\n"}
,{"stream_name":"stdout","time":1538.89177199,"data":"[shards] cd4_D4_Rest/D4_Rest_000440000_000460000: 13019 cells, 46302152 nnz, 108860459 bytes, 1510s\n"}
,{"stream_name":"stdout","time":1581.237518298,"data":"[shards] http: 44.98 GB in 5377 ranges, 42.5 MB/s now, 1560s\n"}
,{"stream_name":"stdout","time":1604.930200195,"data":"[shards] cd4_D4_Rest/D4_Rest_000460000_000480000: 12956 cells, 45235768 nnz, 106732881 bytes, 1576s\n"}
,{"stream_name":"stdout","time":1662.967714245,"data":"[shards] cd4_D4_Rest/D4_Rest_000480000_000500000: 13073 cells, 45182230 nnz, 106621464 bytes, 1634s\n"}
,{"stream_name":"stdout","time":1701.237919105,"data":"[shards] http: 48.29 GB in 5773 ranges, 27.6 MB/s now, 1680s\n"}
,{"stream_name":"stdout","time":1735.699993349,"data":"[shards] cd4_D4_Rest/D4_Rest_000500000_000520000: 13022 cells, 46074567 nnz, 108376591 bytes, 1706s\n"}
,{"stream_name":"stdout","time":1795.922593881,"data":"[shards] cd4_D4_Rest/D4_Rest_000520000_000540000: 12988 cells, 45618578 nnz, 107519731 bytes, 1767s\n"}
,{"stream_name":"stdout","time":1821.238168656,"data":"[shards] http: 51.30 GB in 6133 ranges, 25.1 MB/s now, 1800s\n"}
,{"stream_name":"stdout","time":1855.416215469,"data":"[shards] cd4_D4_Rest/D4_Rest_000540000_000560000: 12864 cells, 43212596 nnz, 102553580 bytes, 1826s\n"}
,{"stream_name":"stdout","time":1915.223416404,"data":"[shards] cd4_D4_Rest/D4_Rest_000560000_000580000: 12960 cells, 44728132 nnz, 105630732 bytes, 1886s\n"}
,{"stream_name":"stdout","time":1941.238362752,"data":"[shards] http: 54.90 GB in 6563 ranges, 30.0 MB/s now, 1920s\n"}
,{"stream_name":"stdout","time":1982.976247176,"data":"[shards] cd4_D4_Rest/D4_Rest_000580000_000600000: 12966 cells, 43238408 nnz, 102751245 bytes, 1954s\n"}
,{"stream_name":"stdout","time":2059.978548682,"data":"[shards] cd4_D4_Rest/D4_Rest_000600000_000620000: 12932 cells, 42855029 nnz, 101871102 bytes, 2031s\n"}
,{"stream_name":"stdout","time":2061.238562319,"data":"[shards] http: 57.78 GB in 6908 ranges, 24.0 MB/s now, 2040s\n"}
,{"stream_name":"stdout","time":2149.683586515,"data":"[shards] cd4_D4_Rest/D4_Rest_000620000_000640000: 13009 cells, 44312289 nnz, 104911769 bytes, 2120s\n"}
,{"stream_name":"stdout","time":2181.238815636,"data":"[shards] http: 63.00 GB in 7530 ranges, 43.4 MB/s now, 2160s\n"}
,{"stream_name":"stdout","time":2236.801525836,"data":"[shards] cd4_D4_Rest/D4_Rest_000640000_000660000: 13050 cells, 43955888 nnz, 104276008 bytes, 2207s\n"}
,{"stream_name":"stdout","time":2290.305285587,"data":"[shards] cd4_D4_Rest/D4_Rest_000660000_000680000: 12932 cells, 41277241 nnz, 98673330 bytes, 2261s\n"}
,{"stream_name":"stdout","time":2301.241812558,"data":"[shards] http: 67.10 GB in 8020 ranges, 34.2 MB/s now, 2280s\n"}
,{"stream_name":"stdout","time":2335.870041242,"data":"[shards] cd4_D4_Rest/D4_Rest_000680000_000700000: 13042 cells, 43459593 nnz, 103354993 bytes, 2307s\n"}
,{"stream_name":"stdout","time":2421.242431401,"data":"[shards] http: 71.61 GB in 8559 ranges, 37.6 MB/s now, 2400s\n"}
,{"stream_name":"stdout","time":2450.540469757,"data":"[shards] cd4_D4_Rest/D4_Rest_000700000_000720000: 12986 cells, 50939384 nnz, 117925316 bytes, 2421s\n"}
,{"stream_name":"stdout","time":2541.242372482,"data":"[shards] http: 75.59 GB in 9034 ranges, 33.2 MB/s now, 2520s\n"}
,{"stream_name":"stdout","time":2549.717139608,"data":"[shards] cd4_D4_Rest/D4_Rest_000720000_000740000: 13007 cells, 52814089 nnz, 121464430 bytes, 2520s\n"}
,{"stream_name":"stdout","time":2617.507864791,"data":"[shards] cd4_D4_Rest/D4_Rest_000740000_000760000: 12959 cells, 52491399 nnz, 120775748 bytes, 2588s\n"}
,{"stream_name":"stdout","time":2661.252851517,"data":"[shards] http: 79.11 GB in 9454 ranges, 29.3 MB/s now, 2640s\n"}
,{"stream_name":"stdout","time":2680.71849331,"data":"[shards] cd4_D4_Rest/D4_Rest_000760000_000780000: 12927 cells, 50621006 nnz, 117152972 bytes, 2651s\n"}
,{"stream_name":"stdout","time":2742.40248147,"data":"[shards] cd4_D4_Rest/D4_Rest_000780000_000800000: 12977 cells, 48721596 nnz, 113607454 bytes, 2713s\n"}
,{"stream_name":"stdout","time":2781.25824224,"data":"[shards] http: 82.54 GB in 9865 ranges, 28.6 MB/s now, 2760s\n"}
,{"stream_name":"stdout","time":2819.614266246,"data":"[shards] cd4_D4_Rest/D4_Rest_000800000_000820000: 13145 cells, 47000773 nnz, 110297094 bytes, 2790s\n"}
,{"stream_name":"stdout","time":2879.716577035,"data":"[shards] cd4_D4_Rest/D4_Rest_000820000_000840000: 13125 cells, 47496191 nnz, 111242700 bytes, 2850s\n"}
,{"stream_name":"stdout","time":2901.258306524,"data":"[shards] http: 85.79 GB in 10253 ranges, 27.0 MB/s now, 2880s\n"}
,{"stream_name":"stdout","time":2943.373528522,"data":"[shards] cd4_D4_Rest/D4_Rest_000840000_000860000: 13038 cells, 46965442 nnz, 110155980 bytes, 2914s\n"}
,{"stream_name":"stdout","time":2994.700720917,"data":"[shards] cd4_D4_Rest/D4_Rest_000860000_000880000: 13087 cells, 44909840 nnz, 106093762 bytes, 2965s\n"}
,{"stream_name":"stdout","time":3021.258684753,"data":"[shards] http: 89.30 GB in 10673 ranges, 29.3 MB/s now, 3000s\n"}
,{"stream_name":"stdout","time":3086.226576246,"data":"[shards] cd4_D4_Rest/D4_Rest_000880000_000900000: 13099 cells, 46018512 nnz, 108344658 bytes, 3057s\n"}
,{"stream_name":"stdout","time":3140.271720619,"data":"[shards] cd4_D4_Rest/D4_Rest_000900000_000920000: 12921 cells, 43176942 nnz, 102619372 bytes, 3111s\n"}
,{"stream_name":"stdout","time":3141.258885842,"data":"[shards] http: 93.31 GB in 11151 ranges, 33.4 MB/s now, 3120s\n"}
,{"stream_name":"stdout","time":3197.054142725,"data":"[shards] cd4_D4_Rest/D4_Rest_000920000_000940000: 12950 cells, 43315924 nnz, 102961534 bytes, 3168s\n"}
,{"stream_name":"stdout","time":3261.259122723,"data":"[shards] http: 97.52 GB in 11655 ranges, 35.1 MB/s now, 3240s\n"}
,{"stream_name":"stdout","time":3280.802910405,"data":"[shards] cd4_D4_Rest/D4_Rest_000940000_000960000: 12829 cells, 42966523 nnz, 101994082 bytes, 3251s\n"}
,{"stream_name":"stdout","time":3337.113950289,"data":"[shards] cd4_D4_Rest/D4_Rest_000960000_000980000: 12964 cells, 43734966 nnz, 103649242 bytes, 3308s\n"}
,{"stream_name":"stdout","time":3381.259325505,"data":"[shards] http: 100.58 GB in 12021 ranges, 25.5 MB/s now, 3360s\n"}
,{"stream_name":"stdout","time":3385.005503261,"data":"[shards] cd4_D4_Rest/D4_Rest_000980000_001000000: 12857 cells, 40988620 nnz, 97993371 bytes, 3356s\n"}
,{"stream_name":"stdout","time":3445.67238503,"data":"[shards] cd4_D4_Rest/D4_Rest_001000000_001020000: 12874 cells, 43086945 nnz, 102286722 bytes, 3416s\n"}
,{"stream_name":"stdout","time":3501.259548286,"data":"[shards] http: 104.43 GB in 12481 ranges, 32.1 MB/s now, 3480s\n"}
,{"stream_name":"stdout","time":3523.56531905,"data":"[shards] cd4_D4_Rest/D4_Rest_001020000_001040000: 12945 cells, 49426226 nnz, 114885029 bytes, 3494s\n"}
,{"stream_name":"stdout","time":3583.470250071,"data":"[shards] cd4_D4_Rest/D4_Rest_001040000_001060000: 12983 cells, 50062407 nnz, 116090696 bytes, 3554s\n"}
,{"stream_name":"stdout","time":3621.259883034,"data":"[shards] http: 108.01 GB in 12909 ranges, 29.8 MB/s now, 3600s\n"}
,{"stream_name":"stdout","time":3677.808864544,"data":"[shards] cd4_D4_Rest/D4_Rest_001060000_001080000: 12987 cells, 49754223 nnz, 115608011 bytes, 3648s\n"}
,{"stream_name":"stdout","time":3741.260102969,"data":"[shards] http: 111.75 GB in 13355 ranges, 31.1 MB/s now, 3720s\n"}
,{"stream_name":"stdout","time":3744.076365048,"data":"[shards] cd4_D4_Rest/D4_Rest_001080000_001100000: 12864 cells, 48030565 nnz, 112021161 bytes, 3715s\n"}
,{"stream_name":"stdout","time":3814.228241847,"data":"[shards] cd4_D4_Rest/D4_Rest_001100000_001120000: 12955 cells, 48914956 nnz, 113863154 bytes, 3785s\n"}
,{"stream_name":"stdout","time":3861.260315341,"data":"[shards] http: 116.40 GB in 13911 ranges, 38.8 MB/s now, 3840s\n"}
,{"stream_name":"stdout","time":3911.611555013,"data":"[shards] cd4_D4_Rest/D4_Rest_001120000_001140000: 13001 cells, 47417110 nnz, 110988343 bytes, 3882s\n"}
,{"stream_name":"stdout","time":3981.260774178,"data":"[shards] http: 121.04 GB in 14464 ranges, 38.6 MB/s now, 3960s\n"}
,{"stream_name":"stdout","time":4011.165537833,"data":"[shards] cd4_D4_Rest/D4_Rest_001140000_001160000: 12922 cells, 46805388 nnz, 109745764 bytes, 3982s\n"}
,{"stream_name":"stdout","time":4101.261112999,"data":"[shards] http: 125.23 GB in 14964 ranges, 34.9 MB/s now, 4080s\n"}
,{"stream_name":"stdout","time":4102.745227305,"data":"[shards] cd4_D4_Rest/D4_Rest_001160000_001180000: 13056 cells, 47634023 nnz, 111528293 bytes, 4073s\n"}
,{"stream_name":"stdout","time":4197.306924206,"data":"[shards] cd4_D4_Rest/D4_Rest_001180000_001200000: 13005 cells, 48082224 nnz, 112306496 bytes, 4168s\n"}
,{"stream_name":"stdout","time":4221.261269819,"data":"[shards] http: 130.19 GB in 15557 ranges, 41.4 MB/s now, 4200s\n"}
,{"stream_name":"stdout","time":4248.684242467,"data":"[shards] cd4_D4_Rest/D4_Rest_001200000_001220000: 13027 cells, 45418510 nnz, 107028935 bytes, 4219s\n"}
,{"stream_name":"stdout","time":4307.131178177,"data":"[shards] cd4_D4_Rest/D4_Rest_001220000_001240000: 12931 cells, 46470652 nnz, 109005648 bytes, 4278s\n"}
,{"stream_name":"stdout","time":4341.261704645,"data":"[shards] http: 133.70 GB in 15976 ranges, 29.2 MB/s now, 4320s\n"}
,{"stream_name":"stdout","time":4398.915144433,"data":"[shards] cd4_D4_Rest/D4_Rest_001240000_001260000: 12995 cells, 44014772 nnz, 104197757 bytes, 4370s\n"}
,{"stream_name":"stdout","time":4461.266995879,"data":"[shards] http: 138.20 GB in 16514 ranges, 37.6 MB/s now, 4440s\n"}
,{"stream_name":"stdout","time":4478.417434009,"data":"[shards] cd4_D4_Rest/D4_Rest_001260000_001280000: 13005 cells, 44390388 nnz, 104950614 bytes, 4449s\n"}
,{"stream_name":"stdout","time":4539.848751888,"data":"[shards] cd4_D4_Rest/D4_Rest_001280000_001300000: 12948 cells, 44012671 nnz, 104231333 bytes, 4511s\n"}
,{"stream_name":"stdout","time":4581.267244517,"data":"[shards] http: 141.66 GB in 16927 ranges, 28.8 MB/s now, 4560s\n"}
,{"stream_name":"stdout","time":4603.804198,"data":"[shards] cd4_D4_Rest/D4_Rest_001300000_001320000: 12988 cells, 44703637 nnz, 105665112 bytes, 4574s\n"}
,{"stream_name":"stdout","time":4672.121754052,"data":"[shards] cd4_D4_Rest/D4_Rest_001320000_001340000: 13062 cells, 42506977 nnz, 101279740 bytes, 4643s\n"}
,{"stream_name":"stdout","time":4672.216272298,"data":"[shards] complete\n"}
,{"stream_name":"stdout","time":4672.929115141,"data":"{\"shards\": {\"returncode\": 0, \"seconds\": 4653.0}}\n"}
,{"stream_name":"stdout","time":4672.933098688,"data":"{\"complete\": {\"job_id\": \"j18_cd4_full_r1_D4_Rest_rows0_1340000\", \"status\": \"complete\", \"units\": {\"cd4_D4_Rest\": {\"cells\": 869332, \"shards\": 67, \"bytes\": 7216284525, \"parity_ok\": true, \"manifest_sha256\": \"451c4d9b10ae8c7eba1746d5b75b979d2987dcb30a35f79389e090b58d1628b7\"}}, \"utc\": \"2026-10-04T17:04:39.285634+00:00\", \"scope\": \"rows 0:1340000 of 2693903 of D4_Rest\", \"part\": \"0/2\"}}\n"}
,{"stream_name":"stdout","time":4672.937452889,"data":"{\"done\": {\"job\": \"vcc_cd4_d4_rest_p0of2_r1\", \"ok\": true, \"seconds\": 4672.1, \"output_bytes\": 7216406425}}\n"}
,{"stream_name":"stderr","time":4676.012322564,"data":"/usr/local/lib/python3.13/dist-packages/mistune.py:435: SyntaxWarning: invalid escape sequence '\\|'\n"}
,{"stream_name":"stderr","time":4676.012368817,"data":"  cells[i][c] = re.sub('\\\\\\\\\\|', '|', cell)\n"}
,{"stream_name":"stderr","time":4676.451833424,"data":"/usr/local/lib/python3.13/dist-packages/nbconvert/filters/filter_links.py:36: SyntaxWarning: invalid escape sequence '\\_'\n"}
,{"stream_name":"stderr","time":4676.451871092,"data":"  text = re.sub(r'_', '\\_', text) # Escape underscores in display text\n"}
,{"stream_name":"stderr","time":4677.487514286,"data":"[NbConvertApp] Converting notebook __script__.ipynb to html\n"}
,{"stream_name":"stderr","time":4678.967262981,"data":"[NbConvertApp] Writing 305194 bytes to __results__.html\n"}
]