[{"stream_name":"stdout","time":2.610889409,"data":"{\"cpus\": 4, \"ram_available\": 32652062720, \"disk_free\": 20938571776, \"provider\": \"kaggle\"}\n"}
,{"stream_name":"stdout","time":31.342398166,"data":"{\"unit\": \"norman2019\", \"shard\": 1, \"of\": 6, \"seconds\": 29}\n"}
,{"stream_name":"stdout","time":49.826117806,"data":"{\"unit\": \"norman2019\", \"shard\": 2, \"of\": 6, \"seconds\": 47}\n"}
,{"stream_name":"stdout","time":67.952280216,"data":"{\"unit\": \"norman2019\", \"shard\": 3, \"of\": 6, \"seconds\": 65}\n"}
,{"stream_name":"stdout","time":85.443810374,"data":"{\"unit\": \"norman2019\", \"shard\": 4, \"of\": 6, \"seconds\": 83}\n"}
,{"stream_name":"stdout","time":101.546854452,"data":"{\"unit\": \"norman2019\", \"shard\": 5, \"of\": 6, \"seconds\": 99}\n"}
,{"stream_name":"stdout","time":111.218398964,"data":"{\"unit\": \"norman2019\", \"shard\": 6, \"of\": 6, \"seconds\": 109}\n"}
,{"stream_name":"stdout","time":122.399507098,"data":"{\"unit\": \"norman2019\", \"complete\": true, \"cells_used\": 111445, \"seconds\": 120}\n"}
,{"stream_name":"stdout","time":140.688527625,"data":"{\"unit\": \"norman2019\", \"shard\": 1, \"of\": 6, \"cells\": 5118, \"output_bytes\": 31212438, \"seconds\": 18}\n"}
,{"stream_name":"stdout","time":157.535674237,"data":"{\"unit\": \"norman2019\", \"shard\": 2, \"of\": 6, \"cells\": 4952, \"output_bytes\": 59993051, \"seconds\": 35}\n"}
,{"stream_name":"stdout","time":174.257231267,"data":"{\"unit\": \"norman2019\", \"shard\": 3, \"of\": 6, \"cells\": 5159, \"output_bytes\": 88800037, \"seconds\": 52}\n"}
,{"stream_name":"stdout","time":190.475447912,"data":"{\"unit\": \"norman2019\", \"shard\": 4, \"of\": 6, \"cells\": 5449, \"output_bytes\": 117018782, \"seconds\": 68}\n"}
,{"stream_name":"stdout","time":205.903795945,"data":"{\"unit\": \"norman2019\", \"shard\": 5, \"of\": 6, \"cells\": 5746, \"output_bytes\": 144074965, \"seconds\": 83}\n"}
,{"stream_name":"stdout","time":215.8739098,"data":"{\"unit\": \"norman2019\", \"shard\": 6, \"of\": 6, \"cells\": 3163, \"output_bytes\": 160062133, \"seconds\": 93}\n"}
,{"stream_name":"stdout","time":215.906862897,"data":"{\"complete\": true, \"unit\": \"norman2019\", \"bank_receipt_sha256\": \"f8fe8f34edc0ac850dd4bc9525e5e180803bc60e78e11eb9796f10cda12b4519\", \"source_verification\": \"f14371f0c7a0adea907719370c115321aea545a799acd42be0bb2624dd89ce8c\", \"genes\": 18533, \"gene_axis\": \"original ingestion official_index; mask preserved; names still require axis binding in trainer\", \"levels\": {\"32\": 7584, \"64\": 15148, \"128\": 29587}, \"seconds\": 93, \"training_used\": false}\n"}
,{"stream_name":"stdout","time":215.928298729,"data":"{\"unit\": \"norman2019\", \"bank_and_samples_complete\": true}\n"}
,{"stream_name":"stdout","time":238.266523764,"data":"{\"unit\": \"tian2019_ipsc\", \"shard\": 1, \"of\": 14, \"seconds\": 22}\n"}
,{"stream_name":"stdout","time":251.212866553,"data":"{\"unit\": \"tian2019_ipsc\", \"shard\": 2, \"of\": 14, \"seconds\": 35}\n"}
,{"stream_name":"stdout","time":263.477809216,"data":"{\"unit\": \"tian2019_ipsc\", \"shard\": 3, \"of\": 14, \"seconds\": 48}\n"}
,{"stream_name":"stdout","time":275.765945407,"data":"{\"unit\": \"tian2019_ipsc\", \"shard\": 4, \"of\": 14, \"seconds\": 60}\n"}
,{"stream_name":"stdout","time":287.469332484,"data":"{\"unit\": \"tian2019_ipsc\", \"shard\": 5, \"of\": 14, \"seconds\": 72}\n"}
,{"stream_name":"stdout","time":301.205166924,"data":"{\"unit\": \"tian2019_ipsc\", \"shard\": 6, \"of\": 14, \"seconds\": 85}\n"}
,{"stream_name":"stdout","time":314.348285705,"data":"{\"unit\": \"tian2019_ipsc\", \"shard\": 7, \"of\": 14, \"seconds\": 98}\n"}
,{"stream_name":"stdout","time":327.166054702,"data":"{\"unit\": \"tian2019_ipsc\", \"shard\": 8, \"of\": 14, \"seconds\": 111}\n"}
,{"stream_name":"stdout","time":339.328355692,"data":"{\"unit\": \"tian2019_ipsc\", \"shard\": 9, \"of\": 14, \"seconds\": 123}\n"}
,{"stream_name":"stdout","time":352.055184621,"data":"{\"unit\": \"tian2019_ipsc\", \"shard\": 10, \"of\": 14, \"seconds\": 136}\n"}
,{"stream_name":"stdout","time":363.727956665,"data":"{\"unit\": \"tian2019_ipsc\", \"shard\": 11, \"of\": 14, \"seconds\": 148}\n"}
,{"stream_name":"stdout","time":375.717035358,"data":"{\"unit\": \"tian2019_ipsc\", \"shard\": 12, \"of\": 14, \"seconds\": 160}\n"}
,{"stream_name":"stdout","time":386.823556384,"data":"{\"unit\": \"tian2019_ipsc\", \"shard\": 13, \"of\": 14, \"seconds\": 171}\n"}
,{"stream_name":"stdout","time":396.214299574,"data":"{\"unit\": \"tian2019_ipsc\", \"shard\": 14, \"of\": 14, \"seconds\": 180}\n"}
,{"stream_name":"stdout","time":680.717707999,"data":"{\"unit\": \"tian2019_ipsc\", \"complete\": true, \"cells_used\": 271223, \"seconds\": 463}\n"}
,{"stream_name":"stderr","time":688.190272794,"data":"Traceback (most recent call last):\n"}
,{"stream_name":"stderr","time":688.191425652,"data":"  File \"/kaggle/src/script.py\", line 7, in \u003cmodule\u003e\n"}
,{"stream_name":"stderr","time":688.191445946,"data":"    runpy.run_path(\"archive_runtime.py\",run_name=\"__main__\")\n"}
,{"stream_name":"stderr","time":688.191452659,"data":"    ~~~~~~~~~~~~~~^^^^^^^^^^^^^^^^^^^^^^^^^^^^^^^^^^^^^^^^^^\n"}
,{"stream_name":"stderr","time":688.191456226,"data":"  File \"\u003cfrozen runpy\u003e\", line 294, in run_path\n"}
,{"stream_name":"stderr","time":688.191459691,"data":"  File \"\u003cfrozen runpy\u003e\", line 98, in _run_module_code\n"}
,{"stream_name":"stderr","time":688.191463101,"data":"  File \"\u003cfrozen runpy\u003e\", line 88, in _run_code\n"}
,{"stream_name":"stderr","time":688.191466346,"data":"  File \"archive_runtime.py\", line 40, in \u003cmodule\u003e\n"}
,{"stream_name":"stderr","time":688.191469652,"data":"    if __name__=='__main__':main()\n"}
,{"stream_name":"stderr","time":688.191472731,"data":"                            ~~~~^^\n"}
,{"stream_name":"stderr","time":688.191475843,"data":"  File \"archive_runtime.py\", line 30, in main\n"}
,{"stream_name":"stderr","time":688.191478922,"data":"    materialize({'unit':spec['name'],'bank_receipt_sha256':sha(bank/'complete.json'),\n"}
,{"stream_name":"stderr","time":688.191481957,"data":"    ~~~~~~~~~~~^^^^^^^^^^^^^^^^^^^^^^^^^^^^^^^^^^^^^^^^^^^^^^^^^^^^^^^^^^^^^^^^^^^^^^\n"}
,{"stream_name":"stderr","time":688.191485004,"data":"     'bank_input_path':str(bank),'spec':spec},root,samples)\n"}
,{"stream_name":"stderr","time":688.191487962,"data":"     ^^^^^^^^^^^^^^^^^^^^^^^^^^^^^^^^^^^^^^^^^^^^^^^^^^^^^^\n"}
,{"stream_name":"stderr","time":688.19149088,"data":"  File \"/kaggle/working/materialize_samples.py\", line 78, in run\n"}
,{"stream_name":"stderr","time":688.191493925,"data":"    rows, plans, totals = plan_rows(bank_root, receipt)\n"}
,{"stream_name":"stderr","time":688.191497643,"data":"                          ~~~~~~~~~^^^^^^^^^^^^^^^^^^^^\n"}
,{"stream_name":"stderr","time":688.191502576,"data":"  File \"/kaggle/working/materialize_samples.py\", line 57, in plan_rows\n"}
,{"stream_name":"stderr","time":688.191507344,"data":"    raise ValueError('sample coverage differs from bank')\n"}
,{"stream_name":"stderr","time":688.191512367,"data":"ValueError: sample coverage differs from bank\n"}
,{"stream_name":"stderr","time":691.080273059,"data":"/usr/local/lib/python3.13/dist-packages/mistune.py:435: SyntaxWarning: invalid escape sequence '\\|'\n"}
,{"stream_name":"stderr","time":691.080304896,"data":"  cells[i][c] = re.sub('\\\\\\\\\\|', '|', cell)\n"}
,{"stream_name":"stderr","time":691.43343109,"data":"/usr/local/lib/python3.13/dist-packages/nbconvert/filters/filter_links.py:36: SyntaxWarning: invalid escape sequence '\\_'\n"}
,{"stream_name":"stderr","time":691.433472635,"data":"  text = re.sub(r'_', '\\_', text) # Escape underscores in display text\n"}
,{"stream_name":"stderr","time":692.921309237,"data":"[NbConvertApp] Converting notebook __script__.ipynb to html\n"}
,{"stream_name":"stderr","time":694.038392268,"data":"[NbConvertApp] Writing 768980 bytes to __results__.html\n"}
]