job start 2026-09-17T17:30:09Z host=640f066649c0 cpus=2 code=/content/code_1789666209_36083 ﻿2026-09-17T19:29:46+02:00 head=1479d75 dirty_files=36
               total        used        free      shared  buff/cache   available
Mem:              12           5           3           0           4           7
overlay         108G   27G   82G  25% /
[17:30:35]   fit: 3000 cells, 3000 HVG, PCA var 0.230, state=kde
[17:31:09]   dispersion: 11825 genes zero-matched, median phi (mean>0.05) 0.1071613558547013
[17:31:18] context A: model on 3000, reference pool 1500, 9926 genes pass the 5-CPM gate; 20 targets
[17:31:37] real cells: 0.0 sig/target
[17:33:15] t1+m1+c1: sig/target mean 207.3 median 39 (<10 calls: 6/20), moved>10% median 48
[17:34:48] t2+m1+c1: sig/target mean 884.9 median 571 (<10 calls: 0/20), moved>10% median 896
[17:34:57]   fit: 3000 cells, 3000 HVG, PCA var 0.253, state=kde
[17:35:27]   dispersion: 11841 genes zero-matched, median phi (mean>0.05) 0.053993035791276074
[17:35:34] context B: model on 3000, reference pool 1500, 9624 genes pass the 5-CPM gate; 20 targets
[17:35:55] real cells: 0.0 sig/target
[17:37:28] t1+m1+c1: sig/target mean 178.8 median 28 (<10 calls: 9/20), moved>10% median 48
[17:38:59] t2+m1+c1: sig/target mean 770.0 median 481 (<10 calls: 0/20), moved>10% median 896
[17:39:10]   fit: 3000 cells, 3000 HVG, PCA var 0.308, state=kde
[17:39:42]   dispersion: 12232 genes zero-matched, median phi (mean>0.05) 0.07299639660467815
[17:39:49] context C: model on 3000, reference pool 1500, 10133 genes pass the 5-CPM gate; 20 targets
[17:40:09] real cells: 0.0 sig/target
[17:41:42] t1+m1+c1: sig/target mean 193.2 median 46 (<10 calls: 6/20), moved>10% median 48
[17:43:18] t2+m1+c1: sig/target mean 809.3 median 560 (<10 calls: 1/20), moved>10% median 896
job end 2026-09-17T17:43:19Z
